05-18 14:11:58.193   598   598 E wificond: Failed to get NL80211_RATE_INFO_NOISE
05-18 14:11:58.193   598   598 E wificond: Failed to get NL80211_RATE_INFO_SNR
05-18 14:11:58.193   598   598 E wificond: Failed to get NL80211_STA_INFO_CNAHLOAD
05-18 14:12:00.008  1139  1139 I chatty  : uid=1000 system_server expire 11 lines
05-18 14:12:01.107   598   598 E wificond: Failed to get NL80211_RATE_INFO_NOISE
05-18 14:12:01.108   598   598 E wificond: Failed to get NL80211_RATE_INFO_SNR
05-18 14:12:01.108   598   598 E wificond: Failed to get NL80211_STA_INFO_CNAHLOAD
05-18 14:12:04.124   598   598 E wificond: Failed to get NL80211_RATE_INFO_NOISE
05-18 14:12:04.125   598   598 E wificond: Failed to get NL80211_RATE_INFO_SNR
05-18 14:12:04.125   598   598 E wificond: Failed to get NL80211_STA_INFO_CNAHLOAD
05-18 14:12:06.210   598   598 E wificond: Failed to get NL80211_RATE_INFO_NOISE
05-18 14:12:06.210   598   598 E wificond: Failed to get NL80211_RATE_INFO_SNR
05-18 14:12:06.210   598   598 E wificond: Failed to get NL80211_STA_INFO_CNAHLOAD
05-18 14:12:06.214   598   598 E wificond: Failed to get NL80211_RATE_INFO_NOISE
05-18 14:12:06.214   598   598 E wificond: Failed to get NL80211_RATE_INFO_SNR
05-18 14:12:06.214   598   598 E wificond: Failed to get NL80211_STA_INFO_CNAHLOAD
05-18 14:12:07.132   598   598 E wificond: Failed to get NL80211_RATE_INFO_NOISE
05-18 14:12:07.132   598   598 E wificond: Failed to get NL80211_RATE_INFO_SNR
05-18 14:12:07.132   598   598 E wificond: Failed to get NL80211_STA_INFO_CNAHLOAD
05-18 14:12:10.151   598   598 E wificond: Failed to get NL80211_RATE_INFO_NOISE
05-18 14:12:10.151   598   598 E wificond: Failed to get NL80211_RATE_INFO_SNR
05-18 14:12:10.151   598   598 E wificond: Failed to get NL80211_STA_INFO_CNAHLOAD
05-18 14:12:13.170   598   598 E wificond: Failed to get NL80211_RATE_INFO_NOISE
05-18 14:12:13.170   598   598 E wificond: Failed to get NL80211_RATE_INFO_SNR
05-18 14:12:13.170   598   598 E wificond: Failed to get NL80211_STA_INFO_CNAHLOAD
05-18 14:12:14.219   598   598 E wificond: Failed to get NL80211_RATE_INFO_NOISE
05-18 14:12:14.219   598   598 E wificond: Failed to get NL80211_RATE_INFO_SNR
05-18 14:12:14.219   598   598 E wificond: Failed to get NL80211_STA_INFO_CNAHLOAD
05-18 14:12:14.222   598   598 E wificond: Failed to get NL80211_RATE_INFO_NOISE
05-18 14:12:14.222   598   598 E wificond: Failed to get NL80211_RATE_INFO_SNR
05-18 14:12:14.222   598   598 E wificond: Failed to get NL80211_STA_INFO_CNAHLOAD
05-18 14:12:16.189   598   598 E wificond: Failed to get NL80211_RATE_INFO_NOISE
05-18 14:12:16.189   598   598 E wificond: Failed to get NL80211_RATE_INFO_SNR
05-18 14:12:16.189   598   598 E wificond: Failed to get NL80211_STA_INFO_CNAHLOAD
05-18 14:12:19.207   598   598 E wificond: Failed to get NL80211_RATE_INFO_NOISE
05-18 14:12:19.208   598   598 E wificond: Failed to get NL80211_RATE_INFO_SNR
05-18 14:12:19.208   598   598 E wificond: Failed to get NL80211_STA_INFO_CNAHLOAD
05-18 14:12:20.400  2728  5497 I PermissionManager: camera remind result:true
05-18 14:12:22.224   598   598 E wificond: Failed to get NL80211_RATE_INFO_NOISE
05-18 14:12:22.225   598   598 E wificond: Failed to get NL80211_RATE_INFO_SNR
05-18 14:12:22.225   598   598 E wificond: Failed to get NL80211_STA_INFO_CNAHLOAD
05-18 14:12:22.227   598   598 E wificond: Failed to get NL80211_RATE_INFO_NOISE
05-18 14:12:22.227   598   598 E wificond: Failed to get NL80211_RATE_INFO_SNR
05-18 14:12:22.227   598   598 E wificond: Failed to get NL80211_STA_INFO_CNAHLOAD
05-18 14:12:22.229   598   598 E wificond: Failed to get NL80211_RATE_INFO_NOISE
05-18 14:12:22.229   598   598 E wificond: Failed to get NL80211_RATE_INFO_SNR
05-18 14:12:22.229   598   598 E wificond: Failed to get NL80211_STA_INFO_CNAHLOAD
05-18 14:12:25.241   598   598 E wificond: Failed to get NL80211_RATE_INFO_NOISE
05-18 14:12:25.241   598   598 E wificond: Failed to get NL80211_RATE_INFO_SNR
05-18 14:12:25.241   598   598 E wificond: Failed to get NL80211_STA_INFO_CNAHLOAD
05-18 14:12:27.491  9493  9493 V ActivityThread: Finishing stop of ActivityRecord{27b3e8a token=android.os.BinderProxy@8369e1f {com.cambricon.productdisplay/com.cambricon.productdisplay.activity.ClassificationActivity}}
05-18 14:12:27.607  1139  1312 I chatty  : uid=1000(system) PowerManagerSer expire 10 lines
05-18 14:12:27.640  1139  1528 I chatty  : uid=1000(system) PhotonicModulat expire 1 line
05-18 14:12:27.642  1139  1307 I chatty  : uid=1000(system) android.display expire 5 lines
05-18 14:12:27.747  1139  2553 I chatty  : uid=1000(system) HwDeviceUsageCo expire 1 line
05-18 14:12:27.801  2655  6516 W ContextImpl: Calling a method in the system process without a qualified user: android.app.ContextImpl.bindService:1736 android.content.ContextWrapper.bindService:678 com.huawei.nb.dataservice.dsclient.RemoteServiceConnection.open:90 com.huawei.nb.dataservice.dsclient.DataServiceProxy.connect:105 com.huawei.nb.dataservice.rsclient.internal.RemoteRuleService.start:27 
05-18 14:12:27.840  1139  1282 I chatty  : uid=1000(system) android.ui expire 1 line
05-18 14:12:30.236   598   598 E wificond: Failed to get NL80211_RATE_INFO_NOISE
05-18 14:12:30.236   598   598 E wificond: Failed to get NL80211_RATE_INFO_SNR
05-18 14:12:30.236   598   598 E wificond: Failed to get NL80211_STA_INFO_CNAHLOAD
05-18 14:12:30.239   598   598 E wificond: Failed to get NL80211_RATE_INFO_NOISE
05-18 14:12:30.239   598   598 E wificond: Failed to get NL80211_RATE_INFO_SNR
05-18 14:12:30.239   598   598 E wificond: Failed to get NL80211_STA_INFO_CNAHLOAD
05-18 14:12:32.491  1139  2011 I chatty  : uid=1000(system) Binder:1139_A expire 1 line
05-18 14:12:32.546  1546  1546 V KeyguardStatusView: refresh statusview showing:true
05-18 14:12:32.549  1546  1546 V KeyguardDisplayManager: show
05-18 14:12:32.564  1925  2278 D AntiBruteForceProcessor: RemainingAuthenticateNum = 5
05-18 14:12:32.649  9493  9493 V ActivityThread: Handle window ActivityRecord{27b3e8a token=android.os.BinderProxy@8369e1f {com.cambricon.productdisplay/com.cambricon.productdisplay.activity.ClassificationActivity}} visibility: false
05-18 14:12:32.659  1139  4790 I chatty  : uid=1000(system) Binder:1139_19 expire 4 lines
05-18 14:12:32.672  1139  2778 I chatty  : uid=1000(system) Binder:1139_17 expire 12 lines
05-18 14:12:32.717  1139  1950 I chatty  : uid=1000(system) Binder:1139_6 expire 22 lines
05-18 14:12:32.773  1139  1407 I chatty  : uid=1000(system) android.anim expire 1 line
05-18 14:12:38.244   598   598 E wificond: Failed to get NL80211_RATE_INFO_NOISE
05-18 14:12:38.244   598   598 E wificond: Failed to get NL80211_RATE_INFO_SNR
05-18 14:12:38.244   598   598 E wificond: Failed to get NL80211_STA_INFO_CNAHLOAD
05-18 14:12:38.248   598   598 E wificond: Failed to get NL80211_RATE_INFO_NOISE
05-18 14:12:38.248   598   598 E wificond: Failed to get NL80211_RATE_INFO_SNR
05-18 14:12:38.248   598   598 E wificond: Failed to get NL80211_STA_INFO_CNAHLOAD
05-18 14:12:46.252   598   598 E wificond: Failed to get NL80211_RATE_INFO_NOISE
05-18 14:12:46.252   598   598 E wificond: Failed to get NL80211_RATE_INFO_SNR
05-18 14:12:46.252   598   598 E wificond: Failed to get NL80211_STA_INFO_CNAHLOAD
05-18 14:12:46.255   598   598 E wificond: Failed to get NL80211_RATE_INFO_NOISE
05-18 14:12:46.255   598   598 E wificond: Failed to get NL80211_RATE_INFO_SNR
05-18 14:12:46.256   598   598 E wificond: Failed to get NL80211_STA_INFO_CNAHLOAD
05-18 14:12:54.263   598   598 E wificond: Failed to get NL80211_RATE_INFO_NOISE
05-18 14:12:54.263   598   598 E wificond: Failed to get NL80211_RATE_INFO_SNR
05-18 14:12:54.263   598   598 E wificond: Failed to get NL80211_STA_INFO_CNAHLOAD
05-18 14:12:54.267   598   598 E wificond: Failed to get NL80211_RATE_INFO_NOISE
05-18 14:12:54.267   598   598 E wificond: Failed to get NL80211_RATE_INFO_SNR
05-18 14:12:54.267   598   598 E wificond: Failed to get NL80211_STA_INFO_CNAHLOAD
05-18 14:13:02.269   598   598 E wificond: Failed to get NL80211_RATE_INFO_NOISE
05-18 14:13:02.270   598   598 E wificond: Failed to get NL80211_RATE_INFO_SNR
05-18 14:13:02.270   598   598 E wificond: Failed to get NL80211_STA_INFO_CNAHLOAD
05-18 14:13:02.273   598   598 E wificond: Failed to get NL80211_RATE_INFO_NOISE
05-18 14:13:02.273   598   598 E wificond: Failed to get NL80211_RATE_INFO_SNR
05-18 14:13:02.273   598   598 E wificond: Failed to get NL80211_STA_INFO_CNAHLOAD
05-18 14:13:10.277   598   598 E wificond: Failed to get NL80211_RATE_INFO_NOISE
05-18 14:13:10.277   598   598 E wificond: Failed to get NL80211_RATE_INFO_SNR
05-18 14:13:10.277   598   598 E wificond: Failed to get NL80211_STA_INFO_CNAHLOAD
05-18 14:13:10.281   598   598 E wificond: Failed to get NL80211_RATE_INFO_NOISE
05-18 14:13:10.281   598   598 E wificond: Failed to get NL80211_RATE_INFO_SNR
05-18 14:13:10.281   598   598 E wificond: Failed to get NL80211_STA_INFO_CNAHLOAD
05-18 14:13:18.279   598   598 E wificond: Failed to get NL80211_RATE_INFO_NOISE
05-18 14:13:18.279   598   598 E wificond: Failed to get NL80211_RATE_INFO_SNR
05-18 14:13:18.279   598   598 E wificond: Failed to get NL80211_STA_INFO_CNAHLOAD
05-18 14:13:18.283   598   598 E wificond: Failed to get NL80211_RATE_INFO_NOISE
05-18 14:13:18.283   598   598 E wificond: Failed to get NL80211_RATE_INFO_SNR
05-18 14:13:18.283   598   598 E wificond: Failed to get NL80211_STA_INFO_CNAHLOAD
05-18 14:13:26.289   598   598 E wificond: Failed to get NL80211_RATE_INFO_NOISE
05-18 14:13:26.289   598   598 E wificond: Failed to get NL80211_RATE_INFO_SNR
05-18 14:13:26.289   598   598 E wificond: Failed to get NL80211_STA_INFO_CNAHLOAD
05-18 14:13:26.292   598   598 E wificond: Failed to get NL80211_RATE_INFO_NOISE
05-18 14:13:26.293   598   598 E wificond: Failed to get NL80211_RATE_INFO_SNR
05-18 14:13:26.293   598   598 E wificond: Failed to get NL80211_STA_INFO_CNAHLOAD
05-18 14:13:34.298   598   598 E wificond: Failed to get NL80211_RATE_INFO_NOISE
05-18 14:13:34.298   598   598 E wificond: Failed to get NL80211_RATE_INFO_SNR
05-18 14:13:34.298   598   598 E wificond: Failed to get NL80211_STA_INFO_CNAHLOAD
05-18 14:13:34.301   598   598 E wificond: Failed to get NL80211_RATE_INFO_NOISE
05-18 14:13:34.302   598   598 E wificond: Failed to get NL80211_RATE_INFO_SNR
05-18 14:13:34.302   598   598 E wificond: Failed to get NL80211_STA_INFO_CNAHLOAD
05-18 14:13:42.307   598   598 E wificond: Failed to get NL80211_RATE_INFO_NOISE
05-18 14:13:42.307   598   598 E wificond: Failed to get NL80211_RATE_INFO_SNR
05-18 14:13:42.307   598   598 E wificond: Failed to get NL80211_STA_INFO_CNAHLOAD
05-18 14:13:42.311   598   598 E wificond: Failed to get NL80211_RATE_INFO_NOISE
05-18 14:13:42.311   598   598 E wificond: Failed to get NL80211_RATE_INFO_SNR
05-18 14:13:42.311   598   598 E wificond: Failed to get NL80211_STA_INFO_CNAHLOAD
05-18 14:13:50.243  1139  1413 I chatty  : uid=1000(system) UEventObserver expire 4 lines
05-18 14:13:50.257  1139  1139 I chatty  : uid=1000 system_server expire 6 lines
05-18 14:13:50.314   598   598 E wificond: Failed to get NL80211_RATE_INFO_NOISE
05-18 14:13:50.315   598   598 E wificond: Failed to get NL80211_RATE_INFO_SNR
05-18 14:13:50.315   598   598 E wificond: Failed to get NL80211_STA_INFO_CNAHLOAD
05-18 14:13:50.318   598   598 E wificond: Failed to get NL80211_RATE_INFO_NOISE
05-18 14:13:50.319   598   598 E wificond: Failed to get NL80211_RATE_INFO_SNR
05-18 14:13:50.319   598   598 E wificond: Failed to get NL80211_STA_INFO_CNAHLOAD
05-18 14:13:58.319   598   598 E wificond: Failed to get NL80211_RATE_INFO_NOISE
05-18 14:13:58.319   598   598 E wificond: Failed to get NL80211_RATE_INFO_SNR
05-18 14:13:58.319   598   598 E wificond: Failed to get NL80211_STA_INFO_CNAHLOAD
05-18 14:13:58.322   598   598 E wificond: Failed to get NL80211_RATE_INFO_NOISE
05-18 14:13:58.322   598   598 E wificond: Failed to get NL80211_RATE_INFO_SNR
05-18 14:13:58.322   598   598 E wificond: Failed to get NL80211_STA_INFO_CNAHLOAD
05-18 14:14:06.319   598   598 E wificond: Failed to get NL80211_RATE_INFO_NOISE
05-18 14:14:06.319   598   598 E wificond: Failed to get NL80211_RATE_INFO_SNR
05-18 14:14:06.319   598   598 E wificond: Failed to get NL80211_STA_INFO_CNAHLOAD
05-18 14:14:06.324   598   598 E wificond: Failed to get NL80211_RATE_INFO_NOISE
05-18 14:14:06.324   598   598 E wificond: Failed to get NL80211_RATE_INFO_SNR
05-18 14:14:06.324   598   598 E wificond: Failed to get NL80211_STA_INFO_CNAHLOAD
05-18 14:14:14.331   598   598 E wificond: Failed to get NL80211_RATE_INFO_NOISE
05-18 14:14:14.331   598   598 E wificond: Failed to get NL80211_RATE_INFO_SNR
05-18 14:14:14.331   598   598 E wificond: Failed to get NL80211_STA_INFO_CNAHLOAD
05-18 14:14:14.335   598   598 E wificond: Failed to get NL80211_RATE_INFO_NOISE
05-18 14:14:14.335   598   598 E wificond: Failed to get NL80211_RATE_INFO_SNR
05-18 14:14:14.335   598   598 E wificond: Failed to get NL80211_STA_INFO_CNAHLOAD
05-18 14:14:22.341   598   598 E wificond: Failed to get NL80211_RATE_INFO_NOISE
05-18 14:14:22.341   598   598 E wificond: Failed to get NL80211_RATE_INFO_SNR
05-18 14:14:22.341   598   598 E wificond: Failed to get NL80211_STA_INFO_CNAHLOAD
05-18 14:14:22.344   598   598 E wificond: Failed to get NL80211_RATE_INFO_NOISE
05-18 14:14:22.344   598   598 E wificond: Failed to get NL80211_RATE_INFO_SNR
05-18 14:14:22.344   598   598 E wificond: Failed to get NL80211_STA_INFO_CNAHLOAD
05-18 14:14:27.988   451  1094 W SocketListener: sending broadcast to Pid = 1139, Uid = 1000 
05-18 14:14:27.991  1139  1441 I chatty  : uid=1000(system) NetdConnector expire 2 lines
05-18 14:14:28.004  1139  1950 I chatty  : uid=1000(system) Binder:1139_6 expire 2 lines
05-18 14:14:29.561  1139  2778 I chatty  : uid=1000(system) Binder:1139_17 expire 16 lines
05-18 14:14:29.607  9493  9493 V ActivityThread: Handle window ActivityRecord{27b3e8a token=android.os.BinderProxy@8369e1f {com.cambricon.productdisplay/com.cambricon.productdisplay.activity.ClassificationActivity}} visibility: true
05-18 14:14:29.623  1546  1546 V KeyguardDisplayManager: hide
05-18 14:14:29.627  1139  6103 I chatty  : uid=1000(system) Binder:1139_1E expire 1 line
05-18 14:14:29.810  1139  6375 I chatty  : uid=1000(system) Binder:1139_20 expire 1 line
05-18 14:14:29.829  1139  1699 I chatty  : uid=1000(system) Binder:1139_4 expire 28 lines
05-18 14:14:29.830  1139  1441 I chatty  : uid=1000(system) NetdConnector expire 6 lines
05-18 14:14:29.862  1139  1139 I chatty  : uid=1000 system_server expire 20 lines
05-18 14:14:29.862  1139  1458 I chatty  : uid=1000(system) WifiP2pService expire 5 lines
05-18 14:14:29.890  1139  2778 I chatty  : uid=1000(system) Binder:1139_17 expire 6 lines
05-18 14:14:29.913  9749  9749 D ActivityThread: ActivityThread,attachApplication
05-18 14:14:29.944  1139  1281 I chatty  : uid=1000(system) ActivityManager expire 40 lines
05-18 14:14:29.950  1139  2718 I chatty  : uid=1000(system) Binder:1139_E expire 24 lines
05-18 14:14:29.950  1139  1442 I chatty  : uid=1000(system) NetworkStats expire 7 lines
05-18 14:14:29.967  1139  2703 I chatty  : uid=1000(system) Binder:1139_D expire 2 lines
05-18 14:14:29.976  1139  4790 I chatty  : uid=1000(system) Binder:1139_19 expire 8 lines
05-18 14:14:30.348   598   598 E wificond: Failed to get NL80211_RATE_INFO_NOISE
05-18 14:14:30.348   598   598 E wificond: Failed to get NL80211_RATE_INFO_SNR
05-18 14:14:30.348   598   598 E wificond: Failed to get NL80211_STA_INFO_CNAHLOAD
05-18 14:14:30.351   598   598 E wificond: Failed to get NL80211_RATE_INFO_NOISE
05-18 14:14:30.351   598   598 E wificond: Failed to get NL80211_RATE_INFO_SNR
05-18 14:14:30.351   598   598 E wificond: Failed to get NL80211_STA_INFO_CNAHLOAD
05-18 14:14:38.357   598   598 E wificond: Failed to get NL80211_RATE_INFO_NOISE
05-18 14:14:38.357   598   598 E wificond: Failed to get NL80211_RATE_INFO_SNR
05-18 14:14:38.357   598   598 E wificond: Failed to get NL80211_STA_INFO_CNAHLOAD
05-18 14:14:38.360   598   598 E wificond: Failed to get NL80211_RATE_INFO_NOISE
05-18 14:14:38.360   598   598 E wificond: Failed to get NL80211_RATE_INFO_SNR
05-18 14:14:38.360   598   598 E wificond: Failed to get NL80211_STA_INFO_CNAHLOAD
05-18 14:14:38.412  1139  1327 I chatty  : uid=1000(system) PackageManager expire 9 lines
05-18 14:14:39.345  1139  2772 I chatty  : uid=1000(system) Binder:1139_15 expire 2 lines
05-18 14:14:39.346  2606  2606 V ActivityThread: Handle window ActivityRecord{d493774 token=android.os.BinderProxy@ae6f002 {com.huawei.android.launcher/com.huawei.android.launcher.unihome.UniHomeLauncher}} visibility: true
05-18 14:14:39.348  1139  1899 I chatty  : uid=1000(system) MultiTaskManage expire 2 lines
05-18 14:14:39.348  1139  1282 I chatty  : uid=1000(system) android.ui expire 5 lines
05-18 14:14:39.356  1139  1307 I chatty  : uid=1000(system) android.display expire 3 lines
05-18 14:14:39.437  1139  2777 I chatty  : uid=1000(system) Binder:1139_16 expire 1 line
05-18 14:14:39.538  1546  2412 I CommandQueue: updateBarBgColor
05-18 14:14:39.538  1546  2412 D CommandQueue: CommandQueue, setBarBackgroundColor
05-18 14:14:39.554  1139  1407 I chatty  : uid=1000(system) android.anim expire 1 line
05-18 14:14:39.557  1139  2762 I chatty  : uid=1000(system) Binder:1139_14 expire 1 line
05-18 14:14:39.558  1864  2178 I HwNetworkPolicyManager: getHwUidPolicy uid = 10067 policy = 0
05-18 14:14:39.569  1139  6103 I chatty  : uid=1000(system) Binder:1139_1E expire 14 lines
05-18 14:14:39.650  1139  1950 I chatty  : uid=1000(system) Binder:1139_6 expire 2 lines
05-18 14:14:39.688  1139  1277 I chatty  : uid=1000(system) android.bg expire 3 lines
05-18 14:14:39.782  6144  6144 W ContextImpl: Calling a method in the system process without a qualified user: android.app.ContextImpl.startService:1656 android.content.ContextWrapper.startService:644 android.content.ContextWrapper.startService:644 com.android.settings.applications.BlackListReceiver.onReceive:35 android.app.ActivityThread.handleReceiver:3695 
05-18 14:14:39.788  1139  6072 I chatty  : uid=1000(system) Binder:1139_1C expire 14 lines
05-18 14:14:40.122  1139  2011 I chatty  : uid=1000(system) Binder:1139_A expire 12 lines
05-18 14:14:40.124  2606  2606 V ActivityThread: Handle window ActivityRecord{d493774 token=android.os.BinderProxy@ae6f002 {com.huawei.android.launcher/com.huawei.android.launcher.unihome.UniHomeLauncher}} visibility: false
05-18 14:14:40.127  9841  9841 D ActivityThread: ActivityThread,attachApplication
05-18 14:14:40.129  1139  1945 I chatty  : uid=1000(system) Binder:1139_5 expire 1 line
05-18 14:14:40.131  1139  2727 I chatty  : uid=1000(system) Binder:1139_10 expire 5 lines
05-18 14:14:40.139  6493  6493 W ContextImpl: Calling a method in the system process without a qualified user: android.app.ContextImpl.startService:1656 android.content.ContextWrapper.startService:644 android.content.ContextWrapper.startService:644 com.huawei.systemmanager.antivirus.utils.AntiVirusTools.deleteVirusApk:632 com.huawei.systemmanager.antivirus.AntiVirusReceiver.handlerPackageRemoved:52 
05-18 14:14:40.141  1864  2178 I HwNetworkPolicyManager: getHwUidPolicy uid = 10110 policy = 0
05-18 14:14:40.147  6493  6754 W ContextImpl: Calling a method in the system process without a qualified user: android.app.ContextImpl.startService:1656 android.content.ContextWrapper.startService:644 com.huawei.systemmanager.spacecleanner.receiver.SpaceCleanReceiver.checkRarelyUsedApp:87 com.huawei.systemmanager.spacecleanner.receiver.SpaceCleanReceiver.doInBackground:39 java.lang.reflect.Method.invoke:-2 
05-18 14:14:40.149  1139  1281 I chatty  : uid=1000(system) ActivityManager expire 4 lines
05-18 14:14:40.163  1139  2718 I chatty  : uid=1000(system) Binder:1139_E expire 16 lines
05-18 14:14:40.168  6144  6144 W ContextImpl: Calling a method in the system process without a qualified user: android.app.ContextImpl.startService:1656 android.content.ContextWrapper.startService:644 android.content.ContextWrapper.startService:644 com.android.settings.applications.BlackListReceiver.onReceive:35 android.app.ActivityThread.handleReceiver:3695 
05-18 14:14:40.183  9841  9841 V ActivityThread: ActivityThread,callActivityOnCreate
05-18 14:14:40.221  6493  6493 W ContextImpl: Calling a method in the system process without a qualified user: android.app.ContextImpl.startService:1656 android.content.ContextWrapper.startService:644 android.content.ContextWrapper.startService:644 com.huawei.systemmanager.antivirus.utils.AntiVirusTools.checkVirusForNewInstalledApk:620 com.huawei.systemmanager.antivirus.AntiVirusReceiver.onReceive:36 
05-18 14:14:40.252  6493  6784 W ContextImpl: Calling a method in the system process without a qualified user: android.app.ContextImpl.startService:1656 android.content.ContextWrapper.startService:644 com.huawei.systemmanager.spacecleanner.receiver.SpaceCleanReceiver.checkRarelyUsedApp:87 com.huawei.systemmanager.spacecleanner.receiver.SpaceCleanReceiver.doInBackground:39 java.lang.reflect.Method.invoke:-2 
05-18 14:14:40.256  6144  6144 W ContextImpl: Calling a method in the system process without a qualified user: android.app.ContextImpl.startService:1656 android.content.ContextWrapper.startService:644 android.content.ContextWrapper.startService:644 com.android.settings.applications.BlackListReceiver.onReceive:35 android.app.ActivityThread.handleReceiver:3695 
05-18 14:14:40.293  1139  1699 I chatty  : uid=1000(system) Binder:1139_4 expire 20 lines
05-18 14:14:40.302  9841  9841 D ActivityThread: add activity client record, r= ActivityRecord{c732276 token=android.os.BinderProxy@623b6b4 {com.cambricon.productdisplay/com.cambricon.productdisplay.activity.SplashActivity}} token= android.os.BinderProxy@623b6b4
05-18 14:14:40.340  1546  1559 I CommandQueue: updateBarBgColor
05-18 14:14:40.340  1546  1559 D CommandQueue: CommandQueue, setBarBackgroundColor
05-18 14:14:40.346  9841  9841 V ActivityThread: Finishing stop of ActivityRecord{c732276 token=android.os.BinderProxy@623b6b4 {com.cambricon.productdisplay/com.cambricon.productdisplay.activity.SplashActivity}}
05-18 14:14:41.835  9841  9841 V ActivityThread: Handle window ActivityRecord{c732276 token=android.os.BinderProxy@623b6b4 {com.cambricon.productdisplay/com.cambricon.productdisplay.activity.SplashActivity}} visibility: false
05-18 14:14:41.839  9841  9841 V ActivityThread: ActivityThread,callActivityOnCreate
05-18 14:14:41.936  9841  9841 D ActivityThread: add activity client record, r= ActivityRecord{1781e86 token=android.os.BinderProxy@73c7c {com.cambricon.productdisplay/com.cambricon.productdisplay.activity.HomeActivity}} token= android.os.BinderProxy@73c7c
05-18 14:14:41.945  1139  2011 I chatty  : uid=1000(system) Binder:1139_A expire 5 lines
05-18 14:14:42.006  1546  1562 I CommandQueue: updateBarBgColor
05-18 14:14:42.006  1546  1562 D CommandQueue: CommandQueue, setBarBackgroundColor
05-18 14:14:42.069  9841  9841 D ActivityThread: Remove activity client record, r= ActivityRecord{c732276 token=android.os.BinderProxy@623b6b4 {com.cambricon.productdisplay/com.cambricon.productdisplay.activity.SplashActivity}} token= android.os.BinderProxy@623b6b4
05-18 14:14:42.071  1139  2727 I chatty  : uid=1000(system) Binder:1139_10 expire 10 lines
05-18 14:14:42.107  9841  9841 V ActivityThread: Finishing stop of ActivityRecord{1781e86 token=android.os.BinderProxy@73c7c {com.cambricon.productdisplay/com.cambricon.productdisplay.activity.HomeActivity}}
05-18 14:14:42.128  1139  1307 I chatty  : uid=1000(system) android.display expire 2 lines
05-18 14:14:44.132  1139  1433 I chatty  : uid=1000(system) InputReader expire 6 lines
05-18 14:14:44.137  1139  1312 I chatty  : uid=1000(system) PowerManagerSer expire 7 lines
05-18 14:14:44.176  1139  1435 I chatty  : uid=1000(system) StorageManagerS expire 2 lines
05-18 14:14:44.177   410   418 I vold    : TrimTask running tasks: 0
05-18 14:14:44.178  1139  1438 I chatty  : uid=1000(system) VoldConnector expire 1 line
05-18 14:14:44.187  1139  1139 I chatty  : uid=1000 system_server expire 1 line
05-18 14:14:44.187  1139  1458 I chatty  : uid=1000(system) WifiP2pService expire 10 lines
05-18 14:14:44.190  1139  1528 I chatty  : uid=1000(system) PhotonicModulat expire 2 lines
05-18 14:14:44.190  1139  1307 I chatty  : uid=1000(system) android.display expire 7 lines
05-18 14:14:44.194  1139  1139 I chatty  : uid=1000 system_server expire 11 lines
05-18 14:14:44.195  1139  1699 I chatty  : uid=1000(system) Binder:1139_4 expire 3 lines
05-18 14:14:44.201  1139  2727 I chatty  : uid=1000(system) Binder:1139_10 expire 6 lines
05-18 14:14:44.201   598   598 E wificond: Failed to get NL80211_RATE_INFO_NOISE
05-18 14:14:44.201   598   598 E wificond: Failed to get NL80211_RATE_INFO_SNR
05-18 14:14:44.201   598   598 E wificond: Failed to get NL80211_STA_INFO_CNAHLOAD
05-18 14:14:44.201  1139  1441 I chatty  : uid=1000(system) NetdConnector expire 8 lines
05-18 14:14:44.207  1925  1925 D HwGameAssistantService: ScreenOnReceiver
05-18 14:14:44.213  1139  1950 I chatty  : uid=1000(system) Binder:1139_6 expire 5 lines
05-18 14:14:44.256  2655  6830 W ContextImpl: Calling a method in the system process without a qualified user: android.app.ContextImpl.bindService:1736 android.content.ContextWrapper.bindService:678 com.huawei.nb.dataservice.dsclient.RemoteServiceConnection.open:90 com.huawei.nb.dataservice.dsclient.DataServiceProxy.connect:105 com.huawei.nb.dataservice.rsclient.internal.RemoteRuleService.start:27 
05-18 14:14:44.314  1139  1312 I chatty  : uid=1000(system) PowerManagerSer expire 10 lines
05-18 14:14:44.382  1139  1282 I chatty  : uid=1000(system) android.ui expire 3 lines
05-18 14:14:46.364   598   598 E wificond: Failed to get NL80211_RATE_INFO_NOISE
05-18 14:14:46.365   598   598 E wificond: Failed to get NL80211_RATE_INFO_SNR
05-18 14:14:46.365   598   598 E wificond: Failed to get NL80211_STA_INFO_CNAHLOAD
05-18 14:14:46.367   598   598 E wificond: Failed to get NL80211_RATE_INFO_NOISE
05-18 14:14:46.367   598   598 E wificond: Failed to get NL80211_RATE_INFO_SNR
05-18 14:14:46.367   598   598 E wificond: Failed to get NL80211_STA_INFO_CNAHLOAD
05-18 14:14:47.094  1139  4790 I chatty  : uid=1000(system) Binder:1139_19 expire 64 lines
05-18 14:14:47.173  1139  1407 I chatty  : uid=1000(system) android.anim expire 24 lines
05-18 14:14:47.186  1139  2762 I chatty  : uid=1000(system) Binder:1139_14 expire 30 lines
05-18 14:14:47.195  9841  9841 V ActivityThread: ActivityThread,callActivityOnCreate
05-18 14:14:47.204   598   598 E wificond: Failed to get NL80211_RATE_INFO_NOISE
05-18 14:14:47.204   598   598 E wificond: Failed to get NL80211_RATE_INFO_SNR
05-18 14:14:47.204   598   598 E wificond: Failed to get NL80211_STA_INFO_CNAHLOAD
05-18 14:14:47.382  9841  9841 D ActivityThread: add activity client record, r= ActivityRecord{35bc118 token=android.os.BinderProxy@aff9735 {com.cambricon.productdisplay/com.cambricon.productdisplay.activity.ClassificationActivity}} token= android.os.BinderProxy@aff9735
05-18 14:14:47.413  1546  1559 I CommandQueue: updateBarBgColor
05-18 14:14:47.413  1546  1559 D CommandQueue: CommandQueue, setBarBackgroundColor
05-18 14:14:50.216   598   598 E wificond: Failed to get NL80211_RATE_INFO_NOISE
05-18 14:14:50.216   598   598 E wificond: Failed to get NL80211_RATE_INFO_SNR
05-18 14:14:50.216   598   598 E wificond: Failed to get NL80211_STA_INFO_CNAHLOAD
05-18 14:14:50.642  1139  1413 I chatty  : uid=1000(system) UEventObserver expire 4 lines
05-18 14:14:50.683  1139  6366 I chatty  : uid=1000(system) Binder:1139_1F expire 11 lines
05-18 14:14:53.233   598   598 E wificond: Failed to get NL80211_RATE_INFO_NOISE
05-18 14:14:53.233   598   598 E wificond: Failed to get NL80211_RATE_INFO_SNR
05-18 14:14:53.233   598   598 E wificond: Failed to get NL80211_STA_INFO_CNAHLOAD
05-18 14:14:54.372   598   598 E wificond: Failed to get NL80211_RATE_INFO_NOISE
05-18 14:14:54.372   598   598 E wificond: Failed to get NL80211_RATE_INFO_SNR
05-18 14:14:54.372   598   598 E wificond: Failed to get NL80211_STA_INFO_CNAHLOAD
05-18 14:14:54.374   598   598 E wificond: Failed to get NL80211_RATE_INFO_NOISE
05-18 14:14:54.374   598   598 E wificond: Failed to get NL80211_RATE_INFO_SNR
05-18 14:14:54.374   598   598 E wificond: Failed to get NL80211_STA_INFO_CNAHLOAD
05-18 14:14:55.174  1139  1428 I chatty  : uid=1000(system) AlarmManager expire 1 line
05-18 14:14:55.756  1139  1861 I chatty  : uid=1000(system) watchdog expire 2 lines
05-18 14:14:56.247   598   598 E wificond: Failed to get NL80211_RATE_INFO_NOISE
05-18 14:14:56.247   598   598 E wificond: Failed to get NL80211_RATE_INFO_SNR
05-18 14:14:56.247   598   598 E wificond: Failed to get NL80211_STA_INFO_CNAHLOAD
05-18 14:14:59.262   598   598 E wificond: Failed to get NL80211_RATE_INFO_NOISE
05-18 14:14:59.262   598   598 E wificond: Failed to get NL80211_RATE_INFO_SNR
05-18 14:14:59.262   598   598 E wificond: Failed to get NL80211_STA_INFO_CNAHLOAD
05-18 14:15:00.002  1139  1139 I chatty  : uid=1000 system_server expire 10 lines
05-18 14:15:00.082  1139  2762 I chatty  : uid=1000(system) Binder:1139_14 expire 7 lines
05-18 14:15:02.279   598   598 E wificond: Failed to get NL80211_RATE_INFO_NOISE
05-18 14:15:02.279   598   598 E wificond: Failed to get NL80211_RATE_INFO_SNR
05-18 14:15:02.279   598   598 E wificond: Failed to get NL80211_STA_INFO_CNAHLOAD
05-18 14:15:02.372   598   598 E wificond: Failed to get NL80211_RATE_INFO_NOISE
05-18 14:15:02.373   598   598 E wificond: Failed to get NL80211_RATE_INFO_SNR
05-18 14:15:02.373   598   598 E wificond: Failed to get NL80211_STA_INFO_CNAHLOAD
05-18 14:15:02.375   598   598 E wificond: Failed to get NL80211_RATE_INFO_NOISE
05-18 14:15:02.375   598   598 E wificond: Failed to get NL80211_RATE_INFO_SNR
05-18 14:15:02.375   598   598 E wificond: Failed to get NL80211_STA_INFO_CNAHLOAD
05-18 14:15:03.808  1139  1407 I chatty  : uid=1000(system) android.anim expire 4 lines
05-18 14:15:05.297   598   598 E wificond: Failed to get NL80211_RATE_INFO_NOISE
05-18 14:15:05.297   598   598 E wificond: Failed to get NL80211_RATE_INFO_SNR
05-18 14:15:05.297   598   598 E wificond: Failed to get NL80211_STA_INFO_CNAHLOAD
05-18 14:15:08.315   598   598 E wificond: Failed to get NL80211_RATE_INFO_NOISE
05-18 14:15:08.316   598   598 E wificond: Failed to get NL80211_RATE_INFO_SNR
05-18 14:15:08.316   598   598 E wificond: Failed to get NL80211_STA_INFO_CNAHLOAD
05-18 14:15:10.381   598   598 E wificond: Failed to get NL80211_RATE_INFO_NOISE
05-18 14:15:10.381   598   598 E wificond: Failed to get NL80211_RATE_INFO_SNR
05-18 14:15:10.381   598   598 E wificond: Failed to get NL80211_STA_INFO_CNAHLOAD
05-18 14:15:10.384   598   598 E wificond: Failed to get NL80211_RATE_INFO_NOISE
05-18 14:15:10.384   598   598 E wificond: Failed to get NL80211_RATE_INFO_SNR
05-18 14:15:10.384   598   598 E wificond: Failed to get NL80211_STA_INFO_CNAHLOAD
05-18 14:15:10.484   451  1094 W SocketListener: sending broadcast to Pid = 1139, Uid = 1000 
05-18 14:15:10.493  1139  1305 I chatty  : uid=1000(system) android.fg expire 2 lines
05-18 14:15:11.322   598   598 E wificond: Failed to get NL80211_RATE_INFO_NOISE
05-18 14:15:11.323   598   598 E wificond: Failed to get NL80211_RATE_INFO_SNR
05-18 14:15:11.323   598   598 E wificond: Failed to get NL80211_STA_INFO_CNAHLOAD
05-18 14:15:13.372  1139  1312 I chatty  : uid=1000(system) PowerManagerSer expire 18 lines
05-18 14:15:14.340   598   598 E wificond: Failed to get NL80211_RATE_INFO_NOISE
05-18 14:15:14.340   598   598 E wificond: Failed to get NL80211_RATE_INFO_SNR
05-18 14:15:14.340   598   598 E wificond: Failed to get NL80211_STA_INFO_CNAHLOAD
05-18 14:15:17.353   598   598 E wificond: Failed to get NL80211_RATE_INFO_NOISE
05-18 14:15:17.353   598   598 E wificond: Failed to get NL80211_RATE_INFO_SNR
05-18 14:15:17.353   598   598 E wificond: Failed to get NL80211_STA_INFO_CNAHLOAD
05-18 14:15:18.387   598   598 E wificond: Failed to get NL80211_RATE_INFO_NOISE
05-18 14:15:18.387   598   598 E wificond: Failed to get NL80211_RATE_INFO_SNR
05-18 14:15:18.387   598   598 E wificond: Failed to get NL80211_STA_INFO_CNAHLOAD
05-18 14:15:18.390   598   598 E wificond: Failed to get NL80211_RATE_INFO_NOISE
05-18 14:15:18.390   598   598 E wificond: Failed to get NL80211_RATE_INFO_SNR
05-18 14:15:18.390   598   598 E wificond: Failed to get NL80211_STA_INFO_CNAHLOAD
05-18 14:15:20.368   598   598 E wificond: Failed to get NL80211_RATE_INFO_NOISE
05-18 14:15:20.368   598   598 E wificond: Failed to get NL80211_RATE_INFO_SNR
05-18 14:15:20.368   598   598 E wificond: Failed to get NL80211_STA_INFO_CNAHLOAD
05-18 14:15:23.385   598   598 E wificond: Failed to get NL80211_RATE_INFO_NOISE
05-18 14:15:23.385   598   598 E wificond: Failed to get NL80211_RATE_INFO_SNR
05-18 14:15:23.385   598   598 E wificond: Failed to get NL80211_STA_INFO_CNAHLOAD
05-18 14:15:26.395   598   598 E wificond: Failed to get NL80211_RATE_INFO_NOISE
05-18 14:15:26.395   598   598 E wificond: Failed to get NL80211_RATE_INFO_SNR
05-18 14:15:26.395   598   598 E wificond: Failed to get NL80211_STA_INFO_CNAHLOAD
05-18 14:15:26.398   598   598 E wificond: Failed to get NL80211_RATE_INFO_NOISE
05-18 14:15:26.398   598   598 E wificond: Failed to get NL80211_RATE_INFO_SNR
05-18 14:15:26.398   598   598 E wificond: Failed to get NL80211_STA_INFO_CNAHLOAD
05-18 14:15:26.403   598   598 E wificond: Failed to get NL80211_RATE_INFO_NOISE
05-18 14:15:26.403   598   598 E wificond: Failed to get NL80211_RATE_INFO_SNR
05-18 14:15:26.403   598   598 E wificond: Failed to get NL80211_STA_INFO_CNAHLOAD
05-18 14:15:29.420   598   598 E wificond: Failed to get NL80211_RATE_INFO_NOISE
05-18 14:15:29.420   598   598 E wificond: Failed to get NL80211_RATE_INFO_SNR
05-18 14:15:29.420   598   598 E wificond: Failed to get NL80211_STA_INFO_CNAHLOAD
05-18 14:15:32.436   598   598 E wificond: Failed to get NL80211_RATE_INFO_NOISE
05-18 14:15:32.437   598   598 E wificond: Failed to get NL80211_RATE_INFO_SNR
05-18 14:15:32.437   598   598 E wificond: Failed to get NL80211_STA_INFO_CNAHLOAD
05-18 14:15:32.440   451  1094 W SocketListener: sending broadcast to Pid = 1139, Uid = 1000 
05-18 14:15:32.831  2728  5497 I PermissionManager: camera remind result:true
05-18 14:15:33.879  9841  9841 V ActivityThread: Finishing stop of ActivityRecord{35bc118 token=android.os.BinderProxy@aff9735 {com.cambricon.productdisplay/com.cambricon.productdisplay.activity.ClassificationActivity}}
05-18 14:15:33.887  1139  2008 I chatty  : uid=1000(system) Binder:1139_9 expire 4 lines
05-18 14:15:34.125  1139  2553 I chatty  : uid=1000(system) HwDeviceUsageCo expire 1 line
05-18 14:15:34.166  2655  7045 W ContextImpl: Calling a method in the system process without a qualified user: android.app.ContextImpl.bindService:1736 android.content.ContextWrapper.bindService:678 com.huawei.nb.dataservice.dsclient.RemoteServiceConnection.open:90 com.huawei.nb.dataservice.dsclient.DataServiceProxy.connect:105 com.huawei.nb.dataservice.rsclient.internal.RemoteRuleService.start:27 
05-18 14:15:34.181  1139  6366 I chatty  : uid=1000(system) Binder:1139_1F expire 5 lines
05-18 14:15:34.388  1139  1312 I chatty  : uid=1000(system) PowerManagerSer expire 1 line
05-18 14:15:34.403   598   598 E wificond: Failed to get NL80211_RATE_INFO_NOISE
05-18 14:15:34.403   598   598 E wificond: Failed to get NL80211_RATE_INFO_SNR
05-18 14:15:34.403   598   598 E wificond: Failed to get NL80211_STA_INFO_CNAHLOAD
05-18 14:15:34.406   598   598 E wificond: Failed to get NL80211_RATE_INFO_NOISE
05-18 14:15:34.406   598   598 E wificond: Failed to get NL80211_RATE_INFO_SNR
05-18 14:15:34.406   598   598 E wificond: Failed to get NL80211_STA_INFO_CNAHLOAD
05-18 14:15:37.073  1139  2772 I chatty  : uid=1000(system) Binder:1139_15 expire 2 lines
05-18 14:15:38.938  1546  1546 V KeyguardStatusView: refresh statusview showing:true
05-18 14:15:38.943  1546  1546 V KeyguardDisplayManager: show
05-18 14:15:38.944  1139  2779 I chatty  : uid=1000(system) Binder:1139_18 expire 3 lines
05-18 14:15:38.956  1925  6642 D AntiBruteForceProcessor: RemainingAuthenticateNum = 5
05-18 14:15:38.971  1139  6366 I chatty  : uid=1000(system) Binder:1139_1F expire 42 lines
05-18 14:15:38.972  1139  1139 I chatty  : uid=1000 system_server expire 10 lines
05-18 14:15:38.981  9841  9841 V ActivityThread: Handle window ActivityRecord{35bc118 token=android.os.BinderProxy@aff9735 {com.cambricon.productdisplay/com.cambricon.productdisplay.activity.ClassificationActivity}} visibility: false
05-18 14:15:39.019  1139  1407 I chatty  : uid=1000(system) android.anim expire 10 lines
05-18 14:15:39.052  1139  2718 I chatty  : uid=1000(system) Binder:1139_E expire 10 lines
05-18 14:15:42.409   598   598 E wificond: Failed to get NL80211_RATE_INFO_NOISE
05-18 14:15:42.409   598   598 E wificond: Failed to get NL80211_RATE_INFO_SNR
05-18 14:15:42.409   598   598 E wificond: Failed to get NL80211_STA_INFO_CNAHLOAD
05-18 14:15:42.413   598   598 E wificond: Failed to get NL80211_RATE_INFO_NOISE
05-18 14:15:42.413   598   598 E wificond: Failed to get NL80211_RATE_INFO_SNR
05-18 14:15:42.413   598   598 E wificond: Failed to get NL80211_STA_INFO_CNAHLOAD
05-18 14:15:50.417   598   598 E wificond: Failed to get NL80211_RATE_INFO_NOISE
05-18 14:15:50.417   598   598 E wificond: Failed to get NL80211_RATE_INFO_SNR
05-18 14:15:50.417   598   598 E wificond: Failed to get NL80211_STA_INFO_CNAHLOAD
05-18 14:15:50.420   598   598 E wificond: Failed to get NL80211_RATE_INFO_NOISE
05-18 14:15:50.420   598   598 E wificond: Failed to get NL80211_RATE_INFO_SNR
05-18 14:15:50.420   598   598 E wificond: Failed to get NL80211_STA_INFO_CNAHLOAD
05-18 14:15:51.069  1139  1413 I chatty  : uid=1000(system) UEventObserver expire 10 lines
05-18 14:15:55.759  1139  1861 I chatty  : uid=1000(system) watchdog expire 5 lines
05-18 14:15:58.424   598   598 E wificond: Failed to get NL80211_RATE_INFO_NOISE
05-18 14:15:58.424   598   598 E wificond: Failed to get NL80211_RATE_INFO_SNR
05-18 14:15:58.424   598   598 E wificond: Failed to get NL80211_STA_INFO_CNAHLOAD
05-18 14:15:58.427   598   598 E wificond: Failed to get NL80211_RATE_INFO_NOISE
05-18 14:15:58.427   598   598 E wificond: Failed to get NL80211_RATE_INFO_SNR
05-18 14:15:58.427   598   598 E wificond: Failed to get NL80211_STA_INFO_CNAHLOAD
05-18 14:16:06.433   598   598 E wificond: Failed to get NL80211_RATE_INFO_NOISE
05-18 14:16:06.433   598   598 E wificond: Failed to get NL80211_RATE_INFO_SNR
05-18 14:16:06.433   598   598 E wificond: Failed to get NL80211_STA_INFO_CNAHLOAD
05-18 14:16:06.436   598   598 E wificond: Failed to get NL80211_RATE_INFO_NOISE
05-18 14:16:06.437   598   598 E wificond: Failed to get NL80211_RATE_INFO_SNR
05-18 14:16:06.437   598   598 E wificond: Failed to get NL80211_STA_INFO_CNAHLOAD
05-18 14:16:14.433   598   598 E wificond: Failed to get NL80211_RATE_INFO_NOISE
05-18 14:16:14.434   598   598 E wificond: Failed to get NL80211_RATE_INFO_SNR
05-18 14:16:14.434   598   598 E wificond: Failed to get NL80211_STA_INFO_CNAHLOAD
05-18 14:16:14.437   598   598 E wificond: Failed to get NL80211_RATE_INFO_NOISE
05-18 14:16:14.437   598   598 E wificond: Failed to get NL80211_RATE_INFO_SNR
05-18 14:16:14.437   598   598 E wificond: Failed to get NL80211_STA_INFO_CNAHLOAD
05-18 14:16:18.643   451  1094 W SocketListener: sending broadcast to Pid = 1139, Uid = 1000 
05-18 14:16:18.648  1139  1441 I chatty  : uid=1000(system) NetdConnector expire 10 lines
05-18 14:16:18.653  1139  1305 I chatty  : uid=1000(system) android.fg expire 5 lines
05-18 14:16:22.444   598   598 E wificond: Failed to get NL80211_RATE_INFO_NOISE
05-18 14:16:22.444   598   598 E wificond: Failed to get NL80211_RATE_INFO_SNR
05-18 14:16:22.444   598   598 E wificond: Failed to get NL80211_STA_INFO_CNAHLOAD
05-18 14:16:22.447   598   598 E wificond: Failed to get NL80211_RATE_INFO_NOISE
05-18 14:16:22.447   598   598 E wificond: Failed to get NL80211_RATE_INFO_SNR
05-18 14:16:22.447   598   598 E wificond: Failed to get NL80211_STA_INFO_CNAHLOAD
05-18 14:16:30.452   598   598 E wificond: Failed to get NL80211_RATE_INFO_NOISE
05-18 14:16:30.452   598   598 E wificond: Failed to get NL80211_RATE_INFO_SNR
05-18 14:16:30.452   598   598 E wificond: Failed to get NL80211_STA_INFO_CNAHLOAD
05-18 14:16:30.455   598   598 E wificond: Failed to get NL80211_RATE_INFO_NOISE
05-18 14:16:30.455   598   598 E wificond: Failed to get NL80211_RATE_INFO_SNR
05-18 14:16:30.456   598   598 E wificond: Failed to get NL80211_STA_INFO_CNAHLOAD
05-18 14:16:33.916  1139  2718 I chatty  : uid=1000(system) Binder:1139_E expire 10 lines
05-18 14:16:33.953   451  1094 W SocketListener: sending broadcast to Pid = 1139, Uid = 1000 
05-18 14:16:33.984  1139  2777 I chatty  : uid=1000(system) Binder:1139_16 expire 21 lines
05-18 14:16:33.986  1139  6366 I chatty  : uid=1000(system) Binder:1139_1F expire 4 lines
05-18 14:16:38.459   598   598 E wificond: Failed to get NL80211_RATE_INFO_NOISE
05-18 14:16:38.459   598   598 E wificond: Failed to get NL80211_RATE_INFO_SNR
05-18 14:16:38.459   598   598 E wificond: Failed to get NL80211_STA_INFO_CNAHLOAD
05-18 14:16:38.463   598   598 E wificond: Failed to get NL80211_RATE_INFO_NOISE
05-18 14:16:38.463   598   598 E wificond: Failed to get NL80211_RATE_INFO_SNR
05-18 14:16:38.463   598   598 E wificond: Failed to get NL80211_STA_INFO_CNAHLOAD
05-18 14:16:46.468   598   598 E wificond: Failed to get NL80211_RATE_INFO_NOISE
05-18 14:16:46.468   598   598 E wificond: Failed to get NL80211_RATE_INFO_SNR
05-18 14:16:46.468   598   598 E wificond: Failed to get NL80211_STA_INFO_CNAHLOAD
05-18 14:16:46.472   598   598 E wificond: Failed to get NL80211_RATE_INFO_NOISE
05-18 14:16:46.472   598   598 E wificond: Failed to get NL80211_RATE_INFO_SNR
05-18 14:16:46.472   598   598 E wificond: Failed to get NL80211_STA_INFO_CNAHLOAD
05-18 14:16:49.043   451  1094 W SocketListener: sending broadcast to Pid = 1139, Uid = 1000 
05-18 14:16:54.477   598   598 E wificond: Failed to get NL80211_RATE_INFO_NOISE
05-18 14:16:54.477   598   598 E wificond: Failed to get NL80211_RATE_INFO_SNR
05-18 14:16:54.477   598   598 E wificond: Failed to get NL80211_STA_INFO_CNAHLOAD
05-18 14:16:54.482  1139  1461 I chatty  : uid=1000(system) ConnectivitySer expire 4 lines
05-18 14:16:54.483   598   598 E wificond: Failed to get NL80211_RATE_INFO_NOISE
05-18 14:16:54.483   598   598 E wificond: Failed to get NL80211_RATE_INFO_SNR
05-18 14:16:54.483   598   598 E wificond: Failed to get NL80211_STA_INFO_CNAHLOAD
05-18 14:17:02.486   598   598 E wificond: Failed to get NL80211_RATE_INFO_NOISE
05-18 14:17:02.486   598   598 E wificond: Failed to get NL80211_RATE_INFO_SNR
05-18 14:17:02.486   598   598 E wificond: Failed to get NL80211_STA_INFO_CNAHLOAD
05-18 14:17:02.492   598   598 E wificond: Failed to get NL80211_RATE_INFO_NOISE
05-18 14:17:02.492   598   598 E wificond: Failed to get NL80211_RATE_INFO_SNR
05-18 14:17:02.492   598   598 E wificond: Failed to get NL80211_STA_INFO_CNAHLOAD
05-18 14:17:10.494   598   598 E wificond: Failed to get NL80211_RATE_INFO_NOISE
05-18 14:17:10.494   598   598 E wificond: Failed to get NL80211_RATE_INFO_SNR
05-18 14:17:10.494   598   598 E wificond: Failed to get NL80211_STA_INFO_CNAHLOAD
05-18 14:17:10.498   598   598 E wificond: Failed to get NL80211_RATE_INFO_NOISE
05-18 14:17:10.498   598   598 E wificond: Failed to get NL80211_RATE_INFO_SNR
05-18 14:17:10.498   598   598 E wificond: Failed to get NL80211_STA_INFO_CNAHLOAD
05-18 14:17:18.498   598   598 E wificond: Failed to get NL80211_RATE_INFO_NOISE
05-18 14:17:18.498   598   598 E wificond: Failed to get NL80211_RATE_INFO_SNR
05-18 14:17:18.499   598   598 E wificond: Failed to get NL80211_STA_INFO_CNAHLOAD
05-18 14:17:18.503   598   598 E wificond: Failed to get NL80211_RATE_INFO_NOISE
05-18 14:17:18.503   598   598 E wificond: Failed to get NL80211_RATE_INFO_SNR
05-18 14:17:18.503   598   598 E wificond: Failed to get NL80211_STA_INFO_CNAHLOAD
05-18 14:17:21.717  1139  1139 I chatty  : uid=1000 system_server expire 10 lines
05-18 14:17:26.512   598   598 E wificond: Failed to get NL80211_RATE_INFO_NOISE
05-18 14:17:26.512   598   598 E wificond: Failed to get NL80211_RATE_INFO_SNR
05-18 14:17:26.512   598   598 E wificond: Failed to get NL80211_STA_INFO_CNAHLOAD
05-18 14:17:26.515   598   598 E wificond: Failed to get NL80211_RATE_INFO_NOISE
05-18 14:17:26.516   598   598 E wificond: Failed to get NL80211_RATE_INFO_SNR
05-18 14:17:26.516   598   598 E wificond: Failed to get NL80211_STA_INFO_CNAHLOAD
05-18 14:17:34.522   598   598 E wificond: Failed to get NL80211_RATE_INFO_NOISE
05-18 14:17:34.522   598   598 E wificond: Failed to get NL80211_RATE_INFO_SNR
05-18 14:17:34.522   598   598 E wificond: Failed to get NL80211_STA_INFO_CNAHLOAD
05-18 14:17:34.525   598   598 E wificond: Failed to get NL80211_RATE_INFO_NOISE
05-18 14:17:34.525   598   598 E wificond: Failed to get NL80211_RATE_INFO_SNR
05-18 14:17:34.525   598   598 E wificond: Failed to get NL80211_STA_INFO_CNAHLOAD
05-18 14:17:42.530   598   598 E wificond: Failed to get NL80211_RATE_INFO_NOISE
05-18 14:17:42.530   598   598 E wificond: Failed to get NL80211_RATE_INFO_SNR
05-18 14:17:42.530   598   598 E wificond: Failed to get NL80211_STA_INFO_CNAHLOAD
05-18 14:17:42.534   598   598 E wificond: Failed to get NL80211_RATE_INFO_NOISE
05-18 14:17:42.534   598   598 E wificond: Failed to get NL80211_RATE_INFO_SNR
05-18 14:17:42.534   598   598 E wificond: Failed to get NL80211_STA_INFO_CNAHLOAD
05-18 14:17:50.540   598   598 E wificond: Failed to get NL80211_RATE_INFO_NOISE
05-18 14:17:50.540   598   598 E wificond: Failed to get NL80211_RATE_INFO_SNR
05-18 14:17:50.540   598   598 E wificond: Failed to get NL80211_STA_INFO_CNAHLOAD
05-18 14:17:50.544   598   598 E wificond: Failed to get NL80211_RATE_INFO_NOISE
05-18 14:17:50.544   598   598 E wificond: Failed to get NL80211_RATE_INFO_SNR
05-18 14:17:50.544   598   598 E wificond: Failed to get NL80211_STA_INFO_CNAHLOAD
05-18 14:17:57.654  1139  1433 I chatty  : uid=1000(system) InputReader expire 6 lines
05-18 14:17:57.661  1139  1312 I chatty  : uid=1000(system) PowerManagerSer expire 14 lines
05-18 14:17:57.678  1139  1528 I chatty  : uid=1000(system) PhotonicModulat expire 1 line
05-18 14:17:57.679  1139  1307 I chatty  : uid=1000(system) android.display expire 4 lines
05-18 14:17:57.679  1139  1435 I chatty  : uid=1000(system) StorageManagerS expire 2 lines
05-18 14:17:57.682   410   418 I vold    : TrimTask running tasks: 0
05-18 14:17:57.683  1139  1438 I chatty  : uid=1000(system) VoldConnector expire 1 line
05-18 14:17:57.724  1139  1458 I chatty  : uid=1000(system) WifiP2pService expire 10 lines
05-18 14:17:57.727   598   598 E wificond: Failed to get NL80211_RATE_INFO_NOISE
05-18 14:17:57.727   598   598 E wificond: Failed to get NL80211_RATE_INFO_SNR
05-18 14:17:57.727   598   598 E wificond: Failed to get NL80211_STA_INFO_CNAHLOAD
05-18 14:17:57.761  1925  1925 D HwGameAssistantService: ScreenOnReceiver
05-18 14:17:57.767  1139  1282 I chatty  : uid=1000(system) android.ui expire 2 lines
05-18 14:17:57.847  2655  7063 W ContextImpl: Calling a method in the system process without a qualified user: android.app.ContextImpl.bindService:1736 android.content.ContextWrapper.bindService:678 com.huawei.nb.dataservice.dsclient.RemoteServiceConnection.open:90 com.huawei.nb.dataservice.dsclient.DataServiceProxy.connect:105 com.huawei.nb.dataservice.rsclient.internal.RemoteRuleService.start:27 
05-18 14:17:58.496  1546  1546 V KeyguardDisplayManager: hide
05-18 14:17:58.497  1139  6089 I chatty  : uid=1000(system) Binder:1139_1D expire 1 line
05-18 14:17:58.497  1139  1139 I chatty  : uid=1000 system_server expire 7 lines
05-18 14:17:58.499  1139  1945 I chatty  : uid=1000(system) Binder:1139_5 expire 26 lines
05-18 14:17:58.512  1139  1281 I chatty  : uid=1000(system) ActivityManager expire 7 lines
05-18 14:17:58.525  1139  4790 I chatty  : uid=1000(system) Binder:1139_19 expire 2 lines
05-18 14:17:58.527  1139  1407 I chatty  : uid=1000(system) android.anim expire 10 lines
05-18 14:17:58.529   598   598 E wificond: Failed to get NL80211_RATE_INFO_NOISE
05-18 14:17:58.530   598   598 E wificond: Failed to get NL80211_RATE_INFO_SNR
05-18 14:17:58.530   598   598 E wificond: Failed to get NL80211_STA_INFO_CNAHLOAD
05-18 14:17:58.531   598   598 E wificond: Failed to get NL80211_RATE_INFO_NOISE
05-18 14:17:58.531   598   598 E wificond: Failed to get NL80211_RATE_INFO_SNR
05-18 14:17:58.531   598   598 E wificond: Failed to get NL80211_STA_INFO_CNAHLOAD
05-18 14:17:58.538   451  1094 W SocketListener: sending broadcast to Pid = 1139, Uid = 1000 
05-18 14:17:58.546  1139  2718 I chatty  : uid=1000(system) Binder:1139_E expire 5 lines
05-18 14:17:58.587  1139  2008 I chatty  : uid=1000(system) Binder:1139_9 expire 5 lines
05-18 14:17:58.631  1139  1456 I chatty  : uid=1000(system) WifiScanningSer expire 1 line
05-18 14:17:59.807   451  1095 W SocketListener: sending broadcast to Pid = 1139, Uid = 1000 
05-18 14:17:59.810  1139  1441 I chatty  : uid=1000(system) NetdConnector expire 2 lines
05-18 14:18:00.744   598   598 E wificond: Failed to get NL80211_RATE_INFO_NOISE
05-18 14:18:00.744   598   598 E wificond: Failed to get NL80211_RATE_INFO_SNR
05-18 14:18:00.744   598   598 E wificond: Failed to get NL80211_STA_INFO_CNAHLOAD
05-18 14:18:03.757   598   598 E wificond: Failed to get NL80211_RATE_INFO_NOISE
05-18 14:18:03.757   598   598 E wificond: Failed to get NL80211_RATE_INFO_SNR
05-18 14:18:03.757   598   598 E wificond: Failed to get NL80211_STA_INFO_CNAHLOAD
05-18 14:18:06.546   598   598 E wificond: Failed to get NL80211_RATE_INFO_NOISE
05-18 14:18:06.546   598   598 E wificond: Failed to get NL80211_RATE_INFO_SNR
