05-18 14:20:24.620  1546  1546 I PhoneStatusBarView: mDelayedGetViewPositionOnScreen getLocationOnScreen 0 0
05-18 14:20:24.872  1546  1546 W ResourceType: No package identifier when getting value for resource number 0x00000000
05-18 14:20:24.872  1546  1546 E HwNotchUtils: setIconForView iconId is not found
05-18 14:20:24.872  1546  1546 W ResourceType: No package identifier when getting value for resource number 0x00000000
05-18 14:20:24.873  1546  1546 E HwNotchUtils: setIconForView iconId is not found
05-18 14:20:25.044  1850  1850 D wpa_supplicant: nl80211: Event message available
05-18 14:20:25.045  1850  1850 D wpa_supplicant: nl80211: Drv Event 34 (NL80211_CMD_NEW_SCAN_RESULTS) received for wlan0
05-18 14:20:25.045  1850  1850 D wpa_supplicant: wlan0: nl80211: New scan results available
05-18 14:20:25.045  1850  1850 D wpa_supplicant: nl80211: Scan probed for SSID ''
05-18 14:20:25.045  1850  1850 D wpa_supplicant: nl80211: Scan included frequencies: 2412 2417 2422 2427 2432 2437 2442 2447 2452 2457 2462 2467 2472 5180 5200 5220 5240 5260 5280 5300 5320 5745 5765 5785 5805 5825
05-18 14:20:25.045  1850  1850 D wpa_supplicant: wlan0: Event SCAN_RESULTS (3) received
05-18 14:20:25.046   451  1095 W SocketListener: sending broadcast to Pid = 1139, Uid = 1000 
05-18 14:20:25.047  1139  4790 I chatty  : uid=1000(system) Binder:1139_19 expire 5 lines
05-18 14:20:25.053  1850  1850 D wpa_supplicant: nl80211: Received scan results (15 BSSes)
05-18 14:20:25.053  1850  1850 D wpa_supplicant: nl80211: Scan results indicate BSS status with dc:**:**:**:92:b6 as associated
05-18 14:20:25.054  1850  1850 D wpa_supplicant: wlan0: BSS: Start scan result update 13
05-18 14:20:25.054  1850  1850 D wpa_supplicant: BSS: last_scan_res_used=15/32
05-18 14:20:25.055  1850  1850 D wpa_supplicant: wlan0: New scan results available (own=0 ext=1)
05-18 14:20:25.055  1850  1850 D wpa_supplicant: wlan0: Do not use results from externally requested scan operation for network selection
05-18 14:20:25.055  1850  1850 D wpa_supplicant: p2p0: Updating scan results from sibling
05-18 14:20:25.055  1850  1850 D wpa_supplicant: nl80211: Received scan results (15 BSSes)
05-18 14:20:25.056  1850  1850 D wpa_supplicant: p2p0: BSS: Start scan result update 13
05-18 14:20:25.057  1850  1850 D wpa_supplicant: BSS: last_scan_res_used=15/32
05-18 14:20:25.057  1850  1850 D wpa_supplicant: p2p0: New scan results available (own=0 ext=1)
05-18 14:20:25.057  1850  1850 D wpa_supplicant: p2p0: Do not use results from externally requested scan operation for network selection
05-18 14:20:25.069  1139  1456 I chatty  : uid=1000(system) WifiScanningSer expire 1 line
05-18 14:20:25.077  6144  6144 D ConnectSwitchReceiver: onReceive() begin
05-18 14:20:25.077  6144  6144 D ConnectSwitchReceiver: is not CMCC
05-18 14:20:25.777  1139  1861 I chatty  : uid=1000(system) watchdog expire 1 line
05-18 14:20:25.855   487  5526 D asd     : [asd_proc_hal_data],hal data soundness: L[0],R[0]
05-18 14:20:25.875   508   508 E WifiHAL : enter wifi_get_link_stats
05-18 14:20:25.893   598   598 E wificond: Failed to get NL80211_RATE_INFO_NOISE
05-18 14:20:25.893   598   598 E wificond: Failed to get NL80211_RATE_INFO_SNR
05-18 14:20:25.893   598   598 E wificond: Failed to get NL80211_STA_INFO_CNAHLOAD
05-18 14:20:26.896   487   873 I audio_hw_primary: do_out_standby standby: 0, stream_type: 0,  out_device: 0x2
05-18 14:20:26.910   487   873 I audio_hw_primary: select_devices++ mode[0]
05-18 14:20:26.910   487   873 I audio_hw_primary: input_source_id 0, output_device_id 0
05-18 14:20:26.911   487   873 I audio_hw_primary: select_devices() devices 0x2 input src 0 output route none input route none in_device 0
05-18 14:20:26.911   487   873 I spk_dev_interface: spk_dev_power_off: use new smartpakit version
05-18 14:20:26.911   487   873 I smartpakit: pdata->device = 2, output_device = 0, pdata->mode = 0, mode = 0
05-18 14:20:26.911   487   873 I smartpakit: smartpa_algo_control: enter smartpa_algo_control,cmd = 16
05-18 14:20:26.917   487   873 I dsp_codec_ctl: codec_adsp_send_sync_cmd:ioctl ret=0
05-18 14:20:26.917   487   873 I smartpakit: smartpakit dev_fade_out success
05-18 14:20:26.965   487   873 I smartpakit: pakit power off l(3) succ
05-18 14:20:26.965   487   873 I smartpakit: smartpa_algo_control: enter smartpa_algo_control,cmd = 19
05-18 14:20:26.965   487   873 I spk_dev_interface_V2: enable_smartpa_algo: enable 0, pa_num 1, algo_in 0
05-18 14:20:26.965   487   873 I spk_dev_interface_V2: enable_smartpa_algo: set smartpa_algo IF_CLOSE
05-18 14:20:26.967   487   873 I dsp_codec_ctl: codec_adsp_send_sync_cmd:ioctl ret=0
05-18 14:20:26.967   487   873 I dsp_common: dsp_common_control_algo:set device = 0
05-18 14:20:26.975   487   873 I audio_pop: pop change S4 OL SWITCH SWITCH dir 0
05-18 14:20:26.976   487   873 I audio_pop: pop change S4 OR SWITCH SWITCH dir 0
05-18 14:20:26.983   487   873 I audio_pop: pop change PLAY48K SWITCH SWITCH dir 0
05-18 14:20:26.983   487   873 I dsp_common: dsp_common_control_algo:set device = 0
05-18 14:20:26.983   487   873 I spk_dev_interface: spk_dev_power_on: use new smartpakit version
05-18 14:20:26.983   487   873 I smartpakit: pdata->device = 2, output_device = 0, pdata->mode = 0, mode = 0
05-18 14:20:26.983   487   873 I audio_hw_primary: select_devices--
05-18 14:20:27.478   597   597 E Thermal-daemon: [charger_ic] temp_new :32  temp_old :31
05-18 14:20:27.479   597   597 E Thermal-daemon: Report temperature: [charger_ic] temp :32  report_threshold:1
05-18 14:20:27.481   597   597 E Thermal-daemon: [ap] temp_new :33  temp_old :32
05-18 14:20:27.481   597   597 E Thermal-daemon: Report temperature: [ap] temp :33  report_threshold:1
05-18 14:20:28.273 10287 10287 I appproc : CLASSPATH=/system/framework/wm.jar
05-18 14:20:28.273 10287 10287 I appproc : Command=app_process /system/bin com.android.commands.wm.Wm dismiss-keyguard 
05-18 14:20:28.273 10287 10287 D AndroidRuntime: >>>>>> START com.android.internal.os.RuntimeInit uid 2000 <<<<<<
05-18 14:20:28.277 10287 10287 I AndroidRuntime: readDownloadBoosterConfig: 'false'
05-18 14:20:28.277 10287 10287 I cutils-trace: atrace_init_once, trace_marker_path = /sys/kernel/debug/tracing/trace_marker
05-18 14:20:28.340 10287 10287 I app_process: Reinit property: dalvik.vm.checkjni= false
05-18 14:20:28.344 10287 10287 V HwFrameworkFactory: : successes to get AllImpl object and return....
05-18 14:20:28.350 10287 10287 I HWSERVICES: hwnative_get_component_register:libdrmbitmap,JNI
05-18 14:20:28.360 10287 10287 E Zygote  : register_com_android_internal_os_Zygote num = 0
05-18 14:20:28.367 10287 10287 D AndroidRuntime: Calling main entry com.android.commands.wm.Wm
05-18 14:20:28.369 10287 10287 D AndroidRuntime: Shutting down VM
05-18 14:20:28.372   602   658 E AwareLog: iawared: getProcCpuset open /proc/10287/task/10298/cpuset fail errno(2)!
05-18 14:20:28.372   602   658 E AwareLog: iawared: getFileContent failed, errno = 2
05-18 14:20:28.894  1546  1546 I HwFyuseView: destroySurface : null
05-18 14:20:28.894  1546  1546 D Fyulytics: Unable to track View End Event. FyuseData is null
05-18 14:20:28.895  1546  1546 I HwFyuseView: destroySurface : null
05-18 14:20:28.895  1546  1546 D Fyulytics: Unable to track View End Event. FyuseData is null
05-18 14:20:28.895  1546  1546 I HwFyuseView: destroySurface : null
05-18 14:20:28.895  1546  1546 D Fyulytics: Unable to track View End Event. FyuseData is null
05-18 14:20:28.895  1546  1546 I WallpaperPagerAdapter: clearViewData
05-18 14:20:28.897   508   508 E WifiHAL : enter wifi_get_link_stats
05-18 14:20:28.909   598   598 E wificond: Failed to get NL80211_RATE_INFO_NOISE
05-18 14:20:28.909   598   598 E wificond: Failed to get NL80211_RATE_INFO_SNR
05-18 14:20:28.909   598   598 E wificond: Failed to get NL80211_STA_INFO_CNAHLOAD
05-18 14:20:30.664   598   598 E wificond: Failed to get NL80211_RATE_INFO_NOISE
05-18 14:20:30.664   598   598 E wificond: Failed to get NL80211_RATE_INFO_SNR
05-18 14:20:30.664   598   598 E wificond: Failed to get NL80211_STA_INFO_CNAHLOAD
05-18 14:20:30.668   598   598 E wificond: Failed to get NL80211_RATE_INFO_NOISE
05-18 14:20:30.668   598   598 E wificond: Failed to get NL80211_RATE_INFO_SNR
05-18 14:20:30.668   598   598 E wificond: Failed to get NL80211_STA_INFO_CNAHLOAD
05-18 14:20:31.914   508   508 E WifiHAL : enter wifi_get_link_stats
05-18 14:20:31.924   598   598 E wificond: Failed to get NL80211_RATE_INFO_NOISE
05-18 14:20:31.925   598   598 E wificond: Failed to get NL80211_RATE_INFO_SNR
05-18 14:20:31.925   598   598 E wificond: Failed to get NL80211_STA_INFO_CNAHLOAD
05-18 14:20:32.484   597   597 E Thermal-daemon: [pa_0] temp_new :32  temp_old :31
05-18 14:20:32.485   597   597 E Thermal-daemon: Report temperature: [pa_0] temp :32  report_threshold:1
05-18 14:20:33.406  1139  1502 I chatty  : uid=1000(system) WiFiArpStateMac expire 8 lines
05-18 14:20:34.932   508   508 E WifiHAL : enter wifi_get_link_stats
05-18 14:20:34.942   598   598 E wificond: Failed to get NL80211_RATE_INFO_NOISE
05-18 14:20:34.942   598   598 E wificond: Failed to get NL80211_RATE_INFO_SNR
05-18 14:20:34.942   598   598 E wificond: Failed to get NL80211_STA_INFO_CNAHLOAD
05-18 14:20:34.942  1139  1446 I chatty  : uid=1000(system) WifiStateMachin expire 10 lines
05-18 14:20:34.943  1139  1448 I chatty  : uid=1000(system) HwWifiCHRStateM expire 18 lines
05-18 14:20:35.176  1139  1139 I chatty  : uid=1000 system_server expire 69 lines
05-18 14:20:35.375 10301 10301 I appproc : CLASSPATH=/system/framework/pm.jar
05-18 14:20:35.375 10301 10301 I appproc : Command=app_process /system/bin com.android.commands.pm.Pm install -t -r /data/local/tmp/com.cambricon.productdisplay 
05-18 14:20:35.375 10301 10301 D AndroidRuntime: >>>>>> START com.android.internal.os.RuntimeInit uid 2000 <<<<<<
05-18 14:20:35.378 10301 10301 I AndroidRuntime: readDownloadBoosterConfig: 'false'
05-18 14:20:35.378 10301 10301 I cutils-trace: atrace_init_once, trace_marker_path = /sys/kernel/debug/tracing/trace_marker
05-18 14:20:35.441 10301 10301 I app_process: Reinit property: dalvik.vm.checkjni= false
05-18 14:20:35.447 10301 10301 V HwFrameworkFactory: : successes to get AllImpl object and return....
05-18 14:20:35.452 10301 10301 I HWSERVICES: hwnative_get_component_register:libdrmbitmap,JNI
05-18 14:20:35.462 10301 10301 E Zygote  : register_com_android_internal_os_Zygote num = 0
05-18 14:20:35.470 10301 10301 D AndroidRuntime: Calling main entry com.android.commands.pm.Pm
05-18 14:20:35.480 10301 10301 E asset   : createFromFile(): lock file /data/resource-cache/product@overlay@frameworkResOverlay.apk@idmap.
05-18 14:20:35.484 10310 10310 E asset   : setgid: Operation not permitted
05-18 14:20:35.499 10301 10301 I HwCust  : Constructor found for class com.android.internal.content.HwCustPackageHelperImpl
05-18 14:20:35.499 10301 10301 D HwCustPackageHelper: HwCustPackageHelper
05-18 14:20:35.499 10301 10301 D HwCust  : Create obj success use class com.android.internal.content.HwCustPackageHelperImpl
05-18 14:20:37.331  1139  1327 I chatty  : uid=1000(system) PackageManager expire 9 lines
05-18 14:20:37.335  1139  1327 I chatty  : uid=1000(system) PackageManager expire 4 lines
05-18 14:20:37.337   587  2583 D installed: forkNotifyToRMS parcel pid = 10314, ppid = 587, pkgname = com.cambricon.productdisplay
05-18 14:20:37.363 10314 10314 I dex2oat : /system/bin/dex2oat Installd-com.cambricon.productdisplay --input-vdex-fd=-1 --output-vdex-fd=29 --compiler-filter=quicken -j4 --debuggable --classpath-dir=/data/app/vmdl1927564568.tmp
05-18 14:20:37.364 10314 10314 I cutils-trace: atrace_init_once, trace_marker_path = /sys/kernel/debug/tracing/trace_marker
05-18 14:20:37.491   597   597 E Thermal-daemon: [ap] temp_new :34  temp_old :33
05-18 14:20:37.491   597   597 E Thermal-daemon: Report temperature: [ap] temp :34  report_threshold:1
05-18 14:20:37.687 10314 10314 I dex2oat : dex2oat took 323.996ms (708.978ms cpu) (threads: 4) arena alloc=4KB (4416B) java alloc=4MB (4500952B) native alloc=4MB (4411712B) free=2MB (2928320B)
05-18 14:20:37.819   610  6106 I chatty  : uid=1000(system) HwBinder:610_2 expire 52 lines
05-18 14:20:37.819   610 10206 I chatty  : uid=1000(system) /vendor/bin/hiaiserver expire 1 line
05-18 14:20:37.819  1139  1432 I chatty  : uid=1000(system) InputDispatcher expire 195 lines
05-18 14:20:37.853  1139  1281 I chatty  : uid=1000(system) ActivityManager expire 1 line
05-18 14:20:37.949   508   508 E WifiHAL : enter wifi_get_link_stats
05-18 14:20:37.958   598   598 E wificond: Failed to get NL80211_RATE_INFO_NOISE
05-18 14:20:37.958   598   598 E wificond: Failed to get NL80211_RATE_INFO_SNR
05-18 14:20:37.958   598   598 E wificond: Failed to get NL80211_STA_INFO_CNAHLOAD
05-18 14:20:37.987  1139  2762 I chatty  : uid=1000(system) Binder:1139_14 expire 15 lines
05-18 14:20:37.987  1139  2762 I chatty  : uid=1000(system) Binder:1139_14 expire 6 lines
05-18 14:20:37.987  1139  1139 I chatty  : uid=1000 system_server expire 6 lines
05-18 14:20:37.988   507   507 E TS_Service: hwTsSetAftAlgoOrientation
05-18 14:20:37.988   507   507 I TS_HAL  : ts_set_aft_orientation:called
05-18 14:20:37.988   507   507 I aptouch_daemon, [--aptouch_interface_client--]: thp_execute_cmd_parms starting. cmd: aftouch.orientation
05-18 14:20:37.988   507   507 I aptouch_daemon, [--aptouch_interface_client--]: thp_get_cs, use vndbinder
05-18 14:20:37.990   518   607 I aptouch_daemon: get_cmd, =====>>find m_cmd=====>>aftouch.orientation
05-18 14:20:37.990   518   607 I aptouch_daemon: get_cmd, =====>>find m_cmd=====>>aftouch.orientation
05-18 14:20:37.990   518   607 I aptouch_daemon: aft_set_config, aft_set_config---2,0
05-18 14:20:37.990   518   607 I aptouch_daemon: thp_cmd_set_aftouch_config, aftouch_set_config: aft_cfg = 2, value = 0
05-18 14:20:37.991   512  4693 D SurfaceFlinger: setSecureScreenRecShotFlag, value = 4, mask = 4
05-18 14:20:37.991   518 10320 I aptouch_daemon: excute_long_cmd, ========>>aftouch.orientation excute done!
05-18 14:20:37.993   478   478 I chatty  : uid=1000(system) allocator@2.0-s expire 44 lines
05-18 14:20:38.011  1139  1281 I chatty  : uid=1000(system) ActivityManager expire 15 lines
05-18 14:20:38.011   506   839 D SensorHub: batch called handle:3 sample_ns:300000000 latency_ns:0
05-18 14:20:38.011   506   839 D SensorHub: in batch, handle = 3, flags = 0, period_ns = 300000000, timeout = 0
05-18 14:20:38.017  1946  2106 I chatty  : uid=1000(system) core expire 7 lines
05-18 14:20:38.018  1946  2322 I chatty  : uid=1000(system) actions handler expire 3 lines
05-18 14:20:38.021  2655  4996 D [HwRecSys]HwRecSysService: onEvent actionID: 10010 msg:com.huawei.android.launcher		
05-18 14:20:38.021  2655  4996 E [HwRecSys]HwRecSysService: getIsRportDirectService is false!
05-18 14:20:38.024  1946  2378 I chatty  : uid=1000(system) sdk thread expire 1 line
05-18 14:20:38.039  3101  3101 D LauncherOverlayService: onConfigurationChanged dm = DisplayMetrics{density=3.0, width=1080, height=2160, scaledDensity=3.0, xdpi=403.411, ydpi=403.411, densityDpi=480, noncompatWidthPixels=1080, noncompatHeightPixels=2160, noncompatDensity=3.0, noncompatDensityDpi=480, noncompatXdpi=403.411, noncompatYdpi=403.411}
05-18 14:20:38.039  3101  3101 D Workspace:   updateViewWidth mScreenW = 1080.0
05-18 14:20:38.040  3101  3101 E LauncherOverlayService: IllegalArgumentException, mWorkspace have not attach
05-18 14:20:38.074  1925  6642 E HsmCoreServiceImpl: onTransact in code is: 102
05-18 14:20:38.074  1925  6642 I MediaProcessHandler: processOp opType: 1, uid: 10110, pid: 10125
05-18 14:20:38.074  1925  6642 W MediaProcessHandler: remove target not exist, maybe the UI process: uid: 10110, pid: 10125
05-18 14:20:38.074  1925  6642 I MediaProcessHandler: executedCallBack opType: 1 mMediaStatusObservers.size=0
05-18 14:20:38.079  2606  2606 V ActivityThread: Handle window ActivityRecord{d493774 token=android.os.BinderProxy@ae6f002 {com.huawei.android.launcher/com.huawei.android.launcher.unihome.UniHomeLauncher}} visibility: true
05-18 14:20:38.081  2606  2889 E HwLauncher: SettingsEx , no such field.
05-18 14:20:38.081  2606  2889 W HwLauncher: Clock getDataFormat the getSystemString failed.
05-18 14:20:38.085  1546  2056 D OpenGLRenderer:   HWUI Binary is  enabled
05-18 14:20:38.085  5574  5574 D Tinker.DefaultAppLike: onConfigurationChanged:{1.0 ?mcc?mnc [zh_CN_#Hans] ldltr sw360dp w360dp h696dp 480dpi nrml long hdr port finger -keyb/v/h -nav/h appBounds=Rect(0, 0 - 1080, 2160) nonFullScreen=0 suim:1 s.73}
05-18 14:20:38.085  1546  1546 D HwCust  : Create obj success use class android.view.HwCustRenderThreadMonitorImpl
05-18 14:20:38.086  5574  5574 I wangchen: ImeService.onConfigurationChanged: old portrait false, new config orientation 1, new res orientation 1
05-18 14:20:38.086  5574  5574 I IFontSizeSetting: imeService onConfigurationChanged
05-18 14:20:38.086 10081 10081 D MSG_APP_Mms: onConfigurationChanged...
05-18 14:20:38.087  1139  1899 I chatty  : uid=1000(system) MultiTaskManage expire 2 lines
05-18 14:20:38.087  5574  5574 I wangchen: log.save[: false], has in db mode - false, is db mode - false
05-18 14:20:38.087  5574  5574 I IFontSizeSetting: log save:default:1 select:3 isforce:false bufferSize:4
05-18 14:20:38.088  1139  6089 I chatty  : uid=1000(system) Binder:1139_1D expire 2 lines
05-18 14:20:38.088  5574  5574 D HwRTBlurUtils: check blur style for HwPhoneWindow-InputMethod, themeResId : 0x02060019, context : android.view.ContextThemeWrapper@b6a883e, Nhwext : 0, get Blur : disable with , null
05-18 14:20:38.088  5574  5574 D HwRTBlurUtils: check blur style for HwPhoneWindow-InputMethod, themeResId : 0x02060019, context : android.view.ContextThemeWrapper@b6a883e, Nhwext : 0, get Blur : disable with , null
05-18 14:20:38.089  1139  1433 I chatty  : uid=1000(system) InputReader expire 22 lines
05-18 14:20:38.091  5574  5574 I wangchen: com.baidu.input.manager.m apply, has in db mode - false, is db mode - false
05-18 14:20:38.092  1546  2056 D OpenGLRenderer:   HWUI Binary is  enabled
05-18 14:20:38.092  1546  1546 D HwCust  : Create obj success use class android.view.HwCustRenderThreadMonitorImpl
05-18 14:20:38.093  5574  5574 I wangchen: com.baidu.input.manager.m apply, has in db mode - false, is db mode - false
05-18 14:20:38.093  5574  5574 I wangchen: SysInfo.getSysParam: new resource orientation1
05-18 14:20:38.094  1139  1945 I chatty  : uid=1000(system) Binder:1139_5 expire 7 lines
05-18 14:20:38.095  5574  5574 I KeymapLoader: w=1080 h=2160 ori=true appScale=3.3 s1=3.0
05-18 14:20:38.097  1139  1282 I chatty  : uid=1000(system) android.ui expire 19 lines
05-18 14:20:38.097  1546  1546 D BarTransitions.HwNavigationBarView: applyModeBackground oldMode=Unknown mode -1 newMode=MODE_TRANSPARENT animate=false
05-18 14:20:38.097  5574  5574 I wangchen: SysInfo.getSysParam: new resource orientation1
05-18 14:20:38.098  3101  3101 I IntelligentPKM: receiver action:android.intent.action.CONFIGURATION_CHANGED
05-18 14:20:38.099  1546  2412 D HwRecentsLockUtils: Search
05-18 14:20:38.099  5574  5574 I KeymapLoader: w=1080 h=2160 ori=true appScale=3.3 s1=3.0
05-18 14:20:38.099  1925  6642 E HsmCoreServiceImpl: onTransact in code is: 103
05-18 14:20:38.099  1925  6642 I MediaProcessHandler: playingUids: 
05-18 14:20:38.100 10081 10081 I MSG_APP_Mms: Broadcast ACTION_CONFIGURATION_CHANGED received.
05-18 14:20:38.100  1978  3451 D PhoneInterfaceManager: [PhoneIntfMgr] getTetherApnRequired: subId=0 phoneId=0
05-18 14:20:38.101  1925  6642 E HsmCoreServiceImpl: onTransact in code is: 102
05-18 14:20:38.101  1925  6642 I MediaProcessHandler: processOp opType: 1, uid: 10110, pid: 0
05-18 14:20:38.102  1925  6642 I MediaProcessHandler: executedCallBack opType: 1 mMediaStatusObservers.size=0
05-18 14:20:38.102  1139  2779 I chatty  : uid=1000(system) Binder:1139_18 expire 6 lines
05-18 14:20:38.105  1546  1546 E HwSplitScreenArrowView:  onAnimationUpdate() View=com.android.systemui.statusbar.policy.HwSplitScreenArrowView{339613 G.E...... ......ID 0,0-1080,2160} not attached to window manager
05-18 14:20:38.106  1546  2056 D OpenGLRenderer:   HWUI Binary is  enabled
05-18 14:20:38.106  1546  1546 D HwCust  : Create obj success use class android.view.HwCustRenderThreadMonitorImpl
05-18 14:20:38.107   479   545 I GRALLOC : 	 shrFd=56,fmt=0x1,intFmt=0x200000001,btStrd=4352,size=9687040,pid=479 
05-18 14:20:38.107   479   545 I GRALLOC : 	 yuv=2,w=1080,h=2160,Stride u=0 v=0,offset u=0 v=0 
05-18 14:20:38.107   479   545 I GRALLOC : 	 iova_size=9687040,conUsg=0x0,proUsg=0x8000100,	 strd=1088,[afbc]HdrStrd=1088 PyldStrd=70656 Scrmbl=2,ionhnd = 4 
05-18 14:20:38.107   479   545 I GRALLOC : 	 shrFd=60,fmt=0x1,intFmt=0x200000001,btStrd=4352,size=9687040,pid=479 
05-18 14:20:38.107   479   545 I GRALLOC : 	 yuv=2,w=1080,h=2160,Stride u=0 v=0,offset u=0 v=0 
05-18 14:20:38.107   479   545 I GRALLOC : 	 iova_size=9687040,conUsg=0x0,proUsg=0x8000100,	 strd=1088,[afbc]HdrStrd=1088 PyldStrd=70656 Scrmbl=2,ionhnd = 5 
05-18 14:20:38.107  1546  6083 I CommandQueue: updateBarBgColor
05-18 14:20:38.107  1546  6083 D CommandQueue: CommandQueue, setBarBackgroundColor
05-18 14:20:38.108  1864  2178 I HwNetworkPolicyManager: getHwUidPolicy uid = 10067 policy = 0
05-18 14:20:38.110   479   545 I GRALLOC : 	 shrFd=58,fmt=0x1,intFmt=0x200000001,btStrd=4352,size=9687040,pid=479 
05-18 14:20:38.110   479   545 I GRALLOC : 	 yuv=2,w=1080,h=2160,Stride u=0 v=0,offset u=0 v=0 
05-18 14:20:38.110   479   545 I GRALLOC : 	 iova_size=9687040,conUsg=0x0,proUsg=0x8000100,	 strd=1088,[afbc]HdrStrd=1088 PyldStrd=70656 Scrmbl=2,ionhnd = 6 
05-18 14:20:38.110  2606  3197 D mali_winsys: EGLint new_window_surface(egl_winsys_display *, void *, EGLSurface, EGLConfig, egl_winsys_surface **, egl_color_buffer_format *, EGLBoolean) returns 0x3000
05-18 14:20:38.111  2606  2606 I HwLauncher: Model  onReceive intent=Intent { act=android.intent.action.CONFIGURATION_CHANGED flg=0x70200010 }
05-18 14:20:38.111  2606  2606 I HwLauncher: Model  onReceive user=UserHandle{0}
05-18 14:20:38.111  2606  2606 I HwLauncher: Launcher.Settings  updateIconTitleSize fontSize = 11.5
05-18 14:20:38.114  1139  1407 I chatty  : uid=1000(system) android.anim expire 6 lines
05-18 14:20:38.116  5574  5574 I KeymapLoader: appScale=3.3 selfScale=3.3 3.3
05-18 14:20:38.117  5574  5574 I wangchen: RootCssLoader.<init>: Global.portrait true, res orientation 1
05-18 14:20:38.118  1546  1690 E PhoneStatusBar: Setting not found exception : accessibility_display_magnification_navbar_enabled
05-18 14:20:38.122  1546  2056 D OpenGLRenderer:   HWUI Binary is  enabled
05-18 14:20:38.122  1546  1546 D HwCust  : Create obj success use class android.view.HwCustRenderThreadMonitorImpl
05-18 14:20:38.124   512   690 E BufferQueueProducer: [com.huawei.android.launcher/com.huawei.android.launcher.unihome.UniHomeLauncher#0] disconnect: not connected (req=1)
05-18 14:20:38.124  2606  3197 W libEGL  : EGLNativeWindowType 0x75b8622010 disconnect failed
05-18 14:20:38.124  2606  3197 D mali_winsys: EGLint new_window_surface(egl_winsys_display *, void *, EGLSurface, EGLConfig, egl_winsys_surface **, egl_color_buffer_format *, EGLBoolean) returns 0x3000
05-18 14:20:38.125  2606  2889 E asset   : createFromFile(): lock file /data/resource-cache/system@emui@base@overlay@frameworkhwexthonor@frameworkhwexthonor.apk@idmap.
05-18 14:20:38.126  2606  2889 E asset   : createFromFile(): lock file /data/resource-cache/system@emui@base@overlay@frameworkhwexthonor@frameworkhwexthonor.apk@idmap.
05-18 14:20:38.126  2606  2889 W ResourceType: Found multiple library tables, ignoring...
05-18 14:20:38.138  2606  2889 E asset   : createFromFile(): lock file /data/resource-cache/system@emui@base@overlay@frameworkhwexthonor@frameworkhwexthonor.apk@idmap.
05-18 14:20:38.138  2606  2889 E asset   : createFromFile(): lock file /data/resource-cache/system@emui@base@overlay@frameworkhwexthonor@frameworkhwexthonor.apk@idmap.
05-18 14:20:38.138  2606  2889 W ResourceType: Found multiple library tables, ignoring...
05-18 14:20:38.140  2606  2606 W InputMethodManager: startInputReason = 1
05-18 14:20:38.141   587  2583 E         : Couldn't opendir /data/app/vmdl1927564568.tmp: No such file or directory
05-18 14:20:38.141  2606  2889 D HwFLClassLoader: USE_FEATURE_LIST had not init! 
05-18 14:20:38.142   587  2583 E installd: Failed to delete /data/app/vmdl1927564568.tmp: No such file or directory
05-18 14:20:38.143 10301 10301 I Pm      : Package com.cambricon.productdisplay installed in 2668 ms
05-18 14:20:38.144 10301 10301 I app_process: System.exit called, status: 0
05-18 14:20:38.144 10301 10301 I AndroidRuntime: VM exiting with result code 0.
05-18 14:20:38.156  3101  3101 I MainView: onReceive intent.getAction() android.intent.action.PACKAGE_REMOVED
05-18 14:20:38.157  5249  5249 I PushLog2949: [main-1]action is android.intent.action.PACKAGE_REMOVED(android/null:27)
05-18 14:20:38.157  5249  5249 I PushLog2949: [main-1]broadcast(),and mReceivers  4(android/null:41)
05-18 14:20:38.158  5249  5249 I PushLog2949: [main-1]dispatchIntent over(android/null:71)
05-18 14:20:38.158  2681  2681 D RegisteredNxpServicesCache: uninstall packageName:com.cambricon.productdisplay
05-18 14:20:38.163  1864  1864 E HSM     : HandleInstalledPackageInfoService:second action: pkgData is null
05-18 14:20:38.163   487   873 I spk_dev_interface: spk_set_parameters: use new smartpakit version
05-18 14:20:38.169  1546  1546 W HwKeyguardDragHelper: AnimationBlocked
05-18 14:20:38.177  1946  2204 I chatty  : uid=1000(system) AppInfoHandler expire 1 line
05-18 14:20:38.179   603   709 D dubaid  : [PackageProperty.cpp] removePackage# remove uid=10110 name=com.cambricon.productdisplay
05-18 14:20:38.181  5249  5249 I PushLog2949: [main-1]action is android.intent.action.PACKAGE_ADDED(android/null:27)
05-18 14:20:38.181  5249  5249 I PushLog2949: [main-1]broadcast(),and mReceivers  4(android/null:41)
05-18 14:20:38.182  3101  3101 I MainView: onReceive intent.getAction() android.intent.action.PACKAGE_ADDED
05-18 14:20:38.182  3101  3101 I MainView: ACTION_PACKAGE_ADD : packageName =com.cambricon.productdisplay
05-18 14:20:38.182  3101  6646 I GetInstalledTask: updateHuaweiScanServerTitle() needUpdate = false
05-18 14:20:38.183  3101  6646 E Utils   : getShortCutsInLaunch enter
05-18 14:20:38.183  5249  5249 I PushLog2949: [main-1]dispatchIntent over(android/null:71)
05-18 14:20:38.184  1546  1546 D BarTransitions.HwNavigationBarView: applyModeBackground oldMode=Unknown mode -1 newMode=MODE_TRANSPARENT animate=false
05-18 14:20:38.187  2606  2917 I HwLauncher: SimpleAllAppsList  updatePackage : package[com.cambricon.productdisplay] matched activity's size is 1 and data List size is 0
05-18 14:20:38.192  1546  2056 D OpenGLRenderer:   HWUI Binary is  enabled
05-18 14:20:38.192  1546  1546 D HwCust  : Create obj success use class android.view.HwCustRenderThreadMonitorImpl
05-18 14:20:38.192  1946  2322 I chatty  : uid=1000(system) actions handler expire 1 line
05-18 14:20:38.204  2606  2606 W HwLauncher: get getBundleExtra with downloadtask all return null!
05-18 14:20:38.212  6144  6144 W ContextImpl: Calling a method in the system process without a qualified user: android.app.ContextImpl.startService:1656 android.content.ContextWrapper.startService:644 android.content.ContextWrapper.startService:644 com.android.settings.applications.BlackListReceiver.onReceive:35 android.app.ActivityThread.handleReceiver:3695 
05-18 14:20:38.213  2606  2917 I HwLauncher: SimpleAllAppsList  findAndUpdateInfoInDB : found 0 shortcutInfo for package[com.cambricon.productdisplay] in db
05-18 14:20:38.213  2606  2917 I HwLauncher: SimpleAllAppsList  updatePackage do not add new SimpleApplicationInfo,It's in normal now. package = com.cambricon.productdisplay
05-18 14:20:38.213  2606  2917 W HwLauncher: SimpleLauncherModeNobody to tell about the new app.  Launcher is probably loading.
05-18 14:20:38.214  2606  2606 W HwLauncher: get getBundleExtra with downloadtask all return null!
05-18 14:20:38.216  1139  2772 I chatty  : uid=1000(system) Binder:1139_15 expire 4 lines
05-18 14:20:38.218  2606  2606 W HwLauncher: get getBundleExtra with downloadtask all return null!
05-18 14:20:38.225  1139  1699 I chatty  : uid=1000(system) Binder:1139_4 expire 12 lines
05-18 14:20:38.227  1546  1546 I HwFyuseView: Fyuse pic path is emtpty
05-18 14:20:38.227  1546  1546 I HwFyuseView: Fyuse pic path is emtpty
05-18 14:20:38.229  1546  1546 D WeatherHelper: City info empty
05-18 14:20:38.229  1546  1546 D WeatherHelper: City info empty
05-18 14:20:38.230  1546  1546 W ResourceType: No known package when getting value for resource number 0xffffffff
05-18 14:20:38.230  1546  1546 E DateLunarView: mDateString is: 518
05-18 14:20:38.231  1546  1546 D CubicBezierInterpolator: CubicBezierInterpolator  mControlPoint1x = 0.23, mControlPoint1y = 0.06, mControlPoint2x = 0.09, mControlPoint2y = 0.97
05-18 14:20:38.231  1546  1546 D CubicBezierInterpolator: CubicBezierInterpolator  mControlPoint1x = 0.6, mControlPoint1y = 0.9, mControlPoint2x = 0.8, mControlPoint2y = 1.0
05-18 14:20:38.232  1546  1546 D CubicBezierInterpolator: CubicBezierInterpolator  mControlPoint1x = 0.23, mControlPoint1y = 0.06, mControlPoint2x = 0.09, mControlPoint2y = 0.97
05-18 14:20:38.232  1546  1546 D CubicBezierInterpolator: CubicBezierInterpolator  mControlPoint1x = 0.6, mControlPoint1y = 0.9, mControlPoint2x = 0.8, mControlPoint2y = 1.0
05-18 14:20:38.235  1946  2106 I chatty  : uid=1000(system) core expire 1 line
05-18 14:20:38.235  1946  2106 D PG_DBS_MAIN: ID_PACKAGE_ADDED, pkgName: com.cambricon.productdisplay, uid: 10110
05-18 14:20:38.235  1546  1546 D TimeKeeper: getTimeTickInfo:[mMillisUntilFinished:0, mHour:0, mMinute:0, mSecond:0]
05-18 14:20:38.235  1546  1546 E KeyguardUpdateMonitor: isSimPinSecure mSimDatas is null or empty 
05-18 14:20:38.235  1546  1546 D TimeKeeper: getTimeTickInfo:[mMillisUntilFinished:0, mHour:0, mMinute:0, mSecond:0]
05-18 14:20:38.235  1946  2106 I PG_DBS_MAIN: setProcNetSharedUids, uids: 10026 1000 1001 10012 10035 10004 10029 10024 10019 
05-18 14:20:38.235  1546  1546 W LockIcon: getState 1 <-> 0; fp running false
05-18 14:20:38.236  1546  1546 W LockIcon: getHintTextRes isMethodSecure: false  isUserTrustIsManaged false
05-18 14:20:38.236  1946  2204 I AppInfoManager: app info is exist in db about pkg: com.cambricon.productdisplay
05-18 14:20:38.236  3101  6646 I Utils   : getShortCutsInLaunch leave
05-18 14:20:38.236  3101  6646 I GetInstalledTask: getAllShortCut() size =46
05-18 14:20:38.237  1546  1546 W LockIcon: update state from 1 -->. 1
05-18 14:20:38.237  2589  3961 E NetworkScheduler: Unrecognised action provided: android.intent.action.PACKAGE_REMOVED
05-18 14:20:38.237  1546  1546 W HwKeyguardBottomArea: updateBatteryInfo : false  true
05-18 14:20:38.237  1546  1546 D WeatherHelper: City info empty
05-18 14:20:38.238  1546  1546 D WeatherHelper: City info empty
05-18 14:20:38.238  1546  1546 W ResourceType: No known package when getting value for resource number 0xffffffff
05-18 14:20:38.238  1546  1546 E DateLunarView: mDateString is: 518
05-18 14:20:38.239  1546  2056 D OpenGLRenderer:   HWUI Binary is  enabled
05-18 14:20:38.242  1546  2056 D OpenGLRenderer:   HWUI Binary is  enabled
05-18 14:20:38.246  1978  1978 D CarrierSvcBindHelper: No carrier app for: 0
05-18 14:20:38.246  1978  1978 D CarrierSvcBindHelper: No carrier app for: 1
05-18 14:20:38.247  1546  2056 D OpenGLRenderer:   HWUI Binary is  enabled
05-18 14:20:38.247  1978  1978 D CarrierSvcBindHelper: No carrier app for: 0
05-18 14:20:38.248  1546  1546 D TintManager: statusBarIconTint=#99FFFFFF,navigationBarIconTint=#00000000
05-18 14:20:38.248  1139  1277 I chatty  : uid=1000(system) android.bg expire 49 lines
05-18 14:20:38.254  1978  1978 D CarrierSvcBindHelper: No carrier app for: 1
05-18 14:20:38.259  2681  2681 E NfcNci  : NfcUtils error: APP do not have nfc permission
05-18 14:20:38.259  2681  2681 I chatty  : uid=1027(nfc) com.android.nfc identical 4 lines
05-18 14:20:38.259  2681  2681 E NfcNci  : NfcUtils error: APP do not have nfc permission
05-18 14:20:38.263  1978  1978 E VvmPkgInstalledRcvr: cannot create TelephonyManager from ComponentInfo{com.android.phone/com.android.services.telephony.TelephonyConnectionService}, [****], UserHandle{0}
05-18 14:20:38.266  1978  1978 W OmtpVvmCarrierCfgHlpr: Invalid subscriptionId or subscriptionId not provided in intent.
05-18 14:20:38.267  1978  1978 D CarrierConfigLoader: mHandler: 9 phoneId: 0
05-18 14:20:38.272  2655  2655 I [HwRecSys]PackageRecevier: PackageReceiver
05-18 14:20:38.272  2655  2655 I [HwRecSys]PackageRecevier: action is: android.intent.action.PACKAGE_REMOVED, pkgcom.cambricon.productdisplay
05-18 14:20:38.273  2655  2655 E [HwRecSys]PackageRecevier: pkg is not hiboard or intelligent
05-18 14:20:38.278  1546  1546 W HwKeyguardDragHelper: AnimationBlocked
05-18 14:20:38.278   512   682 E BufferQueueProducer: [StatusBar#0] disconnect: not connected (req=1)
05-18 14:20:38.278  1546  2056 W libEGL  : EGLNativeWindowType 0x75acb33010 disconnect failed
05-18 14:20:38.279  1546  2056 D mali_winsys: EGLint new_window_surface(egl_winsys_display *, void *, EGLSurface, EGLConfig, egl_winsys_surface **, egl_color_buffer_format *, EGLBoolean) returns 0x3000
05-18 14:20:38.281  1139  1277 I chatty  : uid=1000(system) android.bg expire 3 lines
05-18 14:20:38.289  1546  1546 D StatusBarIconController: setIconVisibility icon is null or visibility not change visibility=false
05-18 14:20:38.289  1546  1546 D ImageWallpaper: onOffsetsChanged: xOffset=0.0, yOffset=0.0, xOffsetStep=0.0, yOffsetStep=0.0, xPixels=0, yPixels=0
05-18 14:20:38.289  1546  1546 D ImageWallpaper: Suppressed drawFrame since redraw is not needed and offsets have not changed.sf=Rect(0, 0 - 2160, 2160)
05-18 14:20:38.289  1546  1546 D ImageWallpaper: onVisibilityChanged: mVisible, visible=false, true
05-18 14:20:38.289  1546  1546 D ImageWallpaper: Visibility changed to visible=true
05-18 14:20:38.289  1546  1546 D ImageWallpaper: Suppressed drawFrame since redraw is not needed and offsets have not changed.sf=Rect(0, 0 - 2160, 2160)
05-18 14:20:38.293  1546  1546 D ImageWallpaper: onSurfaceRedrawNeeded
05-18 14:20:38.293  1546  1546 D ImageWallpaper: Suppressed drawFrame since redraw is not needed and offsets have not changed.sf=Rect(0, 0 - 2160, 2160)
05-18 14:20:38.293  1546  1546 D ImageWallpaper: onOffsetsChanged: xOffset=0.0, yOffset=0.0, xOffsetStep=0.0, yOffsetStep=0.0, xPixels=0, yPixels=0
05-18 14:20:38.294  1546  1546 D ImageWallpaper: Suppressed drawFrame since redraw is not needed and offsets have not changed.sf=Rect(0, 0 - 2160, 2160)
05-18 14:20:38.294  6493  6493 W ContextImpl: Calling a method in the system process without a qualified user: android.app.ContextImpl.startService:1656 android.content.ContextWrapper.startService:644 android.content.ContextWrapper.startService:644 com.huawei.systemmanager.antivirus.utils.AntiVirusTools.deleteVirusApk:632 com.huawei.systemmanager.antivirus.AntiVirusReceiver.handlerPackageRemoved:52 
05-18 14:20:38.294  1546  1546 I EventCenter: EventCenter Get :android.intent.action.PACKAGE_REMOVED
05-18 14:20:38.294  1546  1546 W StepCounterMonitor: onReceive action:android.intent.action.PACKAGE_REMOVED
05-18 14:20:38.294  1546  1546 I HwPhoneStatusBar: mPackageReceiver onReceive action = android.intent.action.PACKAGE_REMOVED
05-18 14:20:38.295  1546  1546 I EventCenter: EventCenter Get :android.intent.action.PACKAGE_ADDED
05-18 14:20:38.295  1546  1546 W StepCounterMonitor: onReceive action:android.intent.action.PACKAGE_ADDED
05-18 14:20:38.295  1546  1546 I HwPhoneStatusBar: mPackageReceiver onReceive action = android.intent.action.PACKAGE_ADDED
05-18 14:20:38.295  1546  1546 D BarTransitions.HwNavigationBarView: MODE_TRANSPARENT -> MODE_TRANSLUCENT animate=false
05-18 14:20:38.295  1546  1546 D BarTransitions.HwNavigationBarView: applyModeBackground oldMode=MODE_TRANSPARENT newMode=MODE_TRANSLUCENT animate=false
05-18 14:20:38.300  1546  2056 D OpenGLRenderer:   HWUI Binary is  enabled
05-18 14:20:38.301  1546  1546 W HwKeyguardDragHelper: AnimationBlocked
05-18 14:20:38.302  6493  6784 W ContextImpl: Calling a method in the system process without a qualified user: android.app.ContextImpl.startService:1656 android.content.ContextWrapper.startService:644 com.huawei.systemmanager.spacecleanner.receiver.SpaceCleanReceiver.checkRarelyUsedApp:87 com.huawei.systemmanager.spacecleanner.receiver.SpaceCleanReceiver.doInBackground:39 java.lang.reflect.Method.invoke:-2 
05-18 14:20:38.303  1925  1925 I AppUninstallReceiver: replaced = true dataRemoved = false
05-18 14:20:38.304  1864  1864 E HSM     : AppCleanUpService:msg is 1
05-18 14:20:38.309  5574  5574 I wangchen: com.baidu.input.manager.m apply, has in db mode - false, is db mode - false
05-18 14:20:38.309  5574  5574 I KeymapLoader: s=0 scale=3.3 self=3.3
05-18 14:20:38.310  5574  5574 I KeymapLoader: scaleRes:1.0
05-18 14:20:38.311  5574  5574 I KeymapLoader: skin scale=1.0 scaleRes=1.0
05-18 14:20:38.312   487   873 I audio_hw_primary: usb_ext_get_parameters: check show hires (false)
05-18 14:20:38.312   581  9471 I hash_map_utils: key: 'typec_need_show_hires' value: ''
05-18 14:20:38.313  5574  5574 I wangchen: SysInfo.getSysParam: new resource orientation1
05-18 14:20:38.320  1546  1546 D StatusBarIconController: setIconVisibility icon is null or visibility not change visibility=false
05-18 14:20:38.331  5574  5574 I KeymapLoader: w=1080 h=2160 ori=true appScale=3.3 s1=3.0
05-18 14:20:38.333  3690 10337 D Wear_Controller: Received broadcast action=android.intent.action.PACKAGE_REMOVED and uri=com.cambricon.productdisplay
05-18 14:20:38.339  3690  3690 D WorkSource: i1=0 i2=0 N1=0: insert 10019 com.google.android.gms
05-18 14:20:38.339  3690  3690 D WorkSource: Insert in WorkSource{} @ 0 uid 10019 name com.google.android.gms
05-18 14:20:38.345  1909  3646 D BDLog   : BD.BDRecorder:LocalInfoEvent {infoID:131076, content=7043475189770884_+1pU75GcPkkKhHm5wh7nHkp6hycbyZSvdj+tUxhVCcXUVt9uw1XiY6izDyGEVEbQ
05-18 14:20:38.345  1909  3646 D BDLog   : , priority=25}
05-18 14:20:38.347  5574  5574 I IFontSizeSetting: ImeService save2Core
05-18 14:20:38.347  5574  5574 I wangchen: log.save[: true], has in db mode - false, is db mode - false
05-18 14:20:38.347  5574  5574 I IFontSizeSetting: log save:default:1 select:3 isforce:true bufferSize:6
05-18 14:20:38.359  3690  3972 D WorkSource: i1=1 i2=0 N1=1: insert 10110 com.cambricon.productdisplay
05-18 14:20:38.359  3690  3972 D WorkSource: Insert in WorkSource{10019 com.google.android.gms} @ 1 uid 10110 name com.cambricon.productdisplay
05-18 14:20:38.364  6144  6144 W ContextImpl: Calling a method in the system process without a qualified user: android.app.ContextImpl.startService:1656 android.content.ContextWrapper.startService:644 android.content.ContextWrapper.startService:644 com.android.settings.applications.BlackListReceiver.onReceive:35 android.app.ActivityThread.handleReceiver:3695 
05-18 14:20:38.370  2606  2606 W HwLauncher: get getBundleExtra with downloadtask all return null!
05-18 14:20:38.375  2606  2606 W HwLauncher: get getBundleExtra with downloadtask all return null!
05-18 14:20:38.405  2655  2655 I [HwRecSys]PackageRecevier: PackageReceiver
05-18 14:20:38.405  2655  2655 I [HwRecSys]PackageRecevier: action is: android.intent.action.PACKAGE_ADDED, pkgcom.cambricon.productdisplay
05-18 14:20:38.409  2655  2655 E [HwRecSys]PackageRecevier: pkg is not hiboard or intelligent
05-18 14:20:38.409  3690 10350 D Wear_Controller: Received broadcast action=android.intent.action.PACKAGE_ADDED and uri=com.cambricon.productdisplay
05-18 14:20:38.431  6493  6787 W HSM     : AppInstallationReceiver:The installed app has already configured. ignore com.cambricon.productdisplay
05-18 14:20:38.437  6493  6493 W ContextImpl: Calling a method in the system process without a qualified user: android.app.ContextImpl.startService:1656 android.content.ContextWrapper.startService:644 android.content.ContextWrapper.startService:644 com.huawei.systemmanager.antivirus.utils.AntiVirusTools.checkVirusForNewInstalledApk:620 com.huawei.systemmanager.antivirus.AntiVirusReceiver.onReceive:36 
05-18 14:20:38.439  1864  2132 W HSM     : TencentAntiVirusEngine:initQScanner: Already initialized ,skip
05-18 14:20:38.452  6493  6785 W HSM     : UnifiedPowerAppControl:com.cambricon.productdisplay already exist!
05-18 14:20:38.459  3690  3690 D WorkSource: i1=0 i2=0 N1=0: insert 10019 com.google.android.gms
05-18 14:20:38.459  3690  3690 D WorkSource: Insert in WorkSource{} @ 0 uid 10019 name com.google.android.gms
05-18 14:20:38.465  3690  3972 D WorkSource: i1=1 i2=0 N1=1: insert 10110 com.cambricon.productdisplay
05-18 14:20:38.465  3690  3972 D WorkSource: Insert in WorkSource{10019 com.google.android.gms} @ 1 uid 10110 name com.cambricon.productdisplay
05-18 14:20:38.465  1139  2687 I chatty  : uid=1000(system) Binder:1139_C expire 2 lines
05-18 14:20:38.477  2606  2606 I HwLauncher: Model onPackageChanged packageName = com.cambricon.productdisplay user = UserHandle{0}
05-18 14:20:38.478  2606  2606 I HwLauncher: PowerSaveLauncherModel onPackageChanged packageName = com.cambricon.productdisplay user = UserHandle{0}
05-18 14:20:38.478  2606  2606 E HwLauncher: PowerSaveLauncherModel onPackageChanged:  not inPowerSaveLauncher 
05-18 14:20:38.478  2606  2606 I HwLauncher: StreetModeLauncherModel onPackageChanged packageName = com.cambricon.productdisplay user = UserHandle{0}
05-18 14:20:38.478  2606  2606 E HwLauncher: StreetModeLauncherModel onPackageChanged:  not inStreetModeLauncher 
05-18 14:20:38.478  2606  2889 I HwLauncher: AllIdleAppsList  updatePackage : package[com.cambricon.productdisplay] matched activity's size is 1 and data List size is 67
05-18 14:20:38.482   504   504 I PF_CM   : [setMode:2383] normal mode = 8
05-18 14:20:38.482   504   504 I PF_IPA  : [writeToNode:482] ############ [IPA] final write: soc_ipa=disabled 
05-18 14:20:38.483  1946  2322 I ash     : front pkg : com.cambricon.productdisplay launcher: false
05-18 14:20:38.483  1946  2322 I ash     : above launcher front pkgs: [com.cambricon.productdisplay]
05-18 14:20:38.484  3690 10361 I ChromeSync: [Persistence,AffiliationManager] Fetching affiliations from the server.
05-18 14:20:38.485  1946  7660 I PGServer: android calls fast hibernateApps
05-18 14:20:38.485  1946  7660 I AppFastHibernation: fast hibernate duration: 1500 reason: start activity
05-18 14:20:38.485   602   667 I Pged-IPgedBinderService: ****action is 1, pid num is 2***
05-18 14:20:38.485   602   667 I Pged-Freezer: freezePids
05-18 14:20:38.485   602   667 I Pged-Freezer: Freeze process: 3649
05-18 14:20:38.486  1946  2215 D PgedBinderAdapter: frz ok, pid: [3649]
05-18 14:20:38.496  3690  7440 D WorkSource: i1=0 i2=0 N1=1: insert 10019 com.google.android.gms
05-18 14:20:38.496  3690  7440 D WorkSource: Insert in WorkSource{10110 com.cambricon.productdisplay} @ 0 uid 10019 name com.google.android.gms
05-18 14:20:38.498  1139  4790 I chatty  : uid=1000(system) Binder:1139_19 expire 21 lines
05-18 14:20:38.499  2606 10370 D MotionDetectionManager: stopMotionAppsReco motionApps: 403
05-18 14:20:38.499  2606 10370 D MotionDetectionManager: stopMotionAppsReco not recognition motionApps 403
05-18 14:20:38.499  2606 10370 W HwLauncher: Launcher.MotionManager stopMotionAppsReco service flg 403 is unavailable
05-18 14:20:38.506 10371 10371 I         : power log dlsym ok
05-18 14:20:38.508 10371 10371 I zygote64: Late-enabling -Xcheck:jni
05-18 14:20:38.521 10371 10371 I zygote64: Reinit property: dalvik.vm.checkjni= false
05-18 14:20:38.530  6493  6789 W ContextImpl: Calling a method in the system process without a qualified user: android.app.ContextImpl.startService:1656 android.content.ContextWrapper.startService:644 com.huawei.systemmanager.spacecleanner.receiver.SpaceCleanReceiver.checkRarelyUsedApp:87 com.huawei.systemmanager.spacecleanner.receiver.SpaceCleanReceiver.doInBackground:39 java.lang.reflect.Method.invoke:-2 
05-18 14:20:38.532  1864  1864 E HSM     : AppCleanUpService:msg is 0
05-18 14:20:38.533 10371 10371 D ActivityThread: ActivityThread,attachApplication
05-18 14:20:38.541  1946  2106 D ScenarioService: front pkg : com.cambricon.productdisplay launcher: false
05-18 14:20:38.541  1946  2106 D ScenarioService: new above launcher front pkgs: [com.cambricon.productdisplay]
05-18 14:20:38.541  1946  2106 I AppsUsage: scnOff:false FgAPP:com.cambricon.productdisplay BgAPP:com.huawei.android.launcher
05-18 14:20:38.541  1139  1407 I chatty  : uid=1000(system) android.anim expire 55 lines
05-18 14:20:38.542  2655  4996 D [HwRecSys]HwRecSysService: onEvent actionID: 10000 msg:com.cambricon.productdisplay		
05-18 14:20:38.542  2655  4996 E [HwRecSys]HwRecSysService: getIsRportDirectService is false!
05-18 14:20:38.545  1864  2132 W HSM     : PushFileProvider:file does not exist which uri is content://com.huawei.systemmanager.push.provider/HwSystemManager/hsm_virus_pkgs.xml
05-18 14:20:38.545  1864  2132 E HSM     : VirusPkgParser:parse InputStream is null
05-18 14:20:38.545  1946  4045 W libc    : Set property "sys.aps.gameProcessName" to ""
05-18 14:20:38.546  1946  4045 W libc    : Set property "sys.aps.browserProcessName" to ""
05-18 14:20:38.546  1946  2378 I PGServer: report state:10010 event type:2 pid:0 uid:0 pkg:com.huawei.android.launcher to pid: 1139
05-18 14:20:38.546  1946  2378 I PGServer: report state:10010 event type:2 pid:0 uid:0 pkg:com.huawei.android.launcher to pid: 1946
05-18 14:20:38.547  1946  2378 I SceneReceiver: state type: 10010 eventType:2 pid:0 uid:0 pkg:com.huawei.android.launcher
05-18 14:20:38.547  1946  2378 I PGServer: report state:10000 event type:1 pid:0 uid:0 pkg:com.cambricon.productdisplay to pid: 1139
05-18 14:20:38.547  1946  2378 I PGServer: report state:10000 event type:1 pid:0 uid:0 pkg:com.cambricon.productdisplay to pid: 1946
05-18 14:20:38.547  1946  2378 I SceneReceiver: state type: 10000 eventType:1 pid:0 uid:0 pkg:com.cambricon.productdisplay
05-18 14:20:38.547  1946  2554 D HwThermalStateManager: current foreapp pkg : com.cambricon.productdisplay
05-18 14:20:38.550  1946  7660 I PGServer: checkPkgType. calling pkg: android
05-18 14:20:38.551  1946  7660 I PGServer: checkPkgType. calling pkg: android
05-18 14:20:38.555   512  1659 E BufferQueueProducer: [com.huawei.android.launcher/com.huawei.android.launcher.unihome.UniHomeLauncher#0] disconnect: not connected (req=1)
05-18 14:20:38.555  2606  3197 W libEGL  : EGLNativeWindowType 0x75b8622010 disconnect failed
05-18 14:20:38.558  1139  1281 I chatty  : uid=1000(system) ActivityManager expire 1 line
05-18 14:20:38.559   393   393 W /system/bin/hwservicemanager: Cannot open /odm/manifest_BKL-AL00.xml
05-18 14:20:38.559   393   393 W /system/bin/hwservicemanager: Cannot open /odm/manifest.xml
05-18 14:20:38.562  1546  1546 W HwKeyguardDragHelper: AnimationBlocked
05-18 14:20:38.564 10371 10371 D HwFLClassLoader: get used feature list :/feature/used-list failed!
05-18 14:20:38.564 10371 10371 D HwFLClassLoader: USE_FEATURE_LIST had not init! 
05-18 14:20:38.565  1139  2559 I chatty  : uid=1000(system) CallbackHandler expire 3 lines
05-18 14:20:38.565  1139  1282 I chatty  : uid=1000(system) android.ui expire 3 lines
05-18 14:20:38.567  1546  1546 D ImageWallpaper: onOffsetsChanged: xOffset=0.0, yOffset=0.0, xOffsetStep=0.0, yOffsetStep=0.0, xPixels=0, yPixels=0
05-18 14:20:38.569  1864  2178 I HwNetworkPolicyManager: getHwUidPolicy uid = 10110 policy = 0
05-18 14:20:38.569  1946  2542 I PGServer: checkPkgType. calling pkg: com.huawei.iaware
05-18 14:20:38.569  1946  2542 V AudioManager: setParameters  keyValuePairs: updateAppLowPowerParams=167782270
05-18 14:20:38.569  1546  1546 D ImageWallpaper: Suppressed drawFrame since redraw is not needed and offsets have not changed.sf=Rect(0, 0 - 2160, 2160)
05-18 14:20:38.569   487  5687 I spk_dev_interface: spk_set_parameters: use new smartpakit version
05-18 14:20:38.571  3690  3690 D WorkSource: i1=0 i2=0 N1=0: insert 10019 com.google.android.gms
05-18 14:20:38.571  3690  3690 D WorkSource: Insert in WorkSource{} @ 0 uid 10019 name com.google.android.gms
05-18 14:20:38.573   393   393 W /system/bin/hwservicemanager: Cannot open /odm/manifest_BKL-AL00.xml
05-18 14:20:38.573   393   393 W /system/bin/hwservicemanager: Cannot open /odm/manifest.xml
05-18 14:20:38.579 10371 10371 E MemoryLeakMonitorManager: MemoryLeakMonitor.jar is not exist!
05-18 14:20:38.579 10371 10371 E Minikin : Could not get cmap table size!
05-18 14:20:38.581  3690  3972 I Icing   : IndexChimeraService.getServiceInterface callingPackage=com.google.android.gms componentName=AppsCorpus serviceId=32
05-18 14:20:38.583  3690  4365 I Icing   : IndexChimeraService.getServiceInterface callingPackage=com.google.android.gms componentName=AppsCorpus serviceId=36
05-18 14:20:38.590 10371 10371 I HwCust  : Constructor found for class android.app.HwCustActivityImpl
05-18 14:20:38.590 10371 10371 D HwCust  : Create obj success use class android.app.HwCustActivityImpl
05-18 14:20:38.595 10371 10371 V HwPolicyFactory: : success to get AllImpl object and return....
05-18 14:20:38.597 10371 10371 I HwCust  : Constructor found for class android.app.HwCustHwWallpaperManagerImpl
05-18 14:20:38.597 10371 10371 D HwCust  : Create obj success use class android.app.HwCustHwWallpaperManagerImpl
05-18 14:20:38.600 10371 10371 V HwWidgetFactory: : successes to get AllImpl object and return....
05-18 14:20:38.602 10371 10371 V ActivityThread: ActivityThread,callActivityOnCreate
05-18 14:20:38.607  3690  8459 I Icing   : Usage reports ok 0, Failed Usage reports 0, indexed 0, rejected 0, imm upload false
05-18 14:20:38.614  1546  2049 D HwRecentsLockUtils: Search
