05-18 13:59:40.876   598   598 E wificond: Failed to get NL80211_RATE_INFO_NOISE
05-18 13:59:40.876   598   598 E wificond: Failed to get NL80211_RATE_INFO_SNR
05-18 13:59:40.876   598   598 E wificond: Failed to get NL80211_STA_INFO_CNAHLOAD
05-18 13:59:41.105  1139  1312 I chatty  : uid=1000(system) PowerManagerSer expire 19 lines
05-18 13:59:41.542   598   598 E wificond: Failed to get NL80211_RATE_INFO_NOISE
05-18 13:59:41.542   598   598 E wificond: Failed to get NL80211_RATE_INFO_SNR
05-18 13:59:41.542   598   598 E wificond: Failed to get NL80211_STA_INFO_CNAHLOAD
05-18 13:59:41.546   598   598 E wificond: Failed to get NL80211_RATE_INFO_NOISE
05-18 13:59:41.546   598   598 E wificond: Failed to get NL80211_RATE_INFO_SNR
05-18 13:59:41.546   598   598 E wificond: Failed to get NL80211_STA_INFO_CNAHLOAD
05-18 13:59:43.893   598   598 E wificond: Failed to get NL80211_RATE_INFO_NOISE
05-18 13:59:43.893   598   598 E wificond: Failed to get NL80211_RATE_INFO_SNR
05-18 13:59:43.893   598   598 E wificond: Failed to get NL80211_STA_INFO_CNAHLOAD
05-18 13:59:45.058  1139  2687 I chatty  : uid=1000(system) Binder:1139_C expire 2 lines
05-18 13:59:46.911   598   598 E wificond: Failed to get NL80211_RATE_INFO_NOISE
05-18 13:59:46.911   598   598 E wificond: Failed to get NL80211_RATE_INFO_SNR
05-18 13:59:46.911   598   598 E wificond: Failed to get NL80211_STA_INFO_CNAHLOAD
05-18 13:59:47.299  1139  2733 I chatty  : uid=1000(system) Binder:1139_11 expire 17 lines
05-18 13:59:47.381  8929  8929 V ActivityThread: Finishing stop of ActivityRecord{1781e86 token=android.os.BinderProxy@73c7c {com.cambricon.productdisplay/com.cambricon.productdisplay.activity.HomeActivity}}
05-18 13:59:47.587  1139  1528 I chatty  : uid=1000(system) PhotonicModulat expire 1 line
05-18 13:59:47.588  1139  1307 I chatty  : uid=1000(system) android.display expire 3 lines
05-18 13:59:47.616  1139  1139 I chatty  : uid=1000 system_server expire 6 lines
05-18 13:59:47.616  1139  1458 I chatty  : uid=1000(system) WifiP2pService expire 5 lines
05-18 13:59:47.645  1139  1441 I chatty  : uid=1000(system) NetdConnector expire 4 lines
05-18 13:59:47.688  1139  2553 I chatty  : uid=1000(system) HwDeviceUsageCo expire 1 line
05-18 13:59:47.729  2655  7045 W ContextImpl: Calling a method in the system process without a qualified user: android.app.ContextImpl.bindService:1736 android.content.ContextWrapper.bindService:678 com.huawei.nb.dataservice.dsclient.RemoteServiceConnection.open:90 com.huawei.nb.dataservice.dsclient.DataServiceProxy.connect:105 com.huawei.nb.dataservice.rsclient.internal.RemoteRuleService.start:27 
05-18 13:59:47.767  1139  2012 I chatty  : uid=1000(system) Binder:1139_B expire 4 lines
05-18 13:59:47.785  1139  1282 I chatty  : uid=1000(system) android.ui expire 1 line
05-18 13:59:49.560   598   598 E wificond: Failed to get NL80211_RATE_INFO_NOISE
05-18 13:59:49.561   598   598 E wificond: Failed to get NL80211_RATE_INFO_SNR
05-18 13:59:49.561   598   598 E wificond: Failed to get NL80211_STA_INFO_CNAHLOAD
05-18 13:59:49.564   598   598 E wificond: Failed to get NL80211_RATE_INFO_NOISE
05-18 13:59:49.564   598   598 E wificond: Failed to get NL80211_RATE_INFO_SNR
05-18 13:59:49.564   598   598 E wificond: Failed to get NL80211_STA_INFO_CNAHLOAD
05-18 13:59:52.331  1139  2757 I chatty  : uid=1000(system) Binder:1139_12 expire 16 lines
05-18 13:59:52.371  1546  1546 V KeyguardStatusView: refresh statusview showing:true
05-18 13:59:52.376  1546  1546 V KeyguardDisplayManager: show
05-18 13:59:52.389  1925  9048 D AntiBruteForceProcessor: RemainingAuthenticateNum = 5
05-18 13:59:52.433  8929  8929 V ActivityThread: Handle window ActivityRecord{1781e86 token=android.os.BinderProxy@73c7c {com.cambricon.productdisplay/com.cambricon.productdisplay.activity.HomeActivity}} visibility: false
05-18 13:59:52.516  1139  1407 I chatty  : uid=1000(system) android.anim expire 1 line
05-18 13:59:57.567   598   598 E wificond: Failed to get NL80211_RATE_INFO_NOISE
05-18 13:59:57.568   598   598 E wificond: Failed to get NL80211_RATE_INFO_SNR
05-18 13:59:57.568   598   598 E wificond: Failed to get NL80211_STA_INFO_CNAHLOAD
05-18 13:59:57.571   598   598 E wificond: Failed to get NL80211_RATE_INFO_NOISE
05-18 13:59:57.571   598   598 E wificond: Failed to get NL80211_RATE_INFO_SNR
05-18 13:59:57.571   598   598 E wificond: Failed to get NL80211_STA_INFO_CNAHLOAD
05-18 14:00:05.574   598   598 E wificond: Failed to get NL80211_RATE_INFO_NOISE
05-18 14:00:05.574   598   598 E wificond: Failed to get NL80211_RATE_INFO_SNR
05-18 14:00:05.574   598   598 E wificond: Failed to get NL80211_STA_INFO_CNAHLOAD
05-18 14:00:05.578   598   598 E wificond: Failed to get NL80211_RATE_INFO_NOISE
05-18 14:00:05.578   598   598 E wificond: Failed to get NL80211_RATE_INFO_SNR
05-18 14:00:05.578   598   598 E wificond: Failed to get NL80211_STA_INFO_CNAHLOAD
05-18 14:00:13.584   598   598 E wificond: Failed to get NL80211_RATE_INFO_NOISE
05-18 14:00:13.584   598   598 E wificond: Failed to get NL80211_RATE_INFO_SNR
05-18 14:00:13.584   598   598 E wificond: Failed to get NL80211_STA_INFO_CNAHLOAD
05-18 14:00:13.587   598   598 E wificond: Failed to get NL80211_RATE_INFO_NOISE
05-18 14:00:13.587   598   598 E wificond: Failed to get NL80211_RATE_INFO_SNR
05-18 14:00:13.588   598   598 E wificond: Failed to get NL80211_STA_INFO_CNAHLOAD
05-18 14:00:14.165   451  1094 W SocketListener: sending broadcast to Pid = 1139, Uid = 1000 
05-18 14:00:14.173  1139  1305 I chatty  : uid=1000(system) android.fg expire 1 line
05-18 14:00:21.593   598   598 E wificond: Failed to get NL80211_RATE_INFO_NOISE
05-18 14:00:21.593   598   598 E wificond: Failed to get NL80211_RATE_INFO_SNR
05-18 14:00:21.593   598   598 E wificond: Failed to get NL80211_STA_INFO_CNAHLOAD
05-18 14:00:21.596   598   598 E wificond: Failed to get NL80211_RATE_INFO_NOISE
05-18 14:00:21.597   598   598 E wificond: Failed to get NL80211_RATE_INFO_SNR
05-18 14:00:21.597   598   598 E wificond: Failed to get NL80211_STA_INFO_CNAHLOAD
05-18 14:00:29.603   598   598 E wificond: Failed to get NL80211_RATE_INFO_NOISE
05-18 14:00:29.603   598   598 E wificond: Failed to get NL80211_RATE_INFO_SNR
05-18 14:00:29.603   598   598 E wificond: Failed to get NL80211_STA_INFO_CNAHLOAD
05-18 14:00:29.606   598   598 E wificond: Failed to get NL80211_RATE_INFO_NOISE
05-18 14:00:29.606   598   598 E wificond: Failed to get NL80211_RATE_INFO_SNR
05-18 14:00:29.606   598   598 E wificond: Failed to get NL80211_STA_INFO_CNAHLOAD
05-18 14:00:30.226  1139  2733 I chatty  : uid=1000(system) Binder:1139_11 expire 6 lines
05-18 14:00:30.660  1139  2757 I chatty  : uid=1000(system) Binder:1139_12 expire 5 lines
05-18 14:00:30.683  8929  8929 V ActivityThread: Handle window ActivityRecord{1781e86 token=android.os.BinderProxy@73c7c {com.cambricon.productdisplay/com.cambricon.productdisplay.activity.HomeActivity}} visibility: true
05-18 14:00:30.700  1546  1546 V KeyguardDisplayManager: hide
05-18 14:00:30.706  1139  1139 I chatty  : uid=1000 system_server expire 11 lines
05-18 14:00:30.738  1139  1281 I chatty  : uid=1000(system) ActivityManager expire 26 lines
05-18 14:00:30.750  1139  2687 I chatty  : uid=1000(system) Binder:1139_C expire 5 lines
05-18 14:00:30.754  1139  1441 I chatty  : uid=1000(system) NetdConnector expire 10 lines
05-18 14:00:30.763  1139  2012 I chatty  : uid=1000(system) Binder:1139_B expire 8 lines
05-18 14:00:30.795  1139  1458 I chatty  : uid=1000(system) WifiP2pService expire 5 lines
05-18 14:00:30.827   451  1094 W SocketListener: sending broadcast to Pid = 1139, Uid = 1000 
05-18 14:00:30.830  1139  1305 I chatty  : uid=1000(system) android.fg expire 6 lines
05-18 14:00:30.840  1139  1945 I chatty  : uid=1000(system) Binder:1139_5 expire 16 lines
05-18 14:00:37.605   598   598 E wificond: Failed to get NL80211_RATE_INFO_NOISE
05-18 14:00:37.606   598   598 E wificond: Failed to get NL80211_RATE_INFO_SNR
05-18 14:00:37.606   598   598 E wificond: Failed to get NL80211_STA_INFO_CNAHLOAD
05-18 14:00:37.609   598   598 E wificond: Failed to get NL80211_RATE_INFO_NOISE
05-18 14:00:37.609   598   598 E wificond: Failed to get NL80211_RATE_INFO_SNR
05-18 14:00:37.609   598   598 E wificond: Failed to get NL80211_STA_INFO_CNAHLOAD
05-18 14:00:39.511  1139  1327 I chatty  : uid=1000(system) PackageManager expire 14 lines
05-18 14:00:40.036  1139  2703 I chatty  : uid=1000(system) Binder:1139_D expire 6 lines
05-18 14:00:40.438  1139  1307 I chatty  : uid=1000(system) android.display expire 4 lines
05-18 14:00:40.438  2606  2606 V ActivityThread: Handle window ActivityRecord{d493774 token=android.os.BinderProxy@ae6f002 {com.huawei.android.launcher/com.huawei.android.launcher.unihome.UniHomeLauncher}} visibility: true
05-18 14:00:40.439  1139  1899 I chatty  : uid=1000(system) MultiTaskManage expire 3 lines
05-18 14:00:40.440  1139  1282 I chatty  : uid=1000(system) android.ui expire 4 lines
05-18 14:00:40.456  1139  2762 I chatty  : uid=1000(system) Binder:1139_14 expire 3 lines
05-18 14:00:40.456  1864  2178 I HwNetworkPolicyManager: getHwUidPolicy uid = 10067 policy = 0
05-18 14:00:40.457  1546  7821 I CommandQueue: updateBarBgColor
05-18 14:00:40.457  1546  7821 D CommandQueue: CommandQueue, setBarBackgroundColor
05-18 14:00:40.757  1139  1277 I chatty  : uid=1000(system) android.bg expire 4 lines
05-18 14:00:40.777  6144  6144 W ContextImpl: Calling a method in the system process without a qualified user: android.app.ContextImpl.startService:1656 android.content.ContextWrapper.startService:644 android.content.ContextWrapper.startService:644 com.android.settings.applications.BlackListReceiver.onReceive:35 android.app.ActivityThread.handleReceiver:3695 
05-18 14:00:40.792  1139  4790 I chatty  : uid=1000(system) Binder:1139_19 expire 13 lines
05-18 14:00:40.884  6493  6493 W ContextImpl: Calling a method in the system process without a qualified user: android.app.ContextImpl.startService:1656 android.content.ContextWrapper.startService:644 android.content.ContextWrapper.startService:644 com.huawei.systemmanager.antivirus.utils.AntiVirusTools.deleteVirusApk:632 com.huawei.systemmanager.antivirus.AntiVirusReceiver.handlerPackageRemoved:52 
05-18 14:00:40.885  1139  2718 I chatty  : uid=1000(system) Binder:1139_E expire 11 lines
05-18 14:00:40.888  1139  2008 I chatty  : uid=1000(system) Binder:1139_9 expire 3 lines
05-18 14:00:40.895  6493  6787 W ContextImpl: Calling a method in the system process without a qualified user: android.app.ContextImpl.startService:1656 android.content.ContextWrapper.startService:644 com.huawei.systemmanager.spacecleanner.receiver.SpaceCleanReceiver.checkRarelyUsedApp:87 com.huawei.systemmanager.spacecleanner.receiver.SpaceCleanReceiver.doInBackground:39 java.lang.reflect.Method.invoke:-2 
05-18 14:00:40.898  1139  1281 I chatty  : uid=1000(system) ActivityManager expire 24 lines
05-18 14:00:40.914  6144  6144 W ContextImpl: Calling a method in the system process without a qualified user: android.app.ContextImpl.startService:1656 android.content.ContextWrapper.startService:644 android.content.ContextWrapper.startService:644 com.android.settings.applications.BlackListReceiver.onReceive:35 android.app.ActivityThread.handleReceiver:3695 
05-18 14:00:41.055  9176  9176 D ActivityThread: ActivityThread,attachApplication
05-18 14:00:41.056  2606  2606 V ActivityThread: Handle window ActivityRecord{d493774 token=android.os.BinderProxy@ae6f002 {com.huawei.android.launcher/com.huawei.android.launcher.unihome.UniHomeLauncher}} visibility: false
05-18 14:00:41.069  1864  2178 I HwNetworkPolicyManager: getHwUidPolicy uid = 10110 policy = 0
05-18 14:00:41.076  6493  6493 W ContextImpl: Calling a method in the system process without a qualified user: android.app.ContextImpl.startService:1656 android.content.ContextWrapper.startService:644 android.content.ContextWrapper.startService:644 com.huawei.systemmanager.antivirus.utils.AntiVirusTools.checkVirusForNewInstalledApk:620 com.huawei.systemmanager.antivirus.AntiVirusReceiver.onReceive:36 
05-18 14:00:41.089  6493  6775 W ContextImpl: Calling a method in the system process without a qualified user: android.app.ContextImpl.startService:1656 android.content.ContextWrapper.startService:644 com.huawei.systemmanager.spacecleanner.receiver.SpaceCleanReceiver.checkRarelyUsedApp:87 com.huawei.systemmanager.spacecleanner.receiver.SpaceCleanReceiver.doInBackground:39 java.lang.reflect.Method.invoke:-2 
05-18 14:00:41.095  6144  6144 W ContextImpl: Calling a method in the system process without a qualified user: android.app.ContextImpl.startService:1656 android.content.ContextWrapper.startService:644 android.content.ContextWrapper.startService:644 com.android.settings.applications.BlackListReceiver.onReceive:35 android.app.ActivityThread.handleReceiver:3695 
05-18 14:00:41.112  9176  9176 V ActivityThread: ActivityThread,callActivityOnCreate
05-18 14:00:41.124  1139  1945 I chatty  : uid=1000(system) Binder:1139_5 expire 5 lines
05-18 14:00:41.124  1139  2001 I chatty  : uid=1000(system) Binder:1139_8 expire 3 lines
05-18 14:00:41.128  1139  2727 I chatty  : uid=1000(system) Binder:1139_10 expire 3 lines
05-18 14:00:41.136  1139  2725 I chatty  : uid=1000(system) Binder:1139_F expire 25 lines
05-18 14:00:41.229  9176  9176 D ActivityThread: add activity client record, r= ActivityRecord{c732276 token=android.os.BinderProxy@623b6b4 {com.cambricon.productdisplay/com.cambricon.productdisplay.activity.SplashActivity}} token= android.os.BinderProxy@623b6b4
05-18 14:00:41.268  1546  1559 I CommandQueue: updateBarBgColor
05-18 14:00:41.268  1546  1559 D CommandQueue: CommandQueue, setBarBackgroundColor
05-18 14:00:41.275  9176  9176 V ActivityThread: Finishing stop of ActivityRecord{c732276 token=android.os.BinderProxy@623b6b4 {com.cambricon.productdisplay/com.cambricon.productdisplay.activity.SplashActivity}}
05-18 14:00:42.760  9176  9176 V ActivityThread: Handle window ActivityRecord{c732276 token=android.os.BinderProxy@623b6b4 {com.cambricon.productdisplay/com.cambricon.productdisplay.activity.SplashActivity}} visibility: false
05-18 14:00:42.765  9176  9176 V ActivityThread: ActivityThread,callActivityOnCreate
05-18 14:00:42.863  9176  9176 D ActivityThread: add activity client record, r= ActivityRecord{1781e86 token=android.os.BinderProxy@73c7c {com.cambricon.productdisplay/com.cambricon.productdisplay.activity.HomeActivity}} token= android.os.BinderProxy@73c7c
05-18 14:00:42.932  1546  1559 I CommandQueue: updateBarBgColor
05-18 14:00:42.932  1546  1559 D CommandQueue: CommandQueue, setBarBackgroundColor
05-18 14:00:42.997  9176  9176 D ActivityThread: Remove activity client record, r= ActivityRecord{c732276 token=android.os.BinderProxy@623b6b4 {com.cambricon.productdisplay/com.cambricon.productdisplay.activity.SplashActivity}} token= android.os.BinderProxy@623b6b4
05-18 14:00:43.043  9176  9176 V ActivityThread: Finishing stop of ActivityRecord{1781e86 token=android.os.BinderProxy@73c7c {com.cambricon.productdisplay/com.cambricon.productdisplay.activity.HomeActivity}}
05-18 14:00:44.815  1139  1413 I chatty  : uid=1000(system) UEventObserver expire 10 lines
05-18 14:00:45.614   598   598 E wificond: Failed to get NL80211_RATE_INFO_NOISE
05-18 14:00:45.614   598   598 E wificond: Failed to get NL80211_RATE_INFO_SNR
05-18 14:00:45.614   598   598 E wificond: Failed to get NL80211_STA_INFO_CNAHLOAD
05-18 14:00:45.617   598   598 E wificond: Failed to get NL80211_RATE_INFO_NOISE
05-18 14:00:45.617   598   598 E wificond: Failed to get NL80211_RATE_INFO_SNR
05-18 14:00:45.617   598   598 E wificond: Failed to get NL80211_STA_INFO_CNAHLOAD
05-18 14:00:53.623   598   598 E wificond: Failed to get NL80211_RATE_INFO_NOISE
05-18 14:00:53.623   598   598 E wificond: Failed to get NL80211_RATE_INFO_SNR
05-18 14:00:53.623   598   598 E wificond: Failed to get NL80211_STA_INFO_CNAHLOAD
05-18 14:00:53.626   598   598 E wificond: Failed to get NL80211_RATE_INFO_NOISE
05-18 14:00:53.626   598   598 E wificond: Failed to get NL80211_RATE_INFO_SNR
05-18 14:00:53.626   598   598 E wificond: Failed to get NL80211_STA_INFO_CNAHLOAD
05-18 14:00:55.705  1139  1861 I chatty  : uid=1000(system) watchdog expire 5 lines
05-18 14:01:01.632   598   598 E wificond: Failed to get NL80211_RATE_INFO_NOISE
05-18 14:01:01.632   598   598 E wificond: Failed to get NL80211_RATE_INFO_SNR
05-18 14:01:01.632   598   598 E wificond: Failed to get NL80211_STA_INFO_CNAHLOAD
05-18 14:01:01.635   598   598 E wificond: Failed to get NL80211_RATE_INFO_NOISE
05-18 14:01:01.636   598   598 E wificond: Failed to get NL80211_RATE_INFO_SNR
05-18 14:01:01.636   598   598 E wificond: Failed to get NL80211_STA_INFO_CNAHLOAD
05-18 14:01:09.636   598   598 E wificond: Failed to get NL80211_RATE_INFO_NOISE
05-18 14:01:09.637   598   598 E wificond: Failed to get NL80211_RATE_INFO_SNR
05-18 14:01:09.637   598   598 E wificond: Failed to get NL80211_STA_INFO_CNAHLOAD
05-18 14:01:09.640   598   598 E wificond: Failed to get NL80211_RATE_INFO_NOISE
05-18 14:01:09.640   598   598 E wificond: Failed to get NL80211_RATE_INFO_SNR
05-18 14:01:09.640   598   598 E wificond: Failed to get NL80211_STA_INFO_CNAHLOAD
05-18 14:01:13.492   451  1094 W SocketListener: sending broadcast to Pid = 1139, Uid = 1000 
05-18 14:01:13.506  1139  2725 I chatty  : uid=1000(system) Binder:1139_F expire 6 lines
05-18 14:01:15.155   451  1094 W SocketListener: sending broadcast to Pid = 1139, Uid = 1000 
05-18 14:01:17.644   598   598 E wificond: Failed to get NL80211_RATE_INFO_NOISE
05-18 14:01:17.644   598   598 E wificond: Failed to get NL80211_RATE_INFO_SNR
05-18 14:01:17.644   598   598 E wificond: Failed to get NL80211_STA_INFO_CNAHLOAD
05-18 14:01:17.648  1139  1461 I chatty  : uid=1000(system) ConnectivitySer expire 2 lines
05-18 14:01:17.650   598   598 E wificond: Failed to get NL80211_RATE_INFO_NOISE
05-18 14:01:17.650   598   598 E wificond: Failed to get NL80211_RATE_INFO_SNR
05-18 14:01:17.650   598   598 E wificond: Failed to get NL80211_STA_INFO_CNAHLOAD
05-18 14:01:25.651   598   598 E wificond: Failed to get NL80211_RATE_INFO_NOISE
05-18 14:01:25.651   598   598 E wificond: Failed to get NL80211_RATE_INFO_SNR
05-18 14:01:25.651   598   598 E wificond: Failed to get NL80211_STA_INFO_CNAHLOAD
05-18 14:01:25.658   598   598 E wificond: Failed to get NL80211_RATE_INFO_NOISE
05-18 14:01:25.659   598   598 E wificond: Failed to get NL80211_RATE_INFO_SNR
05-18 14:01:25.659   598   598 E wificond: Failed to get NL80211_STA_INFO_CNAHLOAD
05-18 14:01:31.603   451  1094 W SocketListener: sending broadcast to Pid = 1139, Uid = 1000 
05-18 14:01:33.660   598   598 E wificond: Failed to get NL80211_RATE_INFO_NOISE
05-18 14:01:33.660   598   598 E wificond: Failed to get NL80211_RATE_INFO_SNR
05-18 14:01:33.660   598   598 E wificond: Failed to get NL80211_STA_INFO_CNAHLOAD
05-18 14:01:33.663   598   598 E wificond: Failed to get NL80211_RATE_INFO_NOISE
05-18 14:01:33.663   598   598 E wificond: Failed to get NL80211_RATE_INFO_SNR
05-18 14:01:33.663   598   598 E wificond: Failed to get NL80211_STA_INFO_CNAHLOAD
05-18 14:01:41.668   598   598 E wificond: Failed to get NL80211_RATE_INFO_NOISE
05-18 14:01:41.668   598   598 E wificond: Failed to get NL80211_RATE_INFO_SNR
05-18 14:01:41.668   598   598 E wificond: Failed to get NL80211_STA_INFO_CNAHLOAD
05-18 14:01:41.671   598   598 E wificond: Failed to get NL80211_RATE_INFO_NOISE
05-18 14:01:41.671   598   598 E wificond: Failed to get NL80211_RATE_INFO_SNR
05-18 14:01:41.671   598   598 E wificond: Failed to get NL80211_STA_INFO_CNAHLOAD
05-18 14:01:43.274   451  1094 W SocketListener: sending broadcast to Pid = 1139, Uid = 1000 
05-18 14:01:43.277  1139  1441 I chatty  : uid=1000(system) NetdConnector expire 4 lines
05-18 14:01:45.255  1139  1139 I chatty  : uid=1000 system_server expire 10 lines
05-18 14:01:49.673   598   598 E wificond: Failed to get NL80211_RATE_INFO_NOISE
05-18 14:01:49.673   598   598 E wificond: Failed to get NL80211_RATE_INFO_SNR
05-18 14:01:49.673   598   598 E wificond: Failed to get NL80211_STA_INFO_CNAHLOAD
05-18 14:01:49.677   598   598 E wificond: Failed to get NL80211_RATE_INFO_NOISE
05-18 14:01:49.677   598   598 E wificond: Failed to get NL80211_RATE_INFO_SNR
05-18 14:01:49.677   598   598 E wificond: Failed to get NL80211_STA_INFO_CNAHLOAD
05-18 14:01:57.675   598   598 E wificond: Failed to get NL80211_RATE_INFO_NOISE
05-18 14:01:57.676   598   598 E wificond: Failed to get NL80211_RATE_INFO_SNR
05-18 14:01:57.676   598   598 E wificond: Failed to get NL80211_STA_INFO_CNAHLOAD
05-18 14:01:57.679   598   598 E wificond: Failed to get NL80211_RATE_INFO_NOISE
05-18 14:01:57.679   598   598 E wificond: Failed to get NL80211_RATE_INFO_SNR
05-18 14:01:57.679   598   598 E wificond: Failed to get NL80211_STA_INFO_CNAHLOAD
05-18 14:02:05.681   598   598 E wificond: Failed to get NL80211_RATE_INFO_NOISE
05-18 14:02:05.681   598   598 E wificond: Failed to get NL80211_RATE_INFO_SNR
05-18 14:02:05.681   598   598 E wificond: Failed to get NL80211_STA_INFO_CNAHLOAD
05-18 14:02:05.684   598   598 E wificond: Failed to get NL80211_RATE_INFO_NOISE
05-18 14:02:05.684   598   598 E wificond: Failed to get NL80211_RATE_INFO_SNR
05-18 14:02:05.684   598   598 E wificond: Failed to get NL80211_STA_INFO_CNAHLOAD
05-18 14:02:13.691   598   598 E wificond: Failed to get NL80211_RATE_INFO_NOISE
05-18 14:02:13.691   598   598 E wificond: Failed to get NL80211_RATE_INFO_SNR
05-18 14:02:13.691   598   598 E wificond: Failed to get NL80211_STA_INFO_CNAHLOAD
05-18 14:02:13.694   598   598 E wificond: Failed to get NL80211_RATE_INFO_NOISE
05-18 14:02:13.694   598   598 E wificond: Failed to get NL80211_RATE_INFO_SNR
05-18 14:02:13.694   598   598 E wificond: Failed to get NL80211_STA_INFO_CNAHLOAD
05-18 14:02:16.274   451  1094 W SocketListener: sending broadcast to Pid = 1139, Uid = 1000 
05-18 14:02:21.697   598   598 E wificond: Failed to get NL80211_RATE_INFO_NOISE
05-18 14:02:21.697   598   598 E wificond: Failed to get NL80211_RATE_INFO_SNR
05-18 14:02:21.697   598   598 E wificond: Failed to get NL80211_STA_INFO_CNAHLOAD
05-18 14:02:21.700   598   598 E wificond: Failed to get NL80211_RATE_INFO_NOISE
05-18 14:02:21.700   598   598 E wificond: Failed to get NL80211_RATE_INFO_SNR
05-18 14:02:21.700   598   598 E wificond: Failed to get NL80211_STA_INFO_CNAHLOAD
05-18 14:02:29.705   598   598 E wificond: Failed to get NL80211_RATE_INFO_NOISE
05-18 14:02:29.705   598   598 E wificond: Failed to get NL80211_RATE_INFO_SNR
05-18 14:02:29.705   598   598 E wificond: Failed to get NL80211_STA_INFO_CNAHLOAD
05-18 14:02:29.708   598   598 E wificond: Failed to get NL80211_RATE_INFO_NOISE
05-18 14:02:29.708   598   598 E wificond: Failed to get NL80211_RATE_INFO_SNR
05-18 14:02:29.708   598   598 E wificond: Failed to get NL80211_STA_INFO_CNAHLOAD
05-18 14:02:37.710   598   598 E wificond: Failed to get NL80211_RATE_INFO_NOISE
05-18 14:02:37.710   598   598 E wificond: Failed to get NL80211_RATE_INFO_SNR
05-18 14:02:37.710   598   598 E wificond: Failed to get NL80211_STA_INFO_CNAHLOAD
05-18 14:02:37.713   598   598 E wificond: Failed to get NL80211_RATE_INFO_NOISE
05-18 14:02:37.713   598   598 E wificond: Failed to get NL80211_RATE_INFO_SNR
05-18 14:02:37.713   598   598 E wificond: Failed to get NL80211_STA_INFO_CNAHLOAD
05-18 14:02:45.721   598   598 E wificond: Failed to get NL80211_RATE_INFO_NOISE
05-18 14:02:45.721   598   598 E wificond: Failed to get NL80211_RATE_INFO_SNR
05-18 14:02:45.721   598   598 E wificond: Failed to get NL80211_STA_INFO_CNAHLOAD
05-18 14:02:45.723   598   598 E wificond: Failed to get NL80211_RATE_INFO_NOISE
05-18 14:02:45.723   598   598 E wificond: Failed to get NL80211_RATE_INFO_SNR
05-18 14:02:45.723   598   598 E wificond: Failed to get NL80211_STA_INFO_CNAHLOAD
05-18 14:02:53.728   598   598 E wificond: Failed to get NL80211_RATE_INFO_NOISE
05-18 14:02:53.728   598   598 E wificond: Failed to get NL80211_RATE_INFO_SNR
05-18 14:02:53.728   598   598 E wificond: Failed to get NL80211_STA_INFO_CNAHLOAD
05-18 14:02:53.732   598   598 E wificond: Failed to get NL80211_RATE_INFO_NOISE
05-18 14:02:53.732   598   598 E wificond: Failed to get NL80211_RATE_INFO_SNR
05-18 14:02:53.732   598   598 E wificond: Failed to get NL80211_STA_INFO_CNAHLOAD
05-18 14:02:56.102  1139  1899 I chatty  : uid=1000(system) MultiTaskManage expire 1 line
05-18 14:02:56.102  1139  1282 I chatty  : uid=1000(system) android.ui expire 7 lines
05-18 14:02:56.210  1139  2012 I chatty  : uid=1000(system) Binder:1139_B expire 21 lines
05-18 14:02:56.210  1139  2761 I chatty  : uid=1000(system) Binder:1139_13 expire 1 line
05-18 14:02:56.210  1864  2178 I HwNetworkPolicyManager: getHwUidPolicy uid = 10067 policy = 0
05-18 14:02:56.211  1139  1327 I chatty  : uid=1000(system) PackageManager expire 4 lines
05-18 14:02:56.216  2606  2606 V ActivityThread: Handle window ActivityRecord{d493774 token=android.os.BinderProxy@ae6f002 {com.huawei.android.launcher/com.huawei.android.launcher.unihome.UniHomeLauncher}} visibility: true
05-18 14:02:56.232  1546  3283 I CommandQueue: updateBarBgColor
05-18 14:02:56.232  1546  3283 D CommandQueue: CommandQueue, setBarBackgroundColor
05-18 14:02:56.585  1139  1281 I chatty  : uid=1000(system) ActivityManager expire 5 lines
05-18 14:02:56.589  6144  6144 W ContextImpl: Calling a method in the system process without a qualified user: android.app.ContextImpl.startService:1656 android.content.ContextWrapper.startService:644 android.content.ContextWrapper.startService:644 com.android.settings.applications.BlackListReceiver.onReceive:35 android.app.ActivityThread.handleReceiver:3695 
05-18 14:02:56.599  1139  1277 I chatty  : uid=1000(system) android.bg expire 3 lines
05-18 14:02:56.699  6493  6493 W ContextImpl: Calling a method in the system process without a qualified user: android.app.ContextImpl.startService:1656 android.content.ContextWrapper.startService:644 android.content.ContextWrapper.startService:644 com.huawei.systemmanager.antivirus.utils.AntiVirusTools.deleteVirusApk:632 com.huawei.systemmanager.antivirus.AntiVirusReceiver.handlerPackageRemoved:52 
05-18 14:02:56.731  6493  6776 W ContextImpl: Calling a method in the system process without a qualified user: android.app.ContextImpl.startService:1656 android.content.ContextWrapper.startService:644 com.huawei.systemmanager.spacecleanner.receiver.SpaceCleanReceiver.checkRarelyUsedApp:87 com.huawei.systemmanager.spacecleanner.receiver.SpaceCleanReceiver.doInBackground:39 java.lang.reflect.Method.invoke:-2 
05-18 14:02:56.737  1139  1950 I chatty  : uid=1000(system) Binder:1139_6 expire 12 lines
05-18 14:02:56.742  1139  2703 I chatty  : uid=1000(system) Binder:1139_D expire 4 lines
05-18 14:02:56.772  6144  6144 W ContextImpl: Calling a method in the system process without a qualified user: android.app.ContextImpl.startService:1656 android.content.ContextWrapper.startService:644 android.content.ContextWrapper.startService:644 com.android.settings.applications.BlackListReceiver.onReceive:35 android.app.ActivityThread.handleReceiver:3695 
05-18 14:02:56.847  9318  9318 D ActivityThread: ActivityThread,attachApplication
05-18 14:02:56.847  2606  2606 V ActivityThread: Handle window ActivityRecord{d493774 token=android.os.BinderProxy@ae6f002 {com.huawei.android.launcher/com.huawei.android.launcher.unihome.UniHomeLauncher}} visibility: false
05-18 14:02:56.879  1139  2778 I chatty  : uid=1000(system) Binder:1139_17 expire 24 lines
05-18 14:02:56.880  1864  2178 I HwNetworkPolicyManager: getHwUidPolicy uid = 10110 policy = 0
05-18 14:02:56.901  6493  6493 W ContextImpl: Calling a method in the system process without a qualified user: android.app.ContextImpl.startService:1656 android.content.ContextWrapper.startService:644 android.content.ContextWrapper.startService:644 com.huawei.systemmanager.antivirus.utils.AntiVirusTools.checkVirusForNewInstalledApk:620 com.huawei.systemmanager.antivirus.AntiVirusReceiver.onReceive:36 
05-18 14:02:56.913  6493  6755 W ContextImpl: Calling a method in the system process without a qualified user: android.app.ContextImpl.startService:1656 android.content.ContextWrapper.startService:644 com.huawei.systemmanager.spacecleanner.receiver.SpaceCleanReceiver.checkRarelyUsedApp:87 com.huawei.systemmanager.spacecleanner.receiver.SpaceCleanReceiver.doInBackground:39 java.lang.reflect.Method.invoke:-2 
05-18 14:02:56.913  9318  9318 V ActivityThread: ActivityThread,callActivityOnCreate
05-18 14:02:56.914  1139  6072 I chatty  : uid=1000(system) Binder:1139_1C expire 10 lines
05-18 14:02:56.921  6144  6144 W ContextImpl: Calling a method in the system process without a qualified user: android.app.ContextImpl.startService:1656 android.content.ContextWrapper.startService:644 android.content.ContextWrapper.startService:644 com.android.settings.applications.BlackListReceiver.onReceive:35 android.app.ActivityThread.handleReceiver:3695 
05-18 14:02:56.925  1139  1959 I chatty  : uid=1000(system) Binder:1139_7 expire 3 lines
05-18 14:02:56.956  1139  2779 I chatty  : uid=1000(system) Binder:1139_18 expire 2 lines
05-18 14:02:57.031  9318  9318 D ActivityThread: add activity client record, r= ActivityRecord{c732276 token=android.os.BinderProxy@623b6b4 {com.cambricon.productdisplay/com.cambricon.productdisplay.activity.SplashActivity}} token= android.os.BinderProxy@623b6b4
05-18 14:02:57.075  1546  7821 I CommandQueue: updateBarBgColor
05-18 14:02:57.075  1546  7821 D CommandQueue: CommandQueue, setBarBackgroundColor
05-18 14:02:57.082  9318  9318 V ActivityThread: Finishing stop of ActivityRecord{c732276 token=android.os.BinderProxy@623b6b4 {com.cambricon.productdisplay/com.cambricon.productdisplay.activity.SplashActivity}}
05-18 14:02:57.124   451  1094 W SocketListener: sending broadcast to Pid = 1139, Uid = 1000 
05-18 14:02:57.125  1139  1441 I chatty  : uid=1000(system) NetdConnector expire 10 lines
05-18 14:02:57.127  1139  1305 I chatty  : uid=1000(system) android.fg expire 5 lines
05-18 14:02:58.019  1139  1139 I chatty  : uid=1000 system_server expire 10 lines
05-18 14:02:58.034  1139  1428 I chatty  : uid=1000(system) AlarmManager expire 1 line
05-18 14:02:58.563  9318  9318 V ActivityThread: Handle window ActivityRecord{c732276 token=android.os.BinderProxy@623b6b4 {com.cambricon.productdisplay/com.cambricon.productdisplay.activity.SplashActivity}} visibility: false
05-18 14:02:58.568  9318  9318 V ActivityThread: ActivityThread,callActivityOnCreate
05-18 14:02:58.659  9318  9318 D ActivityThread: add activity client record, r= ActivityRecord{1781e86 token=android.os.BinderProxy@73c7c {com.cambricon.productdisplay/com.cambricon.productdisplay.activity.HomeActivity}} token= android.os.BinderProxy@73c7c
05-18 14:02:58.668  1139  6366 I chatty  : uid=1000(system) Binder:1139_1F expire 10 lines
05-18 14:02:58.728  1546  7821 I CommandQueue: updateBarBgColor
05-18 14:02:58.729  1546  7821 D CommandQueue: CommandQueue, setBarBackgroundColor
05-18 14:02:58.792  9318  9318 D ActivityThread: Remove activity client record, r= ActivityRecord{c732276 token=android.os.BinderProxy@623b6b4 {com.cambricon.productdisplay/com.cambricon.productdisplay.activity.SplashActivity}} token= android.os.BinderProxy@623b6b4
05-18 14:02:58.827  9318  9318 V ActivityThread: Finishing stop of ActivityRecord{1781e86 token=android.os.BinderProxy@73c7c {com.cambricon.productdisplay/com.cambricon.productdisplay.activity.HomeActivity}}
05-18 14:02:58.850  1139  1307 I chatty  : uid=1000(system) android.display expire 6 lines
05-18 14:03:01.735   598   598 E wificond: Failed to get NL80211_RATE_INFO_NOISE
05-18 14:03:01.736   598   598 E wificond: Failed to get NL80211_RATE_INFO_SNR
05-18 14:03:01.736   598   598 E wificond: Failed to get NL80211_STA_INFO_CNAHLOAD
05-18 14:03:01.739   598   598 E wificond: Failed to get NL80211_RATE_INFO_NOISE
05-18 14:03:01.739   598   598 E wificond: Failed to get NL80211_RATE_INFO_SNR
05-18 14:03:01.739   598   598 E wificond: Failed to get NL80211_STA_INFO_CNAHLOAD
05-18 14:03:09.741   598   598 E wificond: Failed to get NL80211_RATE_INFO_NOISE
05-18 14:03:09.742   598   598 E wificond: Failed to get NL80211_RATE_INFO_SNR
05-18 14:03:09.742   598   598 E wificond: Failed to get NL80211_STA_INFO_CNAHLOAD
05-18 14:03:09.745   598   598 E wificond: Failed to get NL80211_RATE_INFO_NOISE
05-18 14:03:09.745   598   598 E wificond: Failed to get NL80211_RATE_INFO_SNR
05-18 14:03:09.745   598   598 E wificond: Failed to get NL80211_STA_INFO_CNAHLOAD
05-18 14:03:15.867  1139  1413 I chatty  : uid=1000(system) UEventObserver expire 4 lines
05-18 14:03:17.756   598   598 E wificond: Failed to get NL80211_RATE_INFO_NOISE
05-18 14:03:17.756   598   598 E wificond: Failed to get NL80211_RATE_INFO_SNR
05-18 14:03:17.756   598   598 E wificond: Failed to get NL80211_STA_INFO_CNAHLOAD
05-18 14:03:17.759   598   598 E wificond: Failed to get NL80211_RATE_INFO_NOISE
05-18 14:03:17.759   598   598 E wificond: Failed to get NL80211_RATE_INFO_SNR
05-18 14:03:17.760   598   598 E wificond: Failed to get NL80211_STA_INFO_CNAHLOAD
05-18 14:03:25.715  1139  1861 I chatty  : uid=1000(system) watchdog expire 2 lines
05-18 14:03:25.761   598   598 E wificond: Failed to get NL80211_RATE_INFO_NOISE
05-18 14:03:25.761   598   598 E wificond: Failed to get NL80211_RATE_INFO_SNR
05-18 14:03:25.761   598   598 E wificond: Failed to get NL80211_STA_INFO_CNAHLOAD
05-18 14:03:25.764   598   598 E wificond: Failed to get NL80211_RATE_INFO_NOISE
05-18 14:03:25.764   598   598 E wificond: Failed to get NL80211_RATE_INFO_SNR
05-18 14:03:25.764   598   598 E wificond: Failed to get NL80211_STA_INFO_CNAHLOAD
05-18 14:03:32.563   451  1094 W SocketListener: sending broadcast to Pid = 1139, Uid = 1000 
05-18 14:03:33.693   451  1094 W SocketListener: sending broadcast to Pid = 1139, Uid = 1000 
05-18 14:03:33.728  1139  6366 I chatty  : uid=1000(system) Binder:1139_1F expire 2 lines
05-18 14:03:33.760   598   598 E wificond: Failed to get NL80211_RATE_INFO_NOISE
05-18 14:03:33.760   598   598 E wificond: Failed to get NL80211_RATE_INFO_SNR
05-18 14:03:33.760   598   598 E wificond: Failed to get NL80211_STA_INFO_CNAHLOAD
05-18 14:03:33.762   598   598 E wificond: Failed to get NL80211_RATE_INFO_NOISE
05-18 14:03:33.762   598   598 E wificond: Failed to get NL80211_RATE_INFO_SNR
05-18 14:03:33.762   598   598 E wificond: Failed to get NL80211_STA_INFO_CNAHLOAD
05-18 14:03:41.770   598   598 E wificond: Failed to get NL80211_RATE_INFO_NOISE
05-18 14:03:41.770   598   598 E wificond: Failed to get NL80211_RATE_INFO_SNR
05-18 14:03:41.771   598   598 E wificond: Failed to get NL80211_STA_INFO_CNAHLOAD
05-18 14:03:41.774   598   598 E wificond: Failed to get NL80211_RATE_INFO_NOISE
05-18 14:03:41.774   598   598 E wificond: Failed to get NL80211_RATE_INFO_SNR
05-18 14:03:41.774   598   598 E wificond: Failed to get NL80211_STA_INFO_CNAHLOAD
05-18 14:03:49.780   598   598 E wificond: Failed to get NL80211_RATE_INFO_NOISE
05-18 14:03:49.780   598   598 E wificond: Failed to get NL80211_RATE_INFO_SNR
05-18 14:03:49.780   598   598 E wificond: Failed to get NL80211_STA_INFO_CNAHLOAD
05-18 14:03:49.783   598   598 E wificond: Failed to get NL80211_RATE_INFO_NOISE
05-18 14:03:49.783   598   598 E wificond: Failed to get NL80211_RATE_INFO_SNR
05-18 14:03:49.783   598   598 E wificond: Failed to get NL80211_STA_INFO_CNAHLOAD
05-18 14:03:52.595   451  1094 W SocketListener: sending broadcast to Pid = 1139, Uid = 1000 
05-18 14:03:52.607  1139  2778 I chatty  : uid=1000(system) Binder:1139_17 expire 11 lines
05-18 14:03:53.886   451  1094 W SocketListener: sending broadcast to Pid = 1139, Uid = 1000 
05-18 14:03:57.784   598   598 E wificond: Failed to get NL80211_RATE_INFO_NOISE
05-18 14:03:57.784   598   598 E wificond: Failed to get NL80211_RATE_INFO_SNR
05-18 14:03:57.784   598   598 E wificond: Failed to get NL80211_STA_INFO_CNAHLOAD
05-18 14:03:57.788  1139  1461 I chatty  : uid=1000(system) ConnectivitySer expire 2 lines
05-18 14:03:57.790   598   598 E wificond: Failed to get NL80211_RATE_INFO_NOISE
05-18 14:03:57.790   598   598 E wificond: Failed to get NL80211_RATE_INFO_SNR
05-18 14:03:57.790   598   598 E wificond: Failed to get NL80211_STA_INFO_CNAHLOAD
05-18 14:03:59.818  1139  1433 I chatty  : uid=1000(system) InputReader expire 6 lines
05-18 14:03:59.826  1139  1312 I chatty  : uid=1000(system) PowerManagerSer expire 16 lines
05-18 14:03:59.841  1139  1435 I chatty  : uid=1000(system) StorageManagerS expire 2 lines
05-18 14:03:59.842   410   418 I vold    : TrimTask running tasks: 0
05-18 14:03:59.844  1139  1438 I chatty  : uid=1000(system) VoldConnector expire 1 line
05-18 14:03:59.866  1139  6072 I chatty  : uid=1000(system) Binder:1139_1C expire 6 lines
05-18 14:03:59.875  1139  1528 I chatty  : uid=1000(system) PhotonicModulat expire 1 line
05-18 14:03:59.888  1139  1458 I chatty  : uid=1000(system) WifiP2pService expire 5 lines
05-18 14:03:59.891   598   598 E wificond: Failed to get NL80211_RATE_INFO_NOISE
05-18 14:03:59.891   598   598 E wificond: Failed to get NL80211_RATE_INFO_SNR
05-18 14:03:59.891   598   598 E wificond: Failed to get NL80211_STA_INFO_CNAHLOAD
05-18 14:03:59.893  1139  1139 I chatty  : uid=1000 system_server expire 6 lines
05-18 14:03:59.902  1139  1441 I chatty  : uid=1000(system) NetdConnector expire 2 lines
05-18 14:03:59.911  1139  5150 I chatty  : uid=1000(system) Binder:1139_1A expire 23 lines
05-18 14:03:59.912  1925  1925 D HwGameAssistantService: ScreenOnReceiver
05-18 14:03:59.963  2655  7063 W ContextImpl: Calling a method in the system process without a qualified user: android.app.ContextImpl.bindService:1736 android.content.ContextWrapper.bindService:678 com.huawei.nb.dataservice.dsclient.RemoteServiceConnection.open:90 com.huawei.nb.dataservice.dsclient.DataServiceProxy.connect:105 com.huawei.nb.dataservice.rsclient.internal.RemoteRuleService.start:27 
05-18 14:04:01.759  1139  1407 I chatty  : uid=1000(system) android.anim expire 4 lines
05-18 14:04:01.772  1139  6006 I chatty  : uid=1000(system) Binder:1139_1B expire 4 lines
05-18 14:04:01.784  9318  9318 V ActivityThread: ActivityThread,callActivityOnCreate
05-18 14:04:01.791  1139  2772 I chatty  : uid=1000(system) Binder:1139_15 expire 60 lines
05-18 14:04:01.880  1139  1407 I chatty  : uid=1000(system) android.anim expire 20 lines
05-18 14:04:01.984  9318  9318 D ActivityThread: add activity client record, r= ActivityRecord{35bc118 token=android.os.BinderProxy@aff9735 {com.cambricon.productdisplay/com.cambricon.productdisplay.activity.ClassificationActivity}} token= android.os.BinderProxy@aff9735
05-18 14:04:01.998  1139  2778 I chatty  : uid=1000(system) Binder:1139_17 expire 7 lines
05-18 14:04:02.024  1546  1559 I CommandQueue: updateBarBgColor
05-18 14:04:02.024  1546  1559 D CommandQueue: CommandQueue, setBarBackgroundColor
05-18 14:04:02.909   598   598 E wificond: Failed to get NL80211_RATE_INFO_NOISE
05-18 14:04:02.909   598   598 E wificond: Failed to get NL80211_RATE_INFO_SNR
05-18 14:04:02.910   598   598 E wificond: Failed to get NL80211_STA_INFO_CNAHLOAD
05-18 14:04:03.505  1139  1312 I chatty  : uid=1000(system) PowerManagerSer expire 1 line
05-18 14:04:04.866  1139  1428 I chatty  : uid=1000(system) AlarmManager expire 1 line
05-18 14:04:05.789   598   598 E wificond: Failed to get NL80211_RATE_INFO_NOISE
05-18 14:04:05.789   598   598 E wificond: Failed to get NL80211_RATE_INFO_SNR
05-18 14:04:05.789   598   598 E wificond: Failed to get NL80211_STA_INFO_CNAHLOAD
05-18 14:04:05.791   598   598 E wificond: Failed to get NL80211_RATE_INFO_NOISE
05-18 14:04:05.791   598   598 E wificond: Failed to get NL80211_RATE_INFO_SNR
05-18 14:04:05.791   598   598 E wificond: Failed to get NL80211_STA_INFO_CNAHLOAD
05-18 14:04:05.914   598   598 E wificond: Failed to get NL80211_RATE_INFO_NOISE
05-18 14:04:05.914   598   598 E wificond: Failed to get NL80211_RATE_INFO_SNR
05-18 14:04:05.914   598   598 E wificond: Failed to get NL80211_STA_INFO_CNAHLOAD
05-18 14:04:07.289  1139  1139 I chatty  : uid=1000 system_server expire 9 lines
05-18 14:04:08.928   598   598 E wificond: Failed to get NL80211_RATE_INFO_NOISE
05-18 14:04:08.928   598   598 E wificond: Failed to get NL80211_RATE_INFO_SNR
05-18 14:04:08.928   598   598 E wificond: Failed to get NL80211_STA_INFO_CNAHLOAD
05-18 14:04:11.937   598   598 E wificond: Failed to get NL80211_RATE_INFO_NOISE
05-18 14:04:11.937   598   598 E wificond: Failed to get NL80211_RATE_INFO_SNR
05-18 14:04:11.937   598   598 E wificond: Failed to get NL80211_STA_INFO_CNAHLOAD
05-18 14:04:13.797   598   598 E wificond: Failed to get NL80211_RATE_INFO_NOISE
05-18 14:04:13.797   598   598 E wificond: Failed to get NL80211_RATE_INFO_SNR
05-18 14:04:13.797   598   598 E wificond: Failed to get NL80211_STA_INFO_CNAHLOAD
05-18 14:04:13.799   598   598 E wificond: Failed to get NL80211_RATE_INFO_NOISE
05-18 14:04:13.799   598   598 E wificond: Failed to get NL80211_RATE_INFO_SNR
05-18 14:04:13.799   598   598 E wificond: Failed to get NL80211_STA_INFO_CNAHLOAD
05-18 14:04:14.946   598   598 E wificond: Failed to get NL80211_RATE_INFO_NOISE
05-18 14:04:14.946   598   598 E wificond: Failed to get NL80211_RATE_INFO_SNR
05-18 14:04:14.946   598   598 E wificond: Failed to get NL80211_STA_INFO_CNAHLOAD
05-18 14:04:16.318  1139  1413 I chatty  : uid=1000(system) UEventObserver expire 2 lines
05-18 14:04:16.319  1139  2772 I chatty  : uid=1000(system) Binder:1139_15 expire 25 lines
05-18 14:04:17.956   598   598 E wificond: Failed to get NL80211_RATE_INFO_NOISE
05-18 14:04:17.956   598   598 E wificond: Failed to get NL80211_RATE_INFO_SNR
05-18 14:04:17.956   598   598 E wificond: Failed to get NL80211_STA_INFO_CNAHLOAD
05-18 14:04:18.829  1139  1407 I chatty  : uid=1000(system) android.anim expire 6 lines
05-18 14:04:19.744  1139  2727 I chatty  : uid=1000(system) Binder:1139_10 expire 13 lines
05-18 14:04:19.755  1139  2012 I chatty  : uid=1000(system) Binder:1139_B expire 46 lines
05-18 14:04:19.757  1546  1562 I CommandQueue: updateBarBgColor
05-18 14:04:19.757  1546  1562 D CommandQueue: CommandQueue, setBarBackgroundColor
05-18 14:04:19.775  1139  2727 I chatty  : uid=1000(system) Binder:1139_10 expire 26 lines
05-18 14:04:19.779  1139  2772 I chatty  : uid=1000(system) Binder:1139_15 expire 13 lines
05-18 14:04:19.781  1139  1407 I chatty  : uid=1000(system) android.anim expire 16 lines
05-18 14:04:19.833  9318  9318 D ActivityThread: Remove activity client record, r= ActivityRecord{35bc118 token=android.os.BinderProxy@aff9735 {com.cambricon.productdisplay/com.cambricon.productdisplay.activity.ClassificationActivity}} token= android.os.BinderProxy@aff9735
05-18 14:04:20.971   598   598 E wificond: Failed to get NL80211_RATE_INFO_NOISE
05-18 14:04:20.971   598   598 E wificond: Failed to get NL80211_RATE_INFO_SNR
05-18 14:04:20.972   598   598 E wificond: Failed to get NL80211_STA_INFO_CNAHLOAD
05-18 14:04:20.974  1139  1461 I chatty  : uid=1000(system) ConnectivitySer expire 4 lines
05-18 14:04:21.789   598   598 E wificond: Failed to get NL80211_RATE_INFO_NOISE
05-18 14:04:21.789   598   598 E wificond: Failed to get NL80211_RATE_INFO_SNR
05-18 14:04:21.789   598   598 E wificond: Failed to get NL80211_STA_INFO_CNAHLOAD
05-18 14:04:21.792   598   598 E wificond: Failed to get NL80211_RATE_INFO_NOISE
05-18 14:04:21.792   598   598 E wificond: Failed to get NL80211_RATE_INFO_SNR
05-18 14:04:21.792   598   598 E wificond: Failed to get NL80211_STA_INFO_CNAHLOAD
05-18 14:04:22.337  1139  1432 I chatty  : uid=1000(system) InputDispatcher expire 2 lines
05-18 14:04:22.398  1139  1325 I chatty  : uid=1000(system) HwBinder:1139_1 expire 1 line
05-18 14:04:22.399  1139  1419 I chatty  : uid=1000(system) fingerprintServ expire 2 lines
05-18 14:04:22.445  1139  5150 I chatty  : uid=1000(system) Binder:1139_1A expire 7 lines
05-18 14:04:22.448  1546  7821 I CommandQueue: updateBarBgColor
05-18 14:04:22.448  1546  7821 D CommandQueue: CommandQueue, setBarBackgroundColor
05-18 14:04:22.459  1139  1282 I chatty  : uid=1000(system) android.ui expire 3 lines
05-18 14:04:22.914  1139  1139 I chatty  : uid=1000 system_server expire 15 lines
05-18 14:04:23.544  1139  1950 I chatty  : uid=1000(system) Binder:1139_6 expire 22 lines
05-18 14:04:23.544  1864  2178 I HwNetworkPolicyManager: getHwUidPolicy uid = 10067 policy = 0
05-18 14:04:23.547  1546  7821 I CommandQueue: updateBarBgColor
05-18 14:04:23.547  1546  7821 D CommandQueue: CommandQueue, setBarBackgroundColor
05-18 14:04:23.633  1139  1899 I chatty  : uid=1000(system) MultiTaskManage expire 2 lines
05-18 14:04:23.635  1139  9421 I chatty  : uid=1000 system_server expire 6 lines
05-18 14:04:23.650  1925  1925 I HwCoreAppHelperService: LocalReceiver receives:android.intent.action.PACKAGE_RESTARTED,pkg:com.cambricon.productdisplay,uid:10110
05-18 14:04:23.718  1139  1307 I chatty  : uid=1000(system) android.display expire 4 lines
05-18 14:04:23.986   598   598 E wificond: Failed to get NL80211_RATE_INFO_NOISE
05-18 14:04:23.986   598   598 E wificond: Failed to get NL80211_RATE_INFO_SNR
05-18 14:04:23.986   598   598 E wificond: Failed to get NL80211_STA_INFO_CNAHLOAD
05-18 14:04:24.768  1139  1433 I chatty  : uid=1000(system) InputReader expire 2 lines
05-18 14:04:24.947  1139  1312 I chatty  : uid=1000(system) PowerManagerSer expire 16 lines
05-18 14:04:24.989  1139  1281 I chatty  : uid=1000(system) ActivityManager expire 1 line
05-18 14:04:24.990  2606  2606 V ActivityThread: Finishing stop of ActivityRecord{d493774 token=android.os.BinderProxy@ae6f002 {com.huawei.android.launcher/com.huawei.android.launcher.unihome.UniHomeLauncher}}
05-18 14:04:25.169  1139  1528 I chatty  : uid=1000(system) PhotonicModulat expire 1 line
05-18 14:04:25.200  1139  1458 I chatty  : uid=1000(system) WifiP2pService expire 5 lines
05-18 14:04:25.237  1139  1441 I chatty  : uid=1000(system) NetdConnector expire 10 lines
05-18 14:04:25.253  1546  1546 V KeyguardStatusView: refresh statusview showing:true
05-18 14:04:25.257  1546  1546 V KeyguardDisplayManager: show
05-18 14:04:25.266  1925  7216 D AntiBruteForceProcessor: RemainingAuthenticateNum = 5
05-18 14:04:25.545  2606  2606 V ActivityThread: Handle window ActivityRecord{d493774 token=android.os.BinderProxy@ae6f002 {com.huawei.android.launcher/com.huawei.android.launcher.unihome.UniHomeLauncher}} visibility: false
05-18 14:04:25.652  1139  2553 I chatty  : uid=1000(system) HwDeviceUsageCo expire 1 line
05-18 14:04:25.691  2655  7298 W ContextImpl: Calling a method in the system process without a qualified user: android.app.ContextImpl.bindService:1736 android.content.ContextWrapper.bindService:678 com.huawei.nb.dataservice.dsclient.RemoteServiceConnection.open:90 com.huawei.nb.dataservice.dsclient.DataServiceProxy.connect:105 com.huawei.nb.dataservice.rsclient.internal.RemoteRuleService.start:27 
05-18 14:04:25.719  1139  1861 I chatty  : uid=1000(system) watchdog expire 8 lines
05-18 14:04:27.190  1139  6366 I chatty  : uid=1000(system) Binder:1139_1F expire 6 lines
05-18 14:04:29.805   598   598 E wificond: Failed to get NL80211_RATE_INFO_NOISE
05-18 14:04:29.805   598   598 E wificond: Failed to get NL80211_RATE_INFO_SNR
05-18 14:04:29.805   598   598 E wificond: Failed to get NL80211_STA_INFO_CNAHLOAD
05-18 14:04:29.809   598   598 E wificond: Failed to get NL80211_RATE_INFO_NOISE
05-18 14:04:29.809   598   598 E wificond: Failed to get NL80211_RATE_INFO_SNR
05-18 14:04:29.809   598   598 E wificond: Failed to get NL80211_STA_INFO_CNAHLOAD
05-18 14:04:37.815   598   598 E wificond: Failed to get NL80211_RATE_INFO_NOISE
05-18 14:04:37.815   598   598 E wificond: Failed to get NL80211_RATE_INFO_SNR
05-18 14:04:37.815   598   598 E wificond: Failed to get NL80211_STA_INFO_CNAHLOAD
05-18 14:04:37.818   598   598 E wificond: Failed to get NL80211_RATE_INFO_NOISE
05-18 14:04:37.818   598   598 E wificond: Failed to get NL80211_RATE_INFO_SNR
05-18 14:04:37.818   598   598 E wificond: Failed to get NL80211_STA_INFO_CNAHLOAD
05-18 14:04:41.939   451  1094 W SocketListener: sending broadcast to Pid = 1139, Uid = 1000 
05-18 14:04:41.947  1139  1305 I chatty  : uid=1000(system) android.fg expire 6 lines
05-18 14:04:42.931   451  1094 W SocketListener: sending broadcast to Pid = 1139, Uid = 1000 
05-18 14:04:45.823   598   598 E wificond: Failed to get NL80211_RATE_INFO_NOISE
05-18 14:04:45.824   598   598 E wificond: Failed to get NL80211_RATE_INFO_SNR
05-18 14:04:45.824   598   598 E wificond: Failed to get NL80211_STA_INFO_CNAHLOAD
05-18 14:04:45.827   598   598 E wificond: Failed to get NL80211_RATE_INFO_NOISE
05-18 14:04:45.827   598   598 E wificond: Failed to get NL80211_RATE_INFO_SNR
05-18 14:04:45.827   598   598 E wificond: Failed to get NL80211_STA_INFO_CNAHLOAD
05-18 14:04:46.498  1139  1413 I chatty  : uid=1000(system) UEventObserver expire 10 lines
05-18 14:04:46.515  1139  1139 I chatty  : uid=1000 system_server expire 10 lines
05-18 14:04:53.827   598   598 E wificond: Failed to get NL80211_RATE_INFO_NOISE
05-18 14:04:53.827   598   598 E wificond: Failed to get NL80211_RATE_INFO_SNR
05-18 14:04:53.827   598   598 E wificond: Failed to get NL80211_STA_INFO_CNAHLOAD
05-18 14:04:53.830   598   598 E wificond: Failed to get NL80211_RATE_INFO_NOISE
05-18 14:04:53.830   598   598 E wificond: Failed to get NL80211_RATE_INFO_SNR
05-18 14:04:53.830   598   598 E wificond: Failed to get NL80211_STA_INFO_CNAHLOAD
05-18 14:05:01.840   598   598 E wificond: Failed to get NL80211_RATE_INFO_NOISE
05-18 14:05:01.840   598   598 E wificond: Failed to get NL80211_RATE_INFO_SNR
05-18 14:05:01.840   598   598 E wificond: Failed to get NL80211_STA_INFO_CNAHLOAD
05-18 14:05:01.843   598   598 E wificond: Failed to get NL80211_RATE_INFO_NOISE
05-18 14:05:01.843   598   598 E wificond: Failed to get NL80211_RATE_INFO_SNR
