05-18 14:05:01.843   598   598 E wificond: Failed to get NL80211_STA_INFO_CNAHLOAD
05-18 14:05:07.027   451  1094 W SocketListener: sending broadcast to Pid = 1139, Uid = 1000 
05-18 14:05:09.852   598   598 E wificond: Failed to get NL80211_RATE_INFO_NOISE
05-18 14:05:09.852   598   598 E wificond: Failed to get NL80211_RATE_INFO_SNR
05-18 14:05:09.852   598   598 E wificond: Failed to get NL80211_STA_INFO_CNAHLOAD
05-18 14:05:09.855   598   598 E wificond: Failed to get NL80211_RATE_INFO_NOISE
05-18 14:05:09.855   598   598 E wificond: Failed to get NL80211_RATE_INFO_SNR
05-18 14:05:09.855   598   598 E wificond: Failed to get NL80211_STA_INFO_CNAHLOAD
05-18 14:05:17.850   598   598 E wificond: Failed to get NL80211_RATE_INFO_NOISE
05-18 14:05:17.850   598   598 E wificond: Failed to get NL80211_RATE_INFO_SNR
05-18 14:05:17.851   598   598 E wificond: Failed to get NL80211_STA_INFO_CNAHLOAD
05-18 14:05:17.854   598   598 E wificond: Failed to get NL80211_RATE_INFO_NOISE
05-18 14:05:17.854   598   598 E wificond: Failed to get NL80211_RATE_INFO_SNR
05-18 14:05:17.854   598   598 E wificond: Failed to get NL80211_STA_INFO_CNAHLOAD
05-18 14:05:25.858   598   598 E wificond: Failed to get NL80211_RATE_INFO_NOISE
05-18 14:05:25.858   598   598 E wificond: Failed to get NL80211_RATE_INFO_SNR
05-18 14:05:25.859   598   598 E wificond: Failed to get NL80211_STA_INFO_CNAHLOAD
05-18 14:05:25.862   598   598 E wificond: Failed to get NL80211_RATE_INFO_NOISE
05-18 14:05:25.862   598   598 E wificond: Failed to get NL80211_RATE_INFO_SNR
05-18 14:05:25.862   598   598 E wificond: Failed to get NL80211_STA_INFO_CNAHLOAD
05-18 14:05:33.867   598   598 E wificond: Failed to get NL80211_RATE_INFO_NOISE
05-18 14:05:33.867   598   598 E wificond: Failed to get NL80211_RATE_INFO_SNR
05-18 14:05:33.867   598   598 E wificond: Failed to get NL80211_STA_INFO_CNAHLOAD
05-18 14:05:33.870   598   598 E wificond: Failed to get NL80211_RATE_INFO_NOISE
05-18 14:05:33.870   598   598 E wificond: Failed to get NL80211_RATE_INFO_SNR
05-18 14:05:33.870   598   598 E wificond: Failed to get NL80211_STA_INFO_CNAHLOAD
05-18 14:05:41.876   598   598 E wificond: Failed to get NL80211_RATE_INFO_NOISE
05-18 14:05:41.877   598   598 E wificond: Failed to get NL80211_RATE_INFO_SNR
05-18 14:05:41.877   598   598 E wificond: Failed to get NL80211_STA_INFO_CNAHLOAD
05-18 14:05:41.880   598   598 E wificond: Failed to get NL80211_RATE_INFO_NOISE
05-18 14:05:41.880   598   598 E wificond: Failed to get NL80211_RATE_INFO_SNR
05-18 14:05:41.880   598   598 E wificond: Failed to get NL80211_STA_INFO_CNAHLOAD
05-18 14:05:49.884   598   598 E wificond: Failed to get NL80211_RATE_INFO_NOISE
05-18 14:05:49.884   598   598 E wificond: Failed to get NL80211_RATE_INFO_SNR
05-18 14:05:49.884   598   598 E wificond: Failed to get NL80211_STA_INFO_CNAHLOAD
05-18 14:05:49.887   598   598 E wificond: Failed to get NL80211_RATE_INFO_NOISE
05-18 14:05:49.887   598   598 E wificond: Failed to get NL80211_RATE_INFO_SNR
05-18 14:05:49.887   598   598 E wificond: Failed to get NL80211_STA_INFO_CNAHLOAD
05-18 14:05:56.008   451  1094 W SocketListener: sending broadcast to Pid = 1139, Uid = 1000 
05-18 14:05:56.024  1139  2012 I chatty  : uid=1000(system) Binder:1139_B expire 2 lines
05-18 14:05:57.884   598   598 E wificond: Failed to get NL80211_RATE_INFO_NOISE
05-18 14:05:57.884   598   598 E wificond: Failed to get NL80211_RATE_INFO_SNR
05-18 14:05:57.884   598   598 E wificond: Failed to get NL80211_STA_INFO_CNAHLOAD
05-18 14:05:57.887   598   598 E wificond: Failed to get NL80211_RATE_INFO_NOISE
05-18 14:05:57.887   598   598 E wificond: Failed to get NL80211_RATE_INFO_SNR
05-18 14:05:57.887   598   598 E wificond: Failed to get NL80211_STA_INFO_CNAHLOAD
05-18 14:06:05.898   598   598 E wificond: Failed to get NL80211_RATE_INFO_NOISE
05-18 14:06:05.898   598   598 E wificond: Failed to get NL80211_RATE_INFO_SNR
05-18 14:06:05.899   598   598 E wificond: Failed to get NL80211_STA_INFO_CNAHLOAD
05-18 14:06:05.901   598   598 E wificond: Failed to get NL80211_RATE_INFO_NOISE
05-18 14:06:05.902   598   598 E wificond: Failed to get NL80211_RATE_INFO_SNR
05-18 14:06:05.902   598   598 E wificond: Failed to get NL80211_STA_INFO_CNAHLOAD
05-18 14:06:13.907   598   598 E wificond: Failed to get NL80211_RATE_INFO_NOISE
05-18 14:06:13.907   598   598 E wificond: Failed to get NL80211_RATE_INFO_SNR
05-18 14:06:13.907   598   598 E wificond: Failed to get NL80211_STA_INFO_CNAHLOAD
05-18 14:06:13.912   598   598 E wificond: Failed to get NL80211_RATE_INFO_NOISE
05-18 14:06:13.913   598   598 E wificond: Failed to get NL80211_RATE_INFO_SNR
05-18 14:06:13.913   598   598 E wificond: Failed to get NL80211_STA_INFO_CNAHLOAD
05-18 14:06:16.595   451  1094 W SocketListener: sending broadcast to Pid = 1139, Uid = 1000 
05-18 14:06:16.599  1139  1441 I chatty  : uid=1000(system) NetdConnector expire 4 lines
05-18 14:06:21.917   598   598 E wificond: Failed to get NL80211_RATE_INFO_NOISE
05-18 14:06:21.917   598   598 E wificond: Failed to get NL80211_RATE_INFO_SNR
05-18 14:06:21.917   598   598 E wificond: Failed to get NL80211_STA_INFO_CNAHLOAD
05-18 14:06:21.923   598   598 E wificond: Failed to get NL80211_RATE_INFO_NOISE
05-18 14:06:21.923   598   598 E wificond: Failed to get NL80211_RATE_INFO_SNR
05-18 14:06:21.923   598   598 E wificond: Failed to get NL80211_STA_INFO_CNAHLOAD
05-18 14:06:29.926   598   598 E wificond: Failed to get NL80211_RATE_INFO_NOISE
05-18 14:06:29.926   598   598 E wificond: Failed to get NL80211_RATE_INFO_SNR
05-18 14:06:29.926   598   598 E wificond: Failed to get NL80211_STA_INFO_CNAHLOAD
05-18 14:06:29.929   598   598 E wificond: Failed to get NL80211_RATE_INFO_NOISE
05-18 14:06:29.929   598   598 E wificond: Failed to get NL80211_RATE_INFO_SNR
05-18 14:06:29.929   598   598 E wificond: Failed to get NL80211_STA_INFO_CNAHLOAD
05-18 14:06:37.934   598   598 E wificond: Failed to get NL80211_RATE_INFO_NOISE
05-18 14:06:37.934   598   598 E wificond: Failed to get NL80211_RATE_INFO_SNR
05-18 14:06:37.934   598   598 E wificond: Failed to get NL80211_STA_INFO_CNAHLOAD
05-18 14:06:37.938   598   598 E wificond: Failed to get NL80211_RATE_INFO_NOISE
05-18 14:06:37.938   598   598 E wificond: Failed to get NL80211_RATE_INFO_SNR
05-18 14:06:37.938   598   598 E wificond: Failed to get NL80211_STA_INFO_CNAHLOAD
05-18 14:06:45.944   598   598 E wificond: Failed to get NL80211_RATE_INFO_NOISE
05-18 14:06:45.944   598   598 E wificond: Failed to get NL80211_RATE_INFO_SNR
05-18 14:06:45.944   598   598 E wificond: Failed to get NL80211_STA_INFO_CNAHLOAD
05-18 14:06:45.948   598   598 E wificond: Failed to get NL80211_RATE_INFO_NOISE
05-18 14:06:45.948   598   598 E wificond: Failed to get NL80211_RATE_INFO_SNR
05-18 14:06:45.948   598   598 E wificond: Failed to get NL80211_STA_INFO_CNAHLOAD
05-18 14:06:53.953   598   598 E wificond: Failed to get NL80211_RATE_INFO_NOISE
05-18 14:06:53.953   598   598 E wificond: Failed to get NL80211_RATE_INFO_SNR
05-18 14:06:53.953   598   598 E wificond: Failed to get NL80211_STA_INFO_CNAHLOAD
05-18 14:06:53.957   598   598 E wificond: Failed to get NL80211_RATE_INFO_NOISE
05-18 14:06:53.957   598   598 E wificond: Failed to get NL80211_RATE_INFO_SNR
05-18 14:06:53.957   598   598 E wificond: Failed to get NL80211_STA_INFO_CNAHLOAD
05-18 14:07:01.961   598   598 E wificond: Failed to get NL80211_RATE_INFO_NOISE
05-18 14:07:01.962   598   598 E wificond: Failed to get NL80211_RATE_INFO_SNR
05-18 14:07:01.962   598   598 E wificond: Failed to get NL80211_STA_INFO_CNAHLOAD
05-18 14:07:01.965   598   598 E wificond: Failed to get NL80211_RATE_INFO_NOISE
05-18 14:07:01.966   598   598 E wificond: Failed to get NL80211_RATE_INFO_SNR
05-18 14:07:01.966   598   598 E wificond: Failed to get NL80211_STA_INFO_CNAHLOAD
05-18 14:07:09.971   598   598 E wificond: Failed to get NL80211_RATE_INFO_NOISE
05-18 14:07:09.971   598   598 E wificond: Failed to get NL80211_RATE_INFO_SNR
05-18 14:07:09.971   598   598 E wificond: Failed to get NL80211_STA_INFO_CNAHLOAD
05-18 14:07:09.974   598   598 E wificond: Failed to get NL80211_RATE_INFO_NOISE
05-18 14:07:09.974   598   598 E wificond: Failed to get NL80211_RATE_INFO_SNR
05-18 14:07:09.974   598   598 E wificond: Failed to get NL80211_STA_INFO_CNAHLOAD
05-18 14:07:17.541  1139  1413 I chatty  : uid=1000(system) UEventObserver expire 4 lines
05-18 14:07:17.979   598   598 E wificond: Failed to get NL80211_RATE_INFO_NOISE
05-18 14:07:17.979   598   598 E wificond: Failed to get NL80211_RATE_INFO_SNR
05-18 14:07:17.979   598   598 E wificond: Failed to get NL80211_STA_INFO_CNAHLOAD
05-18 14:07:17.983   598   598 E wificond: Failed to get NL80211_RATE_INFO_NOISE
05-18 14:07:17.983   598   598 E wificond: Failed to get NL80211_RATE_INFO_SNR
05-18 14:07:17.983   598   598 E wificond: Failed to get NL80211_STA_INFO_CNAHLOAD
05-18 14:07:25.985   598   598 E wificond: Failed to get NL80211_RATE_INFO_NOISE
05-18 14:07:25.985   598   598 E wificond: Failed to get NL80211_RATE_INFO_SNR
05-18 14:07:25.985   598   598 E wificond: Failed to get NL80211_STA_INFO_CNAHLOAD
05-18 14:07:25.989   598   598 E wificond: Failed to get NL80211_RATE_INFO_NOISE
05-18 14:07:25.989   598   598 E wificond: Failed to get NL80211_RATE_INFO_SNR
05-18 14:07:25.989   598   598 E wificond: Failed to get NL80211_STA_INFO_CNAHLOAD
05-18 14:07:33.998   598   598 E wificond: Failed to get NL80211_RATE_INFO_NOISE
05-18 14:07:33.998   598   598 E wificond: Failed to get NL80211_RATE_INFO_SNR
05-18 14:07:33.998   598   598 E wificond: Failed to get NL80211_STA_INFO_CNAHLOAD
05-18 14:07:34.001   598   598 E wificond: Failed to get NL80211_RATE_INFO_NOISE
05-18 14:07:34.001   598   598 E wificond: Failed to get NL80211_RATE_INFO_SNR
05-18 14:07:34.001   598   598 E wificond: Failed to get NL80211_STA_INFO_CNAHLOAD
05-18 14:07:42.007   598   598 E wificond: Failed to get NL80211_RATE_INFO_NOISE
05-18 14:07:42.008   598   598 E wificond: Failed to get NL80211_RATE_INFO_SNR
05-18 14:07:42.008   598   598 E wificond: Failed to get NL80211_STA_INFO_CNAHLOAD
05-18 14:07:42.011   598   598 E wificond: Failed to get NL80211_RATE_INFO_NOISE
05-18 14:07:42.011   598   598 E wificond: Failed to get NL80211_RATE_INFO_SNR
05-18 14:07:42.011   598   598 E wificond: Failed to get NL80211_STA_INFO_CNAHLOAD
05-18 14:07:50.016   598   598 E wificond: Failed to get NL80211_RATE_INFO_NOISE
05-18 14:07:50.016   598   598 E wificond: Failed to get NL80211_RATE_INFO_SNR
05-18 14:07:50.016   598   598 E wificond: Failed to get NL80211_STA_INFO_CNAHLOAD
05-18 14:07:50.019   598   598 E wificond: Failed to get NL80211_RATE_INFO_NOISE
05-18 14:07:50.019   598   598 E wificond: Failed to get NL80211_RATE_INFO_SNR
05-18 14:07:50.019   598   598 E wificond: Failed to get NL80211_STA_INFO_CNAHLOAD
05-18 14:07:57.973   451  1094 W SocketListener: sending broadcast to Pid = 1139, Uid = 1000 
05-18 14:07:57.989  1139  2772 I chatty  : uid=1000(system) Binder:1139_15 expire 1 line
05-18 14:07:58.018   598   598 E wificond: Failed to get NL80211_RATE_INFO_NOISE
05-18 14:07:58.018   598   598 E wificond: Failed to get NL80211_RATE_INFO_SNR
05-18 14:07:58.018   598   598 E wificond: Failed to get NL80211_STA_INFO_CNAHLOAD
05-18 14:07:58.022   598   598 E wificond: Failed to get NL80211_RATE_INFO_NOISE
05-18 14:07:58.022   598   598 E wificond: Failed to get NL80211_RATE_INFO_SNR
05-18 14:07:58.022   598   598 E wificond: Failed to get NL80211_STA_INFO_CNAHLOAD
05-18 14:08:00.004  1139  1139 I chatty  : uid=1000 system_server expire 11 lines
05-18 14:08:00.070  1139  6366 I chatty  : uid=1000(system) Binder:1139_1F expire 18 lines
05-18 14:08:06.028   598   598 E wificond: Failed to get NL80211_RATE_INFO_NOISE
05-18 14:08:06.028   598   598 E wificond: Failed to get NL80211_RATE_INFO_SNR
05-18 14:08:06.028   598   598 E wificond: Failed to get NL80211_STA_INFO_CNAHLOAD
05-18 14:08:06.031   598   598 E wificond: Failed to get NL80211_RATE_INFO_NOISE
05-18 14:08:06.031   598   598 E wificond: Failed to get NL80211_RATE_INFO_SNR
05-18 14:08:06.031   598   598 E wificond: Failed to get NL80211_STA_INFO_CNAHLOAD
05-18 14:08:14.035   598   598 E wificond: Failed to get NL80211_RATE_INFO_NOISE
05-18 14:08:14.036   598   598 E wificond: Failed to get NL80211_RATE_INFO_SNR
05-18 14:08:14.036   598   598 E wificond: Failed to get NL80211_STA_INFO_CNAHLOAD
05-18 14:08:14.039   598   598 E wificond: Failed to get NL80211_RATE_INFO_NOISE
05-18 14:08:14.039   598   598 E wificond: Failed to get NL80211_RATE_INFO_SNR
05-18 14:08:14.039   598   598 E wificond: Failed to get NL80211_STA_INFO_CNAHLOAD
05-18 14:08:17.952  1139  1413 I chatty  : uid=1000(system) UEventObserver expire 6 lines
05-18 14:08:22.043   598   598 E wificond: Failed to get NL80211_RATE_INFO_NOISE
05-18 14:08:22.043   598   598 E wificond: Failed to get NL80211_RATE_INFO_SNR
05-18 14:08:22.043   598   598 E wificond: Failed to get NL80211_STA_INFO_CNAHLOAD
05-18 14:08:22.047   598   598 E wificond: Failed to get NL80211_RATE_INFO_NOISE
05-18 14:08:22.047   598   598 E wificond: Failed to get NL80211_RATE_INFO_SNR
05-18 14:08:22.047   598   598 E wificond: Failed to get NL80211_STA_INFO_CNAHLOAD
05-18 14:08:25.735  1139  1861 I chatty  : uid=1000(system) watchdog expire 2 lines
05-18 14:08:28.115   451  1094 W SocketListener: sending broadcast to Pid = 1139, Uid = 1000 
05-18 14:08:28.118  1139  1441 I chatty  : uid=1000(system) NetdConnector expire 14 lines
05-18 14:08:28.123  1139  1305 I chatty  : uid=1000(system) android.fg expire 4 lines
05-18 14:08:28.212   451  1094 W SocketListener: sending broadcast to Pid = 1139, Uid = 1000 
05-18 14:08:30.045   598   598 E wificond: Failed to get NL80211_RATE_INFO_NOISE
05-18 14:08:30.045   598   598 E wificond: Failed to get NL80211_RATE_INFO_SNR
05-18 14:08:30.045   598   598 E wificond: Failed to get NL80211_STA_INFO_CNAHLOAD
05-18 14:08:30.048   598   598 E wificond: Failed to get NL80211_RATE_INFO_NOISE
05-18 14:08:30.048   598   598 E wificond: Failed to get NL80211_RATE_INFO_SNR
05-18 14:08:30.048   598   598 E wificond: Failed to get NL80211_STA_INFO_CNAHLOAD
05-18 14:08:38.056   598   598 E wificond: Failed to get NL80211_RATE_INFO_NOISE
05-18 14:08:38.056   598   598 E wificond: Failed to get NL80211_RATE_INFO_SNR
05-18 14:08:38.056   598   598 E wificond: Failed to get NL80211_STA_INFO_CNAHLOAD
05-18 14:08:38.059   598   598 E wificond: Failed to get NL80211_RATE_INFO_NOISE
05-18 14:08:38.059   598   598 E wificond: Failed to get NL80211_RATE_INFO_SNR
05-18 14:08:38.059   598   598 E wificond: Failed to get NL80211_STA_INFO_CNAHLOAD
05-18 14:08:43.635   451  1094 W SocketListener: sending broadcast to Pid = 1139, Uid = 1000 
05-18 14:08:46.065   598   598 E wificond: Failed to get NL80211_RATE_INFO_NOISE
05-18 14:08:46.065   598   598 E wificond: Failed to get NL80211_RATE_INFO_SNR
05-18 14:08:46.066   598   598 E wificond: Failed to get NL80211_STA_INFO_CNAHLOAD
05-18 14:08:46.068   598   598 E wificond: Failed to get NL80211_RATE_INFO_NOISE
05-18 14:08:46.069   598   598 E wificond: Failed to get NL80211_RATE_INFO_SNR
05-18 14:08:46.069   598   598 E wificond: Failed to get NL80211_STA_INFO_CNAHLOAD
05-18 14:08:54.075   598   598 E wificond: Failed to get NL80211_RATE_INFO_NOISE
05-18 14:08:54.075   598   598 E wificond: Failed to get NL80211_RATE_INFO_SNR
05-18 14:08:54.075   598   598 E wificond: Failed to get NL80211_STA_INFO_CNAHLOAD
05-18 14:08:54.078   598   598 E wificond: Failed to get NL80211_RATE_INFO_NOISE
05-18 14:08:54.078   598   598 E wificond: Failed to get NL80211_RATE_INFO_SNR
05-18 14:08:54.078   598   598 E wificond: Failed to get NL80211_STA_INFO_CNAHLOAD
05-18 14:08:58.516   451  1094 W SocketListener: sending broadcast to Pid = 1139, Uid = 1000 
05-18 14:08:58.533  1139  2012 I chatty  : uid=1000(system) Binder:1139_B expire 5 lines
05-18 14:09:02.083   598   598 E wificond: Failed to get NL80211_RATE_INFO_NOISE
05-18 14:09:02.083   598   598 E wificond: Failed to get NL80211_RATE_INFO_SNR
05-18 14:09:02.083   598   598 E wificond: Failed to get NL80211_STA_INFO_CNAHLOAD
05-18 14:09:02.086   598   598 E wificond: Failed to get NL80211_RATE_INFO_NOISE
05-18 14:09:02.086   598   598 E wificond: Failed to get NL80211_RATE_INFO_SNR
05-18 14:09:02.086   598   598 E wificond: Failed to get NL80211_STA_INFO_CNAHLOAD
05-18 14:09:09.161  1139  1451 I chatty  : uid=1000(system) IpManager.wlan0 expire 1 line
05-18 14:09:09.172  1139  1458 I chatty  : uid=1000(system) WifiP2pService expire 11 lines
05-18 14:09:09.180  1139  3406 I chatty  : uid=1000(system) DhcpClient expire 4 lines
05-18 14:09:09.210  1139  1461 I chatty  : uid=1000(system) ConnectivitySer expire 9 lines
05-18 14:09:09.214   598   598 E wificond: Failed to get NL80211_RATE_INFO_NOISE
05-18 14:09:09.214   598   598 E wificond: Failed to get NL80211_RATE_INFO_SNR
05-18 14:09:09.214   598   598 E wificond: Failed to get NL80211_STA_INFO_CNAHLOAD
05-18 14:09:09.277  6144  6144 W ContextImpl: Calling a method in the system process without a qualified user: android.app.ContextImpl.startService:1656 android.content.ContextWrapper.startService:644 android.content.ContextWrapper.startService:644 com.android.settings.wifi.AccessPointConnectedReceiver.onReceive:28 android.app.ActivityThread.handleReceiver:3695 
05-18 14:09:09.291  1139  1281 I chatty  : uid=1000(system) ActivityManager expire 1 line
05-18 14:09:10.075   598   598 E wificond: Failed to get NL80211_RATE_INFO_NOISE
05-18 14:09:10.075   598   598 E wificond: Failed to get NL80211_RATE_INFO_SNR
05-18 14:09:10.075   598   598 E wificond: Failed to get NL80211_STA_INFO_CNAHLOAD
05-18 14:09:10.078   598   598 E wificond: Failed to get NL80211_RATE_INFO_NOISE
05-18 14:09:10.078   598   598 E wificond: Failed to get NL80211_RATE_INFO_SNR
05-18 14:09:10.078   598   598 E wificond: Failed to get NL80211_STA_INFO_CNAHLOAD
05-18 14:09:15.357  1139  1288 I chatty  : uid=1000(system) batterystats-sy expire 2 lines
05-18 14:09:18.087   598   598 E wificond: Failed to get NL80211_RATE_INFO_NOISE
05-18 14:09:18.088   598   598 E wificond: Failed to get NL80211_RATE_INFO_SNR
05-18 14:09:18.088   598   598 E wificond: Failed to get NL80211_STA_INFO_CNAHLOAD
05-18 14:09:18.091   598   598 E wificond: Failed to get NL80211_RATE_INFO_NOISE
05-18 14:09:18.091   598   598 E wificond: Failed to get NL80211_RATE_INFO_SNR
05-18 14:09:18.091   598   598 E wificond: Failed to get NL80211_STA_INFO_CNAHLOAD
05-18 14:09:18.381  1139  1139 I chatty  : uid=1000 system_server expire 5 lines
05-18 14:09:19.134   596   707 E /system/bin/storaged: open file /data/storaged/storaged.txt failed!2
05-18 14:09:19.134   596   707 E /system/bin/storaged: write(append)  diskstat data failed!ts:1526623759,read bytes:2899148800, write bytes: 7297163264
05-18 14:09:19.157   596   707 E /system/bin/storaged: curr_io_stats:  size: 110
05-18 14:09:19.192   596   707 E /system/bin/storaged: open file /data/storaged/storaged.txt failed!2
05-18 14:09:19.192   596   707 E /system/bin/storaged: write(append)  uid data failed!
05-18 14:09:19.194   596   707 E /system/bin/storaged: pid_info get_pids failed
05-18 14:09:22.308  1139  1433 I chatty  : uid=1000(system) InputReader expire 6 lines
05-18 14:09:22.318  1139  1312 I chatty  : uid=1000(system) PowerManagerSer expire 13 lines
05-18 14:09:22.335  1139  1435 I chatty  : uid=1000(system) StorageManagerS expire 2 lines
05-18 14:09:22.336   410   418 I vold    : TrimTask running tasks: 0
05-18 14:09:22.336  1139  1528 I chatty  : uid=1000(system) PhotonicModulat expire 1 line
05-18 14:09:22.337  1139  1438 I chatty  : uid=1000(system) VoldConnector expire 1 line
05-18 14:09:22.338  1139  1307 I chatty  : uid=1000(system) android.display expire 4 lines
05-18 14:09:22.357   598   598 E wificond: Failed to get NL80211_RATE_INFO_NOISE
05-18 14:09:22.357   598   598 E wificond: Failed to get NL80211_RATE_INFO_SNR
05-18 14:09:22.357   598   598 E wificond: Failed to get NL80211_STA_INFO_CNAHLOAD
05-18 14:09:22.360  1139  1407 I chatty  : uid=1000(system) android.anim expire 4 lines
05-18 14:09:22.416  1925  1925 D HwGameAssistantService: ScreenOnReceiver
05-18 14:09:22.420  1139  1950 I chatty  : uid=1000(system) Binder:1139_6 expire 1 line
05-18 14:09:22.426  1139  1282 I chatty  : uid=1000(system) android.ui expire 2 lines
05-18 14:09:22.520  2655  7316 W ContextImpl: Calling a method in the system process without a qualified user: android.app.ContextImpl.bindService:1736 android.content.ContextWrapper.bindService:678 com.huawei.nb.dataservice.dsclient.RemoteServiceConnection.open:90 com.huawei.nb.dataservice.dsclient.DataServiceProxy.connect:105 com.huawei.nb.dataservice.rsclient.internal.RemoteRuleService.start:27 
05-18 14:09:23.002  1139  2762 I chatty  : uid=1000(system) Binder:1139_14 expire 3 lines
05-18 14:09:23.035  1546  1546 V KeyguardDisplayManager: hide
05-18 14:09:23.036  1139  6366 I chatty  : uid=1000(system) Binder:1139_1F expire 73 lines
05-18 14:09:23.037  1139  1139 I chatty  : uid=1000 system_server expire 7 lines
05-18 14:09:23.046  1139  1281 I chatty  : uid=1000(system) ActivityManager expire 5 lines
05-18 14:09:23.049  1139  2012 I chatty  : uid=1000(system) Binder:1139_B expire 58 lines
05-18 14:09:23.049  1139  2762 I chatty  : uid=1000(system) Binder:1139_14 expire 1 line
05-18 14:09:23.057  1139  1441 I chatty  : uid=1000(system) NetdConnector expire 4 lines
05-18 14:09:23.072  1139  1458 I chatty  : uid=1000(system) WifiP2pService expire 5 lines
05-18 14:09:23.105  1139  1456 I chatty  : uid=1000(system) WifiScanningSer expire 1 line
05-18 14:09:23.144  1139  1959 I chatty  : uid=1000(system) Binder:1139_7 expire 23 lines
05-18 14:09:24.281   451  1095 W SocketListener: sending broadcast to Pid = 1139, Uid = 1000 
05-18 14:09:24.295  1139  1305 I chatty  : uid=1000(system) android.fg expire 1 line
05-18 14:09:24.312  1139  2687 I chatty  : uid=1000(system) Binder:1139_C expire 27 lines
05-18 14:09:24.680  1139  1407 I chatty  : uid=1000(system) android.anim expire 43 lines
05-18 14:09:24.710  9493  9493 D ActivityThread: ActivityThread,attachApplication
05-18 14:09:24.726  1139  1282 I chatty  : uid=1000(system) android.ui expire 2 lines
05-18 14:09:24.727  1864  2178 I HwNetworkPolicyManager: getHwUidPolicy uid = 10110 policy = 0
05-18 14:09:24.772  9493  9493 V ActivityThread: ActivityThread,callActivityOnCreate
05-18 14:09:24.843  1139  1512 I chatty  : uid=1000(system) StatisticsCHRMs expire 4 lines
05-18 14:09:24.883  9493  9493 D ActivityThread: add activity client record, r= ActivityRecord{c732276 token=android.os.BinderProxy@623b6b4 {com.cambricon.productdisplay/com.cambricon.productdisplay.activity.SplashActivity}} token= android.os.BinderProxy@623b6b4
05-18 14:09:24.907  1546  1562 I CommandQueue: updateBarBgColor
05-18 14:09:24.907  1546  1562 D CommandQueue: CommandQueue, setBarBackgroundColor
05-18 14:09:25.370   598   598 E wificond: Failed to get NL80211_RATE_INFO_NOISE
05-18 14:09:25.370   598   598 E wificond: Failed to get NL80211_RATE_INFO_SNR
05-18 14:09:25.370   598   598 E wificond: Failed to get NL80211_STA_INFO_CNAHLOAD
05-18 14:09:25.738  1139  1861 I chatty  : uid=1000(system) watchdog expire 1 line
05-18 14:09:25.994  1139  1312 I chatty  : uid=1000(system) PowerManagerSer expire 13 lines
05-18 14:09:26.077   598   598 E wificond: Failed to get NL80211_RATE_INFO_NOISE
05-18 14:09:26.077   598   598 E wificond: Failed to get NL80211_RATE_INFO_SNR
05-18 14:09:26.077   598   598 E wificond: Failed to get NL80211_STA_INFO_CNAHLOAD
05-18 14:09:26.078   598   598 E wificond: Failed to get NL80211_RATE_INFO_NOISE
05-18 14:09:26.078   598   598 E wificond: Failed to get NL80211_RATE_INFO_SNR
05-18 14:09:26.078   598   598 E wificond: Failed to get NL80211_STA_INFO_CNAHLOAD
05-18 14:09:26.414  9493  9493 V ActivityThread: ActivityThread,callActivityOnCreate
05-18 14:09:26.507  9493  9493 D ActivityThread: add activity client record, r= ActivityRecord{1781e86 token=android.os.BinderProxy@73c7c {com.cambricon.productdisplay/com.cambricon.productdisplay.activity.HomeActivity}} token= android.os.BinderProxy@73c7c
05-18 14:09:26.571  1546  1562 I CommandQueue: updateBarBgColor
05-18 14:09:26.571  1546  1562 D CommandQueue: CommandQueue, setBarBackgroundColor
05-18 14:09:26.986  9493  9493 D ActivityThread: Remove activity client record, r= ActivityRecord{c732276 token=android.os.BinderProxy@623b6b4 {com.cambricon.productdisplay/com.cambricon.productdisplay.activity.SplashActivity}} token= android.os.BinderProxy@623b6b4
05-18 14:09:28.378   598   598 E wificond: Failed to get NL80211_RATE_INFO_NOISE
05-18 14:09:28.378   598   598 E wificond: Failed to get NL80211_RATE_INFO_SNR
05-18 14:09:28.378   598   598 E wificond: Failed to get NL80211_STA_INFO_CNAHLOAD
05-18 14:09:30.100  9493  9493 V ActivityThread: ActivityThread,callActivityOnCreate
05-18 14:09:30.286  9493  9493 D ActivityThread: add activity client record, r= ActivityRecord{27b3e8a token=android.os.BinderProxy@8369e1f {com.cambricon.productdisplay/com.cambricon.productdisplay.activity.ClassificationActivity}} token= android.os.BinderProxy@8369e1f
05-18 14:09:30.316  1546  1562 I CommandQueue: updateBarBgColor
05-18 14:09:30.316  1546  1562 D CommandQueue: CommandQueue, setBarBackgroundColor
05-18 14:09:31.393   598   598 E wificond: Failed to get NL80211_RATE_INFO_NOISE
05-18 14:09:31.393   598   598 E wificond: Failed to get NL80211_RATE_INFO_SNR
05-18 14:09:31.393   598   598 E wificond: Failed to get NL80211_STA_INFO_CNAHLOAD
05-18 14:09:32.578  1139  2012 I chatty  : uid=1000(system) Binder:1139_B expire 7 lines
05-18 14:09:34.090   598   598 E wificond: Failed to get NL80211_RATE_INFO_NOISE
05-18 14:09:34.090   598   598 E wificond: Failed to get NL80211_RATE_INFO_SNR
05-18 14:09:34.090   598   598 E wificond: Failed to get NL80211_STA_INFO_CNAHLOAD
05-18 14:09:34.092   598   598 E wificond: Failed to get NL80211_RATE_INFO_NOISE
05-18 14:09:34.092   598   598 E wificond: Failed to get NL80211_RATE_INFO_SNR
05-18 14:09:34.092   598   598 E wificond: Failed to get NL80211_STA_INFO_CNAHLOAD
05-18 14:09:34.398   598   598 E wificond: Failed to get NL80211_RATE_INFO_NOISE
05-18 14:09:34.398   598   598 E wificond: Failed to get NL80211_RATE_INFO_SNR
05-18 14:09:34.398   598   598 E wificond: Failed to get NL80211_STA_INFO_CNAHLOAD
05-18 14:09:34.532  1139  1139 I chatty  : uid=1000 system_server expire 10 lines
05-18 14:09:34.537  1139  6366 I chatty  : uid=1000(system) Binder:1139_1F expire 6 lines
05-18 14:09:34.688  1139  1959 I chatty  : uid=1000(system) Binder:1139_7 expire 10 lines
05-18 14:09:35.056  1139  1407 I chatty  : uid=1000(system) android.anim expire 10 lines
05-18 14:09:37.415   598   598 E wificond: Failed to get NL80211_RATE_INFO_NOISE
05-18 14:09:37.415   598   598 E wificond: Failed to get NL80211_RATE_INFO_SNR
05-18 14:09:37.415   598   598 E wificond: Failed to get NL80211_STA_INFO_CNAHLOAD
05-18 14:09:40.423   598   598 E wificond: Failed to get NL80211_RATE_INFO_NOISE
05-18 14:09:40.424   598   598 E wificond: Failed to get NL80211_RATE_INFO_SNR
05-18 14:09:40.424   598   598 E wificond: Failed to get NL80211_STA_INFO_CNAHLOAD
05-18 14:09:41.278  1139  2772 I chatty  : uid=1000(system) Binder:1139_15 expire 5 lines
05-18 14:09:42.087   598   598 E wificond: Failed to get NL80211_RATE_INFO_NOISE
05-18 14:09:42.088   598   598 E wificond: Failed to get NL80211_RATE_INFO_SNR
05-18 14:09:42.088   598   598 E wificond: Failed to get NL80211_STA_INFO_CNAHLOAD
05-18 14:09:42.091   598   598 E wificond: Failed to get NL80211_RATE_INFO_NOISE
05-18 14:09:42.091   598   598 E wificond: Failed to get NL80211_RATE_INFO_SNR
05-18 14:09:42.091   598   598 E wificond: Failed to get NL80211_STA_INFO_CNAHLOAD
05-18 14:09:43.440   598   598 E wificond: Failed to get NL80211_RATE_INFO_NOISE
05-18 14:09:43.440   598   598 E wificond: Failed to get NL80211_RATE_INFO_SNR
05-18 14:09:43.440   598   598 E wificond: Failed to get NL80211_STA_INFO_CNAHLOAD
05-18 14:09:46.457   598   598 E wificond: Failed to get NL80211_RATE_INFO_NOISE
05-18 14:09:46.457   598   598 E wificond: Failed to get NL80211_RATE_INFO_SNR
05-18 14:09:46.457   598   598 E wificond: Failed to get NL80211_STA_INFO_CNAHLOAD
05-18 14:09:48.581  1139  1413 I chatty  : uid=1000(system) UEventObserver expire 6 lines
05-18 14:09:49.203   451  1098 W SocketListener: sending broadcast to Pid = 1139, Uid = 1000 
05-18 14:09:49.207  1139  1441 I chatty  : uid=1000(system) NetdConnector expire 10 lines
05-18 14:09:49.214  1139  1305 I chatty  : uid=1000(system) android.fg expire 6 lines
05-18 14:09:49.467   598   598 E wificond: Failed to get NL80211_RATE_INFO_NOISE
05-18 14:09:49.468   598   598 E wificond: Failed to get NL80211_RATE_INFO_SNR
05-18 14:09:49.468   598   598 E wificond: Failed to get NL80211_STA_INFO_CNAHLOAD
05-18 14:09:50.087   598   598 E wificond: Failed to get NL80211_RATE_INFO_NOISE
05-18 14:09:50.087   598   598 E wificond: Failed to get NL80211_RATE_INFO_SNR
05-18 14:09:50.087   598   598 E wificond: Failed to get NL80211_STA_INFO_CNAHLOAD
05-18 14:09:50.090   598   598 E wificond: Failed to get NL80211_RATE_INFO_NOISE
05-18 14:09:50.090   598   598 E wificond: Failed to get NL80211_RATE_INFO_SNR
05-18 14:09:50.090   598   598 E wificond: Failed to get NL80211_STA_INFO_CNAHLOAD
05-18 14:09:52.483   598   598 E wificond: Failed to get NL80211_RATE_INFO_NOISE
05-18 14:09:52.483   598   598 E wificond: Failed to get NL80211_RATE_INFO_SNR
05-18 14:09:52.483   598   598 E wificond: Failed to get NL80211_STA_INFO_CNAHLOAD
05-18 14:09:55.494   598   598 E wificond: Failed to get NL80211_RATE_INFO_NOISE
05-18 14:09:55.495   598   598 E wificond: Failed to get NL80211_RATE_INFO_SNR
05-18 14:09:55.495   598   598 E wificond: Failed to get NL80211_STA_INFO_CNAHLOAD
05-18 14:09:55.739  1139  1861 I chatty  : uid=1000(system) watchdog expire 3 lines
05-18 14:09:58.102   598   598 E wificond: Failed to get NL80211_RATE_INFO_NOISE
05-18 14:09:58.102   598   598 E wificond: Failed to get NL80211_RATE_INFO_SNR
05-18 14:09:58.102   598   598 E wificond: Failed to get NL80211_STA_INFO_CNAHLOAD
05-18 14:09:58.105   598   598 E wificond: Failed to get NL80211_RATE_INFO_NOISE
05-18 14:09:58.106   598   598 E wificond: Failed to get NL80211_RATE_INFO_SNR
05-18 14:09:58.106   598   598 E wificond: Failed to get NL80211_STA_INFO_CNAHLOAD
05-18 14:09:58.500   598   598 E wificond: Failed to get NL80211_RATE_INFO_NOISE
05-18 14:09:58.500   598   598 E wificond: Failed to get NL80211_RATE_INFO_SNR
05-18 14:09:58.500   598   598 E wificond: Failed to get NL80211_STA_INFO_CNAHLOAD
05-18 14:10:00.003  1139  1139 I chatty  : uid=1000 system_server expire 10 lines
05-18 14:10:01.517   598   598 E wificond: Failed to get NL80211_RATE_INFO_NOISE
05-18 14:10:01.517   598   598 E wificond: Failed to get NL80211_RATE_INFO_SNR
05-18 14:10:01.517   598   598 E wificond: Failed to get NL80211_STA_INFO_CNAHLOAD
05-18 14:10:04.534   598   598 E wificond: Failed to get NL80211_RATE_INFO_NOISE
05-18 14:10:04.534   598   598 E wificond: Failed to get NL80211_RATE_INFO_SNR
05-18 14:10:04.534   598   598 E wificond: Failed to get NL80211_STA_INFO_CNAHLOAD
05-18 14:10:06.111   598   598 E wificond: Failed to get NL80211_RATE_INFO_NOISE
05-18 14:10:06.111   598   598 E wificond: Failed to get NL80211_RATE_INFO_SNR
05-18 14:10:06.111   598   598 E wificond: Failed to get NL80211_STA_INFO_CNAHLOAD
05-18 14:10:06.115   598   598 E wificond: Failed to get NL80211_RATE_INFO_NOISE
05-18 14:10:06.115   598   598 E wificond: Failed to get NL80211_RATE_INFO_SNR
05-18 14:10:06.115   598   598 E wificond: Failed to get NL80211_STA_INFO_CNAHLOAD
05-18 14:10:07.549   598   598 E wificond: Failed to get NL80211_RATE_INFO_NOISE
05-18 14:10:07.549   598   598 E wificond: Failed to get NL80211_RATE_INFO_SNR
05-18 14:10:07.549   598   598 E wificond: Failed to get NL80211_STA_INFO_CNAHLOAD
05-18 14:10:10.563   598   598 E wificond: Failed to get NL80211_RATE_INFO_NOISE
05-18 14:10:10.564   598   598 E wificond: Failed to get NL80211_RATE_INFO_SNR
05-18 14:10:10.564   598   598 E wificond: Failed to get NL80211_STA_INFO_CNAHLOAD
05-18 14:10:13.582   598   598 E wificond: Failed to get NL80211_RATE_INFO_NOISE
05-18 14:10:13.582   598   598 E wificond: Failed to get NL80211_RATE_INFO_SNR
05-18 14:10:13.582   598   598 E wificond: Failed to get NL80211_STA_INFO_CNAHLOAD
05-18 14:10:14.109   598   598 E wificond: Failed to get NL80211_RATE_INFO_NOISE
05-18 14:10:14.110   598   598 E wificond: Failed to get NL80211_RATE_INFO_SNR
05-18 14:10:14.110   598   598 E wificond: Failed to get NL80211_STA_INFO_CNAHLOAD
05-18 14:10:14.112   598   598 E wificond: Failed to get NL80211_RATE_INFO_NOISE
05-18 14:10:14.112   598   598 E wificond: Failed to get NL80211_RATE_INFO_SNR
05-18 14:10:14.112   598   598 E wificond: Failed to get NL80211_STA_INFO_CNAHLOAD
05-18 14:10:16.600   598   598 E wificond: Failed to get NL80211_RATE_INFO_NOISE
05-18 14:10:16.600   598   598 E wificond: Failed to get NL80211_RATE_INFO_SNR
05-18 14:10:16.600   598   598 E wificond: Failed to get NL80211_STA_INFO_CNAHLOAD
05-18 14:10:19.616   598   598 E wificond: Failed to get NL80211_RATE_INFO_NOISE
05-18 14:10:19.616   598   598 E wificond: Failed to get NL80211_RATE_INFO_SNR
05-18 14:10:19.616   598   598 E wificond: Failed to get NL80211_STA_INFO_CNAHLOAD
05-18 14:10:21.956  2728  5497 I PermissionManager: camera remind result:true
05-18 14:10:22.122   598   598 E wificond: Failed to get NL80211_RATE_INFO_NOISE
05-18 14:10:22.122   598   598 E wificond: Failed to get NL80211_RATE_INFO_SNR
05-18 14:10:22.122   598   598 E wificond: Failed to get NL80211_STA_INFO_CNAHLOAD
05-18 14:10:22.124   598   598 E wificond: Failed to get NL80211_RATE_INFO_NOISE
05-18 14:10:22.124   598   598 E wificond: Failed to get NL80211_RATE_INFO_SNR
05-18 14:10:22.124   598   598 E wificond: Failed to get NL80211_STA_INFO_CNAHLOAD
05-18 14:10:22.290   451  1094 W SocketListener: sending broadcast to Pid = 1139, Uid = 1000 
05-18 14:10:22.622   598   598 E wificond: Failed to get NL80211_RATE_INFO_NOISE
05-18 14:10:22.622   598   598 E wificond: Failed to get NL80211_RATE_INFO_SNR
05-18 14:10:22.622   598   598 E wificond: Failed to get NL80211_STA_INFO_CNAHLOAD
05-18 14:10:23.315   451  1094 W SocketListener: sending broadcast to Pid = 1139, Uid = 1000 
05-18 14:10:25.637   598   598 E wificond: Failed to get NL80211_RATE_INFO_NOISE
05-18 14:10:25.637   598   598 E wificond: Failed to get NL80211_RATE_INFO_SNR
05-18 14:10:25.637   598   598 E wificond: Failed to get NL80211_STA_INFO_CNAHLOAD
05-18 14:10:28.650   598   598 E wificond: Failed to get NL80211_RATE_INFO_NOISE
05-18 14:10:28.650   598   598 E wificond: Failed to get NL80211_RATE_INFO_SNR
05-18 14:10:28.650   598   598 E wificond: Failed to get NL80211_STA_INFO_CNAHLOAD
05-18 14:10:28.959  1139  2762 I chatty  : uid=1000(system) Binder:1139_14 expire 4 lines
05-18 14:10:29.040  9493  9493 V ActivityThread: Finishing stop of ActivityRecord{27b3e8a token=android.os.BinderProxy@8369e1f {com.cambricon.productdisplay/com.cambricon.productdisplay.activity.ClassificationActivity}}
05-18 14:10:29.047  1139  1950 I chatty  : uid=1000(system) Binder:1139_6 expire 21 lines
05-18 14:10:29.163  1139  1312 I chatty  : uid=1000(system) PowerManagerSer expire 10 lines
05-18 14:10:29.195  1139  1528 I chatty  : uid=1000(system) PhotonicModulat expire 2 lines
05-18 14:10:29.195  1139  1307 I chatty  : uid=1000(system) android.display expire 7 lines
05-18 14:10:29.232  1139  1458 I chatty  : uid=1000(system) WifiP2pService expire 10 lines
05-18 14:10:29.295  1139  2553 I chatty  : uid=1000(system) HwDeviceUsageCo expire 1 line
05-18 14:10:29.336  2655  5000 W ContextImpl: Calling a method in the system process without a qualified user: android.app.ContextImpl.bindService:1736 android.content.ContextWrapper.bindService:678 com.huawei.nb.dataservice.dsclient.RemoteServiceConnection.open:90 com.huawei.nb.dataservice.dsclient.DataServiceProxy.connect:105 com.huawei.nb.dataservice.rsclient.internal.RemoteRuleService.start:27 
05-18 14:10:29.395  1139  1282 I chatty  : uid=1000(system) android.ui expire 4 lines
05-18 14:10:30.125   598   598 E wificond: Failed to get NL80211_RATE_INFO_NOISE
05-18 14:10:30.125   598   598 E wificond: Failed to get NL80211_RATE_INFO_SNR
05-18 14:10:30.125   598   598 E wificond: Failed to get NL80211_STA_INFO_CNAHLOAD
05-18 14:10:30.128   598   598 E wificond: Failed to get NL80211_RATE_INFO_NOISE
05-18 14:10:30.128   598   598 E wificond: Failed to get NL80211_RATE_INFO_SNR
05-18 14:10:30.128   598   598 E wificond: Failed to get NL80211_STA_INFO_CNAHLOAD
05-18 14:10:34.096  1546  1546 V KeyguardStatusView: refresh statusview showing:true
05-18 14:10:34.102  1546  1546 V KeyguardDisplayManager: show
05-18 14:10:34.103  1139  1959 I chatty  : uid=1000(system) Binder:1139_7 expire 2 lines
05-18 14:10:34.117  1925  2278 D AntiBruteForceProcessor: RemainingAuthenticateNum = 5
05-18 14:10:34.128  1139  1139 I chatty  : uid=1000 system_server expire 10 lines
05-18 14:10:34.141  9493  9493 V ActivityThread: Handle window ActivityRecord{27b3e8a token=android.os.BinderProxy@8369e1f {com.cambricon.productdisplay/com.cambricon.productdisplay.activity.ClassificationActivity}} visibility: false
05-18 14:10:34.196  1139  6006 I chatty  : uid=1000(system) Binder:1139_1B expire 39 lines
05-18 14:10:38.134   598   598 E wificond: Failed to get NL80211_RATE_INFO_NOISE
05-18 14:10:38.135   598   598 E wificond: Failed to get NL80211_RATE_INFO_SNR
05-18 14:10:38.135   598   598 E wificond: Failed to get NL80211_STA_INFO_CNAHLOAD
05-18 14:10:38.138   598   598 E wificond: Failed to get NL80211_RATE_INFO_NOISE
05-18 14:10:38.138   598   598 E wificond: Failed to get NL80211_RATE_INFO_SNR
05-18 14:10:38.138   598   598 E wificond: Failed to get NL80211_STA_INFO_CNAHLOAD
05-18 14:10:38.356   451  1094 W SocketListener: sending broadcast to Pid = 1139, Uid = 1000 
05-18 14:10:46.145   598   598 E wificond: Failed to get NL80211_RATE_INFO_NOISE
05-18 14:10:46.145   598   598 E wificond: Failed to get NL80211_RATE_INFO_SNR
05-18 14:10:46.145   598   598 E wificond: Failed to get NL80211_STA_INFO_CNAHLOAD
05-18 14:10:46.149   598   598 E wificond: Failed to get NL80211_RATE_INFO_NOISE
05-18 14:10:46.149   598   598 E wificond: Failed to get NL80211_RATE_INFO_SNR
05-18 14:10:46.149   598   598 E wificond: Failed to get NL80211_STA_INFO_CNAHLOAD
05-18 14:10:54.151   598   598 E wificond: Failed to get NL80211_RATE_INFO_NOISE
05-18 14:10:54.152   598   598 E wificond: Failed to get NL80211_RATE_INFO_SNR
05-18 14:10:54.152   598   598 E wificond: Failed to get NL80211_STA_INFO_CNAHLOAD
05-18 14:10:54.155   598   598 E wificond: Failed to get NL80211_RATE_INFO_NOISE
05-18 14:10:54.155   598   598 E wificond: Failed to get NL80211_RATE_INFO_SNR
05-18 14:10:54.155   598   598 E wificond: Failed to get NL80211_STA_INFO_CNAHLOAD
05-18 14:11:02.157   598   598 E wificond: Failed to get NL80211_RATE_INFO_NOISE
05-18 14:11:02.158   598   598 E wificond: Failed to get NL80211_RATE_INFO_SNR
05-18 14:11:02.158   598   598 E wificond: Failed to get NL80211_STA_INFO_CNAHLOAD
05-18 14:11:02.161   598   598 E wificond: Failed to get NL80211_RATE_INFO_NOISE
05-18 14:11:02.161   598   598 E wificond: Failed to get NL80211_RATE_INFO_SNR
05-18 14:11:02.161   598   598 E wificond: Failed to get NL80211_STA_INFO_CNAHLOAD
05-18 14:11:09.787  1139  1433 I chatty  : uid=1000(system) InputReader expire 6 lines
05-18 14:11:09.792  1139  1312 I chatty  : uid=1000(system) PowerManagerSer expire 13 lines
05-18 14:11:09.812  1139  2779 I chatty  : uid=1000(system) Binder:1139_18 expire 2 lines
05-18 14:11:09.820  1139  1435 I chatty  : uid=1000(system) StorageManagerS expire 2 lines
05-18 14:11:09.824   410   418 I vold    : TrimTask running tasks: 0
05-18 14:11:09.825  1139  1438 I chatty  : uid=1000(system) VoldConnector expire 1 line
05-18 14:11:09.832  1139  1407 I chatty  : uid=1000(system) android.anim expire 8 lines
05-18 14:11:09.840   598   598 E wificond: Failed to get NL80211_RATE_INFO_NOISE
05-18 14:11:09.841   598   598 E wificond: Failed to get NL80211_RATE_INFO_SNR
05-18 14:11:09.841   598   598 E wificond: Failed to get NL80211_STA_INFO_CNAHLOAD
05-18 14:11:09.855  1139  4790 I chatty  : uid=1000(system) Binder:1139_19 expire 3 lines
05-18 14:11:09.876  1925  1925 D HwGameAssistantService: ScreenOnReceiver
05-18 14:11:09.926  2655  5508 W ContextImpl: Calling a method in the system process without a qualified user: android.app.ContextImpl.bindService:1736 android.content.ContextWrapper.bindService:678 com.huawei.nb.dataservice.dsclient.RemoteServiceConnection.open:90 com.huawei.nb.dataservice.dsclient.DataServiceProxy.connect:105 com.huawei.nb.dataservice.rsclient.internal.RemoteRuleService.start:27 
05-18 14:11:10.156   598   598 E wificond: Failed to get NL80211_RATE_INFO_NOISE
05-18 14:11:10.156   598   598 E wificond: Failed to get NL80211_RATE_INFO_SNR
05-18 14:11:10.156   598   598 E wificond: Failed to get NL80211_STA_INFO_CNAHLOAD
05-18 14:11:10.157   598   598 E wificond: Failed to get NL80211_RATE_INFO_NOISE
05-18 14:11:10.158   598   598 E wificond: Failed to get NL80211_RATE_INFO_SNR
05-18 14:11:10.158   598   598 E wificond: Failed to get NL80211_STA_INFO_CNAHLOAD
05-18 14:11:10.812  1139  6006 I chatty  : uid=1000(system) Binder:1139_1B expire 18 lines
05-18 14:11:10.948  1546  1546 V KeyguardDisplayManager: hide
05-18 14:11:11.006  1139  1139 I chatty  : uid=1000 system_server expire 1 line
05-18 14:11:11.022  1139  2011 I chatty  : uid=1000(system) Binder:1139_A expire 31 lines
05-18 14:11:11.030  1139  1407 I chatty  : uid=1000(system) android.anim expire 12 lines
05-18 14:11:11.032  1139  2733 I chatty  : uid=1000(system) Binder:1139_11 expire 7 lines
05-18 14:11:11.038  1139  4790 I chatty  : uid=1000(system) Binder:1139_19 expire 19 lines
05-18 14:11:11.049  1139  1281 I chatty  : uid=1000(system) ActivityManager expire 7 lines
05-18 14:11:11.052  1139  2703 I chatty  : uid=1000(system) Binder:1139_D expire 8 lines
05-18 14:11:11.062  1139  1441 I chatty  : uid=1000(system) NetdConnector expire 10 lines
05-18 14:11:11.067   451  1094 W SocketListener: sending broadcast to Pid = 1139, Uid = 1000 
05-18 14:11:11.068  1139  1305 I chatty  : uid=1000(system) android.fg expire 4 lines
05-18 14:11:11.084  1139  1139 I chatty  : uid=1000 system_server expire 10 lines
05-18 14:11:11.084  1139  1458 I chatty  : uid=1000(system) WifiP2pService expire 10 lines
05-18 14:11:11.097  1139  6103 I chatty  : uid=1000(system) Binder:1139_1E expire 12 lines
05-18 14:11:11.158  1139  1456 I chatty  : uid=1000(system) WifiScanningSer expire 1 line
05-18 14:11:12.341   451  1095 W SocketListener: sending broadcast to Pid = 1139, Uid = 1000 
05-18 14:11:12.855   598   598 E wificond: Failed to get NL80211_RATE_INFO_NOISE
05-18 14:11:12.855   598   598 E wificond: Failed to get NL80211_RATE_INFO_SNR
05-18 14:11:12.855   598   598 E wificond: Failed to get NL80211_STA_INFO_CNAHLOAD
05-18 14:11:13.469  1139  1312 I chatty  : uid=1000(system) PowerManagerSer expire 10 lines
05-18 14:11:15.871   598   598 E wificond: Failed to get NL80211_RATE_INFO_NOISE
05-18 14:11:15.871   598   598 E wificond: Failed to get NL80211_RATE_INFO_SNR
05-18 14:11:15.871   598   598 E wificond: Failed to get NL80211_STA_INFO_CNAHLOAD
05-18 14:11:18.174   598   598 E wificond: Failed to get NL80211_RATE_INFO_NOISE
05-18 14:11:18.174   598   598 E wificond: Failed to get NL80211_RATE_INFO_SNR
05-18 14:11:18.174   598   598 E wificond: Failed to get NL80211_STA_INFO_CNAHLOAD
05-18 14:11:18.177   598   598 E wificond: Failed to get NL80211_RATE_INFO_NOISE
05-18 14:11:18.177   598   598 E wificond: Failed to get NL80211_RATE_INFO_SNR
05-18 14:11:18.177   598   598 E wificond: Failed to get NL80211_STA_INFO_CNAHLOAD
05-18 14:11:18.878   598   598 E wificond: Failed to get NL80211_RATE_INFO_NOISE
05-18 14:11:18.878   598   598 E wificond: Failed to get NL80211_RATE_INFO_SNR
05-18 14:11:18.878   598   598 E wificond: Failed to get NL80211_STA_INFO_CNAHLOAD
05-18 14:11:19.198  1139  1413 I chatty  : uid=1000(system) UEventObserver expire 10 lines
05-18 14:11:21.894   598   598 E wificond: Failed to get NL80211_RATE_INFO_NOISE
05-18 14:11:21.895   598   598 E wificond: Failed to get NL80211_RATE_INFO_SNR
05-18 14:11:21.895   598   598 E wificond: Failed to get NL80211_STA_INFO_CNAHLOAD
05-18 14:11:24.912   598   598 E wificond: Failed to get NL80211_RATE_INFO_NOISE
05-18 14:11:24.912   598   598 E wificond: Failed to get NL80211_RATE_INFO_SNR
05-18 14:11:24.912   598   598 E wificond: Failed to get NL80211_STA_INFO_CNAHLOAD
05-18 14:11:25.744  1139  1861 I chatty  : uid=1000(system) watchdog expire 7 lines
05-18 14:11:26.164   451  1094 W SocketListener: sending broadcast to Pid = 1139, Uid = 1000 
05-18 14:11:26.178   598   598 E wificond: Failed to get NL80211_RATE_INFO_NOISE
05-18 14:11:26.178   598   598 E wificond: Failed to get NL80211_RATE_INFO_SNR
05-18 14:11:26.178   598   598 E wificond: Failed to get NL80211_STA_INFO_CNAHLOAD
05-18 14:11:26.181   598   598 E wificond: Failed to get NL80211_RATE_INFO_NOISE
05-18 14:11:26.181   598   598 E wificond: Failed to get NL80211_RATE_INFO_SNR
05-18 14:11:26.182   598   598 E wificond: Failed to get NL80211_STA_INFO_CNAHLOAD
05-18 14:11:27.928   598   598 E wificond: Failed to get NL80211_RATE_INFO_NOISE
05-18 14:11:27.928   598   598 E wificond: Failed to get NL80211_RATE_INFO_SNR
05-18 14:11:27.928   598   598 E wificond: Failed to get NL80211_STA_INFO_CNAHLOAD
05-18 14:11:30.944   598   598 E wificond: Failed to get NL80211_RATE_INFO_NOISE
05-18 14:11:30.944   598   598 E wificond: Failed to get NL80211_RATE_INFO_SNR
05-18 14:11:30.944   598   598 E wificond: Failed to get NL80211_STA_INFO_CNAHLOAD
05-18 14:11:33.592  2728  5497 I PermissionManager: camera remind result:true
05-18 14:11:33.960   598   598 E wificond: Failed to get NL80211_RATE_INFO_NOISE
05-18 14:11:33.960   598   598 E wificond: Failed to get NL80211_RATE_INFO_SNR
05-18 14:11:33.960   598   598 E wificond: Failed to get NL80211_STA_INFO_CNAHLOAD
05-18 14:11:34.176   598   598 E wificond: Failed to get NL80211_RATE_INFO_NOISE
05-18 14:11:34.176   598   598 E wificond: Failed to get NL80211_RATE_INFO_SNR
05-18 14:11:34.176   598   598 E wificond: Failed to get NL80211_STA_INFO_CNAHLOAD
05-18 14:11:34.177   598   598 E wificond: Failed to get NL80211_RATE_INFO_NOISE
05-18 14:11:34.177   598   598 E wificond: Failed to get NL80211_RATE_INFO_SNR
05-18 14:11:34.177   598   598 E wificond: Failed to get NL80211_STA_INFO_CNAHLOAD
05-18 14:11:36.983   598   598 E wificond: Failed to get NL80211_RATE_INFO_NOISE
05-18 14:11:36.983   598   598 E wificond: Failed to get NL80211_RATE_INFO_SNR
05-18 14:11:36.983   598   598 E wificond: Failed to get NL80211_STA_INFO_CNAHLOAD
05-18 14:11:40.001   598   598 E wificond: Failed to get NL80211_RATE_INFO_NOISE
05-18 14:11:40.001   598   598 E wificond: Failed to get NL80211_RATE_INFO_SNR
05-18 14:11:40.001   598   598 E wificond: Failed to get NL80211_STA_INFO_CNAHLOAD
05-18 14:11:42.191   598   598 E wificond: Failed to get NL80211_RATE_INFO_NOISE
05-18 14:11:42.192   598   598 E wificond: Failed to get NL80211_RATE_INFO_SNR
05-18 14:11:42.192   598   598 E wificond: Failed to get NL80211_STA_INFO_CNAHLOAD
05-18 14:11:42.194   598   598 E wificond: Failed to get NL80211_RATE_INFO_NOISE
05-18 14:11:42.194   598   598 E wificond: Failed to get NL80211_RATE_INFO_SNR
05-18 14:11:42.194   598   598 E wificond: Failed to get NL80211_STA_INFO_CNAHLOAD
05-18 14:11:43.009   598   598 E wificond: Failed to get NL80211_RATE_INFO_NOISE
05-18 14:11:43.010   598   598 E wificond: Failed to get NL80211_RATE_INFO_SNR
05-18 14:11:43.010   598   598 E wificond: Failed to get NL80211_STA_INFO_CNAHLOAD
05-18 14:11:46.029   598   598 E wificond: Failed to get NL80211_RATE_INFO_NOISE
05-18 14:11:46.029   598   598 E wificond: Failed to get NL80211_RATE_INFO_SNR
05-18 14:11:46.029   598   598 E wificond: Failed to get NL80211_STA_INFO_CNAHLOAD
05-18 14:11:49.048   598   598 E wificond: Failed to get NL80211_RATE_INFO_NOISE
05-18 14:11:49.048   598   598 E wificond: Failed to get NL80211_RATE_INFO_SNR
05-18 14:11:49.048   598   598 E wificond: Failed to get NL80211_STA_INFO_CNAHLOAD
05-18 14:11:50.195   598   598 E wificond: Failed to get NL80211_RATE_INFO_NOISE
05-18 14:11:50.195   598   598 E wificond: Failed to get NL80211_RATE_INFO_SNR
05-18 14:11:50.195   598   598 E wificond: Failed to get NL80211_STA_INFO_CNAHLOAD
05-18 14:11:50.198   598   598 E wificond: Failed to get NL80211_RATE_INFO_NOISE
05-18 14:11:50.198   598   598 E wificond: Failed to get NL80211_RATE_INFO_SNR
05-18 14:11:50.198   598   598 E wificond: Failed to get NL80211_STA_INFO_CNAHLOAD
05-18 14:11:52.060   598   598 E wificond: Failed to get NL80211_RATE_INFO_NOISE
05-18 14:11:52.060   598   598 E wificond: Failed to get NL80211_RATE_INFO_SNR
05-18 14:11:52.060   598   598 E wificond: Failed to get NL80211_STA_INFO_CNAHLOAD
05-18 14:11:55.078   598   598 E wificond: Failed to get NL80211_RATE_INFO_NOISE
05-18 14:11:55.078   598   598 E wificond: Failed to get NL80211_RATE_INFO_SNR
05-18 14:11:55.078   598   598 E wificond: Failed to get NL80211_STA_INFO_CNAHLOAD
05-18 14:11:56.940  2728  5497 I PermissionManager: camera remind result:true
05-18 14:11:58.091   598   598 E wificond: Failed to get NL80211_RATE_INFO_NOISE
05-18 14:11:58.091   598   598 E wificond: Failed to get NL80211_RATE_INFO_SNR
05-18 14:11:58.091   598   598 E wificond: Failed to get NL80211_STA_INFO_CNAHLOAD
05-18 14:11:58.192   598   598 E wificond: Failed to get NL80211_RATE_INFO_NOISE
05-18 14:11:58.192   598   598 E wificond: Failed to get NL80211_RATE_INFO_SNR
05-18 14:11:58.192   598   598 E wificond: Failed to get NL80211_STA_INFO_CNAHLOAD
