05-21 10:14:48.023  1546  1546 D CubicBezierInterpolator: CubicBezierInterpolator  mControlPoint1x = 0.23, mControlPoint1y = 0.06, mControlPoint2x = 0.09, mControlPoint2y = 0.97
05-21 10:14:48.023  1546  1546 D CubicBezierInterpolator: CubicBezierInterpolator  mControlPoint1x = 0.6, mControlPoint1y = 0.9, mControlPoint2x = 0.8, mControlPoint2y = 1.0
05-21 10:14:48.024   584  1184 D DE N SR : setAmbientParam:938: DE_SCENE_ACTION_AMBIENT_CHANGE set mLux:659 mCt:6130
05-21 10:14:48.025  3101  3101 D LauncherOverlayService: onConfigurationChanged dm = DisplayMetrics{density=3.0, width=2160, height=1080, scaledDensity=3.0, xdpi=403.411, ydpi=403.411, densityDpi=480, noncompatWidthPixels=2160, noncompatHeightPixels=1080, noncompatDensity=3.0, noncompatDensityDpi=480, noncompatXdpi=403.411, noncompatYdpi=403.411}
05-21 10:14:48.025  3101  3101 D Workspace:   updateViewWidth mScreenW = 2160.0
05-21 10:14:48.025  1546  1546 D TimeKeeper: getTimeTickInfo:[mMillisUntilFinished:0, mHour:0, mMinute:0, mSecond:0]
05-21 10:14:48.025  1546  1546 E KeyguardUpdateMonitor: isSimPinSecure mSimDatas is null or empty 
05-21 10:14:48.025  1546  1546 D TimeKeeper: getTimeTickInfo:[mMillisUntilFinished:0, mHour:0, mMinute:0, mSecond:0]
05-21 10:14:48.025  1546  1546 W LockIcon: getState 1 <-> 0; fp running false
05-21 10:14:48.025  3101  3101 E LauncherOverlayService: IllegalArgumentException, mWorkspace have not attach
05-21 10:14:48.025  1546  1546 W LockIcon: getHintTextRes isMethodSecure: false  isUserTrustIsManaged false
05-21 10:14:48.025  3101  3101 I IntelligentPKM: receiver action:android.intent.action.CONFIGURATION_CHANGED
05-21 10:14:48.025  1546  1546 W LockIcon: update state from 1 -->. 1
05-21 10:14:48.025  1546  1546 W HwKeyguardBottomArea: updateBatteryInfo : false  true
05-21 10:14:48.026  1546  1546 D WeatherHelper: City info empty
05-21 10:14:48.026  1546  1546 D WeatherHelper: City info empty
05-21 10:14:48.026  1546  1546 W ResourceType: No known package when getting value for resource number 0xffffffff
05-21 10:14:48.026  1546  1546 W ResourceType: No known package when getting value for resource number 0xffffffff
05-21 10:14:48.026  1546  1546 E DateLunarView: mDateString is: 521  
05-21 10:14:48.028  5574  5574 I IFontSizeSetting: imeService onConfigurationChanged
05-21 10:14:48.030  5574  5574 I wangchen: log.save[: false], has in db mode - false, is db mode - false
05-21 10:14:48.030  5574  5574 I IFontSizeSetting: log save:default:1 select:3 isforce:false bufferSize:13
05-21 10:14:48.031  5574  5574 D HwRTBlurUtils: check blur style for HwPhoneWindow-InputMethod, themeResId : 0x02060019, context : android.view.ContextThemeWrapper@b6a883e, Nhwext : 0, get Blur : disable with , null
05-21 10:14:48.031  5574  5574 D HwRTBlurUtils: check blur style for HwPhoneWindow-InputMethod, themeResId : 0x02060019, context : android.view.ContextThemeWrapper@b6a883e, Nhwext : 0, get Blur : disable with , null
05-21 10:14:48.037  1546  1546 W StaticLayout: maxLineHeight should not be -1.  maxLines:1 lineCount:1
05-21 10:14:48.037  1546  1546 W StaticLayout: maxLineHeight should not be -1.  maxLines:1 lineCount:1
05-21 10:14:48.040  2606  2606 I HwLauncher: Model  onReceive intent=Intent { act=android.intent.action.CONFIGURATION_CHANGED flg=0x70200010 }
05-21 10:14:48.040  5574  5574 I wangchen: com.baidu.input.manager.m apply, has in db mode - false, is db mode - false
05-21 10:14:48.041  2606  2606 I HwLauncher: Model  onReceive user=UserHandle{0}
05-21 10:14:48.041  5574  5574 I wangchen: com.baidu.input.manager.m apply, has in db mode - false, is db mode - false
05-21 10:14:48.041  5574  5574 I wangchen: SysInfo.getSysParam: new resource orientation2
05-21 10:14:48.042  2606  2606 I HwLauncher: Launcher.Settings  updateIconTitleSize fontSize = 11.5
05-21 10:14:48.042  5574  5574 I KeymapLoader: w=2160 h=1080 ori=false appScale=3.3 s1=3.0
05-21 10:14:48.044  5574  5574 I wangchen: SysInfo.getSysParam: new resource orientation2
05-21 10:14:48.045  1546  1546 W HwKeyguardDragHelper: AnimationBlocked
05-21 10:14:48.046   512   682 E BufferQueueProducer: [StatusBar#0] disconnect: not connected (req=1)
05-21 10:14:48.046  1546  2056 W libEGL  : EGLNativeWindowType 0x75acb33010 disconnect failed
05-21 10:14:48.046  5574  5574 I KeymapLoader: w=2160 h=1080 ori=false appScale=3.3 s1=3.0
05-21 10:14:48.046  1546  2056 D mali_winsys: EGLint new_window_surface(egl_winsys_display *, void *, EGLSurface, EGLConfig, egl_winsys_surface **, egl_color_buffer_format *, EGLBoolean) returns 0x3000
05-21 10:14:48.050  1546  1546 D UnderLayer: ondraw 0, Rect(0, 0 - 2160, 72)
05-21 10:14:48.051   478   478 I chatty  : uid=1000(system) allocator@2.0-s expire 25 lines
05-21 10:14:48.055  1139  1407 I chatty  : uid=1000(system) android.anim expire 6 lines
05-21 10:14:48.058  1546  1546 D BarTransitions.HwNavigationBarView: applyModeBackground oldMode=Unknown mode -1 newMode=MODE_TRANSPARENT animate=false
05-21 10:14:48.059  5574  5574 I KeymapLoader: appScale=3.3 selfScale=3.3 3.3
05-21 10:14:48.060  1546  2056 D OpenGLRenderer:   HWUI Binary is  enabled
05-21 10:14:48.060  1546  1546 D HwCust  : Create obj success use class android.view.HwCustRenderThreadMonitorImpl
05-21 10:14:48.061  5574  5574 I wangchen: RootCssLoader.<init>: Global.portrait false, res orientation 2
05-21 10:14:48.067  1546  2056 D OpenGLRenderer:   HWUI Binary is  enabled
05-21 10:14:48.067  1546  2056 D OpenGLRenderer:   HWUI Binary is  enabled
05-21 10:14:48.069  1546  2056 D OpenGLRenderer:   HWUI Binary is  enabled
05-21 10:14:48.070  1139  6089 V WindowManager: removeIfPossible: Window{d45fbe8 u0 AssistPreviewPanel} callers=com.android.server.wm.WindowState.removeIfPossible:1914 com.android.server.wm.WindowManagerService.removeWindow:2031 com.android.server.wm.Session.remove:218 android.view.IWindowSession$Stub.onTransact:242 com.android.server.wm.Session.onTransact:161 
05-21 10:14:48.070  1139  6089 V WindowManager: postWindowRemoveCleanupLocked: Window{d45fbe8 u0 AssistPreviewPanel}
05-21 10:14:48.070  1139  6089 V WindowManager: Removing Window{d45fbe8 u0 AssistPreviewPanel} from WindowToken{6fd2201 android.os.BinderProxy@1fa010b}
05-21 10:14:48.070  1139  6089 V WindowManager: Checking 1 opening apps (frozen=true timeout=false)...
05-21 10:14:48.071  1139  6089 V WindowManager: Check opening app=AppWindowToken{965ba28 token=Token{a64d04b ActivityRecord{1a5ad1a u0 com.cambricon.productdisplay/.activity.ClassificationActivity t52}}}: allDrawn=false startingDisplayed=false startingMoved=false isRelaunching()=false
05-21 10:14:48.071  1139  6089 I WindowManager: orientation change is complete, call stopFreezingDisplayLocked
05-21 10:14:48.071  1139  6089 D WindowManager: stopFreezingDisplayLocked: Returning mWaitingForConfig=false, mAppsFreezingScreen=1, mWindowsFreezingScreen=0, mClientFreezingScreen=false, mOpeningApps.size()=1
05-21 10:14:48.072  1546  1546 W HwKeyguardDragHelper: AnimationBlocked
05-21 10:14:48.076  1546  2412 D HwRecentsLockUtils: Search
05-21 10:14:48.076  1925 14711 E HsmCoreServiceImpl: onTransact in code is: 103
05-21 10:14:48.076  1925 14711 I MediaProcessHandler: playingUids: 
05-21 10:14:48.077  1139  6089 D ActivityManager: Skipping, home or recents stack task: TaskRecord{278fe6d #13 A=com.huawei.android.launcher U=0 StackId=0 sz=1}
05-21 10:14:48.077  1139  6089 D ActivityManager: Skipping intent:flg=0x10804000 cmp=com.android.systemui/.recents.RecentsActivity bnds=[48,1560][1032,3168]
05-21 10:14:48.077  1139  6089 D ActivityManager: Skipping intent:flg=0x10800000 cmp=com.baidu.map.location/.ConfirmAlertActivity1
05-21 10:14:48.077  1139  6089 D ActivityManager: Skipping intent:act=android.intent.action.MAIN cat=[android.intent.category.HOME] flg=0x10800300 cmp=com.android.settings/.FallbackHome
05-21 10:14:48.077  1139  4790 V WindowManager: Checking 1 opening apps (frozen=true timeout=false)...
05-21 10:14:48.077  1139  4790 V WindowManager: Check opening app=AppWindowToken{965ba28 token=Token{a64d04b ActivityRecord{1a5ad1a u0 com.cambricon.productdisplay/.activity.ClassificationActivity t52}}}: allDrawn=false startingDisplayed=false startingMoved=false isRelaunching()=false
05-21 10:14:48.077  1139  4790 I WindowManager: orientation change is complete, call stopFreezingDisplayLocked
05-21 10:14:48.077  1139  4790 D WindowManager: stopFreezingDisplayLocked: Returning mWaitingForConfig=false, mAppsFreezingScreen=1, mWindowsFreezingScreen=0, mClientFreezingScreen=false, mOpeningApps.size()=1
05-21 10:14:48.079  1139  6089 V WindowManager: removeIfPossible: Window{4f7b31f u0 AssistPreviewPanel} callers=com.android.server.wm.WindowState.removeIfPossible:1914 com.android.server.wm.WindowManagerService.removeWindow:2031 com.android.server.wm.Session.remove:218 android.view.IWindowSession$Stub.onTransact:242 com.android.server.wm.Session.onTransact:161 
05-21 10:14:48.079  1139  6089 V WindowManager: postWindowRemoveCleanupLocked: Window{4f7b31f u0 AssistPreviewPanel}
05-21 10:14:48.079  1139  6089 V WindowManager: Removing Window{4f7b31f u0 AssistPreviewPanel} from WindowToken{f04e66c android.os.BinderProxy@705c6be}
05-21 10:14:48.080  1139  6089 V WindowManager: Checking 1 opening apps (frozen=true timeout=false)...
05-21 10:14:48.080  1139  6089 V WindowManager: Check opening app=AppWindowToken{965ba28 token=Token{a64d04b ActivityRecord{1a5ad1a u0 com.cambricon.productdisplay/.activity.ClassificationActivity t52}}}: allDrawn=false startingDisplayed=false startingMoved=false isRelaunching()=false
05-21 10:14:48.080  1139  6089 I WindowManager: orientation change is complete, call stopFreezingDisplayLocked
05-21 10:14:48.080  1139  6089 D WindowManager: stopFreezingDisplayLocked: Returning mWaitingForConfig=false, mAppsFreezingScreen=1, mWindowsFreezingScreen=0, mClientFreezingScreen=false, mOpeningApps.size()=1
05-21 10:14:48.080  1546  2056 D OpenGLRenderer:   HWUI Binary is  enabled
05-21 10:14:48.091  1546  1546 W HwKeyguardDragHelper: AnimationBlocked
05-21 10:14:48.091  1139  6089 D WindowManager: finishDrawingWindow: Window{2d9d2b7 u0 StatusBar} mDrawState=HAS_DRAWN
05-21 10:14:48.092  1546  1546 I Tile.WifiTile: setWifiIndicators  CallbackInfo = CallbackInfo[enabled=true,connected=true,wifiSignalIconId=2130838337,enabledDesc="cambricon",activityIn=true,activityOut=true,wifiSignalContentDescription=WLAN  3 ]
05-21 10:14:48.192  5574  5574 I KeymapLoader: s=1080 scale=3.3 self=3.3
05-21 10:14:48.193 28158 28158 D ActivityThread: add activity client record, r= ActivityRecord{27b3e8a token=android.os.BinderProxy@8369e1f {com.cambricon.productdisplay/com.cambricon.productdisplay.activity.ClassificationActivity}} token= android.os.BinderProxy@8369e1f
05-21 10:14:48.198  1139  6089 V WindowManager: Adding Window{8fdeb1 u0 com.cambricon.productdisplay/com.cambricon.productdisplay.activity.ClassificationActivity} to AppWindowToken{965ba28 token=Token{a64d04b ActivityRecord{1a5ad1a u0 com.cambricon.productdisplay/.activity.ClassificationActivity t52}}}
05-21 10:14:48.198  1139  6089 V WindowManager: addWindow: New client android.os.BinderProxy@28ffd58: window=Window{8fdeb1 u0 com.cambricon.productdisplay/com.cambricon.productdisplay.activity.ClassificationActivity} Callers=com.android.server.wm.HwWindowManagerService.addWindow:573 com.android.server.wm.Session.addToDisplay:199 android.view.IWindowSession$Stub.onTransact:124 com.android.server.wm.Session.onTransact:161 android.os.Binder.execTransact:675 
05-21 10:14:48.203   512   690 E BufferQueueProducer: [com.cambricon.productdisplay/com.cambricon.productdisplay.activity.HomeActivity#0] disconnect: not connected (req=1)
05-21 10:14:48.205  1139  6089 V WindowManager: Checking 1 opening apps (frozen=true timeout=false)...
05-21 10:14:48.205  1139  6089 V WindowManager: Check opening app=AppWindowToken{965ba28 token=Token{a64d04b ActivityRecord{1a5ad1a u0 com.cambricon.productdisplay/.activity.ClassificationActivity t52}}}: allDrawn=false startingDisplayed=false startingMoved=false isRelaunching()=false
05-21 10:14:48.205  1139  6089 I WindowManager: orientation change is complete, call stopFreezingDisplayLocked
05-21 10:14:48.205  1139  6089 D WindowManager: stopFreezingDisplayLocked: Returning mWaitingForConfig=false, mAppsFreezingScreen=1, mWindowsFreezingScreen=0, mClientFreezingScreen=false, mOpeningApps.size()=1
05-21 10:14:48.215  5574  5574 I KeymapLoader: scaleRes:1.0
05-21 10:14:48.215  5574  5574 I KeymapLoader: skin scale=1.0 scaleRes=1.0
05-21 10:14:48.225  1139  1569 V HwPhoneWindowManager: updateSystemUiColorLw window=Window{8fdeb1 u0 com.cambricon.productdisplay/com.cambricon.productdisplay.activity.ClassificationActivity},EmuiStyle=0,StatusBarColor=0xff3f51b5,NavigationBarColor=0xff000000, mLastIsEmuiLightStyle=-1, mForceNotchStatusBar=false
05-21 10:14:48.226  1546  2412 I CommandQueue: updateBarBgColor
05-21 10:14:48.226  1139  1569 V WindowManager: Checking 1 opening apps (frozen=true timeout=false)...
05-21 10:14:48.226  1139  1569 V WindowManager: Check opening app=AppWindowToken{965ba28 token=Token{a64d04b ActivityRecord{1a5ad1a u0 com.cambricon.productdisplay/.activity.ClassificationActivity t52}}}: allDrawn=false startingDisplayed=false startingMoved=false isRelaunching()=false
05-21 10:14:48.228  1546  2412 D CommandQueue: CommandQueue, setBarBackgroundColor
05-21 10:14:48.228  1546  1546 D TintManager: statusBarIconTint=#99FFFFFF,navigationBarIconTint=#FF000000
05-21 10:14:48.268  1139  1569 D WindowManager: finishDrawingWindow: Window{8fdeb1 u0 com.cambricon.productdisplay/com.cambricon.productdisplay.activity.ClassificationActivity} mDrawState=DRAW_PENDING
05-21 10:14:48.269  1139  1407 V WindowManager: Checking 1 opening apps (frozen=true timeout=false)...
05-21 10:14:48.270  1139  1407 V WindowManager: Check opening app=AppWindowToken{965ba28 token=Token{a64d04b ActivityRecord{1a5ad1a u0 com.cambricon.productdisplay/.activity.ClassificationActivity t52}}}: allDrawn=true startingDisplayed=false startingMoved=false isRelaunching()=false
05-21 10:14:48.274  5574  5574 I wangchen: SysInfo.getSysParam: new resource orientation2
05-21 10:14:48.275  5574  5574 I KeymapLoader: w=2160 h=1080 ori=false appScale=3.3 s1=3.0
05-21 10:14:48.277  1139  1407 I WindowManager: orientation change is complete, call stopFreezingDisplayLocked
05-21 10:14:48.277  1139  1407 I WindowManager: Screen frozen for +355ms due to Window{8fdeb1 u0 com.cambricon.productdisplay/com.cambricon.productdisplay.activity.ClassificationActivity}
05-21 10:14:48.283  1139  1569 D WindowManager: finishDrawingWindow: Window{8fdeb1 u0 com.cambricon.productdisplay/com.cambricon.productdisplay.activity.ClassificationActivity} mDrawState=HAS_DRAWN
05-21 10:14:48.291  1139  6089 V WindowManager: notifyAppStopped: AppWindowToken{fba415e token=Token{be2ba99 ActivityRecord{4c6b7e0 u0 com.cambricon.productdisplay/.activity.HomeActivity t52}}}
05-21 10:14:48.291  1139  6089 E WindowManager: win=Window{c0f720c u0 com.cambricon.productdisplay/com.cambricon.productdisplay.activity.HomeActivity} destroySurfaces: appStopped=true win.mWindowRemovalAllowed=false win.mRemoveOnExit=false
05-21 10:14:48.291  1139  6089 I WindowManager: Destroying surface Surface(name=com.cambricon.productdisplay/com.cambricon.productdisplay.activity.HomeActivity) called by com.android.server.wm.WindowStateAnimator.destroySurface:2066 com.android.server.wm.WindowStateAnimator.destroySurfaceLocked:879 com.android.server.wm.HwWindowStateAnimator.destroySurfaceLocked:1006 com.android.server.wm.WindowState.destroyOrSaveSurfaceUnchecked:2990 com.android.server.wm.WindowState.destroySurface:2951 com.android.server.wm.AppWindowToken.destroySurfaces:664 com.android.server.wm.AppWindowToken.destroySurfaces:648 com.android.server.wm.AppWindowToken.notifyAppStopped:692 
05-21 10:14:48.325   584  1184 D DE N SR : setAmbientParam:938: DE_SCENE_ACTION_AMBIENT_CHANGE set mLux:655 mCt:6130
05-21 10:14:48.514  1139  1407 I WindowManager: rotationForOrientationLw(orient=0, last=1); user=0 
05-21 10:14:48.515  1139  1407 D WindowManager: face_rotation:isIntelliServiceEnabled: setting swtich off for user 0
05-21 10:14:48.515  1139  1407 D HwPhoneWindowManager: face_rotation: not enabled,use sensor real
05-21 10:14:48.515  1139  1407 D HwPhoneWindowManager: face_rotation:real sensor rotation = -1
05-21 10:14:48.515  1139  1407 D HwPhoneWindowManager: face_rotation: rotation = 1
05-21 10:14:48.515  1139  1407 I WindowManager: Selected orientation 0, got rotation 1 which has compatible metrics
05-21 10:14:48.626   597   597 E Thermal-daemon: [ap] temp_new :34  temp_old :33
05-21 10:14:48.626   584  1184 D DE N SR : setAmbientParam:938: DE_SCENE_ACTION_AMBIENT_CHANGE set mLux:654 mCt:6130
05-21 10:14:48.627  1946  3280 I ThermalService: Receive temperature change, type: 0, temp: 34 from thermald
05-21 10:14:48.628   597   597 E Thermal-daemon: Report temperature: [ap] temp :34  report_threshold:1
05-21 10:14:48.928   584  1184 D DE N SR : setAmbientParam:938: DE_SCENE_ACTION_AMBIENT_CHANGE set mLux:652 mCt:6130
05-21 10:14:49.056   518   518 I aptouch_daemon: filter_touch_detect, down, in: 1, out: 1
05-21 10:14:49.089  1546  1546 W ResourceType: No package identifier when getting value for resource number 0x00000000
05-21 10:14:49.090  1546  1546 E HwNotchUtils: setIconForView iconId is not found
05-21 10:14:49.090  1546  1546 W ResourceType: No package identifier when getting value for resource number 0x00000000
05-21 10:14:49.090  1546  1546 E HwNotchUtils: setIconForView iconId is not found
05-21 10:14:49.090  1546  1546 I Tile.WifiTile: setWifiIndicators  CallbackInfo = CallbackInfo[enabled=true,connected=true,wifiSignalIconId=2130838337,enabledDesc="cambricon",activityIn=false,activityOut=false,wifiSignalContentDescription=WLAN  3 ]
05-21 10:14:49.133   508   508 E WifiHAL : enter wifi_get_link_stats
05-21 10:14:49.144   598   598 E wificond: Failed to get NL80211_RATE_INFO_NOISE
05-21 10:14:49.144   598   598 E wificond: Failed to get NL80211_RATE_INFO_SNR
05-21 10:14:49.144   598   598 E wificond: Failed to get NL80211_STA_INFO_CNAHLOAD
05-21 10:14:49.144  1139  1446 I chatty  : uid=1000(system) WifiStateMachin expire 7 lines
05-21 10:14:49.146  1139  1461 D ConnectivityService: notifyType CAP_CHANGED for NetworkAgentInfo [WIFI () - 103]
05-21 10:14:49.155   518   518 I aptouch_daemon: filter_touch_detect, all_touch_up
05-21 10:14:49.161  1546  1546 W ResourceType: No package identifier when getting value for resource number 0x00000000
05-21 10:14:49.162  1546  1546 E HwNotchUtils: setIconForView iconId is not found
05-21 10:14:49.163  1546  1546 W ResourceType: No package identifier when getting value for resource number 0x00000000
05-21 10:14:49.163  1546  1546 E HwNotchUtils: setIconForView iconId is not found
05-21 10:14:49.163  1546  1546 W ResourceType: No package identifier when getting value for resource number 0x00000000
05-21 10:14:49.164  1546  1546 E HwNotchUtils: setIconForView iconId is not found
05-21 10:14:49.164  1546  1546 W ResourceType: No package identifier when getting value for resource number 0x00000000
05-21 10:14:49.164  1546  1546 E HwNotchUtils: setIconForView iconId is not found
05-21 10:14:49.164  1546  1546 I Tile.WifiTile: setWifiIndicators  CallbackInfo = CallbackInfo[enabled=true,connected=true,wifiSignalIconId=2130838338,enabledDesc="cambricon",activityIn=false,activityOut=false,wifiSignalContentDescription=WLAN ]
05-21 10:14:49.166 28158 28210 I chatty  : uid=10143(u0_a143) com.cambricon.productdisplay expire 5 lines
05-21 10:14:49.169   393   393 W /system/bin/hwservicemanager: Cannot open /odm/manifest_BKL-AL00.xml
05-21 10:14:49.169   393   393 W /system/bin/hwservicemanager: Cannot open /odm/manifest.xml
05-21 10:14:49.169   393   393 W /system/bin/hwservicemanager: getTransportFromManifest: Cannot find entry vendor.huawei.hardware.ai@1.0::IAiEngineService in either framework or device manifest, using default transport.
05-21 10:14:49.173   610 28212 I chatty  : uid=1000(system) HwBinder:610_2 expire 1 line
05-21 10:14:49.175 28158 28213 I chatty  : uid=10143(u0_a143) com.cambricon.productdisplay expire 5 lines
05-21 10:14:49.201 28158 28214 I chatty  : uid=10143(u0_a143) com.cambricon.productdisplay expire 15 lines
05-21 10:14:49.229   584  1184 D DE N SR : setAmbientParam:938: DE_SCENE_ACTION_AMBIENT_CHANGE set mLux:653 mCt:6130
05-21 10:14:49.295 28158 28158 I chatty  : uid=10143(u0_a143) com.cambricon.productdisplay expire 1 line
05-21 10:14:49.307   610  6106 I chatty  : uid=1000(system) HwBinder:610_2 expire 1165 lines
05-21 10:14:49.307 28158 28215 I chatty  : uid=10143(u0_a143) com.cambricon.productdisplay expire 15 lines
05-21 10:14:49.340 28158 28158 I chatty  : uid=10143(u0_a143) com.cambricon.productdisplay expire 4 lines
05-21 10:14:49.352 28158 28216 I chatty  : uid=10143(u0_a143) com.cambricon.productdisplay expire 9 lines
05-21 10:14:49.374 28158 28216 I ai_ddkdemo_msg: max[j]=0.001000!
05-21 10:14:49.374 28158 28216 E Ai_DDK_Msg: stringStream.str().c_str() n01440764 tench, Tinca tinca-0.1%
05-21 10:14:49.374 28158 28216 E Ai_DDK_Msg: 0.009
05-21 10:14:49.374 28158 28216 I         : NativeHandleWrapper::~NativeHandleWrapper
05-21 10:14:49.374 28158 28216 I         : NativeHandleWrapper::~NativeHandleWrapper [ok]
05-21 10:14:49.374 28158 28216 I         : NativeHandleWrapper::~NativeHandleWrapper
05-21 10:14:49.374 28158 28216 I         : NativeHandleWrapper::~NativeHandleWrapper [ok]
05-21 10:14:49.384 28158 28158 W huangyaling: isCPUMode=false
05-21 10:14:49.384 28158 28158 D ClassificationActivity: fps:6666666.666666667
05-21 10:14:49.389 28158 28158 D ClassificationActivity: fps:6666666.666666667
05-21 10:14:49.394 28158 28158 W huangyaling: isCPUMode=false
05-21 10:14:49.397 28158 28218 W huangyaling: isCPUMode=false
05-21 10:14:49.407 28158 28213 I         : AiModelManagerImpl::startModel(one from memory) [ok]
05-21 10:14:49.407 28158 28213 D Ai_DDK_Msg: chenfuduo startModel from sdcard 0
05-21 10:14:49.416   602  7768 I Pged-IPgedBinderService: ****action is 2, pid num is 2***
05-21 10:14:49.416   602  7768 I Pged-Freezer: thawPids
05-21 10:14:49.417  1946  2215 D PgedBinderAdapter: unfrz ok, pid: [25756]
05-21 10:14:49.418 28158 28218 I         : NativeHandleWrapper::createFromTensor [ok]
05-21 10:14:49.418 28158 28218 I         : NativeHandleWrapper::NativeHandleWrapper
05-21 10:14:49.418 28158 28218 I         : NativeHandleWrapper::createFromTensor [ok]
05-21 10:14:49.418 28158 28218 I         : NativeHandleWrapper::NativeHandleWrapper
05-21 10:14:49.418 28158 28218 I ai_ddkdemo_msg: runModelSync createFromTensor success
05-21 10:14:49.427 28158 28158 D HwRTBlurUtils: check blur style for HwToast-Toast, themeResId : 0x7f0f0006, context : com.cambricon.productdisplay.activity.ClassificationActivity@aff9735, Nhwext : 6, get Blur : disable with , android.graphics.drawable.NinePatchDrawable@94e1165
05-21 10:14:49.435  1946  2322 I ash     : view add pid:28158 uid:10143
05-21 10:14:49.436 28158 28187 D OpenGLRenderer:   HWUI Binary is  enabled
05-21 10:14:49.437  1139  1569 V WindowManager: Adding Window{f44c29c u0 Toast} to WindowToken{43a94a5 android.os.Binder@c8f5b6e}
05-21 10:14:49.438  1139  1569 V WindowManager: addWindow: New client android.os.BinderProxy@bf9a20f: window=Window{f44c29c u0 Toast} Callers=com.android.server.wm.HwWindowManagerService.addWindow:573 com.android.server.wm.Session.addToDisplay:199 android.view.IWindowSession$Stub.onTransact:124 com.android.server.wm.Session.onTransact:161 android.os.Binder.execTransact:675 
05-21 10:14:49.438 28158 28187 D OpenGLRenderer:   HWUI Binary is  enabled
05-21 10:14:49.447 28158 28218 I         : AiModelManagerImpl::runModel(1 input 1 output) [ok]
05-21 10:14:49.447 28158 28218 I ai_ddkdemo_msg: runModel 0
05-21 10:14:49.447 28158 28218 I ai_ddkdemo_msg: synset_words[max_index[j]].c_str()  n03935335 piggy bank, penny bank!
05-21 10:14:49.447 28158 28218 I ai_ddkdemo_msg: max[j]=0.721969!
05-21 10:14:49.447 28158 28218 E Ai_DDK_Msg: stringStream.str().c_str() n03935335 piggy bank, penny bank-72.1969%
05-21 10:14:49.447 28158 28218 E Ai_DDK_Msg: 28.487
05-21 10:14:49.447 28158 28218 I         : NativeHandleWrapper::~NativeHandleWrapper
05-21 10:14:49.447 28158 28218 I         : NativeHandleWrapper::~NativeHandleWrapper [ok]
05-21 10:14:49.447 28158 28218 I         : NativeHandleWrapper::~NativeHandleWrapper
05-21 10:14:49.447 28158 28218 I         : NativeHandleWrapper::~NativeHandleWrapper [ok]
05-21 10:14:49.456 28158 28187 D mali_winsys: EGLint new_window_surface(egl_winsys_display *, void *, EGLSurface, EGLConfig, egl_winsys_surface **, egl_color_buffer_format *, EGLBoolean) returns 0x3000
05-21 10:14:49.464 28158 28158 W huangyaling: isCPUMode=false
05-21 10:14:49.465 28158 28158 D ClassificationActivity: fps:2106.2238915996772
05-21 10:14:49.468 28158 28158 D ClassificationActivity: fps:2106.2238915996772
05-21 10:14:49.473 28158 28158 W huangyaling: isCPUMode=false
05-21 10:14:49.474 28158 28214 W huangyaling: isCPUMode=false
05-21 10:14:49.484  1139  1569 D WindowManager: finishDrawingWindow: Window{f44c29c u0 Toast} mDrawState=DRAW_PENDING
05-21 10:14:49.496 28158 28214 I         : NativeHandleWrapper::createFromTensor [ok]
05-21 10:14:49.496 28158 28214 I         : NativeHandleWrapper::NativeHandleWrapper
05-21 10:14:49.497 28158 28214 I         : NativeHandleWrapper::createFromTensor [ok]
05-21 10:14:49.497 28158 28214 I         : NativeHandleWrapper::NativeHandleWrapper
05-21 10:14:49.497 28158 28214 I ai_ddkdemo_msg: runModelSync createFromTensor success
05-21 10:14:49.508  1139  1569 D WindowManager: finishDrawingWindow: Window{f44c29c u0 Toast} mDrawState=HAS_DRAWN
05-21 10:14:49.524 28158 28214 I         : AiModelManagerImpl::runModel(1 input 1 output) [ok]
05-21 10:14:49.524 28158 28214 I ai_ddkdemo_msg: runModel 0
05-21 10:14:49.524 28158 28214 I ai_ddkdemo_msg: synset_words[max_index[j]].c_str()  n02105412 kelpie!
05-21 10:14:49.524 28158 28214 I ai_ddkdemo_msg: max[j]=0.281015!
05-21 10:14:49.524 28158 28214 E Ai_DDK_Msg: stringStream.str().c_str() n02105412 kelpie-28.1015%
05-21 10:14:49.524 28158 28214 E Ai_DDK_Msg: 26.747
05-21 10:14:49.524 28158 28214 I         : NativeHandleWrapper::~NativeHandleWrapper
05-21 10:14:49.524 28158 28214 I         : NativeHandleWrapper::~NativeHandleWrapper [ok]
05-21 10:14:49.524 28158 28214 I         : NativeHandleWrapper::~NativeHandleWrapper
05-21 10:14:49.524 28158 28214 I         : NativeHandleWrapper::~NativeHandleWrapper [ok]
05-21 10:14:49.535 28158 28158 W huangyaling: isCPUMode=false
05-21 10:14:49.535 28158 28158 D ClassificationActivity: fps:2243.242232773769
05-21 10:14:49.539 28158 28158 D ClassificationActivity: fps:2243.242232773769
05-21 10:14:49.547 28158 28158 W huangyaling: isCPUMode=false
05-21 10:14:49.548 28158 28215 W huangyaling: isCPUMode=false
05-21 10:14:49.568 28158 28215 I         : NativeHandleWrapper::createFromTensor [ok]
05-21 10:14:49.568 28158 28215 I         : NativeHandleWrapper::NativeHandleWrapper
05-21 10:14:49.568 28158 28215 I         : NativeHandleWrapper::createFromTensor [ok]
05-21 10:14:49.568 28158 28215 I         : NativeHandleWrapper::NativeHandleWrapper
05-21 10:14:49.568 28158 28215 I ai_ddkdemo_msg: runModelSync createFromTensor success
05-21 10:14:49.595 28158 28215 I         : AiModelManagerImpl::runModel(1 input 1 output) [ok]
05-21 10:14:49.595 28158 28215 I ai_ddkdemo_msg: runModel 0
05-21 10:14:49.595 28158 28215 I ai_ddkdemo_msg: synset_words[max_index[j]].c_str()  n02123045 tabby, tabby cat!
05-21 10:14:49.595 28158 28215 I ai_ddkdemo_msg: max[j]=0.681886!
05-21 10:14:49.595 28158 28215 E Ai_DDK_Msg: stringStream.str().c_str() n02123045 tabby, tabby cat-68.1886%
05-21 10:14:49.595 28158 28215 E Ai_DDK_Msg: 26.607
05-21 10:14:49.595 28158 28215 I         : NativeHandleWrapper::~NativeHandleWrapper
05-21 10:14:49.595 28158 28215 I         : NativeHandleWrapper::~NativeHandleWrapper [ok]
05-21 10:14:49.595 28158 28215 I         : NativeHandleWrapper::~NativeHandleWrapper
05-21 10:14:49.595 28158 28215 I         : NativeHandleWrapper::~NativeHandleWrapper [ok]
05-21 10:14:49.605 28158 28158 W huangyaling: isCPUMode=false
05-21 10:14:49.605 28158 28158 D ClassificationActivity: fps:2255.0456646747098
05-21 10:14:49.609 28158 28158 D ClassificationActivity: fps:2255.0456646747098
05-21 10:14:49.612 28158 28163 I zygote64: Do full code cache collection, code=249KB, data=205KB
05-21 10:14:49.612 28158 28163 I zygote64: After code cache collection, code=248KB, data=159KB
05-21 10:14:49.613 28158 28158 W huangyaling: isCPUMode=false
05-21 10:14:49.614 28158 28216 W huangyaling: isCPUMode=false
05-21 10:14:49.638 28158 28216 I         : NativeHandleWrapper::createFromTensor [ok]
05-21 10:14:49.638 28158 28216 I         : NativeHandleWrapper::NativeHandleWrapper
05-21 10:14:49.638 28158 28216 I         : NativeHandleWrapper::createFromTensor [ok]
05-21 10:14:49.638 28158 28216 I         : NativeHandleWrapper::NativeHandleWrapper
05-21 10:14:49.638 28158 28216 I ai_ddkdemo_msg: runModelSync createFromTensor success
05-21 10:14:49.665 28158 28216 I         : AiModelManagerImpl::runModel(1 input 1 output) [ok]
05-21 10:14:49.665 28158 28216 I ai_ddkdemo_msg: runModel 0
05-21 10:14:49.665 28158 28216 I ai_ddkdemo_msg: synset_words[max_index[j]].c_str()  n01770393 scorpion!
05-21 10:14:49.665 28158 28216 I ai_ddkdemo_msg: max[j]=0.409196!
05-21 10:14:49.665 28158 28216 E Ai_DDK_Msg: stringStream.str().c_str() n01770393 scorpion-40.9196%
05-21 10:14:49.665 28158 28216 E Ai_DDK_Msg: 26.729
05-21 10:14:49.665 28158 28216 I         : NativeHandleWrapper::~NativeHandleWrapper
05-21 10:14:49.665 28158 28216 I         : NativeHandleWrapper::~NativeHandleWrapper [ok]
05-21 10:14:49.665 28158 28216 I         : NativeHandleWrapper::~NativeHandleWrapper
05-21 10:14:49.665 28158 28216 I         : NativeHandleWrapper::~NativeHandleWrapper [ok]
05-21 10:14:49.675 28158 28158 W huangyaling: isCPUMode=false
05-21 10:14:49.675 28158 28158 D ClassificationActivity: fps:2244.752890119346
05-21 10:14:49.679 28158 28158 D ClassificationActivity: fps:2244.752890119346
05-21 10:14:49.683 28158 28158 W huangyaling: isCPUMode=false
05-21 10:14:49.684 28158 28218 W huangyaling: isCPUMode=false
05-21 10:14:49.714  2589 28205 W NetRec  : [733] znt.a: Timeout after 2200 ms while waiting for score updates. Rescheduling.
05-21 10:14:49.716 28158 28218 I         : NativeHandleWrapper::createFromTensor [ok]
05-21 10:14:49.716 28158 28218 I         : NativeHandleWrapper::NativeHandleWrapper
05-21 10:14:49.716 28158 28218 I         : NativeHandleWrapper::createFromTensor [ok]
05-21 10:14:49.716 28158 28218 I         : NativeHandleWrapper::NativeHandleWrapper
05-21 10:14:49.716 28158 28218 I ai_ddkdemo_msg: runModelSync createFromTensor success
05-21 10:14:49.716  2589 28205 I NetRec  : [733] znt.a: Still entries pending update, scheduling new rapid_refresh_scores_task refresh.
05-21 10:14:49.731  1139  6089 V BroadcastQueue: Finished with ordered broadcast BroadcastRecord{e296c88 u0 com.google.android.gms.gcm.ACTION_SCHEDULE}
05-21 10:14:49.736  1139  6089 I chatty  : uid=1000(system) Binder:1139_1D expire 1 line
05-21 10:14:49.743 28158 28218 I         : AiModelManagerImpl::runModel(1 input 1 output) [ok]
05-21 10:14:49.743 28158 28218 I ai_ddkdemo_msg: runModel 0
05-21 10:14:49.743 28158 28218 I ai_ddkdemo_msg: synset_words[max_index[j]].c_str()  n01871265 tusker!
05-21 10:14:49.743 28158 28218 I ai_ddkdemo_msg: max[j]=0.628624!
05-21 10:14:49.743 28158 28218 E Ai_DDK_Msg: stringStream.str().c_str() n01871265 tusker-62.8624%
05-21 10:14:49.743 28158 28218 E Ai_DDK_Msg: 26.636
05-21 10:14:49.743 28158 28218 I         : NativeHandleWrapper::~NativeHandleWrapper
05-21 10:14:49.743 28158 28218 I         : NativeHandleWrapper::~NativeHandleWrapper [ok]
05-21 10:14:49.743 28158 28218 I         : NativeHandleWrapper::~NativeHandleWrapper
05-21 10:14:49.743 28158 28218 I         : NativeHandleWrapper::~NativeHandleWrapper [ok]
05-21 10:14:49.744  2589  4409 D WorkSource: Insert in WorkSource{} @ 0 uid 10019 name com.google.android.gms
05-21 10:14:49.746  1139  6089 W HwAlarmManagerService: isContainsAppUidInWorksource-->happend NameNotFoundException
05-21 10:14:49.753 28158 28158 W huangyaling: isCPUMode=false
05-21 10:14:49.753 28158 28158 D ClassificationActivity: fps:2252.5904790509085
05-21 10:14:49.757   598   598 E wificond: Failed to get NL80211_RATE_INFO_NOISE
05-21 10:14:49.757   598   598 E wificond: Failed to get NL80211_RATE_INFO_SNR
05-21 10:14:49.757   598   598 E wificond: Failed to get NL80211_STA_INFO_CNAHLOAD
05-21 10:14:49.756 28158 28158 D ClassificationActivity: fps:2252.5904790509085
05-21 10:14:49.758   598   598 E wificond: Failed to get NL80211_RATE_INFO_NOISE
05-21 10:14:49.758   598   598 E wificond: Failed to get NL80211_RATE_INFO_SNR
05-21 10:14:49.758   598   598 E wificond: Failed to get NL80211_STA_INFO_CNAHLOAD
05-21 10:14:49.760 28158 28158 W huangyaling: isCPUMode=false
05-21 10:14:49.761 28158 28214 W huangyaling: isCPUMode=false
05-21 10:14:49.790 28158 28214 I         : NativeHandleWrapper::createFromTensor [ok]
05-21 10:14:49.790 28158 28214 I         : NativeHandleWrapper::NativeHandleWrapper
05-21 10:14:49.790 28158 28214 I         : NativeHandleWrapper::createFromTensor [ok]
05-21 10:14:49.790 28158 28214 I         : NativeHandleWrapper::NativeHandleWrapper
05-21 10:14:49.790 28158 28214 I ai_ddkdemo_msg: runModelSync createFromTensor success
05-21 10:14:49.818 28158 28214 I         : AiModelManagerImpl::runModel(1 input 1 output) [ok]
05-21 10:14:49.818 28158 28214 I ai_ddkdemo_msg: runModel 0
05-21 10:14:49.818 28158 28214 I ai_ddkdemo_msg: synset_words[max_index[j]].c_str()  n02281406 sulphur butterfly, sulfur butterfly!
05-21 10:14:49.818 28158 28214 I ai_ddkdemo_msg: max[j]=0.337483!
05-21 10:14:49.818 28158 28214 E Ai_DDK_Msg: stringStream.str().c_str() n02281406 sulphur butterfly, sulfur butterfly-33.7483%
05-21 10:14:49.818 28158 28214 E Ai_DDK_Msg: 27.531
05-21 10:14:49.818 28158 28214 I         : NativeHandleWrapper::~NativeHandleWrapper
05-21 10:14:49.818 28158 28214 I         : NativeHandleWrapper::~NativeHandleWrapper [ok]
05-21 10:14:49.818 28158 28214 I         : NativeHandleWrapper::~NativeHandleWrapper
05-21 10:14:49.818 28158 28214 I         : NativeHandleWrapper::~NativeHandleWrapper [ok]
05-21 10:14:49.829   584  1184 D DE N SR : setAmbientParam:938: DE_SCENE_ACTION_AMBIENT_CHANGE set mLux:654 mCt:6130
05-21 10:14:49.831 28158 28158 W huangyaling: isCPUMode=false
05-21 10:14:49.831 28158 28158 D ClassificationActivity: fps:2179.361447096001
05-21 10:14:49.835 28158 28158 D ClassificationActivity: fps:2179.361447096001
05-21 10:14:49.841 28158 28158 W huangyaling: isCPUMode=false
05-21 10:14:49.841 28158 28215 W huangyaling: isCPUMode=false
05-21 10:14:49.864 28158 28215 I         : NativeHandleWrapper::createFromTensor [ok]
05-21 10:14:49.864 28158 28215 I         : NativeHandleWrapper::NativeHandleWrapper
05-21 10:14:49.864 28158 28215 I         : NativeHandleWrapper::createFromTensor [ok]
05-21 10:14:49.864 28158 28215 I         : NativeHandleWrapper::NativeHandleWrapper
05-21 10:14:49.864 28158 28215 I ai_ddkdemo_msg: runModelSync createFromTensor success
05-21 10:14:49.891 28158 28215 I         : AiModelManagerImpl::runModel(1 input 1 output) [ok]
05-21 10:14:49.891 28158 28215 I ai_ddkdemo_msg: runModel 0
05-21 10:14:49.891 28158 28215 I ai_ddkdemo_msg: synset_words[max_index[j]].c_str()  n02403003 ox!
05-21 10:14:49.891 28158 28215 I ai_ddkdemo_msg: max[j]=0.200892!
05-21 10:14:49.891 28158 28215 E Ai_DDK_Msg: stringStream.str().c_str() n02403003 ox-20.0892%
05-21 10:14:49.891 28158 28215 E Ai_DDK_Msg: 26.669
05-21 10:14:49.891 28158 28215 I         : NativeHandleWrapper::~NativeHandleWrapper
05-21 10:14:49.891 28158 28215 I         : NativeHandleWrapper::~NativeHandleWrapper [ok]
05-21 10:14:49.891 28158 28215 I         : NativeHandleWrapper::~NativeHandleWrapper
05-21 10:14:49.891 28158 28215 I         : NativeHandleWrapper::~NativeHandleWrapper [ok]
05-21 10:14:49.903 28158 28158 W huangyaling: isCPUMode=false
05-21 10:14:49.903 28158 28158 D ClassificationActivity: fps:2249.803142225055
05-21 10:14:49.907 28158 28158 D ClassificationActivity: fps:2249.803142225055
05-21 10:14:49.914 28158 28158 W huangyaling: isCPUMode=false
05-21 10:14:49.915 28158 28216 W huangyaling: isCPUMode=false
05-21 10:14:49.936 28158 28216 I         : NativeHandleWrapper::createFromTensor [ok]
05-21 10:14:49.936 28158 28216 I         : NativeHandleWrapper::NativeHandleWrapper
05-21 10:14:49.937 28158 28216 I         : NativeHandleWrapper::createFromTensor [ok]
05-21 10:14:49.937 28158 28216 I         : NativeHandleWrapper::NativeHandleWrapper
05-21 10:14:49.937 28158 28216 I ai_ddkdemo_msg: runModelSync createFromTensor success
05-21 10:14:49.963 28158 28216 I         : AiModelManagerImpl::runModel(1 input 1 output) [ok]
05-21 10:14:49.963 28158 28216 I ai_ddkdemo_msg: runModel 0
05-21 10:14:49.963 28158 28216 I ai_ddkdemo_msg: synset_words[max_index[j]].c_str()  n04065272 recreational vehicle, RV, R.V.!
05-21 10:14:49.963 28158 28216 I ai_ddkdemo_msg: max[j]=0.181037!
05-21 10:14:49.963 28158 28216 E Ai_DDK_Msg: stringStream.str().c_str() n04065272 recreational vehicle, RV, R.V.-18.1037%
05-21 10:14:49.963 28158 28216 E Ai_DDK_Msg: 26.676
05-21 10:14:49.963 28158 28216 I         : NativeHandleWrapper::~NativeHandleWrapper
05-21 10:14:49.964 28158 28216 I         : NativeHandleWrapper::~NativeHandleWrapper [ok]
05-21 10:14:49.964 28158 28216 I         : NativeHandleWrapper::~NativeHandleWrapper
05-21 10:14:49.964 28158 28216 I         : NativeHandleWrapper::~NativeHandleWrapper [ok]
05-21 10:14:49.980 28158 28158 W huangyaling: isCPUMode=false
05-21 10:14:49.980 28158 28158 D ClassificationActivity: fps:2249.212775528565
05-21 10:14:49.984 28158 28158 D ClassificationActivity: fps:2249.212775528565
05-21 10:14:49.989 28158 28158 W huangyaling: isCPUMode=false
05-21 10:14:49.990 28158 28218 W huangyaling: isCPUMode=false
05-21 10:14:50.021 28158 28218 I         : NativeHandleWrapper::createFromTensor [ok]
05-21 10:14:50.021 28158 28218 I         : NativeHandleWrapper::NativeHandleWrapper
05-21 10:14:50.021 28158 28218 I         : NativeHandleWrapper::createFromTensor [ok]
05-21 10:14:50.021 28158 28218 I         : NativeHandleWrapper::NativeHandleWrapper
05-21 10:14:50.021 28158 28218 I ai_ddkdemo_msg: runModelSync createFromTensor success
05-21 10:14:50.049 28158 28218 I         : AiModelManagerImpl::runModel(1 input 1 output) [ok]
05-21 10:14:50.049 28158 28218 I ai_ddkdemo_msg: runModel 0
05-21 10:14:50.049 28158 28218 I ai_ddkdemo_msg: synset_words[max_index[j]].c_str()  n01704323 triceratops!
05-21 10:14:50.049 28158 28218 I ai_ddkdemo_msg: max[j]=0.475089!
05-21 10:14:50.049 28158 28218 E Ai_DDK_Msg: stringStream.str().c_str() n01704323 triceratops-47.5089%
05-21 10:14:50.049 28158 28218 E Ai_DDK_Msg: 27.949
05-21 10:14:50.049 28158 28218 I         : NativeHandleWrapper::~NativeHandleWrapper
05-21 10:14:50.049 28158 28218 I         : NativeHandleWrapper::~NativeHandleWrapper [ok]
05-21 10:14:50.049 28158 28218 I         : NativeHandleWrapper::~NativeHandleWrapper
05-21 10:14:50.050 28158 28218 I         : NativeHandleWrapper::~NativeHandleWrapper [ok]
05-21 10:14:50.061 28158 28158 W huangyaling: isCPUMode=false
05-21 10:14:50.062 28158 28158 D ClassificationActivity: fps:2146.767326201295
05-21 10:14:50.066 28158 28158 D ClassificationActivity: fps:2146.767326201295
05-21 10:14:50.071 28158 28158 W huangyaling: isCPUMode=false
05-21 10:14:50.072 28158 28214 W huangyaling: isCPUMode=false
05-21 10:14:50.094 28158 28214 I         : NativeHandleWrapper::createFromTensor [ok]
05-21 10:14:50.094 28158 28214 I         : NativeHandleWrapper::NativeHandleWrapper
05-21 10:14:50.095 28158 28214 I         : NativeHandleWrapper::createFromTensor [ok]
05-21 10:14:50.095 28158 28214 I         : NativeHandleWrapper::NativeHandleWrapper
05-21 10:14:50.095 28158 28214 I ai_ddkdemo_msg: runModelSync createFromTensor success
05-21 10:14:50.122 28158 28214 I         : AiModelManagerImpl::runModel(1 input 1 output) [ok]
05-21 10:14:50.122 28158 28214 I ai_ddkdemo_msg: runModel 0
05-21 10:14:50.122 28158 28214 I ai_ddkdemo_msg: synset_words[max_index[j]].c_str()  n02408429 water buffalo, water ox, Asiatic buffalo, Bubalus bubalis!
05-21 10:14:50.122 28158 28214 I ai_ddkdemo_msg: max[j]=0.122274!
05-21 10:14:50.122 28158 28214 E Ai_DDK_Msg: stringStream.str().c_str() n02408429 water buffalo, water ox, Asiatic buffalo, Bubalus bubalis-12.2274%
05-21 10:14:50.122 28158 28214 E Ai_DDK_Msg: 27.612
05-21 10:14:50.122 28158 28214 I         : NativeHandleWrapper::~NativeHandleWrapper
05-21 10:14:50.123 28158 28214 I         : NativeHandleWrapper::~NativeHandleWrapper [ok]
05-21 10:14:50.123 28158 28214 I         : NativeHandleWrapper::~NativeHandleWrapper
05-21 10:14:50.123 28158 28214 I         : NativeHandleWrapper::~NativeHandleWrapper [ok]
05-21 10:14:50.134 28158 28158 W huangyaling: isCPUMode=false
05-21 10:14:50.135 28158 28158 D ClassificationActivity: fps:2172.96827466319
05-21 10:14:50.139 28158 28158 D ClassificationActivity: fps:2172.96827466319
05-21 10:14:50.142 28158 28163 I zygote64: Do partial code cache collection, code=251KB, data=173KB
05-21 10:14:50.143 28158 28163 I zygote64: After code cache collection, code=251KB, data=173KB
05-21 10:14:50.143 28158 28163 I zygote64: Increasing code cache capacity to 1024KB
05-21 10:14:50.144 28158 28158 W huangyaling: isCPUMode=false
05-21 10:14:50.145 28158 28215 W huangyaling: isCPUMode=false
05-21 10:14:50.167 28158 28215 I         : NativeHandleWrapper::createFromTensor [ok]
05-21 10:14:50.167 28158 28215 I         : NativeHandleWrapper::NativeHandleWrapper
05-21 10:14:50.168 28158 28215 I         : NativeHandleWrapper::createFromTensor [ok]
05-21 10:14:50.168 28158 28215 I         : NativeHandleWrapper::NativeHandleWrapper
05-21 10:14:50.168 28158 28215 I ai_ddkdemo_msg: runModelSync createFromTensor success
05-21 10:14:50.195 28158 28215 I         : AiModelManagerImpl::runModel(1 input 1 output) [ok]
05-21 10:14:50.195 28158 28215 I ai_ddkdemo_msg: runModel 0
05-21 10:14:50.195 28158 28215 I ai_ddkdemo_msg: synset_words[max_index[j]].c_str()  n09229709 bubble!
05-21 10:14:50.196 28158 28215 I ai_ddkdemo_msg: max[j]=0.247630!
05-21 10:14:50.196 28158 28215 E Ai_DDK_Msg: stringStream.str().c_str() n09229709 bubble-24.763%
05-21 10:14:50.196 28158 28215 E Ai_DDK_Msg: 27.674
05-21 10:14:50.196 28158 28215 I         : NativeHandleWrapper::~NativeHandleWrapper
05-21 10:14:50.196 28158 28215 I         : NativeHandleWrapper::~NativeHandleWrapper [ok]
05-21 10:14:50.196 28158 28215 I         : NativeHandleWrapper::~NativeHandleWrapper
05-21 10:14:50.196 28158 28215 I         : NativeHandleWrapper::~NativeHandleWrapper [ok]
05-21 10:14:50.207 28158 28158 W huangyaling: isCPUMode=false
05-21 10:14:50.208 28158 28158 D ClassificationActivity: fps:2168.1000216810003
05-21 10:14:50.212 28158 28158 D ClassificationActivity: fps:2168.1000216810003
05-21 10:14:50.217 28158 28158 W huangyaling: isCPUMode=false
05-21 10:14:50.218 28158 28216 W huangyaling: isCPUMode=false
05-21 10:14:50.241 28158 28216 I         : NativeHandleWrapper::createFromTensor [ok]
05-21 10:14:50.241 28158 28216 I         : NativeHandleWrapper::NativeHandleWrapper
05-21 10:14:50.241 28158 28216 I         : NativeHandleWrapper::createFromTensor [ok]
05-21 10:14:50.241 28158 28216 I         : NativeHandleWrapper::NativeHandleWrapper
05-21 10:14:50.241 28158 28216 I ai_ddkdemo_msg: runModelSync createFromTensor success
05-21 10:14:50.268 28158 28216 I         : AiModelManagerImpl::runModel(1 input 1 output) [ok]
05-21 10:14:50.268 28158 28216 I ai_ddkdemo_msg: runModel 0
05-21 10:14:50.268 28158 28216 I ai_ddkdemo_msg: synset_words[max_index[j]].c_str()  n02102480 Sussex spaniel!
05-21 10:14:50.268 28158 28216 I ai_ddkdemo_msg: max[j]=0.143691!
05-21 10:14:50.268 28158 28216 E Ai_DDK_Msg: stringStream.str().c_str() n02102480 Sussex spaniel-14.3691%
05-21 10:14:50.268 28158 28216 E Ai_DDK_Msg: 26.689
05-21 10:14:50.268 28158 28216 I         : NativeHandleWrapper::~NativeHandleWrapper
05-21 10:14:50.268 28158 28216 I         : NativeHandleWrapper::~NativeHandleWrapper [ok]
05-21 10:14:50.268 28158 28216 I         : NativeHandleWrapper::~NativeHandleWrapper
05-21 10:14:50.268 28158 28216 I         : NativeHandleWrapper::~NativeHandleWrapper [ok]
05-21 10:14:50.280 28158 28158 W huangyaling: isCPUMode=false
05-21 10:14:50.280 28158 28158 D ClassificationActivity: fps:2248.1172018434563
05-21 10:14:50.284 28158 28158 D ClassificationActivity: fps:2248.1172018434563
05-21 10:14:50.298 28158 28158 W huangyaling: isCPUMode=false
05-21 10:14:50.300 28158 28218 W huangyaling: isCPUMode=false
05-21 10:14:50.321 28158 28218 I         : NativeHandleWrapper::createFromTensor [ok]
05-21 10:14:50.321 28158 28218 I         : NativeHandleWrapper::NativeHandleWrapper
05-21 10:14:50.321 28158 28218 I         : NativeHandleWrapper::createFromTensor [ok]
05-21 10:14:50.321 28158 28218 I         : NativeHandleWrapper::NativeHandleWrapper
05-21 10:14:50.321 28158 28218 I ai_ddkdemo_msg: runModelSync createFromTensor success
05-21 10:14:50.347 28158 28218 I         : AiModelManagerImpl::runModel(1 input 1 output) [ok]
05-21 10:14:50.347 28158 28218 I ai_ddkdemo_msg: runModel 0
05-21 10:14:50.347 28158 28218 I ai_ddkdemo_msg: synset_words[max_index[j]].c_str()  n03967562 plow, plough!
05-21 10:14:50.347 28158 28218 I ai_ddkdemo_msg: max[j]=0.276721!
05-21 10:14:50.347 28158 28218 E Ai_DDK_Msg: stringStream.str().c_str() n03967562 plow, plough-27.6721%
05-21 10:14:50.347 28158 28218 E Ai_DDK_Msg: 26.39
05-21 10:14:50.347 28158 28218 I         : NativeHandleWrapper::~NativeHandleWrapper
05-21 10:14:50.348 28158 28218 I         : NativeHandleWrapper::~NativeHandleWrapper [ok]
05-21 10:14:50.348 28158 28218 I         : NativeHandleWrapper::~NativeHandleWrapper
05-21 10:14:50.348 28158 28218 I         : NativeHandleWrapper::~NativeHandleWrapper [ok]
05-21 10:14:50.357 28158 28158 W huangyaling: isCPUMode=false
05-21 10:14:50.358 28158 28158 D ClassificationActivity: fps:2273.588480485032
05-21 10:14:50.362 28158 28158 D ClassificationActivity: fps:2273.588480485032
05-21 10:14:50.365 28158 28158 W huangyaling: isCPUMode=false
05-21 10:14:50.366 28158 28214 W huangyaling: isCPUMode=false
05-21 10:14:50.386 28158 28214 I         : NativeHandleWrapper::createFromTensor [ok]
05-21 10:14:50.386 28158 28214 I         : NativeHandleWrapper::NativeHandleWrapper
05-21 10:14:50.386 28158 28214 I         : NativeHandleWrapper::createFromTensor [ok]
05-21 10:14:50.386 28158 28214 I         : NativeHandleWrapper::NativeHandleWrapper
05-21 10:14:50.386 28158 28214 I ai_ddkdemo_msg: runModelSync createFromTensor success
05-21 10:14:50.412 28158 28214 I         : AiModelManagerImpl::runModel(1 input 1 output) [ok]
05-21 10:14:50.412 28158 28214 I ai_ddkdemo_msg: runModel 0
05-21 10:14:50.412 28158 28214 I ai_ddkdemo_msg: synset_words[max_index[j]].c_str()  n01685808 whiptail, whiptail lizard!
05-21 10:14:50.412 28158 28214 I ai_ddkdemo_msg: max[j]=0.237662!
05-21 10:14:50.412 28158 28214 E Ai_DDK_Msg: stringStream.str().c_str() n01685808 whiptail, whiptail lizard-23.7662%
05-21 10:14:50.412 28158 28214 E Ai_DDK_Msg: 26.154
05-21 10:14:50.412 28158 28214 I         : NativeHandleWrapper::~NativeHandleWrapper
05-21 10:14:50.413 28158 28214 I         : NativeHandleWrapper::~NativeHandleWrapper [ok]
05-21 10:14:50.413 28158 28214 I         : NativeHandleWrapper::~NativeHandleWrapper
05-21 10:14:50.413 28158 28214 I         : NativeHandleWrapper::~NativeHandleWrapper [ok]
05-21 10:14:50.423 28158 28158 W huangyaling: isCPUMode=false
05-21 10:14:50.423 28158 28158 D ClassificationActivity: fps:2294.1041523285157
05-21 10:14:50.427 28158 28158 D ClassificationActivity: fps:2294.1041523285157
05-21 10:14:50.431 28158 28158 W huangyaling: isCPUMode=false
05-21 10:14:50.432 28158 28215 W huangyaling: isCPUMode=false
05-21 10:14:50.483 28158 28215 I         : NativeHandleWrapper::createFromTensor [ok]
05-21 10:14:50.483 28158 28215 I         : NativeHandleWrapper::NativeHandleWrapper
05-21 10:14:50.484 28158 28215 I         : NativeHandleWrapper::createFromTensor [ok]
05-21 10:14:50.484 28158 28215 I         : NativeHandleWrapper::NativeHandleWrapper
05-21 10:14:50.484 28158 28215 I ai_ddkdemo_msg: runModelSync createFromTensor success
05-21 10:14:50.510 28158 28215 I         : AiModelManagerImpl::runModel(1 input 1 output) [ok]
05-21 10:14:50.510 28158 28215 I ai_ddkdemo_msg: runModel 0
05-21 10:14:50.510 28158 28215 I ai_ddkdemo_msg: synset_words[max_index[j]].c_str()  n02397096 warthog!
05-21 10:14:50.510 28158 28215 I ai_ddkdemo_msg: max[j]=0.506300!
05-21 10:14:50.510 28158 28215 E Ai_DDK_Msg: stringStream.str().c_str() n02397096 warthog-50.63%
05-21 10:14:50.510 28158 28215 E Ai_DDK_Msg: 25.948
05-21 10:14:50.510 28158 28215 I         : NativeHandleWrapper::~NativeHandleWrapper
05-21 10:14:50.510 28158 28215 I         : NativeHandleWrapper::~NativeHandleWrapper [ok]
05-21 10:14:50.510 28158 28215 I         : NativeHandleWrapper::~NativeHandleWrapper
05-21 10:14:50.510 28158 28215 I         : NativeHandleWrapper::~NativeHandleWrapper [ok]
05-21 10:14:50.520 28158 28158 W huangyaling: isCPUMode=false
05-21 10:14:50.520 28158 28158 D ClassificationActivity: fps:2312.3169415754587
05-21 10:14:50.524 28158 28158 D ClassificationActivity: fps:2312.3169415754587
05-21 10:14:50.528 28158 28158 W huangyaling: isCPUMode=false
05-21 10:14:50.528 28158 28216 W huangyaling: isCPUMode=false
05-21 10:14:50.548 28158 28216 I         : NativeHandleWrapper::createFromTensor [ok]
05-21 10:14:50.548 28158 28216 I         : NativeHandleWrapper::NativeHandleWrapper
