05-21 10:09:22.102  6144  6144 W ContextImpl: Calling a method in the system process without a qualified user: android.app.ContextImpl.startService:1656 android.content.ContextWrapper.startService:644 android.content.ContextWrapper.startService:644 com.android.settings.deviceinfo.UsbReceiver.startUsbService:282 com.android.settings.deviceinfo.UsbReceiver.onUsbStateReceive:159 
05-21 10:09:22.107  6144  6144 W ContextImpl: Calling a method in the system process without a qualified user: android.app.ContextImpl.startService:1656 android.content.ContextWrapper.startService:644 android.content.ContextWrapper.startService:644 com.android.settings.deviceinfo.UsbReceiver.startUsbService:282 com.android.settings.deviceinfo.UsbReceiver.onUsbStateReceive:206 
05-21 10:09:22.123  1139  1456 I chatty  : uid=1000(system) WifiScanningSer expire 1 line
05-21 10:09:22.359  6144  6144 W ContextImpl: Calling a method in the system process without a qualified user: android.app.ContextImpl.startService:1656 android.content.ContextWrapper.startService:644 android.content.ContextWrapper.startService:644 com.android.settings.wifi.AccessPointConnectedReceiver.onReceive:28 android.app.ActivityThread.handleReceiver:3695 
05-21 10:09:22.386  6144  6144 W ContextImpl: Calling a method in the system process without a qualified user: android.app.ContextImpl.startService:1656 android.content.ContextWrapper.startService:644 android.content.ContextWrapper.startService:644 com.android.settings.wifi.AccessPointConnectedReceiver.onReceive:28 android.app.ActivityThread.handleReceiver:3695 
05-21 10:09:22.405  6144  6144 W ContextImpl: Calling a method in the system process without a qualified user: android.app.ContextImpl.startService:1656 android.content.ContextWrapper.startService:644 android.content.ContextWrapper.startService:644 com.android.settings.wifi.AccessPointConnectedReceiver.onReceive:28 android.app.ActivityThread.handleReceiver:3695 
05-21 10:09:22.452  6144  6144 W ContextImpl: Calling a method in the system process without a qualified user: android.app.ContextImpl.startService:1656 android.content.ContextWrapper.startService:644 android.content.ContextWrapper.startService:644 com.android.settings.wifi.AccessPointConnectedReceiver.onReceive:28 android.app.ActivityThread.handleReceiver:3695 
05-21 10:09:22.495  6144  6144 W ContextImpl: Calling a method in the system process without a qualified user: android.app.ContextImpl.startService:1656 android.content.ContextWrapper.startService:644 android.content.ContextWrapper.startService:644 com.android.settings.wifi.AccessPointConnectedReceiver.onReceive:28 android.app.ActivityThread.handleReceiver:3695 
05-21 10:09:22.522  6144  6144 W ContextImpl: Calling a method in the system process without a qualified user: android.app.ContextImpl.startService:1656 android.content.ContextWrapper.startService:644 android.content.ContextWrapper.startService:644 com.android.settings.wifi.AccessPointConnectedReceiver.onReceive:28 android.app.ActivityThread.handleReceiver:3695 
05-21 10:09:22.547  6144  6144 W ContextImpl: Calling a method in the system process without a qualified user: android.app.ContextImpl.startService:1656 android.content.ContextWrapper.startService:644 android.content.ContextWrapper.startService:644 com.android.settings.wifi.AccessPointConnectedReceiver.onReceive:28 android.app.ActivityThread.handleReceiver:3695 
05-21 10:09:22.575  6144  6144 W ContextImpl: Calling a method in the system process without a qualified user: android.app.ContextImpl.startService:1656 android.content.ContextWrapper.startService:644 android.content.ContextWrapper.startService:644 com.android.settings.wifi.AccessPointConnectedReceiver.onReceive:28 android.app.ActivityThread.handleReceiver:3695 
05-21 10:09:22.597  6144  6144 W ContextImpl: Calling a method in the system process without a qualified user: android.app.ContextImpl.startService:1656 android.content.ContextWrapper.startService:644 android.content.ContextWrapper.startService:644 com.android.settings.wifi.AccessPointConnectedReceiver.onReceive:28 android.app.ActivityThread.handleReceiver:3695 
05-21 10:09:22.673  1139  1442 I chatty  : uid=1000(system) NetworkStats expire 7 lines
05-21 10:09:22.682  1139  1904 I chatty  : uid=1000(system) GpsXtraReceiver expire 2 lines
05-21 10:09:22.768 27095 27095 D ActivityThread: ActivityThread,attachApplication
05-21 10:09:22.769  1139  2733 I chatty  : uid=1000(system) Binder:1139_11 expire 12 lines
05-21 10:09:23.016  1139 26923 I chatty  : uid=1000(system) DhcpClient expire 4 lines
05-21 10:09:23.220 27095 27095 W ContextImpl: Calling a method in the system process without a qualified user: android.app.ContextImpl.startService:1656 android.content.ContextWrapper.startService:644 com.huawei.systemmanager.SystemManagerApplication.startMainService:354 com.huawei.systemmanager.SystemManagerApplication.startServices:201 com.huawei.systemmanager.SystemManagerApplication.onCreate:138 
05-21 10:09:23.225   451  1095 W SocketListener: sending broadcast to Pid = 1139, Uid = 1000 
05-21 10:09:23.258 27095 27095 W ContextImpl: Calling a method in the system process without a qualified user: android.app.ContextImpl.startService:1656 android.content.ContextWrapper.startService:644 com.huawei.systemmanager.SystemManagerApplication.startPermissionService:279 com.huawei.systemmanager.SystemManagerApplication.startServices:202 com.huawei.systemmanager.SystemManagerApplication.onCreate:138 
05-21 10:09:23.264 27095 27095 W ContextImpl: Calling a method in the system process without a qualified user: android.app.ContextImpl.startService:1656 android.content.ContextWrapper.startService:644 com.huawei.systemmanager.SystemManagerApplication.startBgStaticsService:300 com.huawei.systemmanager.SystemManagerApplication.startServices:207 com.huawei.systemmanager.SystemManagerApplication.onCreate:138 
05-21 10:09:23.266 27095 27095 W ContextImpl: Calling a method in the system process without a qualified user: android.app.ContextImpl.startService:1656 android.content.ContextWrapper.startService:644 com.huawei.systemmanager.SystemManagerApplication.startDeviceStorageMonitorService:307 com.huawei.systemmanager.SystemManagerApplication.startServices:209 com.huawei.systemmanager.SystemManagerApplication.onCreate:138 
05-21 10:09:23.268 27095 27095 W ContextImpl: Calling a method in the system process without a qualified user: android.app.ContextImpl.startService:1656 android.content.ContextWrapper.startService:644 com.huawei.systemmanager.SystemManagerApplication.startSpaceCleanService:328 com.huawei.systemmanager.SystemManagerApplication.startServices:213 com.huawei.systemmanager.SystemManagerApplication.onCreate:138 
05-21 10:09:23.276 27095 27095 W ContextImpl: Calling a method in the system process without a qualified user: android.app.ContextImpl.startService:1656 android.content.ContextWrapper.startService:644 com.huawei.systemmanager.SystemManagerApplication.startSmartControlResidentService:338 com.huawei.systemmanager.SystemManagerApplication.startServices:216 com.huawei.systemmanager.SystemManagerApplication.onCreate:138 
05-21 10:09:23.289 27095 27095 W ContextImpl: Calling a method in the system process without a qualified user: android.app.ContextImpl.startService:1656 android.content.ContextWrapper.startService:644 com.huawei.systemmanager.SystemManagerApplication.startAntivirusService:343 com.huawei.systemmanager.SystemManagerApplication.startServices:217 com.huawei.systemmanager.SystemManagerApplication.onCreate:138 
05-21 10:09:23.304 27095 27095 W ContextImpl: Calling a method in the system process without a qualified user: android.app.ContextImpl.startService:1656 android.content.ContextWrapper.startService:644 com.huawei.systemmanager.SystemManagerApplication.startCoreService:238 com.huawei.systemmanager.SystemManagerApplication.startServices:219 com.huawei.systemmanager.SystemManagerApplication.onCreate:138 
05-21 10:09:23.366   598   598 E wificond: Failed to get NL80211_RATE_INFO_NOISE
05-21 10:09:23.366   598   598 E wificond: Failed to get NL80211_RATE_INFO_SNR
05-21 10:09:23.366   598   598 E wificond: Failed to get NL80211_STA_INFO_CNAHLOAD
05-21 10:09:23.505 27095 27095 W ContextImpl: Calling a method in the system process without a qualified user: android.app.ContextImpl.bindService:1736 android.content.ContextWrapper.bindService:678 com.huawei.systemmanager.hsmstat.HsmStatProxy.bindService:263 com.huawei.systemmanager.hsmstat.HsmStatProxy.-wrap0:0 com.huawei.systemmanager.hsmstat.HsmStatProxy$1.handleMessage:65 
05-21 10:09:23.604 27163 27163 D ActivityThread: ActivityThread,attachApplication
05-21 10:09:23.914  2655 24493 W SettingsEx: SettingsEx.Systemex.getInt deprecated use Settings.System.getInt instead ;callers=com.huawei.recsys.util.SystemUtil.getNotificationUpdateMode:169 com.huawei.recsys.util.SystemUtil.isAllowUpdate:104 com.huawei.recsys.controller.notification.http.NotificationUpdateController.startNotificationUpdate:85 
05-21 10:09:23.921  1139 27204 I chatty  : uid=1000 system_server expire 4 lines
05-21 10:09:24.147  1139  2733 I chatty  : uid=1000(system) Binder:1139_11 expire 3 lines
05-21 10:09:24.239  1139  2727 I chatty  : uid=1000(system) Binder:1139_10 expire 11 lines
05-21 10:09:24.402  1139  6072 I chatty  : uid=1000(system) Binder:1139_1C expire 12 lines
05-21 10:09:24.419  1139  2703 I chatty  : uid=1000(system) Binder:1139_D expire 11 lines
05-21 10:09:24.520  1139  2761 I chatty  : uid=1000(system) Binder:1139_13 expire 1 line
05-21 10:09:24.603  1139  1152 I chatty  : uid=1000(system) Binder:1139_1 expire 4 lines
05-21 10:09:24.925  1139  1139 I chatty  : uid=1000 system_server expire 10 lines
05-21 10:09:25.078  1139  2585 I chatty  : uid=1000(system) HwUsbHDBManager expire 6 lines
05-21 10:09:26.381   598   598 E wificond: Failed to get NL80211_RATE_INFO_NOISE
05-21 10:09:26.381   598   598 E wificond: Failed to get NL80211_RATE_INFO_SNR
05-21 10:09:26.381   598   598 E wificond: Failed to get NL80211_STA_INFO_CNAHLOAD
05-21 10:09:26.387  1139  1461 I chatty  : uid=1000(system) ConnectivitySer expire 1 line
05-21 10:09:26.408 27095 27235 W ContextImpl: Calling a method in the system process without a qualified user: android.app.ContextImpl.startService:1656 android.content.ContextWrapper.startService:644 tmsdk.common.TMSDKContext.start:153 tmsdk.common.TMSDKContext.access$000:0 tmsdk.common.TMSDKContext$1.run:0 
05-21 10:09:26.775 27260 27260 D ActivityThread: ActivityThread,attachApplication
05-21 10:09:28.187  1139  1699 I chatty  : uid=1000(system) Binder:1139_4 expire 9 lines
05-21 10:09:28.839   598   598 E wificond: Failed to get NL80211_RATE_INFO_NOISE
05-21 10:09:28.839   598   598 E wificond: Failed to get NL80211_RATE_INFO_SNR
05-21 10:09:28.839   598   598 E wificond: Failed to get NL80211_STA_INFO_CNAHLOAD
05-21 10:09:28.840   598   598 E wificond: Failed to get NL80211_RATE_INFO_NOISE
05-21 10:09:28.840   598   598 E wificond: Failed to get NL80211_RATE_INFO_SNR
05-21 10:09:28.840   598   598 E wificond: Failed to get NL80211_STA_INFO_CNAHLOAD
05-21 10:09:28.915 27095 27299 W ContextImpl: Calling a method in the system process without a qualified user: android.app.ContextImpl.sendBroadcast:1074 android.content.ContextWrapper.sendBroadcast:431 tmsdkobf.no.a:37 tmsdkobf.nu$4$2$1.a:125 tmsdkobf.no$1.a:175 
05-21 10:09:29.396   598   598 E wificond: Failed to get NL80211_RATE_INFO_NOISE
05-21 10:09:29.396   598   598 E wificond: Failed to get NL80211_RATE_INFO_SNR
05-21 10:09:29.396   598   598 E wificond: Failed to get NL80211_STA_INFO_CNAHLOAD
05-21 10:09:30.190  1139  1305 I chatty  : uid=1000(system) android.fg expire 8 lines
05-21 10:09:30.193  6144  6144 W ContextImpl: Calling a method in the system process without a qualified user: android.app.ContextImpl.sendBroadcast:1074 android.content.ContextWrapper.sendBroadcast:431 com.android.settings.deviceinfo.UsbSettingsService$5.onClick:688 com.android.settings.deviceinfo.UsbSettingsService$DialogItemListener.onClick:725 com.android.internal.app.AlertController$AlertParams$3.onItemClick:1168 
05-21 10:09:30.362  6144  6144 W ContextImpl: Calling a method in the system process without a qualified user: android.app.ContextImpl.startService:1656 android.content.ContextWrapper.startService:644 android.content.ContextWrapper.startService:644 com.android.settings.deviceinfo.UsbReceiver.startUsbService:282 com.android.settings.deviceinfo.UsbReceiver.onUsbStateReceive:159 
05-21 10:09:30.365  6144  6144 W ContextImpl: Calling a method in the system process without a qualified user: android.app.ContextImpl.startService:1656 android.content.ContextWrapper.startService:644 android.content.ContextWrapper.startService:644 com.android.settings.deviceinfo.UsbReceiver.startUsbService:282 com.android.settings.deviceinfo.UsbReceiver.onUsbStateReceive:206 
05-21 10:09:30.373  1139  1281 I chatty  : uid=1000(system) ActivityManager expire 4 lines
05-21 10:09:30.520  1139  1407 I chatty  : uid=1000(system) android.anim expire 6 lines
05-21 10:09:30.793  6144  6144 W ContextImpl: Calling a method in the system process without a qualified user: android.app.ContextImpl.startService:1656 android.content.ContextWrapper.startService:644 android.content.ContextWrapper.startService:644 com.android.settings.deviceinfo.UsbReceiver.startUsbService:282 com.android.settings.deviceinfo.UsbReceiver.onUsbStateReceive:159 
05-21 10:09:30.796  6144  6144 W ContextImpl: Calling a method in the system process without a qualified user: android.app.ContextImpl.startService:1656 android.content.ContextWrapper.startService:644 android.content.ContextWrapper.startService:644 com.android.settings.deviceinfo.UsbReceiver.startUsbService:282 com.android.settings.deviceinfo.UsbReceiver.onUsbStateReceive:206 
05-21 10:09:31.598  6144  6144 W ContextImpl: Calling a method in the system process without a qualified user: android.app.ContextImpl.startService:1656 android.content.ContextWrapper.startService:644 android.content.ContextWrapper.startService:644 com.android.settings.deviceinfo.UsbReceiver.startUsbService:282 com.android.settings.deviceinfo.UsbReceiver.onUsbStateReceive:159 
05-21 10:09:31.601  6144  6144 W ContextImpl: Calling a method in the system process without a qualified user: android.app.ContextImpl.startService:1656 android.content.ContextWrapper.startService:644 android.content.ContextWrapper.startService:644 com.android.settings.deviceinfo.UsbReceiver.startUsbService:282 com.android.settings.deviceinfo.UsbReceiver.onUsbStateReceive:206 
05-21 10:09:31.660 27320 27320 D ActivityThread: ActivityThread,attachApplication
05-21 10:09:31.673  1139  2777 I chatty  : uid=1000(system) Binder:1139_16 expire 1 line
05-21 10:09:33.062   598   598 E wificond: Failed to get NL80211_RATE_INFO_NOISE
05-21 10:09:33.062   598   598 E wificond: Failed to get NL80211_RATE_INFO_SNR
05-21 10:09:33.062   598   598 E wificond: Failed to get NL80211_STA_INFO_CNAHLOAD
05-21 10:09:36.082   598   598 E wificond: Failed to get NL80211_RATE_INFO_NOISE
05-21 10:09:36.082   598   598 E wificond: Failed to get NL80211_RATE_INFO_SNR
05-21 10:09:36.082   598   598 E wificond: Failed to get NL80211_STA_INFO_CNAHLOAD
05-21 10:09:36.640  1864 27354 W ContextImpl: Calling a method in the system process without a qualified user: android.app.ContextImpl.sendBroadcast:1074 android.content.ContextWrapper.sendBroadcast:431 tmsdkobf.no.a:37 tmsdkobf.nu$4$2$1.a:125 tmsdkobf.no$1.a:175 
05-21 10:09:36.751 27095 27141 W ContextImpl: Calling a method in the system process without a qualified user: android.app.ContextImpl.sendBroadcast:1074 android.content.ContextWrapper.sendBroadcast:431 tmsdkobf.no.a:37 tmsdkobf.nu$4.handleMessage:478 android.os.Handler.dispatchMessage:108 
05-21 10:09:37.491   598   598 E wificond: Failed to get NL80211_RATE_INFO_NOISE
05-21 10:09:37.491   598   598 E wificond: Failed to get NL80211_RATE_INFO_SNR
05-21 10:09:37.491   598   598 E wificond: Failed to get NL80211_STA_INFO_CNAHLOAD
05-21 10:09:37.495   598   598 E wificond: Failed to get NL80211_RATE_INFO_NOISE
05-21 10:09:37.495   598   598 E wificond: Failed to get NL80211_RATE_INFO_SNR
05-21 10:09:37.495   598   598 E wificond: Failed to get NL80211_STA_INFO_CNAHLOAD
05-21 10:09:37.584  1139  2727 I chatty  : uid=1000(system) Binder:1139_10 expire 12 lines
05-21 10:09:39.097   598   598 E wificond: Failed to get NL80211_RATE_INFO_NOISE
05-21 10:09:39.098   598   598 E wificond: Failed to get NL80211_RATE_INFO_SNR
05-21 10:09:39.098   598   598 E wificond: Failed to get NL80211_STA_INFO_CNAHLOAD
05-21 10:09:42.115   598   598 E wificond: Failed to get NL80211_RATE_INFO_NOISE
05-21 10:09:42.115   598   598 E wificond: Failed to get NL80211_RATE_INFO_SNR
05-21 10:09:42.115   598   598 E wificond: Failed to get NL80211_STA_INFO_CNAHLOAD
05-21 10:09:45.132   598   598 E wificond: Failed to get NL80211_RATE_INFO_NOISE
05-21 10:09:45.132   598   598 E wificond: Failed to get NL80211_RATE_INFO_SNR
05-21 10:09:45.132   598   598 E wificond: Failed to get NL80211_STA_INFO_CNAHLOAD
05-21 10:09:45.494   598   598 E wificond: Failed to get NL80211_RATE_INFO_NOISE
05-21 10:09:45.494   598   598 E wificond: Failed to get NL80211_RATE_INFO_SNR
05-21 10:09:45.494   598   598 E wificond: Failed to get NL80211_STA_INFO_CNAHLOAD
05-21 10:09:45.497   598   598 E wificond: Failed to get NL80211_RATE_INFO_NOISE
05-21 10:09:45.497   598   598 E wificond: Failed to get NL80211_RATE_INFO_SNR
05-21 10:09:45.497   598   598 E wificond: Failed to get NL80211_STA_INFO_CNAHLOAD
05-21 10:09:46.311  1139  6103 I chatty  : uid=1000(system) Binder:1139_1E expire 12 lines
05-21 10:09:48.150   598   598 E wificond: Failed to get NL80211_RATE_INFO_NOISE
05-21 10:09:48.151   598   598 E wificond: Failed to get NL80211_RATE_INFO_SNR
05-21 10:09:48.151   598   598 E wificond: Failed to get NL80211_STA_INFO_CNAHLOAD
05-21 10:09:49.747  1139  1413 I chatty  : uid=1000(system) UEventObserver expire 10 lines
05-21 10:09:51.028  1139  1861 I chatty  : uid=1000(system) watchdog expire 5 lines
05-21 10:09:51.163   598   598 E wificond: Failed to get NL80211_RATE_INFO_NOISE
05-21 10:09:51.163   598   598 E wificond: Failed to get NL80211_RATE_INFO_SNR
05-21 10:09:51.163   598   598 E wificond: Failed to get NL80211_STA_INFO_CNAHLOAD
05-21 10:09:53.510   598   598 E wificond: Failed to get NL80211_RATE_INFO_NOISE
05-21 10:09:53.510   598   598 E wificond: Failed to get NL80211_RATE_INFO_SNR
05-21 10:09:53.510   598   598 E wificond: Failed to get NL80211_STA_INFO_CNAHLOAD
05-21 10:09:53.513   598   598 E wificond: Failed to get NL80211_RATE_INFO_NOISE
05-21 10:09:53.513   598   598 E wificond: Failed to get NL80211_RATE_INFO_SNR
05-21 10:09:53.513   598   598 E wificond: Failed to get NL80211_STA_INFO_CNAHLOAD
05-21 10:09:53.720  2728  5497 I PermissionManager: camera remind result:true
05-21 10:09:54.168   598   598 E wificond: Failed to get NL80211_RATE_INFO_NOISE
05-21 10:09:54.168   598   598 E wificond: Failed to get NL80211_RATE_INFO_SNR
05-21 10:09:54.168   598   598 E wificond: Failed to get NL80211_STA_INFO_CNAHLOAD
05-21 10:09:54.708  1139  1312 I chatty  : uid=1000(system) PowerManagerSer expire 21 lines
05-21 10:09:55.903  1139  6072 I chatty  : uid=1000(system) Binder:1139_1C expire 16 lines
05-21 10:09:57.183   598   598 E wificond: Failed to get NL80211_RATE_INFO_NOISE
05-21 10:09:57.183   598   598 E wificond: Failed to get NL80211_RATE_INFO_SNR
05-21 10:09:57.183   598   598 E wificond: Failed to get NL80211_STA_INFO_CNAHLOAD
05-21 10:09:59.343  1139  1277 I chatty  : uid=1000(system) android.bg expire 1 line
05-21 10:10:00.199   598   598 E wificond: Failed to get NL80211_RATE_INFO_NOISE
05-21 10:10:00.199   598   598 E wificond: Failed to get NL80211_RATE_INFO_SNR
05-21 10:10:00.199   598   598 E wificond: Failed to get NL80211_STA_INFO_CNAHLOAD
05-21 10:10:00.810  2606  2606 V ActivityThread: Finishing stop of ActivityRecord{d493774 token=android.os.BinderProxy@ae6f002 {com.huawei.android.launcher/com.huawei.android.launcher.unihome.UniHomeLauncher}}
05-21 10:10:00.968  1139  1528 I chatty  : uid=1000(system) PhotonicModulat expire 1 line
05-21 10:10:00.970  1139  1307 I chatty  : uid=1000(system) android.display expire 4 lines
05-21 10:10:01.002  1139  1435 I chatty  : uid=1000(system) StorageManagerS expire 3 lines
05-21 10:10:01.018  1139  1458 I chatty  : uid=1000(system) WifiP2pService expire 5 lines
05-21 10:10:01.045  1139  1441 I chatty  : uid=1000(system) NetdConnector expire 10 lines
05-21 10:10:01.084  1139  2553 I chatty  : uid=1000(system) HwDeviceUsageCo expire 1 line
05-21 10:10:01.124  2655  7045 W ContextImpl: Calling a method in the system process without a qualified user: android.app.ContextImpl.bindService:1736 android.content.ContextWrapper.bindService:678 com.huawei.nb.dataservice.dsclient.RemoteServiceConnection.open:90 com.huawei.nb.dataservice.dsclient.DataServiceProxy.connect:105 com.huawei.nb.dataservice.rsclient.internal.RemoteRuleService.start:27 
05-21 10:10:01.179  1139  1282 I chatty  : uid=1000(system) android.ui expire 1 line
05-21 10:10:01.518   598   598 E wificond: Failed to get NL80211_RATE_INFO_NOISE
05-21 10:10:01.518   598   598 E wificond: Failed to get NL80211_RATE_INFO_SNR
05-21 10:10:01.519   598   598 E wificond: Failed to get NL80211_STA_INFO_CNAHLOAD
05-21 10:10:01.521   598   598 E wificond: Failed to get NL80211_RATE_INFO_NOISE
05-21 10:10:01.521   598   598 E wificond: Failed to get NL80211_RATE_INFO_SNR
05-21 10:10:01.521   598   598 E wificond: Failed to get NL80211_STA_INFO_CNAHLOAD
05-21 10:10:04.022  1139  1899 I chatty  : uid=1000(system) MultiTaskManage expire 5 lines
05-21 10:10:04.040  1139  1139 I chatty  : uid=1000 system_server expire 12 lines
05-21 10:10:04.042  1925  1925 I HwCoreAppHelperService: LocalReceiver receives:android.intent.action.PACKAGE_RESTARTED,pkg:com.android.settings,uid:1000
05-21 10:10:04.134  1139  1445 I chatty  : uid=1000(system) WifiService expire 1 line
05-21 10:10:05.764  1139  2772 I chatty  : uid=1000(system) Binder:1139_15 expire 17 lines
05-21 10:10:05.766  1139  6089 I chatty  : uid=1000(system) Binder:1139_1D expire 1 line
05-21 10:10:05.822  1546  1546 V KeyguardStatusView: refresh statusview showing:true
05-21 10:10:05.826  1546  1546 V KeyguardDisplayManager: show
05-21 10:10:05.839  1925  2278 D AntiBruteForceProcessor: RemainingAuthenticateNum = 5
05-21 10:10:05.882  2606  2606 V ActivityThread: Handle window ActivityRecord{d493774 token=android.os.BinderProxy@ae6f002 {com.huawei.android.launcher/com.huawei.android.launcher.unihome.UniHomeLauncher}} visibility: false
05-21 10:10:05.935  1139  1153 I chatty  : uid=1000(system) Binder:1139_2 expire 4 lines
05-21 10:10:06.463  1139  1327 I chatty  : uid=1000(system) PackageManager expire 2 lines
05-21 10:10:06.493 27485 27485 D ActivityThread: ActivityThread,attachApplication
05-21 10:10:06.578 13322 13341 W ActivityThread: ClassLoader.getResources: The class loader returned by Thread.getContextClassLoader() may fail for processes that host multiple applications. You should explicitly specify a context class loader. For example: Thread.setContextClassLoader(getClass().getClassLoader());
05-21 10:10:09.527   598   598 E wificond: Failed to get NL80211_RATE_INFO_NOISE
05-21 10:10:09.528   598   598 E wificond: Failed to get NL80211_RATE_INFO_SNR
05-21 10:10:09.528   598   598 E wificond: Failed to get NL80211_STA_INFO_CNAHLOAD
05-21 10:10:09.530   598   598 E wificond: Failed to get NL80211_RATE_INFO_NOISE
05-21 10:10:09.530   598   598 E wificond: Failed to get NL80211_RATE_INFO_SNR
05-21 10:10:09.530   598   598 E wificond: Failed to get NL80211_STA_INFO_CNAHLOAD
05-21 10:10:13.382  1139  5150 I chatty  : uid=1000(system) Binder:1139_1A expire 1 line
05-21 10:10:13.393  1139  1950 I chatty  : uid=1000(system) Binder:1139_6 expire 2 lines
05-21 10:10:13.449  1139  2718 I chatty  : uid=1000(system) Binder:1139_E expire 2 lines
05-21 10:10:17.535   598   598 E wificond: Failed to get NL80211_RATE_INFO_NOISE
05-21 10:10:17.536   598   598 E wificond: Failed to get NL80211_RATE_INFO_SNR
05-21 10:10:17.536   598   598 E wificond: Failed to get NL80211_STA_INFO_CNAHLOAD
05-21 10:10:17.539   598   598 E wificond: Failed to get NL80211_RATE_INFO_NOISE
05-21 10:10:17.539   598   598 E wificond: Failed to get NL80211_RATE_INFO_SNR
05-21 10:10:17.539   598   598 E wificond: Failed to get NL80211_STA_INFO_CNAHLOAD
05-21 10:10:21.870   451  1094 W SocketListener: sending broadcast to Pid = 1139, Uid = 1000 
05-21 10:10:21.880  1139  2772 I chatty  : uid=1000(system) Binder:1139_15 expire 6 lines
05-21 10:10:25.545   598   598 E wificond: Failed to get NL80211_RATE_INFO_NOISE
05-21 10:10:25.545   598   598 E wificond: Failed to get NL80211_RATE_INFO_SNR
05-21 10:10:25.545   598   598 E wificond: Failed to get NL80211_STA_INFO_CNAHLOAD
05-21 10:10:25.549   598   598 E wificond: Failed to get NL80211_RATE_INFO_NOISE
05-21 10:10:25.549   598   598 E wificond: Failed to get NL80211_RATE_INFO_SNR
05-21 10:10:25.549   598   598 E wificond: Failed to get NL80211_STA_INFO_CNAHLOAD
05-21 10:10:27.376   451  1094 W SocketListener: sending broadcast to Pid = 1139, Uid = 1000 
05-21 10:10:27.945  1139  1139 I chatty  : uid=1000 system_server expire 10 lines
05-21 10:10:33.552   598   598 E wificond: Failed to get NL80211_RATE_INFO_NOISE
05-21 10:10:33.552   598   598 E wificond: Failed to get NL80211_RATE_INFO_SNR
05-21 10:10:33.552   598   598 E wificond: Failed to get NL80211_STA_INFO_CNAHLOAD
05-21 10:10:33.555   598   598 E wificond: Failed to get NL80211_RATE_INFO_NOISE
05-21 10:10:33.555   598   598 E wificond: Failed to get NL80211_RATE_INFO_SNR
05-21 10:10:33.555   598   598 E wificond: Failed to get NL80211_STA_INFO_CNAHLOAD
05-21 10:10:41.563   598   598 E wificond: Failed to get NL80211_RATE_INFO_NOISE
05-21 10:10:41.563   598   598 E wificond: Failed to get NL80211_RATE_INFO_SNR
05-21 10:10:41.563   598   598 E wificond: Failed to get NL80211_STA_INFO_CNAHLOAD
05-21 10:10:41.566   598   598 E wificond: Failed to get NL80211_RATE_INFO_NOISE
05-21 10:10:41.566   598   598 E wificond: Failed to get NL80211_RATE_INFO_SNR
05-21 10:10:41.566   598   598 E wificond: Failed to get NL80211_STA_INFO_CNAHLOAD
05-21 10:10:49.566   598   598 E wificond: Failed to get NL80211_RATE_INFO_NOISE
05-21 10:10:49.567   598   598 E wificond: Failed to get NL80211_RATE_INFO_SNR
05-21 10:10:49.567   598   598 E wificond: Failed to get NL80211_STA_INFO_CNAHLOAD
05-21 10:10:49.570   598   598 E wificond: Failed to get NL80211_RATE_INFO_NOISE
05-21 10:10:49.570   598   598 E wificond: Failed to get NL80211_RATE_INFO_SNR
05-21 10:10:49.570   598   598 E wificond: Failed to get NL80211_STA_INFO_CNAHLOAD
05-21 10:10:57.580   598   598 E wificond: Failed to get NL80211_RATE_INFO_NOISE
05-21 10:10:57.580   598   598 E wificond: Failed to get NL80211_RATE_INFO_SNR
05-21 10:10:57.580   598   598 E wificond: Failed to get NL80211_STA_INFO_CNAHLOAD
05-21 10:10:57.582   598   598 E wificond: Failed to get NL80211_RATE_INFO_NOISE
05-21 10:10:57.582   598   598 E wificond: Failed to get NL80211_RATE_INFO_SNR
05-21 10:10:57.582   598   598 E wificond: Failed to get NL80211_STA_INFO_CNAHLOAD
05-21 10:11:04.623   451  1094 W SocketListener: sending broadcast to Pid = 1139, Uid = 1000 
05-21 10:11:05.590   598   598 E wificond: Failed to get NL80211_RATE_INFO_NOISE
05-21 10:11:05.590   598   598 E wificond: Failed to get NL80211_RATE_INFO_SNR
05-21 10:11:05.590   598   598 E wificond: Failed to get NL80211_STA_INFO_CNAHLOAD
05-21 10:11:05.594   598   598 E wificond: Failed to get NL80211_RATE_INFO_NOISE
05-21 10:11:05.594   598   598 E wificond: Failed to get NL80211_RATE_INFO_SNR
05-21 10:11:05.594   598   598 E wificond: Failed to get NL80211_STA_INFO_CNAHLOAD
05-21 10:11:13.592   598   598 E wificond: Failed to get NL80211_RATE_INFO_NOISE
05-21 10:11:13.592   598   598 E wificond: Failed to get NL80211_RATE_INFO_SNR
05-21 10:11:13.592   598   598 E wificond: Failed to get NL80211_STA_INFO_CNAHLOAD
05-21 10:11:13.595   598   598 E wificond: Failed to get NL80211_RATE_INFO_NOISE
05-21 10:11:13.595   598   598 E wificond: Failed to get NL80211_RATE_INFO_SNR
05-21 10:11:13.595   598   598 E wificond: Failed to get NL80211_STA_INFO_CNAHLOAD
05-21 10:11:21.600   598   598 E wificond: Failed to get NL80211_RATE_INFO_NOISE
05-21 10:11:21.600   598   598 E wificond: Failed to get NL80211_RATE_INFO_SNR
05-21 10:11:21.600   598   598 E wificond: Failed to get NL80211_STA_INFO_CNAHLOAD
05-21 10:11:21.603   598   598 E wificond: Failed to get NL80211_RATE_INFO_NOISE
05-21 10:11:21.603   598   598 E wificond: Failed to get NL80211_RATE_INFO_SNR
05-21 10:11:21.603   598   598 E wificond: Failed to get NL80211_STA_INFO_CNAHLOAD
05-21 10:11:29.604   598   598 E wificond: Failed to get NL80211_RATE_INFO_NOISE
05-21 10:11:29.604   598   598 E wificond: Failed to get NL80211_RATE_INFO_SNR
05-21 10:11:29.604   598   598 E wificond: Failed to get NL80211_STA_INFO_CNAHLOAD
05-21 10:11:29.607   598   598 E wificond: Failed to get NL80211_RATE_INFO_NOISE
05-21 10:11:29.607   598   598 E wificond: Failed to get NL80211_RATE_INFO_SNR
05-21 10:11:29.607   598   598 E wificond: Failed to get NL80211_STA_INFO_CNAHLOAD
05-21 10:11:37.611   598   598 E wificond: Failed to get NL80211_RATE_INFO_NOISE
05-21 10:11:37.611   598   598 E wificond: Failed to get NL80211_RATE_INFO_SNR
05-21 10:11:37.611   598   598 E wificond: Failed to get NL80211_STA_INFO_CNAHLOAD
05-21 10:11:37.614   598   598 E wificond: Failed to get NL80211_RATE_INFO_NOISE
05-21 10:11:37.614   598   598 E wificond: Failed to get NL80211_RATE_INFO_SNR
05-21 10:11:37.614   598   598 E wificond: Failed to get NL80211_STA_INFO_CNAHLOAD
05-21 10:11:38.159   451  1094 W SocketListener: sending broadcast to Pid = 1139, Uid = 1000 
05-21 10:11:45.619   598   598 E wificond: Failed to get NL80211_RATE_INFO_NOISE
05-21 10:11:45.619   598   598 E wificond: Failed to get NL80211_RATE_INFO_SNR
05-21 10:11:45.619   598   598 E wificond: Failed to get NL80211_STA_INFO_CNAHLOAD
05-21 10:11:45.622   598   598 E wificond: Failed to get NL80211_RATE_INFO_NOISE
05-21 10:11:45.622   598   598 E wificond: Failed to get NL80211_RATE_INFO_SNR
05-21 10:11:45.622   598   598 E wificond: Failed to get NL80211_STA_INFO_CNAHLOAD
05-21 10:11:53.198   451  1094 W SocketListener: sending broadcast to Pid = 1139, Uid = 1000 
05-21 10:11:53.201  1139  1441 I chatty  : uid=1000(system) NetdConnector expire 2 lines
05-21 10:11:53.623   598   598 E wificond: Failed to get NL80211_RATE_INFO_NOISE
05-21 10:11:53.623   598   598 E wificond: Failed to get NL80211_RATE_INFO_SNR
05-21 10:11:53.623   598   598 E wificond: Failed to get NL80211_STA_INFO_CNAHLOAD
05-21 10:11:53.626   598   598 E wificond: Failed to get NL80211_RATE_INFO_NOISE
05-21 10:11:53.626   598   598 E wificond: Failed to get NL80211_RATE_INFO_SNR
05-21 10:11:53.626   598   598 E wificond: Failed to get NL80211_STA_INFO_CNAHLOAD
05-21 10:12:01.623   598   598 E wificond: Failed to get NL80211_RATE_INFO_NOISE
05-21 10:12:01.623   598   598 E wificond: Failed to get NL80211_RATE_INFO_SNR
05-21 10:12:01.623   598   598 E wificond: Failed to get NL80211_STA_INFO_CNAHLOAD
05-21 10:12:01.626   598   598 E wificond: Failed to get NL80211_RATE_INFO_NOISE
05-21 10:12:01.626   598   598 E wificond: Failed to get NL80211_RATE_INFO_SNR
05-21 10:12:01.626   598   598 E wificond: Failed to get NL80211_STA_INFO_CNAHLOAD
05-21 10:12:07.882  1139  1433 I chatty  : uid=1000(system) InputReader expire 6 lines
05-21 10:12:07.890  1139  1312 I chatty  : uid=1000(system) PowerManagerSer expire 14 lines
05-21 10:12:07.906  1139  1528 I chatty  : uid=1000(system) PhotonicModulat expire 1 line
05-21 10:12:07.907  1139  1307 I chatty  : uid=1000(system) android.display expire 4 lines
05-21 10:12:07.913  1139  1435 I chatty  : uid=1000(system) StorageManagerS expire 5 lines
05-21 10:12:07.919   410   418 I vold    : TrimTask running tasks: 0
05-21 10:12:07.920  1139  1438 I chatty  : uid=1000(system) VoldConnector expire 1 line
05-21 10:12:07.937  1139  1139 I chatty  : uid=1000 system_server expire 13 lines
05-21 10:12:07.937  1139  1458 I chatty  : uid=1000(system) WifiP2pService expire 10 lines
05-21 10:12:07.939  1139  2762 I chatty  : uid=1000(system) Binder:1139_14 expire 6 lines
05-21 10:12:07.941  1139  1407 I chatty  : uid=1000(system) android.anim expire 13 lines
05-21 10:12:07.942   598   598 E wificond: Failed to get NL80211_RATE_INFO_NOISE
05-21 10:12:07.942   598   598 E wificond: Failed to get NL80211_RATE_INFO_SNR
05-21 10:12:07.942   598   598 E wificond: Failed to get NL80211_STA_INFO_CNAHLOAD
05-21 10:12:07.991  1139  2779 I chatty  : uid=1000(system) Binder:1139_18 expire 3 lines
05-21 10:12:07.998  1139  1282 I chatty  : uid=1000(system) android.ui expire 4 lines
05-21 10:12:07.999  1925  1925 D HwGameAssistantService: ScreenOnReceiver
05-21 10:12:08.084  2655  7063 W ContextImpl: Calling a method in the system process without a qualified user: android.app.ContextImpl.bindService:1736 android.content.ContextWrapper.bindService:678 com.huawei.nb.dataservice.dsclient.RemoteServiceConnection.open:90 com.huawei.nb.dataservice.dsclient.DataServiceProxy.connect:105 com.huawei.nb.dataservice.rsclient.internal.RemoteRuleService.start:27 
05-21 10:12:08.108  1139  1950 I chatty  : uid=1000(system) Binder:1139_6 expire 16 lines
05-21 10:12:08.148  1139  1569 I chatty  : uid=1000(system) Binder:1139_3 expire 20 lines
05-21 10:12:08.483   451  1094 W SocketListener: sending broadcast to Pid = 1139, Uid = 1000 
05-21 10:12:08.485  1139  1441 I chatty  : uid=1000(system) NetdConnector expire 8 lines
05-21 10:12:08.490  1139  1305 I chatty  : uid=1000(system) android.fg expire 3 lines
05-21 10:12:08.668  1139  2772 I chatty  : uid=1000(system) Binder:1139_15 expire 7 lines
05-21 10:12:08.688  1546  1546 V KeyguardDisplayManager: hide
05-21 10:12:08.702  1139  1281 I chatty  : uid=1000(system) ActivityManager expire 10 lines
05-21 10:12:08.778  1139  1456 I chatty  : uid=1000(system) WifiScanningSer expire 1 line
05-21 10:12:09.629   598   598 E wificond: Failed to get NL80211_RATE_INFO_NOISE
05-21 10:12:09.629   598   598 E wificond: Failed to get NL80211_RATE_INFO_SNR
05-21 10:12:09.629   598   598 E wificond: Failed to get NL80211_STA_INFO_CNAHLOAD
05-21 10:12:09.631   598   598 E wificond: Failed to get NL80211_RATE_INFO_NOISE
05-21 10:12:09.632   598   598 E wificond: Failed to get NL80211_RATE_INFO_SNR
05-21 10:12:09.632   598   598 E wificond: Failed to get NL80211_STA_INFO_CNAHLOAD
05-21 10:12:09.943   451  1095 W SocketListener: sending broadcast to Pid = 1139, Uid = 1000 
05-21 10:12:10.036 27569 27569 D ActivityThread: ActivityThread,attachApplication
05-21 10:12:10.959   598   598 E wificond: Failed to get NL80211_RATE_INFO_NOISE
05-21 10:12:10.959   598   598 E wificond: Failed to get NL80211_RATE_INFO_SNR
05-21 10:12:10.959   598   598 E wificond: Failed to get NL80211_STA_INFO_CNAHLOAD
05-21 10:12:13.971   598   598 E wificond: Failed to get NL80211_RATE_INFO_NOISE
05-21 10:12:13.971   598   598 E wificond: Failed to get NL80211_RATE_INFO_SNR
05-21 10:12:13.971   598   598 E wificond: Failed to get NL80211_STA_INFO_CNAHLOAD
05-21 10:12:16.989   598   598 E wificond: Failed to get NL80211_RATE_INFO_NOISE
05-21 10:12:16.989   598   598 E wificond: Failed to get NL80211_RATE_INFO_SNR
05-21 10:12:16.989   598   598 E wificond: Failed to get NL80211_STA_INFO_CNAHLOAD
05-21 10:12:17.633   598   598 E wificond: Failed to get NL80211_RATE_INFO_NOISE
05-21 10:12:17.633   598   598 E wificond: Failed to get NL80211_RATE_INFO_SNR
05-21 10:12:17.633   598   598 E wificond: Failed to get NL80211_STA_INFO_CNAHLOAD
05-21 10:12:17.635   598   598 E wificond: Failed to get NL80211_RATE_INFO_NOISE
05-21 10:12:17.635   598   598 E wificond: Failed to get NL80211_RATE_INFO_SNR
05-21 10:12:17.635   598   598 E wificond: Failed to get NL80211_STA_INFO_CNAHLOAD
05-21 10:12:20.005   598   598 E wificond: Failed to get NL80211_RATE_INFO_NOISE
05-21 10:12:20.006   598   598 E wificond: Failed to get NL80211_RATE_INFO_SNR
05-21 10:12:20.006   598   598 E wificond: Failed to get NL80211_STA_INFO_CNAHLOAD
05-21 10:12:20.787  1139  1413 I chatty  : uid=1000(system) UEventObserver expire 2 lines
05-21 10:12:20.807  1139  1139 I chatty  : uid=1000 system_server expire 7 lines
05-21 10:12:21.037  1139  1861 I chatty  : uid=1000(system) watchdog expire 1 line
05-21 10:12:21.718  1139  1312 I chatty  : uid=1000(system) PowerManagerSer expire 3 lines
05-21 10:12:23.023   598   598 E wificond: Failed to get NL80211_RATE_INFO_NOISE
05-21 10:12:23.023   598   598 E wificond: Failed to get NL80211_RATE_INFO_SNR
05-21 10:12:23.023   598   598 E wificond: Failed to get NL80211_STA_INFO_CNAHLOAD
05-21 10:12:25.649   598   598 E wificond: Failed to get NL80211_RATE_INFO_NOISE
05-21 10:12:25.650   598   598 E wificond: Failed to get NL80211_RATE_INFO_SNR
05-21 10:12:25.650   598   598 E wificond: Failed to get NL80211_STA_INFO_CNAHLOAD
05-21 10:12:25.653   598   598 E wificond: Failed to get NL80211_RATE_INFO_NOISE
05-21 10:12:25.653   598   598 E wificond: Failed to get NL80211_RATE_INFO_SNR
05-21 10:12:25.653   598   598 E wificond: Failed to get NL80211_STA_INFO_CNAHLOAD
05-21 10:12:26.030   598   598 E wificond: Failed to get NL80211_RATE_INFO_NOISE
05-21 10:12:26.030   598   598 E wificond: Failed to get NL80211_RATE_INFO_SNR
05-21 10:12:26.031   598   598 E wificond: Failed to get NL80211_STA_INFO_CNAHLOAD
05-21 10:12:27.630   451  1094 W SocketListener: sending broadcast to Pid = 1139, Uid = 1000 
05-21 10:12:29.047   598   598 E wificond: Failed to get NL80211_RATE_INFO_NOISE
05-21 10:12:29.048   598   598 E wificond: Failed to get NL80211_RATE_INFO_SNR
05-21 10:12:29.048   598   598 E wificond: Failed to get NL80211_STA_INFO_CNAHLOAD
05-21 10:12:31.459  2728  5497 I PermissionManager: camera remind result:true
05-21 10:12:31.786  1139  1327 I chatty  : uid=1000(system) PackageManager expire 9 lines
05-21 10:12:32.064   598   598 E wificond: Failed to get NL80211_RATE_INFO_NOISE
05-21 10:12:32.064   598   598 E wificond: Failed to get NL80211_RATE_INFO_SNR
05-21 10:12:32.064   598   598 E wificond: Failed to get NL80211_STA_INFO_CNAHLOAD
05-21 10:12:32.745 27680 27680 D ActivityThread: ActivityThread,attachApplication
05-21 10:12:32.745  1139  1277 I chatty  : uid=1000(system) android.bg expire 3 lines
05-21 10:12:32.747  1139  2001 I chatty  : uid=1000(system) Binder:1139_8 expire 4 lines
05-21 10:12:32.897  1139  4790 I chatty  : uid=1000(system) Binder:1139_19 expire 24 lines
05-21 10:12:32.917  1139  1950 I chatty  : uid=1000(system) Binder:1139_6 expire 14 lines
05-21 10:12:32.954 27710 27710 D ActivityThread: ActivityThread,attachApplication
05-21 10:12:32.966  1139  1407 I chatty  : uid=1000(system) android.anim expire 15 lines
05-21 10:12:32.974  1864  2178 I HwNetworkPolicyManager: getHwUidPolicy uid = 10143 policy = 0
05-21 10:12:33.021 27710 27710 V ActivityThread: ActivityThread,callActivityOnCreate
05-21 10:12:33.032  1139  2778 I chatty  : uid=1000(system) Binder:1139_17 expire 20 lines
05-21 10:12:33.137 27710 27710 D ActivityThread: add activity client record, r= ActivityRecord{c732276 token=android.os.BinderProxy@623b6b4 {com.cambricon.productdisplay/com.cambricon.productdisplay.activity.SplashActivity}} token= android.os.BinderProxy@623b6b4
05-21 10:12:33.167  1546 20874 I CommandQueue: updateBarBgColor
05-21 10:12:33.167  1546 20874 D CommandQueue: CommandQueue, setBarBackgroundColor
05-21 10:12:33.653   598   598 E wificond: Failed to get NL80211_RATE_INFO_NOISE
05-21 10:12:33.653   598   598 E wificond: Failed to get NL80211_RATE_INFO_SNR
05-21 10:12:33.653   598   598 E wificond: Failed to get NL80211_STA_INFO_CNAHLOAD
05-21 10:12:33.654   598   598 E wificond: Failed to get NL80211_RATE_INFO_NOISE
05-21 10:12:33.654   598   598 E wificond: Failed to get NL80211_RATE_INFO_SNR
05-21 10:12:33.654   598   598 E wificond: Failed to get NL80211_STA_INFO_CNAHLOAD
05-21 10:12:34.452 27569 27569 W ContextImpl: Calling a method in the system process without a qualified user: android.app.ContextImpl.startService:1656 android.content.ContextWrapper.startService:644 android.content.ContextWrapper.startService:644 com.android.settings.applications.BlackListReceiver.onReceive:35 android.app.ActivityThread.handleReceiver:3695 
05-21 10:12:34.462  1139  1281 I chatty  : uid=1000(system) ActivityManager expire 5 lines
05-21 10:12:34.521 27751 27751 D ActivityThread: ActivityThread,attachApplication
05-21 10:12:34.664 27710 27710 V ActivityThread: ActivityThread,callActivityOnCreate
05-21 10:12:34.787 27710 27710 D ActivityThread: add activity client record, r= ActivityRecord{1781e86 token=android.os.BinderProxy@73c7c {com.cambricon.productdisplay/com.cambricon.productdisplay.activity.HomeActivity}} token= android.os.BinderProxy@73c7c
05-21 10:12:34.859  1546 20874 I CommandQueue: updateBarBgColor
05-21 10:12:34.859  1546 20874 D CommandQueue: CommandQueue, setBarBackgroundColor
05-21 10:12:34.952 27095 27095 W ContextImpl: Calling a method in the system process without a qualified user: android.app.ContextImpl.startService:1656 android.content.ContextWrapper.startService:644 android.content.ContextWrapper.startService:644 com.huawei.systemmanager.antivirus.utils.AntiVirusTools.deleteVirusApk:632 com.huawei.systemmanager.antivirus.AntiVirusReceiver.handlerPackageRemoved:52 
05-21 10:12:34.953  1139  2012 I chatty  : uid=1000(system) Binder:1139_B expire 2 lines
05-21 10:12:35.078   598   598 E wificond: Failed to get NL80211_RATE_INFO_NOISE
05-21 10:12:35.078   598   598 E wificond: Failed to get NL80211_RATE_INFO_SNR
05-21 10:12:35.078   598   598 E wificond: Failed to get NL80211_STA_INFO_CNAHLOAD
05-21 10:12:35.095 27095 27818 W ContextImpl: Calling a method in the system process without a qualified user: android.app.ContextImpl.startService:1656 android.content.ContextWrapper.startService:644 com.huawei.systemmanager.spacecleanner.receiver.SpaceCleanReceiver.checkRarelyUsedApp:87 com.huawei.systemmanager.spacecleanner.receiver.SpaceCleanReceiver.doInBackground:39 java.lang.reflect.Method.invoke:-2 
05-21 10:12:35.124 27569 27569 W ContextImpl: Calling a method in the system process without a qualified user: android.app.ContextImpl.startService:1656 android.content.ContextWrapper.startService:644 android.content.ContextWrapper.startService:644 com.android.settings.applications.BlackListReceiver.onReceive:35 android.app.ActivityThread.handleReceiver:3695 
05-21 10:12:35.129  1139  2757 I chatty  : uid=1000(system) Binder:1139_12 expire 14 lines
05-21 10:12:35.213 27095 27095 W ContextImpl: Calling a method in the system process without a qualified user: android.app.ContextImpl.startService:1656 android.content.ContextWrapper.startService:644 android.content.ContextWrapper.startService:644 com.huawei.systemmanager.antivirus.utils.AntiVirusTools.checkVirusForNewInstalledApk:620 com.huawei.systemmanager.antivirus.AntiVirusReceiver.onReceive:36 
05-21 10:12:35.253 27095 27158 W ContextImpl: Calling a method in the system process without a qualified user: android.app.ContextImpl.startService:1656 android.content.ContextWrapper.startService:644 com.huawei.systemmanager.spacecleanner.receiver.SpaceCleanReceiver.checkRarelyUsedApp:87 com.huawei.systemmanager.spacecleanner.receiver.SpaceCleanReceiver.doInBackground:39 java.lang.reflect.Method.invoke:-2 
05-21 10:12:35.279  1139  1281 I chatty  : uid=1000(system) ActivityManager expire 7 lines
05-21 10:12:35.295 27569 27569 W ContextImpl: Calling a method in the system process without a qualified user: android.app.ContextImpl.startService:1656 android.content.ContextWrapper.startService:644 android.content.ContextWrapper.startService:644 com.android.settings.applications.BlackListReceiver.onReceive:35 android.app.ActivityThread.handleReceiver:3695 
05-21 10:12:35.297  1139  1407 I chatty  : uid=1000(system) android.anim expire 11 lines
05-21 10:12:35.308 27710 27710 D ActivityThread: Remove activity client record, r= ActivityRecord{c732276 token=android.os.BinderProxy@623b6b4 {com.cambricon.productdisplay/com.cambricon.productdisplay.activity.SplashActivity}} token= android.os.BinderProxy@623b6b4
05-21 10:12:35.310  1139  1950 I chatty  : uid=1000(system) Binder:1139_6 expire 20 lines
05-21 10:12:35.313  1139  2761 I chatty  : uid=1000(system) Binder:1139_13 expire 5 lines
05-21 10:12:35.347  1139  2001 I chatty  : uid=1000(system) Binder:1139_8 expire 17 lines
05-21 10:12:35.478   451  1094 W SocketListener: sending broadcast to Pid = 1139, Uid = 1000 
05-21 10:12:35.479  1139  1441 I chatty  : uid=1000(system) NetdConnector expire 6 lines
05-21 10:12:35.481  1139  1305 I chatty  : uid=1000(system) android.fg expire 1 line
05-21 10:12:35.525  1139  1312 I chatty  : uid=1000(system) PowerManagerSer expire 18 lines
05-21 10:12:36.432 27857 27857 D ActivityThread: ActivityThread,attachApplication
05-21 10:12:37.176  1139  1428 I chatty  : uid=1000(system) AlarmManager expire 2 lines
05-21 10:12:38.091   598   598 E wificond: Failed to get NL80211_RATE_INFO_NOISE
05-21 10:12:38.091   598   598 E wificond: Failed to get NL80211_RATE_INFO_SNR
05-21 10:12:38.091   598   598 E wificond: Failed to get NL80211_STA_INFO_CNAHLOAD
05-21 10:12:38.460  1139  4790 I chatty  : uid=1000(system) Binder:1139_19 expire 15 lines
05-21 10:12:38.528 27710 27710 V ActivityThread: Finishing stop of ActivityRecord{1781e86 token=android.os.BinderProxy@73c7c {com.cambricon.productdisplay/com.cambricon.productdisplay.activity.HomeActivity}}
05-21 10:12:38.697  1139  1528 I chatty  : uid=1000(system) PhotonicModulat expire 2 lines
05-21 10:12:38.697  1139  1307 I chatty  : uid=1000(system) android.display expire 7 lines
05-21 10:12:38.741  1139  1435 I chatty  : uid=1000(system) StorageManagerS expire 8 lines
05-21 10:12:38.762  1139  1139 I chatty  : uid=1000 system_server expire 11 lines
05-21 10:12:38.762  1139  1458 I chatty  : uid=1000(system) WifiP2pService expire 10 lines
05-21 10:12:38.845  1139  2553 I chatty  : uid=1000(system) HwDeviceUsageCo expire 1 line
05-21 10:12:38.900  2655  7298 W ContextImpl: Calling a method in the system process without a qualified user: android.app.ContextImpl.bindService:1736 android.content.ContextWrapper.bindService:678 com.huawei.nb.dataservice.dsclient.RemoteServiceConnection.open:90 com.huawei.nb.dataservice.dsclient.DataServiceProxy.connect:105 com.huawei.nb.dataservice.rsclient.internal.RemoteRuleService.start:27 
05-21 10:12:38.901  1139  1282 I chatty  : uid=1000(system) android.ui expire 3 lines
05-21 10:12:41.666   598   598 E wificond: Failed to get NL80211_RATE_INFO_NOISE
05-21 10:12:41.666   598   598 E wificond: Failed to get NL80211_RATE_INFO_SNR
05-21 10:12:41.667   598   598 E wificond: Failed to get NL80211_STA_INFO_CNAHLOAD
05-21 10:12:41.670   598   598 E wificond: Failed to get NL80211_RATE_INFO_NOISE
05-21 10:12:41.670   598   598 E wificond: Failed to get NL80211_RATE_INFO_SNR
05-21 10:12:41.670   598   598 E wificond: Failed to get NL80211_STA_INFO_CNAHLOAD
05-21 10:12:43.540  1546  1546 V KeyguardStatusView: refresh statusview showing:true
05-21 10:12:43.545  1546  1546 V KeyguardDisplayManager: show
05-21 10:12:43.560  1925 12895 D AntiBruteForceProcessor: RemainingAuthenticateNum = 5
05-21 10:12:43.601 27710 27710 V ActivityThread: Handle window ActivityRecord{1781e86 token=android.os.BinderProxy@73c7c {com.cambricon.productdisplay/com.cambricon.productdisplay.activity.HomeActivity}} visibility: false
05-21 10:12:49.678   598   598 E wificond: Failed to get NL80211_RATE_INFO_NOISE
05-21 10:12:49.678   598   598 E wificond: Failed to get NL80211_RATE_INFO_SNR
05-21 10:12:49.678   598   598 E wificond: Failed to get NL80211_STA_INFO_CNAHLOAD
05-21 10:12:49.682   598   598 E wificond: Failed to get NL80211_RATE_INFO_NOISE
05-21 10:12:49.682   598   598 E wificond: Failed to get NL80211_RATE_INFO_SNR
05-21 10:12:49.682   598   598 E wificond: Failed to get NL80211_STA_INFO_CNAHLOAD
05-21 10:12:50.999  1139  1413 I chatty  : uid=1000(system) UEventObserver expire 2 lines
05-21 10:12:51.039  1139  1861 I chatty  : uid=1000(system) watchdog expire 1 line
05-21 10:12:54.934  1139  1433 I chatty  : uid=1000(system) InputReader expire 6 lines
05-21 10:12:54.942  1139  1312 I chatty  : uid=1000(system) PowerManagerSer expire 14 lines
05-21 10:12:54.960  1139  4790 I chatty  : uid=1000(system) Binder:1139_19 expire 2 lines
05-21 10:12:54.969   410   418 I vold    : TrimTask running tasks: 0
05-21 10:12:54.970  1139  1438 I chatty  : uid=1000(system) VoldConnector expire 1 line
05-21 10:12:54.995   598   598 E wificond: Failed to get NL80211_RATE_INFO_NOISE
05-21 10:12:54.995   598   598 E wificond: Failed to get NL80211_RATE_INFO_SNR
05-21 10:12:54.995   598   598 E wificond: Failed to get NL80211_STA_INFO_CNAHLOAD
05-21 10:12:55.069  1925  1925 D HwGameAssistantService: ScreenOnReceiver
05-21 10:12:55.149  2655  7316 W ContextImpl: Calling a method in the system process without a qualified user: android.app.ContextImpl.bindService:1736 android.content.ContextWrapper.bindService:678 com.huawei.nb.dataservice.dsclient.RemoteServiceConnection.open:90 com.huawei.nb.dataservice.dsclient.DataServiceProxy.connect:105 com.huawei.nb.dataservice.rsclient.internal.RemoteRuleService.start:27 
05-21 10:12:55.175  1139  2001 I chatty  : uid=1000(system) Binder:1139_8 expire 6 lines
05-21 10:12:55.654  1139  2762 I chatty  : uid=1000(system) Binder:1139_14 expire 19 lines
05-21 10:12:55.744  1546  1546 V KeyguardDisplayManager: hide
05-21 10:12:55.746  1139  1139 I chatty  : uid=1000 system_server expire 11 lines
05-21 10:12:55.778  1139  2778 I chatty  : uid=1000(system) Binder:1139_17 expire 2 lines
