05-19 23:49:27.059  1139  1441 I chatty  : uid=1000(system) NetdConnector expire 10 lines
05-19 23:49:27.149   451  1094 W SocketListener: sending broadcast to Pid = 1139, Uid = 1000 
05-19 23:49:27.517   598   598 E wificond: Failed to get NL80211_RATE_INFO_NOISE
05-19 23:49:27.517   598   598 E wificond: Failed to get NL80211_RATE_INFO_SNR
05-19 23:49:27.517   598   598 E wificond: Failed to get NL80211_STA_INFO_CNAHLOAD
05-19 23:49:27.521   598   598 E wificond: Failed to get NL80211_RATE_INFO_NOISE
05-19 23:49:27.521   598   598 E wificond: Failed to get NL80211_RATE_INFO_SNR
05-19 23:49:27.521   598   598 E wificond: Failed to get NL80211_STA_INFO_CNAHLOAD
05-19 23:53:52.058   451  1094 W SocketListener: sending broadcast to Pid = 1139, Uid = 1000 
05-19 23:53:52.062  1139  1305 I chatty  : uid=1000(system) android.fg expire 4 lines
05-19 23:53:52.399   451  1094 W SocketListener: sending broadcast to Pid = 1139, Uid = 1000 
05-19 23:54:30.057   451  1094 W SocketListener: sending broadcast to Pid = 1139, Uid = 1000 
05-19 23:54:30.066  1139  1153 I chatty  : uid=1000(system) Binder:1139_2 expire 1 line
05-19 23:54:30.116   451  1094 W SocketListener: sending broadcast to Pid = 1139, Uid = 1000 
05-19 23:54:30.118  1139  1441 I chatty  : uid=1000(system) NetdConnector expire 10 lines
05-19 23:54:30.124  1139  2703 I chatty  : uid=1000(system) Binder:1139_D expire 10 lines
05-19 23:54:30.281  1139  2585 I chatty  : uid=1000(system) HwUsbHDBManager expire 16 lines
05-19 23:58:52.058   451  1094 W SocketListener: sending broadcast to Pid = 1139, Uid = 1000 
05-19 23:58:52.062  1139  1305 I chatty  : uid=1000(system) android.fg expire 11 lines
05-19 23:58:52.067  1139  2733 I chatty  : uid=1000(system) Binder:1139_11 expire 11 lines
05-19 23:58:52.398   451  1094 W SocketListener: sending broadcast to Pid = 1139, Uid = 1000 
05-19 23:58:53.071  1139  1139 I chatty  : uid=1000 system_server expire 11 lines
05-19 23:58:54.178   598   598 E wificond: Failed to get NL80211_RATE_INFO_NOISE
05-19 23:58:54.178   598   598 E wificond: Failed to get NL80211_RATE_INFO_SNR
05-19 23:58:54.178   598   598 E wificond: Failed to get NL80211_STA_INFO_CNAHLOAD
05-19 23:58:54.181   598   598 E wificond: Failed to get NL80211_RATE_INFO_NOISE
05-19 23:58:54.181   598   598 E wificond: Failed to get NL80211_RATE_INFO_SNR
05-19 23:58:54.181   598   598 E wificond: Failed to get NL80211_STA_INFO_CNAHLOAD
05-20 00:00:01.065   451  1094 W SocketListener: sending broadcast to Pid = 1139, Uid = 1000 
05-20 00:00:01.125  1139  5150 I chatty  : uid=1000(system) Binder:1139_1A expire 7 lines
05-20 00:00:01.127  1139  1153 I chatty  : uid=1000(system) Binder:1139_2 expire 3 lines
05-20 00:00:01.138   451  1094 W SocketListener: sending broadcast to Pid = 1139, Uid = 1000 
05-20 00:00:01.179   451  1098 W SocketListener: sending broadcast to Pid = 1139, Uid = 1000 
05-20 00:00:01.181  1139  1441 I chatty  : uid=1000(system) NetdConnector expire 42 lines
05-20 00:00:01.184   451  1098 W SocketListener: sending broadcast to Pid = 1139, Uid = 1000 
05-20 00:00:01.186   451  1095 W SocketListener: sending broadcast to Pid = 1139, Uid = 1000 
05-20 00:00:01.193   451  1095 W SocketListener: sending broadcast to Pid = 1139, Uid = 1000 
05-20 00:00:01.198   451  1095 W SocketListener: sending broadcast to Pid = 1139, Uid = 1000 
05-20 00:00:01.201  1139  1305 I chatty  : uid=1000(system) android.fg expire 12 lines
05-20 00:00:01.212  1139  1461 I chatty  : uid=1000(system) ConnectivitySer expire 18 lines
05-20 00:00:01.213  1139  1458 I chatty  : uid=1000(system) WifiP2pService expire 18 lines
05-20 00:00:01.215  1139  1451 I chatty  : uid=1000(system) IpManager.wlan0 expire 3 lines
05-20 00:00:01.226   451  1095 W SocketListener: sending broadcast to Pid = 1139, Uid = 1000 
05-20 00:00:01.253  6144  6144 W ContextImpl: Calling a method in the system process without a qualified user: android.app.ContextImpl.startService:1656 android.content.ContextWrapper.startService:644 android.content.ContextWrapper.startService:644 com.android.settings.wifi.AccessPointConnectedReceiver.onReceive:28 android.app.ActivityThread.handleReceiver:3695 
05-20 00:00:01.257   451  1095 W SocketListener: sending broadcast to Pid = 1139, Uid = 1000 
05-20 00:00:01.258   451  1095 W SocketListener: sending broadcast to Pid = 1139, Uid = 1000 
05-20 00:00:01.274  1139  1446 I chatty  : uid=1000(system) WifiStateMachin expire 3 lines
05-20 00:00:01.280  1139  1281 I chatty  : uid=1000(system) ActivityManager expire 5 lines
05-20 00:00:01.285  6144  6144 W ContextImpl: Calling a method in the system process without a qualified user: android.app.ContextImpl.startService:1656 android.content.ContextWrapper.startService:644 android.content.ContextWrapper.startService:644 com.android.settings.wifi.AccessPointConnectedReceiver.onReceive:28 android.app.ActivityThread.handleReceiver:3695 
05-20 00:00:01.335   598   598 I wificond: Unregister interface event callback
05-20 00:00:01.336  1139  1307 I chatty  : uid=1000(system) android.display expire 1 line
05-20 00:00:01.340  6144  6144 W ContextImpl: Calling a method in the system process without a qualified user: android.app.ContextImpl.startService:1656 android.content.ContextWrapper.startService:644 android.content.ContextWrapper.startService:644 com.android.settings.wifi.AccessPointConnectedReceiver.onReceive:28 android.app.ActivityThread.handleReceiver:3695 
05-20 00:00:01.357  1139  1139 I chatty  : uid=1000 system_server expire 12 lines
05-20 00:00:01.365   598   598 W wificond: enter wifi_stop_supplicant ...
05-20 00:00:01.365   598   598 W wificond: supplicant prop is null, wait at most 2 seconds for completion
05-20 00:00:01.384  6144  6144 W ContextImpl: Calling a method in the system process without a qualified user: android.app.ContextImpl.startService:1656 android.content.ContextWrapper.startService:644 android.content.ContextWrapper.startService:644 com.android.settings.wifi.AccessPointConnectedReceiver.onReceive:28 android.app.ActivityThread.handleReceiver:3695 
05-20 00:00:01.388  1864  1864 W ContextImpl: Calling a method in the system process without a qualified user: android.app.ContextImpl.startService:1656 android.content.ContextWrapper.startService:644 com.huawei.systemmanager.rainbow.client.background.service.CloudBroadcastHandlerService$1.onReceive:69 android.app.LoadedApk$ReceiverDispatcher$Args.lambda$-android_app_LoadedApk$ReceiverDispatcher$Args_57741:1423 android.app.-$Lambda$FilBqgnXJrN9Mgyks1XHeAxzSTk.$m$0:4 
05-20 00:00:01.396  1139  6089 I chatty  : uid=1000(system) Binder:1139_1D expire 2 lines
05-20 00:00:01.405  1139  1443 I chatty  : uid=1000(system) NetworkPolicy expire 2 lines
05-20 00:00:01.424  1139  2012 I chatty  : uid=1000(system) Binder:1139_B expire 6 lines
05-20 00:00:01.466  1139  4790 I chatty  : uid=1000(system) Binder:1139_19 expire 2 lines
05-20 00:00:01.467  1139  2725 I chatty  : uid=1000(system) Binder:1139_F expire 1 line
05-20 00:00:01.480 26218 26218 D ActivityThread: ActivityThread,attachApplication
05-20 00:00:01.484   598   598 I wificond: Unsubscribe scan result for interface with index: 27
05-20 00:00:01.484   598   598 W wificond: enter wifi_stop_supplicant ...
05-20 00:00:01.484   598   598 W wificond: supplicant have stop, return
05-20 00:00:01.487   451  1098 W SocketListener: sending broadcast to Pid = 1139, Uid = 1000 
05-20 00:00:01.490   451  1095 W SocketListener: sending broadcast to Pid = 1139, Uid = 1000 
05-20 00:00:01.492   451  1098 W SocketListener: sending broadcast to Pid = 1139, Uid = 1000 
05-20 00:00:01.622   451  1095 W SocketListener: sending broadcast to Pid = 1139, Uid = 1000 
05-20 00:00:01.624   451  1095 W SocketListener: sending broadcast to Pid = 1139, Uid = 1000 
05-20 00:00:01.625   451  1095 W SocketListener: sending broadcast to Pid = 1139, Uid = 1000 
05-20 00:00:01.840   508   508 I vendor.huawei.hardware.wifi@1.1-service: Wifi HAL stopped
05-20 00:00:01.844  1139  1288 I chatty  : uid=1000(system) batterystats-sy expire 2 lines
05-20 00:00:04.276  1139  2733 I chatty  : uid=1000(system) Binder:1139_11 expire 2 lines
05-20 00:00:05.552  1139  1861 I chatty  : uid=1000(system) watchdog expire 1 line
05-20 00:00:12.357  1139  1277 I chatty  : uid=1000(system) android.bg expire 7 lines
05-20 00:00:12.413 26252 26252 D ActivityThread: ActivityThread,attachApplication
05-20 00:00:12.414  1139  2761 I chatty  : uid=1000(system) Binder:1139_13 expire 5 lines
05-20 00:00:12.425  1139  1444 I chatty  : uid=1000(system) tworkPolicy.uid expire 2 lines
05-20 00:00:12.438  1139  1441 I chatty  : uid=1000(system) NetdConnector expire 10 lines
05-20 00:00:13.284  1139  2585 I chatty  : uid=1000(system) HwUsbHDBManager expire 13 lines
05-20 00:00:16.397  1139  1461 I chatty  : uid=1000(system) ConnectivitySer expire 1 line
05-20 00:30:01.066  1139  1442 I chatty  : uid=1000(system) NetworkStats expire 9 lines
05-20 00:30:01.112  1909  3599 W ContextImpl: Calling a method in the system process without a qualified user: android.app.ContextImpl.sendBroadcast:1095 com.huawei.android.chr.statistics.TelStatusService.updateStatisticDB:628 com.huawei.android.chr.statistics.TelStatusService.triggerStatsReport:545 com.huawei.android.chr.statistics.TelStatusService.triggerAllStatsReport:554 com.huawei.android.chr.statistics.TelStatusManager.triggerAllStatsReport:328 
05-20 00:30:01.188  1909  3599 W ContextImpl: Calling a method in the system process without a qualified user: android.app.ContextImpl.sendBroadcast:1095 com.huawei.android.chr.statistics.TelStatusService.updateStatisticDB:628 com.huawei.android.chr.statistics.TelStatusService.triggerStatsReport:545 com.huawei.android.chr.statistics.TelStatusService.triggerAllStatsReport:554 com.huawei.android.chr.statistics.TelStatusManager.triggerAllStatsReport:328 
05-20 00:30:01.247  1909  3599 W ContextImpl: Calling a method in the system process without a qualified user: android.app.ContextImpl.sendBroadcast:1095 com.huawei.android.chr.statistics.TelStatusService.updateStatisticDB:628 com.huawei.android.chr.statistics.TelStatusService.triggerStatsReport:545 com.huawei.android.chr.statistics.TelStatusService.triggerAllStatsReport:554 com.huawei.android.chr.statistics.TelStatusManager.triggerAllStatsReport:328 
05-20 00:30:01.259  1139  2703 I chatty  : uid=1000(system) Binder:1139_D expire 1 line
05-20 00:43:53.069  1139  1139 I chatty  : uid=1000 system_server expire 19 lines
05-20 01:40:24.077  1139  1442 I chatty  : uid=1000(system) NetworkStats expire 61 lines
05-20 01:40:24.090  1139  1441 I chatty  : uid=1000(system) NetdConnector expire 34 lines
05-20 01:40:24.328  1139  2761 I chatty  : uid=1000(system) Binder:1139_13 expire 26 lines
05-20 01:40:24.366  1139  1153 I chatty  : uid=1000(system) Binder:1139_2 expire 3 lines
05-20 01:40:24.377  1139  2733 I chatty  : uid=1000(system) Binder:1139_11 expire 12 lines
05-20 01:40:24.383  1139  2012 I chatty  : uid=1000(system) Binder:1139_B expire 7 lines
05-20 01:40:24.409  1139  4790 I chatty  : uid=1000(system) Binder:1139_19 expire 13 lines
05-20 01:40:24.420  1139  6375 I chatty  : uid=1000(system) Binder:1139_20 expire 5 lines
05-20 01:40:24.540  1139  2585 I chatty  : uid=1000(system) HwUsbHDBManager expire 17 lines
05-20 03:13:53.564  1139  1861 I chatty  : uid=1000(system) watchdog expire 2 lines
05-20 03:40:23.741  1139  6089 I chatty  : uid=1000(system) Binder:1139_1D expire 8 lines
05-20 04:40:24.161  1139  2725 I chatty  : uid=1000(system) Binder:1139_F expire 8 lines
05-20 04:40:24.202 26299 26299 D ActivityThread: ActivityThread,attachApplication
05-20 04:40:25.064  1139  2585 I chatty  : uid=1000(system) HwUsbHDBManager expire 34 lines
05-20 04:40:25.130  1139  1139 I chatty  : uid=1000 system_server expire 28 lines
05-20 04:44:50.068  1139  1277 I chatty  : uid=1000(system) android.bg expire 2 lines
05-20 04:44:50.072  1139  1443 I chatty  : uid=1000(system) NetworkPolicy expire 2 lines
05-20 04:44:50.085  1139  1441 I chatty  : uid=1000(system) NetdConnector expire 26 lines
05-20 05:13:53.078  1139  1139 I chatty  : uid=1000 system_server expire 25 lines
05-20 05:13:53.428  1139  2585 I chatty  : uid=1000(system) HwUsbHDBManager expire 18 lines
05-20 05:58:53.078  1139  1442 I chatty  : uid=1000(system) NetworkStats expire 36 lines
05-20 05:58:53.159  1139  2725 I chatty  : uid=1000(system) Binder:1139_F expire 5 lines
05-20 05:58:53.168  1139  2761 I chatty  : uid=1000(system) Binder:1139_13 expire 6 lines
05-20 05:58:53.196  1139  4790 I chatty  : uid=1000(system) Binder:1139_19 expire 4 lines
05-20 05:58:53.227  1139  2733 I chatty  : uid=1000(system) Binder:1139_11 expire 6 lines
05-20 05:58:53.235  1139  6089 I chatty  : uid=1000(system) Binder:1139_1D expire 1 line
05-20 05:58:53.241  1139  6375 I chatty  : uid=1000(system) Binder:1139_20 expire 11 lines
05-20 06:08:53.069  1139  1428 I chatty  : uid=1000(system) AlarmManager expire 1 line
05-20 07:00:00.136  1139  2703 I chatty  : uid=1000(system) Binder:1139_D expire 5 lines
05-20 08:08:53.115  1139  1490 I chatty  : uid=1000(system) GraphicsStats-d expire 1 line
05-20 08:08:53.156  1139  2772 I chatty  : uid=1000(system) Binder:1139_15 expire 8 lines
05-20 08:08:53.166  1909  3599 W ContextImpl: Calling a method in the system process without a qualified user: android.app.ContextImpl.sendBroadcast:1095 com.huawei.android.chr.statistics.TelStatusService.updateStatisticDB:628 com.huawei.android.chr.statistics.TelStatusService.triggerStatsReport:545 com.huawei.android.chr.statistics.TelStatusService.triggerAllStatsReport:554 com.huawei.android.chr.statistics.TelStatusManager.triggerAllStatsReport:328 
05-20 08:08:53.169  1139  1442 I chatty  : uid=1000(system) NetworkStats expire 39 lines
05-20 08:08:53.179  1139  1441 I chatty  : uid=1000(system) NetdConnector expire 20 lines
05-20 08:08:53.207  1909  3599 W ContextImpl: Calling a method in the system process without a qualified user: android.app.ContextImpl.sendBroadcast:1095 com.huawei.android.chr.statistics.TelStatusService.updateStatisticDB:628 com.huawei.android.chr.statistics.TelStatusService.triggerStatsReport:545 com.huawei.android.chr.statistics.TelStatusService.triggerAllStatsReport:554 com.huawei.android.chr.statistics.TelStatusManager.triggerAllStatsReport:328 
05-20 08:08:53.248  1909  3599 W ContextImpl: Calling a method in the system process without a qualified user: android.app.ContextImpl.sendBroadcast:1095 com.huawei.android.chr.statistics.TelStatusService.updateStatisticDB:628 com.huawei.android.chr.statistics.TelStatusService.triggerStatsReport:545 com.huawei.android.chr.statistics.TelStatusService.triggerAllStatsReport:554 com.huawei.android.chr.statistics.TelStatusManager.triggerAllStatsReport:328 
05-20 08:08:53.251  1139  6375 I chatty  : uid=1000(system) Binder:1139_20 expire 8 lines
05-20 08:08:53.257  1139  1153 I chatty  : uid=1000(system) Binder:1139_2 expire 5 lines
05-20 08:08:53.297 26348 26348 D ActivityThread: ActivityThread,attachApplication
05-20 08:08:53.734  1139  1861 I chatty  : uid=1000(system) watchdog expire 1 line
05-20 08:08:54.087  1139  2585 I chatty  : uid=1000(system) HwUsbHDBManager expire 13 lines
05-20 08:08:54.163  1139  1139 I chatty  : uid=1000 system_server expire 18 lines
05-20 10:17:31.079  1139  1277 I chatty  : uid=1000(system) android.bg expire 1 line
05-20 10:17:31.082  1139  1443 I chatty  : uid=1000(system) NetworkPolicy expire 2 lines
05-20 10:17:31.088  1139  1139 I chatty  : uid=1000 system_server expire 21 lines
05-20 10:17:31.088  1139  1442 I chatty  : uid=1000(system) NetworkStats expire 37 lines
05-20 10:17:31.101  1139  1153 I chatty  : uid=1000(system) Binder:1139_2 expire 9 lines
05-20 10:17:31.112  1139  2012 I chatty  : uid=1000(system) Binder:1139_B expire 10 lines
05-20 10:17:31.117  1139  1441 I chatty  : uid=1000(system) NetdConnector expire 26 lines
05-20 10:17:31.130  1139  2703 I chatty  : uid=1000(system) Binder:1139_D expire 10 lines
05-20 10:17:31.192  1139  2733 I chatty  : uid=1000(system) Binder:1139_11 expire 4 lines
05-20 10:17:31.215  1139  2761 I chatty  : uid=1000(system) Binder:1139_13 expire 8 lines
05-20 10:17:31.219  1139  6089 I chatty  : uid=1000(system) Binder:1139_1D expire 8 lines
05-20 10:17:31.292  1139  2585 I chatty  : uid=1000(system) HwUsbHDBManager expire 31 lines
05-20 10:17:31.975  1139  6375 I chatty  : uid=1000(system) Binder:1139_20 expire 7 lines
05-20 10:17:47.718  1139  1861 I chatty  : uid=1000(system) watchdog expire 2 lines
05-20 10:18:01.318  1139  1277 I chatty  : uid=1000(system) android.bg expire 1 line
05-20 10:23:52.426 26390 26390 D ActivityThread: ActivityThread,attachApplication
05-20 10:23:52.672  1139  2585 I chatty  : uid=1000(system) HwUsbHDBManager expire 19 lines
05-20 10:23:52.750  1139  2012 I chatty  : uid=1000(system) Binder:1139_B expire 8 lines
05-20 10:28:54.074  1139  1139 I chatty  : uid=1000 system_server expire 19 lines
05-20 13:09:05.269  1139  1468 I chatty  : uid=1000(system) onProviders.ECP expire 5 lines
05-20 13:09:05.311 26424 26424 D ActivityThread: ActivityThread,attachApplication
05-20 13:09:05.314  1139  2703 I chatty  : uid=1000(system) Binder:1139_D expire 3 lines
05-20 13:09:05.322  1139  1444 I chatty  : uid=1000(system) tworkPolicy.uid expire 2 lines
05-20 13:09:05.325  1139  2772 I chatty  : uid=1000(system) Binder:1139_15 expire 4 lines
05-20 13:09:05.332  1139  1441 I chatty  : uid=1000(system) NetdConnector expire 12 lines
05-20 13:09:05.809  1139  2585 I chatty  : uid=1000(system) HwUsbHDBManager expire 8 lines
05-20 13:13:53.079  1139  1139 I chatty  : uid=1000 system_server expire 9 lines
05-20 13:40:23.631  1139  1442 I chatty  : uid=1000(system) NetworkStats expire 28 lines
05-20 14:43:53.103  1139  2703 I chatty  : uid=1000(system) Binder:1139_D expire 5 lines
05-20 14:43:53.108  1139  1441 I chatty  : uid=1000(system) NetdConnector expire 28 lines
05-20 14:43:53.140  1139  2733 I chatty  : uid=1000(system) Binder:1139_11 expire 3 lines
05-20 14:43:53.166  1139  2772 I chatty  : uid=1000(system) Binder:1139_15 expire 7 lines
05-20 14:43:53.171  1139  2761 I chatty  : uid=1000(system) Binder:1139_13 expire 5 lines
05-20 14:43:53.673  1139  2585 I chatty  : uid=1000(system) HwUsbHDBManager expire 44 lines
05-20 15:02:46.326  1139  1428 I chatty  : uid=1000(system) AlarmManager expire 1 line
05-20 15:02:46.399  1909  3599 W ContextImpl: Calling a method in the system process without a qualified user: android.app.ContextImpl.sendBroadcast:1095 com.huawei.android.chr.statistics.TelStatusService.updateStatisticDB:628 com.huawei.android.chr.statistics.TelStatusService.triggerStatsReport:545 com.huawei.android.chr.statistics.TelStatusService.triggerAllStatsReport:554 com.huawei.android.chr.statistics.TelStatusManager.triggerAllStatsReport:328 
05-20 15:02:46.436  1909  3599 I chatty  : uid=1000(system) e.ChrLogService identical 1 line
05-20 15:02:46.481  1909  3599 W ContextImpl: Calling a method in the system process without a qualified user: android.app.ContextImpl.sendBroadcast:1095 com.huawei.android.chr.statistics.TelStatusService.updateStatisticDB:628 com.huawei.android.chr.statistics.TelStatusService.triggerStatsReport:545 com.huawei.android.chr.statistics.TelStatusService.triggerAllStatsReport:554 com.huawei.android.chr.statistics.TelStatusManager.triggerAllStatsReport:328 
05-20 15:02:46.554  1139  1139 I chatty  : uid=1000 system_server expire 51 lines
05-20 15:02:46.556  1139  1153 I chatty  : uid=1000(system) Binder:1139_2 expire 6 lines
05-20 15:02:46.560  1139  6375 I chatty  : uid=1000(system) Binder:1139_20 expire 6 lines
05-20 15:02:46.596 26460 26460 D ActivityThread: ActivityThread,attachApplication
05-20 15:30:01.064  1139  1442 I chatty  : uid=1000(system) NetworkStats expire 28 lines
05-20 16:04:02.096  1139  1277 I chatty  : uid=1000(system) android.bg expire 2 lines
05-20 16:04:02.097  1139  1443 I chatty  : uid=1000(system) NetworkPolicy expire 2 lines
05-20 16:04:02.131  1139  2012 I chatty  : uid=1000(system) Binder:1139_B expire 10 lines
05-20 16:04:02.211  1139  6089 I chatty  : uid=1000(system) Binder:1139_1D expire 18 lines
05-20 16:04:02.415  1139  4790 I chatty  : uid=1000(system) Binder:1139_19 expire 1 line
05-20 16:04:07.169  1139  2725 I chatty  : uid=1000(system) Binder:1139_F expire 7 lines
05-20 16:04:09.303  1139  1861 I chatty  : uid=1000(system) watchdog expire 2 lines
05-20 16:40:23.745 26507 26507 D ActivityThread: ActivityThread,attachApplication
05-20 16:40:24.093  1139  6089 I chatty  : uid=1000(system) Binder:1139_1D expire 4 lines
05-20 16:43:53.160  1139  1139 I chatty  : uid=1000 system_server expire 5 lines
05-20 16:43:53.175  1139  2585 I chatty  : uid=1000(system) HwUsbHDBManager expire 7 lines
05-20 17:40:24.069  1139  1442 I chatty  : uid=1000(system) NetworkStats expire 13 lines
05-20 17:40:24.071  1139  1441 I chatty  : uid=1000(system) NetdConnector expire 32 lines
05-20 17:40:24.117  1139  1442 I chatty  : uid=1000(system) NetworkStats expire 43 lines
05-20 17:40:24.125  1139  2725 I chatty  : uid=1000(system) Binder:1139_F expire 11 lines
05-20 17:40:24.131  1139  2012 I chatty  : uid=1000(system) Binder:1139_B expire 10 lines
05-20 17:40:24.149  1139  4790 I chatty  : uid=1000(system) Binder:1139_19 expire 14 lines
05-20 17:40:25.058  1139  2585 I chatty  : uid=1000(system) HwUsbHDBManager expire 22 lines
05-20 17:58:53.071  1139  1139 I chatty  : uid=1000 system_server expire 19 lines
05-20 18:40:24.183  1139  2772 I chatty  : uid=1000(system) Binder:1139_15 expire 1 line
05-20 18:40:24.190  1139  6089 I chatty  : uid=1000(system) Binder:1139_1D expire 2 lines
05-20 19:40:24.130  1139  2733 I chatty  : uid=1000(system) Binder:1139_11 expire 7 lines
05-20 19:40:24.146  1139  2761 I chatty  : uid=1000(system) Binder:1139_13 expire 2 lines
05-20 21:08:53.073  1139  1428 I chatty  : uid=1000(system) AlarmManager expire 1 line
05-20 21:08:53.081  1139  6375 I chatty  : uid=1000(system) Binder:1139_20 expire 6 lines
05-20 21:08:53.091  1139  2703 I chatty  : uid=1000(system) Binder:1139_D expire 20 lines
05-20 21:08:53.137  1909  3599 W ContextImpl: Calling a method in the system process without a qualified user: android.app.ContextImpl.sendBroadcast:1095 com.huawei.android.chr.statistics.TelStatusService.updateStatisticDB:628 com.huawei.android.chr.statistics.TelStatusService.triggerStatsReport:545 com.huawei.android.chr.statistics.TelStatusService.triggerAllStatsReport:554 com.huawei.android.chr.statistics.TelStatusManager.triggerAllStatsReport:328 
05-20 21:08:53.142 26543 26543 D ActivityThread: ActivityThread,attachApplication
05-20 21:08:53.172  1909  3599 W ContextImpl: Calling a method in the system process without a qualified user: android.app.ContextImpl.sendBroadcast:1095 com.huawei.android.chr.statistics.TelStatusService.updateStatisticDB:628 com.huawei.android.chr.statistics.TelStatusService.triggerStatsReport:545 com.huawei.android.chr.statistics.TelStatusService.triggerAllStatsReport:554 com.huawei.android.chr.statistics.TelStatusManager.triggerAllStatsReport:328 
05-20 21:08:53.209  1909  3599 W ContextImpl: Calling a method in the system process without a qualified user: android.app.ContextImpl.sendBroadcast:1095 com.huawei.android.chr.statistics.TelStatusService.updateStatisticDB:628 com.huawei.android.chr.statistics.TelStatusService.triggerStatsReport:545 com.huawei.android.chr.statistics.TelStatusService.triggerAllStatsReport:554 com.huawei.android.chr.statistics.TelStatusManager.triggerAllStatsReport:328 
05-20 21:08:53.495  1139  2585 I chatty  : uid=1000(system) HwUsbHDBManager expire 10 lines
05-20 21:08:54.047  1139  1139 I chatty  : uid=1000 system_server expire 32 lines
05-20 21:30:00.673  1139  1442 I chatty  : uid=1000(system) NetworkStats expire 14 lines
05-20 21:30:00.675  1139  1441 I chatty  : uid=1000(system) NetdConnector expire 12 lines
05-20 21:30:01.643  1139  1861 I chatty  : uid=1000(system) watchdog expire 1 line
05-20 22:00:00.061  1139  1281 I chatty  : uid=1000(system) ActivityManager expire 1 line
05-20 22:00:27.072  1139  1277 I chatty  : uid=1000(system) android.bg expire 2 lines
05-20 22:00:27.074  1139  1443 I chatty  : uid=1000(system) NetworkPolicy expire 2 lines
05-20 22:00:27.184  1139  4790 I chatty  : uid=1000(system) Binder:1139_19 expire 17 lines
05-20 22:00:27.186  1139  2703 I chatty  : uid=1000(system) Binder:1139_D expire 7 lines
05-20 22:00:27.260  1139  6375 I chatty  : uid=1000(system) Binder:1139_20 expire 13 lines
05-20 22:00:27.331  1139  2772 I chatty  : uid=1000(system) Binder:1139_15 expire 7 lines
05-20 22:00:27.679  1139  2585 I chatty  : uid=1000(system) HwUsbHDBManager expire 33 lines
05-20 22:00:36.143  1139  1277 I chatty  : uid=1000(system) android.bg expire 3 lines
05-20 22:00:51.490  1139  1861 I chatty  : uid=1000(system) watchdog expire 2 lines
05-20 22:00:57.307  1139  1139 I chatty  : uid=1000 system_server expire 31 lines
05-20 22:00:57.339  1139  1441 I chatty  : uid=1000(system) NetdConnector expire 12 lines
05-20 22:40:24.073  1139  1442 I chatty  : uid=1000(system) NetworkStats expire 70 lines
05-20 22:40:24.187 26586 26586 D ActivityThread: ActivityThread,attachApplication
05-20 22:40:24.299  1139  2585 I chatty  : uid=1000(system) HwUsbHDBManager expire 31 lines
05-20 22:58:54.059  1139  1413 I chatty  : uid=1000(system) UEventObserver expire 2 lines
05-20 22:58:54.074  1139  1288 I chatty  : uid=1000(system) batterystats-sy expire 3 lines
05-20 23:40:24.083  1139  1441 I chatty  : uid=1000(system) NetdConnector expire 32 lines
05-20 23:40:24.137  1139  2761 I chatty  : uid=1000(system) Binder:1139_13 expire 7 lines
05-21 00:40:24.154  1139  1153 I chatty  : uid=1000(system) Binder:1139_2 expire 2 lines
05-21 00:40:24.190  1139  2012 I chatty  : uid=1000(system) Binder:1139_B expire 10 lines
05-21 03:13:53.283  1139  2585 I chatty  : uid=1000(system) HwUsbHDBManager expire 28 lines
05-21 03:23:53.072  1139  1428 I chatty  : uid=1000(system) AlarmManager expire 1 line
05-21 03:23:53.133  1909  3599 W ContextImpl: Calling a method in the system process without a qualified user: android.app.ContextImpl.sendBroadcast:1095 com.huawei.android.chr.statistics.TelStatusService.updateStatisticDB:628 com.huawei.android.chr.statistics.TelStatusService.triggerStatsReport:545 com.huawei.android.chr.statistics.TelStatusService.triggerAllStatsReport:554 com.huawei.android.chr.statistics.TelStatusManager.triggerAllStatsReport:328 
05-21 03:23:53.167  1909  3599 I chatty  : uid=1000(system) e.ChrLogService identical 1 line
05-21 03:23:53.200  1909  3599 W ContextImpl: Calling a method in the system process without a qualified user: android.app.ContextImpl.sendBroadcast:1095 com.huawei.android.chr.statistics.TelStatusService.updateStatisticDB:628 com.huawei.android.chr.statistics.TelStatusService.triggerStatsReport:545 com.huawei.android.chr.statistics.TelStatusService.triggerAllStatsReport:554 com.huawei.android.chr.statistics.TelStatusManager.triggerAllStatsReport:328 
05-21 03:23:53.278  1139  1139 I chatty  : uid=1000 system_server expire 35 lines
05-21 03:23:53.282  1139  1442 I chatty  : uid=1000(system) NetworkStats expire 14 lines
05-21 03:23:53.283  1139  1441 I chatty  : uid=1000(system) NetdConnector expire 10 lines
05-21 03:23:53.299  1139  4790 I chatty  : uid=1000(system) Binder:1139_19 expire 7 lines
05-21 03:23:53.303  1139  2772 I chatty  : uid=1000(system) Binder:1139_15 expire 11 lines
05-21 03:23:53.335 26625 26625 D ActivityThread: ActivityThread,attachApplication
05-21 03:23:53.689  1139  6375 I chatty  : uid=1000(system) Binder:1139_20 expire 15 lines
05-21 03:23:53.741  1139  2703 I chatty  : uid=1000(system) Binder:1139_D expire 11 lines
05-21 04:00:13.080  1139  1277 I chatty  : uid=1000(system) android.bg expire 6 lines
05-21 04:00:13.083  1139  1443 I chatty  : uid=1000(system) NetworkPolicy expire 2 lines
05-21 04:00:13.154  1139  1153 I chatty  : uid=1000(system) Binder:1139_2 expire 3 lines
05-21 04:00:13.230  1139  6089 I chatty  : uid=1000(system) Binder:1139_1D expire 13 lines
05-21 04:00:13.245  1139  2761 I chatty  : uid=1000(system) Binder:1139_13 expire 12 lines
05-21 04:00:27.078  1139  1861 I chatty  : uid=1000(system) watchdog expire 1 line
05-21 04:00:35.512  1139  1899 I chatty  : uid=1000(system) MultiTaskManage expire 8 lines
05-21 04:00:35.562  1139 26660 I chatty  : uid=1000 system_server expire 26 lines
05-21 04:00:35.606  1925  1925 I HwCoreAppHelperService: LocalReceiver receives:android.intent.action.PACKAGE_RESTARTED,pkg:com.cambricon.productdisplay,uid:10143
05-21 04:00:35.628  1925  1925 I HwCoreAppHelperService: LocalReceiver receives:android.intent.action.PACKAGE_RESTARTED,pkg:com.huawei.ddkexample,uid:10109
05-21 04:00:35.631  1139  1139 I chatty  : uid=1000 system_server expire 18 lines
05-21 04:00:35.709  1925  1925 I HwCoreAppHelperService: LocalReceiver receives:android.intent.action.PACKAGE_RESTARTED,pkg:com.jingdong.app.mall,uid:10135
05-21 04:00:35.742  1139  2585 I chatty  : uid=1000(system) HwUsbHDBManager expire 11 lines
05-21 04:00:35.788  1139  1282 I chatty  : uid=1000(system) android.ui expire 1 line
05-21 04:00:35.798  1864  2178 I HwNetworkPolicyManager: getHwUidPolicy uid = 10067 policy = 0
05-21 04:00:35.814  1139  1959 I chatty  : uid=1000(system) Binder:1139_7 expire 1 line
05-21 04:00:35.816  1139  1461 I chatty  : uid=1000(system) ConnectivitySer expire 4 lines
05-21 04:00:35.821  1139  1307 I chatty  : uid=1000(system) android.display expire 2 lines
05-21 04:00:35.844 24004 24004 D ActivityThread: Remove activity client record, r= ActivityRecord{f79fda1 token=android.os.BinderProxy@fc27e54 {com.huawei.camera/com.huawei.camera}} token= android.os.BinderProxy@fc27e54
05-21 04:00:36.047 26665 26665 D ActivityThread: ActivityThread,attachApplication
05-21 04:00:43.312  1139  1441 I chatty  : uid=1000(system) NetdConnector expire 10 lines
05-21 04:40:24.071  1139  1442 I chatty  : uid=1000(system) NetworkStats expire 14 lines
05-21 04:40:24.175 26709 26709 D ActivityThread: ActivityThread,attachApplication
05-21 04:40:24.348  1139  2585 I chatty  : uid=1000(system) HwUsbHDBManager expire 1 line
05-21 04:40:24.471  1139  2703 I chatty  : uid=1000(system) Binder:1139_D expire 3 lines
05-21 04:40:24.478  1139  2761 I chatty  : uid=1000(system) Binder:1139_13 expire 1 line
05-21 04:40:24.505  1139  2733 I chatty  : uid=1000(system) Binder:1139_11 expire 11 lines
05-21 04:40:24.539  1139  4790 I chatty  : uid=1000(system) Binder:1139_19 expire 2 lines
05-21 04:40:25.055  1139  1139 I chatty  : uid=1000 system_server expire 34 lines
05-21 04:43:19.062  1139  2585 I chatty  : uid=1000(system) HwUsbHDBManager expire 31 lines
05-21 05:40:24.081  1139  1442 I chatty  : uid=1000(system) NetworkStats expire 64 lines
05-21 05:40:24.083  1139  1441 I chatty  : uid=1000(system) NetdConnector expire 36 lines
05-21 05:40:24.157  1139  2777 I chatty  : uid=1000(system) Binder:1139_16 expire 4 lines
05-21 05:40:24.167  1139  2703 I chatty  : uid=1000(system) Binder:1139_D expire 5 lines
05-21 05:40:24.184  1139  2012 I chatty  : uid=1000(system) Binder:1139_B expire 11 lines
05-21 06:13:53.908  1139  1861 I chatty  : uid=1000(system) watchdog expire 1 line
05-21 06:40:24.136  1139  2757 I chatty  : uid=1000(system) Binder:1139_12 expire 6 lines
05-21 06:40:24.143  1139  2779 I chatty  : uid=1000(system) Binder:1139_18 expire 10 lines
05-21 07:40:24.183  1139  2687 I chatty  : uid=1000(system) Binder:1139_C expire 2 lines
05-21 07:58:53.063  1139  1413 I chatty  : uid=1000(system) UEventObserver expire 2 lines
05-21 07:58:53.073  1139  1288 I chatty  : uid=1000(system) batterystats-sy expire 3 lines
05-21 08:40:24.089  1139  1490 I chatty  : uid=1000(system) GraphicsStats-d expire 1 line
05-21 09:23:53.088  1139  1428 I chatty  : uid=1000(system) AlarmManager expire 1 line
05-21 09:23:53.177  1909  3599 W ContextImpl: Calling a method in the system process without a qualified user: android.app.ContextImpl.sendBroadcast:1095 com.huawei.android.chr.statistics.TelStatusService.updateStatisticDB:628 com.huawei.android.chr.statistics.TelStatusService.triggerStatsReport:545 com.huawei.android.chr.statistics.TelStatusService.triggerAllStatsReport:554 com.huawei.android.chr.statistics.TelStatusManager.triggerAllStatsReport:328 
05-21 09:23:53.200  1139  2012 I chatty  : uid=1000(system) Binder:1139_B expire 4 lines
05-21 09:23:53.202  1139  1139 I chatty  : uid=1000 system_server expire 15 lines
05-21 09:23:53.230  1909  3599 W ContextImpl: Calling a method in the system process without a qualified user: android.app.ContextImpl.sendBroadcast:1095 com.huawei.android.chr.statistics.TelStatusService.updateStatisticDB:628 com.huawei.android.chr.statistics.TelStatusService.triggerStatsReport:545 com.huawei.android.chr.statistics.TelStatusService.triggerAllStatsReport:554 com.huawei.android.chr.statistics.TelStatusManager.triggerAllStatsReport:328 
05-21 09:23:53.252 26753 26753 D ActivityThread: ActivityThread,attachApplication
05-21 09:23:53.266  1909  3599 W ContextImpl: Calling a method in the system process without a qualified user: android.app.ContextImpl.sendBroadcast:1095 com.huawei.android.chr.statistics.TelStatusService.updateStatisticDB:628 com.huawei.android.chr.statistics.TelStatusService.triggerStatsReport:545 com.huawei.android.chr.statistics.TelStatusService.triggerAllStatsReport:554 com.huawei.android.chr.statistics.TelStatusManager.triggerAllStatsReport:328 
05-21 09:23:54.060  1139  2585 I chatty  : uid=1000(system) HwUsbHDBManager expire 4 lines
05-21 09:53:48.080  1139  1442 I chatty  : uid=1000(system) NetworkStats expire 6 lines
05-21 09:53:48.081  1139  1441 I chatty  : uid=1000(system) NetdConnector expire 2 lines
05-21 09:53:48.087  1139  1277 I chatty  : uid=1000(system) android.bg expire 1 line
05-21 09:53:48.089  1139  1443 I chatty  : uid=1000(system) NetworkPolicy expire 3 lines
05-21 09:53:48.098  1139  1139 I chatty  : uid=1000 system_server expire 19 lines
05-21 09:53:48.106  1139  2779 I chatty  : uid=1000(system) Binder:1139_18 expire 9 lines
05-21 09:53:48.116  1139  2012 I chatty  : uid=1000(system) Binder:1139_B expire 10 lines
05-21 09:53:48.122  1139  1441 I chatty  : uid=1000(system) NetdConnector expire 10 lines
05-21 09:53:48.126  1139  1442 I chatty  : uid=1000(system) NetworkStats expire 1 line
05-21 09:53:48.146  1139  2687 I chatty  : uid=1000(system) Binder:1139_C expire 3 lines
05-21 09:53:48.159  1946  2549 W ContextImpl: Calling a method in the system process without a qualified user: android.app.ContextImpl.sendBroadcast:1095 android.content.ContextWrapper.sendBroadcast:436 com.huawei.iaware.userhabit.NRTUserHabitTrainManager$NRTUserHabitHandler.handleTrain:391 com.huawei.iaware.userhabit.NRTUserHabitTrainManager$NRTUserHabitHandler.handleMessage:245 android.os.Handler.dispatchMessage:108 
05-21 09:53:48.183  1139  2757 I chatty  : uid=1000(system) Binder:1139_12 expire 22 lines
05-21 09:53:48.196  1139  2703 I chatty  : uid=1000(system) Binder:1139_D expire 12 lines
05-21 09:53:48.264  1946  2549 W ContextImpl: Calling a method in the system process without a qualified user: android.app.ContextImpl.sendBroadcast:1095 android.content.ContextWrapper.sendBroadcast:436 com.huawei.iaware.userhabit.NRTUserHabitTrainManager$NRTUserHabitHandler.handleTrain:391 com.huawei.iaware.userhabit.NRTUserHabitTrainManager$NRTUserHabitHandler.handleMessage:245 android.os.Handler.dispatchMessage:108 
05-21 09:53:48.297  1946  2549 W ContextImpl: Calling a method in the system process without a qualified user: android.app.ContextImpl.sendBroadcast:1095 android.content.ContextWrapper.sendBroadcast:436 com.huawei.iaware.userhabit.NRTUserHabitTrainManager$NRTUserHabitHandler.handleTrain:391 com.huawei.iaware.userhabit.NRTUserHabitTrainManager$NRTUserHabitHandler.handleMessage:245 android.os.Handler.dispatchMessage:108 
05-21 09:53:48.364  1139  2585 I chatty  : uid=1000(system) HwUsbHDBManager expire 32 lines
05-21 09:53:51.774  1139  1861 I chatty  : uid=1000(system) watchdog expire 1 line
05-21 09:54:18.340  1139  1277 I chatty  : uid=1000(system) android.bg expire 2 lines
05-21 10:09:18.183  1139  1437 I chatty  : uid=1000(system) HwBinder:1139_3 expire 1 line
05-21 10:09:18.645  1139  1413 I chatty  : uid=1000(system) UEventObserver expire 4 lines
05-21 10:09:18.692  1546  1546 W PowerUI : unknown intent: Intent { act=android.intent.action.ACTION_POWER_CONNECTED flg=0x4000010 (has extras) }
05-21 10:09:18.692  1139  1139 I chatty  : uid=1000 system_server expire 53 lines
05-21 10:09:18.693  1139  1288 I chatty  : uid=1000(system) batterystats-sy expire 3 lines
05-21 10:09:18.699  1139  1312 I chatty  : uid=1000(system) PowerManagerSer expire 20 lines
05-21 10:09:18.702  1139  2553 I chatty  : uid=1000(system) HwDeviceUsageCo expire 1 line
05-21 10:09:18.703  1139  1281 I chatty  : uid=1000(system) ActivityManager expire 2 lines
05-21 10:09:18.774 26790 26790 D ActivityThread: ActivityThread,attachApplication
05-21 10:09:18.794  1139  1699 I chatty  : uid=1000(system) Binder:1139_4 expire 9 lines
05-21 10:09:18.802  1139  1407 I chatty  : uid=1000(system) android.anim expire 6 lines
05-21 10:09:18.822  1139  2001 I chatty  : uid=1000(system) Binder:1139_8 expire 9 lines
05-21 10:09:18.824  1139  2733 I chatty  : uid=1000(system) Binder:1139_11 expire 13 lines
05-21 10:09:18.836  1139  2757 I chatty  : uid=1000(system) Binder:1139_12 expire 2 lines
05-21 10:09:18.836  1139  1528 I chatty  : uid=1000(system) PhotonicModulat expire 1 line
05-21 10:09:18.837  1139  1307 I chatty  : uid=1000(system) android.display expire 4 lines
05-21 10:09:18.863  1139  1435 I chatty  : uid=1000(system) StorageManagerS expire 2 lines
05-21 10:09:18.864   410   418 I vold    : TrimTask running tasks: 0
05-21 10:09:18.864  1139  1438 I chatty  : uid=1000(system) VoldConnector expire 1 line
05-21 10:09:18.871  2810  3668 D DownloadManager: Removed 0 stale downloads
05-21 10:09:18.902  1139  1458 I chatty  : uid=1000(system) WifiP2pService expire 3 lines
05-21 10:09:18.911  2810  3668 D DownloadManager: Missing /storage/emulated/0/Huawei/MagazineUpdate/download/11.downloading, deleting 7
05-21 10:09:18.946   508   508 I vendor.huawei.hardware.wifi@1.1-service: Wifi HAL started
05-21 10:09:19.004  1925  1925 D HwGameAssistantService: ScreenOnReceiver
05-21 10:09:19.039  1139  1282 I chatty  : uid=1000(system) android.ui expire 2 lines
05-21 10:09:19.069  1139  2585 I chatty  : uid=1000(system) HwUsbHDBManager expire 1 line
05-21 10:09:19.098  1139  6072 I chatty  : uid=1000(system) Binder:1139_1C expire 1 line
05-21 10:09:19.152  2810  3668 D DownloadManager: Missing /storage/emulated/0/Huawei/MagazineUpdate/download/01.downloading, deleting 8
05-21 10:09:19.190  1139  2777 I chatty  : uid=1000(system) Binder:1139_16 expire 1 line
05-21 10:09:19.214  2810  3668 D DownloadManager: Missing /storage/emulated/0/Huawei/MagazineUpdate/download/02.downloading, deleting 9
05-21 10:09:19.253  2810  3668 D DownloadManager: Missing /storage/emulated/0/Huawei/MagazineUpdate/download/03.downloading, deleting 10
05-21 10:09:19.280  1139  2008 I chatty  : uid=1000(system) Binder:1139_9 expire 4 lines
05-21 10:09:19.397  2810  3668 D DownloadManager: Missing /storage/emulated/0/Huawei/MagazineUpdate/download/04.downloading, deleting 11
05-21 10:09:19.479  2810  3668 D DownloadManager: Missing /storage/emulated/0/Huawei/MagazineUpdate/download/05.downloading, deleting 12
05-21 10:09:19.487  1139  2703 I chatty  : uid=1000(system) Binder:1139_D expire 2 lines
05-21 10:09:19.571  2810  3668 D DownloadManager: Missing /storage/emulated/0/Huawei/MagazineUpdate/download/06.downloading, deleting 13
05-21 10:09:19.708  1139  2761 I chatty  : uid=1000(system) Binder:1139_13 expire 1 line
05-21 10:09:19.714   451  1095 W SocketListener: sending broadcast to Pid = 1139, Uid = 1000 
05-21 10:09:19.716  1139  1441 I chatty  : uid=1000(system) NetdConnector expire 7 lines
05-21 10:09:19.718  1139  1305 I chatty  : uid=1000(system) android.fg expire 1 line
05-21 10:09:19.722   508   508 E vendor.huawei.hardware.wifi@1.1-service: Failed to set DFS flag; DFS channels may be unavailable.
05-21 10:09:19.738   598   598 I wificond: create scanner for interface with index: 27
05-21 10:09:19.738   598   598 I wificond: subscribe scan result for interface with index: 27
05-21 10:09:19.740  1139  1446 I chatty  : uid=1000(system) WifiStateMachin expire 10 lines
05-21 10:09:19.747  1139  1441 I chatty  : uid=1000(system) NetdConnector expire 53 lines
05-21 10:09:19.748   598   598 W wificond: enter StartSupplicant ...
05-21 10:09:19.752   598   598 W wificond: wifi_start_supplicant try to wait start
05-21 10:09:19.766  2810  3668 D DownloadManager: Found 0 files in database
05-21 10:09:19.766  2810  3668 D DownloadManager: Found 0 files on disk
05-21 10:09:19.766  1139  2012 I chatty  : uid=1000(system) Binder:1139_B expire 1 line
05-21 10:09:19.778  1139  6072 I chatty  : uid=1000(system) Binder:1139_1C expire 1 line
05-21 10:09:19.824  1139  2733 I chatty  : uid=1000(system) Binder:1139_11 expire 5 lines
05-21 10:09:19.856 26875 26875 D ActivityThread: ActivityThread,attachApplication
05-21 10:09:19.861  1139  2727 I chatty  : uid=1000(system) Binder:1139_10 expire 1 line
05-21 10:09:19.873  1139  2761 I chatty  : uid=1000(system) Binder:1139_13 expire 3 lines
05-21 10:09:19.912  1139  1281 I chatty  : uid=1000(system) ActivityManager expire 4 lines
05-21 10:09:19.916  1139  2008 I chatty  : uid=1000(system) Binder:1139_9 expire 5 lines
05-21 10:09:19.932   451  1095 W SocketListener: sending broadcast to Pid = 1139, Uid = 1000 
05-21 10:09:19.933   451  1095 W SocketListener: sending broadcast to Pid = 1139, Uid = 1000 
05-21 10:09:19.935  1139  1305 I chatty  : uid=1000(system) android.fg expire 11 lines
05-21 10:09:19.937   451  1095 W SocketListener: sending broadcast to Pid = 1139, Uid = 1000 
05-21 10:09:19.975  1139  1458 I chatty  : uid=1000(system) WifiP2pService expire 24 lines
05-21 10:09:19.981   598   598 I wificond: New interface event callback registered
05-21 10:09:19.983  1139  1139 I chatty  : uid=1000 system_server expire 46 lines
05-21 10:09:19.983  1139  1307 I chatty  : uid=1000(system) android.display expire 3 lines
05-21 10:09:20.029  1139  1456 I chatty  : uid=1000(system) WifiScanningSer expire 1 line
05-21 10:09:20.071  1139  2585 I chatty  : uid=1000(system) HwUsbHDBManager expire 1 line
05-21 10:09:20.091  1139  1282 I chatty  : uid=1000(system) android.ui expire 18 lines
05-21 10:09:20.210   451  1095 W SocketListener: sending broadcast to Pid = 1139, Uid = 1000 
05-21 10:09:20.230   598   598 W wificond: Scan is not started. Ignore abort request
05-21 10:09:20.277   451  1095 W SocketListener: sending broadcast to Pid = 1139, Uid = 1000 
05-21 10:09:20.277   451  1095 I chatty  : uid=0(root) /system/bin/netd identical 1 line
05-21 10:09:20.277   451  1095 W SocketListener: sending broadcast to Pid = 1139, Uid = 1000 
05-21 10:09:20.305   598   598 E wificond: Failed to get NL80211_RATE_INFO_NOISE
05-21 10:09:20.306   598   598 E wificond: Failed to get NL80211_RATE_INFO_SNR
05-21 10:09:20.306   598   598 E wificond: Failed to get NL80211_STA_INFO_CNAHLOAD
05-21 10:09:20.338   451  1095 W SocketListener: sending broadcast to Pid = 1139, Uid = 1000 
05-21 10:09:20.351  1139  1461 I chatty  : uid=1000(system) ConnectivitySer expire 57 lines
05-21 10:09:20.362   598   598 E wificond: Failed to get NL80211_RATE_INFO_NOISE
05-21 10:09:20.362   598   598 E wificond: Failed to get NL80211_RATE_INFO_SNR
05-21 10:09:20.362   598   598 E wificond: Failed to get NL80211_STA_INFO_CNAHLOAD
05-21 10:09:20.363  1139  1451 I chatty  : uid=1000(system) IpManager.wlan0 expire 5 lines
05-21 10:09:20.376  1139  1861 I chatty  : uid=1000(system) watchdog expire 1 line
05-21 10:09:20.377   451  1095 W SocketListener: sending broadcast to Pid = 1139, Uid = 1000 
05-21 10:09:20.377   451  1095 W SocketListener: sending broadcast to Pid = 1139, Uid = 1000 
05-21 10:09:20.419  1139 26923 I chatty  : uid=1000(system) DhcpClient expire 6 lines
05-21 10:09:20.548   451  1095 W SocketListener: sending broadcast to Pid = 1139, Uid = 1000 
05-21 10:09:20.561   598   598 E wificond: Failed to get NL80211_RATE_INFO_NOISE
05-21 10:09:20.561   598   598 E wificond: Failed to get NL80211_RATE_INFO_SNR
05-21 10:09:20.561   598   598 E wificond: Failed to get NL80211_STA_INFO_CNAHLOAD
05-21 10:09:20.607   598   598 E wificond: Failed to get NL80211_RATE_INFO_NOISE
05-21 10:09:20.607   598   598 E wificond: Failed to get NL80211_RATE_INFO_SNR
05-21 10:09:20.607   598   598 E wificond: Failed to get NL80211_STA_INFO_CNAHLOAD
05-21 10:09:20.726  1864  1864 W ContextImpl: Calling a method in the system process without a qualified user: android.app.ContextImpl.startService:1656 android.content.ContextWrapper.startService:644 com.huawei.systemmanager.rainbow.client.background.service.CloudBroadcastHandlerService$1.onReceive:69 android.app.LoadedApk$ReceiverDispatcher$Args.lambda$-android_app_LoadedApk$ReceiverDispatcher$Args_57741:1423 android.app.-$Lambda$FilBqgnXJrN9Mgyks1XHeAxzSTk.$m$0:4 
05-21 10:09:20.728  1139  1443 I chatty  : uid=1000(system) NetworkPolicy expire 2 lines
05-21 10:09:20.760  1864 26954 W ContextImpl: Calling a method in the system process without a qualified user: android.app.ContextImpl.startService:1656 android.content.ContextWrapper.startService:644 com.huawei.systemmanager.rainbow.client.background.handle.serv.HandleCloudChangeEvent.startRainbowService:69 com.huawei.systemmanager.rainbow.client.background.handle.serv.HandleCloudChangeEvent.dealWithConnectChangeEvent:123 com.huawei.systemmanager.rainbow.client.background.handle.serv.HandleCloudChangeEvent.handleIntent:59 
05-21 10:09:20.800  1139  1139 I chatty  : uid=1000 system_server expire 29 lines
05-21 10:09:20.802  1139 26921 I chatty  : uid=1000(system) NetworkMonitorN expire 2 lines
05-21 10:09:20.809  1139  2687 I chatty  : uid=1000(system) Binder:1139_C expire 20 lines
05-21 10:09:20.809  1139  1461 I chatty  : uid=1000(system) ConnectivitySer expire 12 lines
05-21 10:09:20.810 26969 26969 D ActivityThread: ActivityThread,attachApplication
05-21 10:09:20.810  1139  2008 I chatty  : uid=1000(system) Binder:1139_9 expire 1 line
05-21 10:09:20.813  1139  2012 I chatty  : uid=1000(system) Binder:1139_B expire 12 lines
05-21 10:09:20.816  1139  2777 I chatty  : uid=1000(system) Binder:1139_16 expire 17 lines
05-21 10:09:20.829  1139  1699 I chatty  : uid=1000(system) Binder:1139_4 expire 9 lines
05-21 10:09:20.829  1139  1281 I chatty  : uid=1000(system) ActivityManager expire 18 lines
05-21 10:09:20.829  1139  6072 I chatty  : uid=1000(system) Binder:1139_1C expire 15 lines
05-21 10:09:20.841   598   598 E wificond: Failed to get NL80211_RATE_INFO_NOISE
05-21 10:09:20.841   598   598 E wificond: Failed to get NL80211_RATE_INFO_SNR
05-21 10:09:20.841   598   598 E wificond: Failed to get NL80211_STA_INFO_CNAHLOAD
05-21 10:09:20.844   598   598 E wificond: Failed to get NL80211_RATE_INFO_NOISE
05-21 10:09:20.844   598   598 E wificond: Failed to get NL80211_RATE_INFO_SNR
05-21 10:09:20.844   598   598 E wificond: Failed to get NL80211_STA_INFO_CNAHLOAD
05-21 10:09:20.849  1139  1446 I chatty  : uid=1000(system) WifiStateMachin expire 1 line
05-21 10:09:20.932  1139  2761 I chatty  : uid=1000(system) Binder:1139_13 expire 21 lines
05-21 10:09:20.935   451  1095 W SocketListener: sending broadcast to Pid = 1139, Uid = 1000 
05-21 10:09:20.936  1139  1441 I chatty  : uid=1000(system) NetdConnector expire 16 lines
05-21 10:09:20.938  1139  1305 I chatty  : uid=1000(system) android.fg expire 3 lines
05-21 10:09:21.073  1139  2585 I chatty  : uid=1000(system) HwUsbHDBManager expire 4 lines
05-21 10:09:21.333  1139  2703 I chatty  : uid=1000(system) Binder:1139_D expire 7 lines
05-21 10:09:21.353  1139  1407 I chatty  : uid=1000(system) android.anim expire 2 lines
05-21 10:09:21.364  1546  1546 V KeyguardDisplayManager: hide
05-21 10:09:21.375  1546 20925 I CommandQueue: updateBarBgColor
05-21 10:09:21.375  1546 20925 D CommandQueue: CommandQueue, setBarBackgroundColor
05-21 10:09:21.375   451  1095 W SocketListener: sending broadcast to Pid = 1139, Uid = 1000 
05-21 10:09:21.422  1139  1458 I chatty  : uid=1000(system) WifiP2pService expire 13 lines
05-21 10:09:21.506  1864 26954 W ContextImpl: Calling a method in the system process without a qualified user: android.app.ContextImpl.startService:1656 android.content.ContextWrapper.startService:644 com.huawei.systemmanager.rainbow.client.connect.result.WhiteBlackListInfo.sendCompleteNotification:165 com.huawei.systemmanager.rainbow.client.connect.result.WhiteBlackListInfo.sendCloudDataSyncCompleteNotification:159 com.huawei.systemmanager.rainbow.client.connect.result.WhiteBlackListInfo.updateAppLists:143 
05-21 10:09:21.891  1139  2727 I chatty  : uid=1000(system) Binder:1139_10 expire 8 lines
05-21 10:09:21.991 27037 27037 D ActivityThread: ActivityThread,attachApplication
05-21 10:09:22.006  1139  4790 I chatty  : uid=1000(system) Binder:1139_19 expire 12 lines
05-21 10:09:22.018  2655  6830 W ContextImpl: Calling a method in the system process without a qualified user: android.app.ContextImpl.bindService:1736 android.content.ContextWrapper.bindService:678 com.huawei.nb.dataservice.dsclient.RemoteServiceConnection.open:90 com.huawei.nb.dataservice.dsclient.DataServiceProxy.connect:105 com.huawei.nb.dataservice.rsclient.internal.RemoteRuleService.start:27 
05-21 10:09:22.066  1139  6103 I chatty  : uid=1000(system) Binder:1139_1E expire 4 lines
