05-21 10:14:37.914  1546  1546 V KeyguardUpdateMonitor: FingerStat showing: false; Interactive: true; Switching: false; Bouncer:false; GoingToSleep: false Occluded: false; dreaming: false; Authenticated: false
05-21 10:14:37.914  1546  1546 I KeyguardUpdateMonitor: Ignore update FP: 0 false
05-21 10:14:37.914  1546  1546 W AppHandler: sendSingleMessage 10 with args (1, 0)
05-21 10:14:37.914  1546  1546 W StatusBarKeyguardViewManager: updateStates KeyguardStatusBar HIDE
05-21 10:14:37.915  1546  1546 D HwUpdateMonitor: clearNotifications
05-21 10:14:37.915  1139  1139 I chatty  : uid=1000 system_server expire 10 lines
05-21 10:14:37.915  1546  1546 E KeyguardUpdateMonitor: isSimPinSecure mSimDatas is null or empty 
05-21 10:14:37.915  1546  1546 D KeyguardViewMediator: adjustStatusBarLocked: mShowing=false mOccluded=false isSecure=false --> flags=0x0
05-21 10:14:37.915  1546  1716 I SoundPool: Pid:1546 SoundChannel play
05-21 10:14:37.915  1546  1546 W AppHandler: sendImmediateMessage 17
05-21 10:14:37.915  1546  1546 W HwLockScreenPanel: Handle message: 17
05-21 10:14:37.915  1546  1546 W HwBackDropView: setDrawBehindAsSrc skipped. null
05-21 10:14:37.915   507   507 E TS_Service: hwTsSetAftConfig
05-21 10:14:37.915   507   507 I TS_HAL  : ts_set_aft_config:called
05-21 10:14:37.915   507   507 I aptouch_daemon, [--aptouch_interface_client--]: thp_execute_cmd_parms starting. cmd: aftouch.config.str
05-21 10:14:37.915  1546  1546 I WallpaperPagerAdapter:  disableFyuseMotion
05-21 10:14:37.915   507   507 I aptouch_daemon, [--aptouch_interface_client--]: thp_get_cs, use vndbinder
05-21 10:14:37.915   581   893 D stereoWidening_frame: SWS switch to speaker
05-21 10:14:37.915  1978  2410 D PhoneInterfaceManager: [PhoneIntfMgr] getDataEnabled: subId=0 phoneId=0
05-21 10:14:37.915  1978  2410 D PhoneInterfaceManager: [PhoneIntfMgr] getDataEnabled: subId=0 retVal=true
05-21 10:14:37.915   487  5687 I spk_dev_interface: spk_set_parameters: use new smartpakit version
05-21 10:14:37.916   518   607 I aptouch_daemon: get_cmd, =====>>find m_cmd=====>>aftouch.config.str
05-21 10:14:37.916   518   607 I aptouch_daemon: aft_set_config_str, aft_set_config_str---version:1+state:unlocked
05-21 10:14:37.916   518   607 I aptouch_daemon: thp_cmd_set_aftouch_config_str, aftouch_set_config_str: version:1+state:unlocked
05-21 10:14:37.916   581  9471 I APM_AudioPolicyManager: getOutputForDevice() returns output 13
05-21 10:14:37.916   518 28118 I aptouch_daemon: excute_long_cmd, ========>>aftouch.config.str excute done!
05-21 10:14:37.917   581   893 D stereoWidening_frame: SWS switch to speaker
05-21 10:14:37.917  1546  1758 W KeyguardViewMediator: updateActivityLockScreenState setLockScreenShown: false
05-21 10:14:37.917   487  1395 I spk_dev_interface: spk_set_parameters: use new smartpakit version
05-21 10:14:37.917   581  9471 I APM_AudioPolicyManager: getOutputForDevice() returns output 13
05-21 10:14:37.917   581  9471 I APM_AudioPolicyManager: startOutput() output 13, stream 1, session 249
05-21 10:14:37.917   581  9471 D APM_AudioPolicyManager: event 164
05-21 10:14:37.917   487  5687 I spk_dev_interface: spk_set_parameters: use new smartpakit version
05-21 10:14:37.918   581  9471 V APM_AudioPolicyManager: setBeaconMute(1) mBeaconMuteRefCount=1 mBeaconPlayingRefCount=0
05-21 10:14:37.918   581  9471 I APM_AudioPolicyManager: getNewOutputDevice() selected device 2
05-21 10:14:37.918   581  9471 I APM_AudioPolicyManager: setOutputDevice() device 0x0002 delayMs 0 force 0
05-21 10:14:37.918   581  9471 V APM_AudioPolicyManager: setOutputDevice() prevDevice 0x0002
05-21 10:14:37.918   581  9471 I APM_AudioPolicyManager: setOutputDevice() setting same device 0x0002 or null device
05-21 10:14:37.918   581  9471 D APM::Gains: volIndexToDb sUseVolCurveCust true
05-21 10:14:37.918  1546  1716 W AppHandler: sendMessage 16
05-21 10:14:37.918  1546  1716 W KeyguardViewMediator: setFloatTaskHide : false;  reason : KeyguardExit
05-21 10:14:37.918  1546  1716 I HwLockScreenReporter: Runnable for reportAdEvent
05-21 10:14:37.919   487  5526 I audio_hw_primary: start_output_stream++: out_type = 0, out_device = 0x2,out->pcm[PCM_CARD] = 0x0, out->voice_pcm = 0x0
05-21 10:14:37.919   487  5526 I audio_hw_primary: select_devices++ mode[0]
05-21 10:14:37.919   487  5526 I audio_hw_primary: input_source_id 0, output_device_id 0x2
05-21 10:14:37.919   487  5526 I audio_hw_primary: select_devices() devices 0x2 input src 0 output route media-speaker input route none in_device 0
05-21 10:14:37.919   487  5526 I spk_dev_interface: spk_dev_power_off: use new smartpakit version
05-21 10:14:37.919   487  5526 I smartpakit: pdata->device = 0, output_device = 2, pdata->mode = 0, mode = 0
05-21 10:14:37.919   487  5526 I smartpakit: check the same status, skip!
05-21 10:14:37.919   487  5526 I dsp_common: dsp_common_control_algo:set device = 2
05-21 10:14:37.919   487  5526 I audio_hw_primary: pa is on, cannot start ir study,device = 2
05-21 10:14:37.920  1139  1281 I chatty  : uid=1000(system) ActivityManager expire 5 lines
05-21 10:14:37.919   487  5526 I audio_hw_primary: pa is on, cannot start ir study,device = 2
05-21 10:14:37.925 22891 22891 D Mms_TX_NOTIFY: Get no-perm notification callback android.intent.action.USER_PRESENT
05-21 10:14:37.926  1864  1864 D HwKeyguardManagerImpl: isLockScreenDisabled HwKeyguardManagerImpl result = false
05-21 10:14:37.930  1139  1441 I chatty  : uid=1000(system) NetdConnector expire 2 lines
05-21 10:14:37.934  1546  2363 D DeviceTelephonyManager: get airplane mode: false
05-21 10:14:37.934  1546  2363 I LocationController: isLocationEnabled mode 1
05-21 10:14:37.934  1139  2559 I chatty  : uid=1000(system) CallbackHandler expire 15 lines
05-21 10:14:37.934  2655  4996 D [HwRecSys]HwRecSysService: onEvent actionID: 10000 msg:com.cambricon.productdisplay		
05-21 10:14:37.934  2655  4996 E [HwRecSys]HwRecSysService: getIsRportDirectService is false!
05-21 10:14:37.935  1546  2363 I DeviceSettingsManager: getStateTypePolicyActiveStatus() raw policyName: settings_policy_forbidden_network_share
05-21 10:14:37.935  1946  2378 I chatty  : uid=1000(system) sdk thread expire 12 lines
05-21 10:14:37.936  1946 17031 I chatty  : uid=1000(system) Binder:1946_B expire 5 lines
05-21 10:14:37.936  1546  1546 W HwKeyguardDragHelper: AnimationBlocked
05-21 10:14:37.938  1864  2099 E HSM     : TrafficNotifyAfterLocked:analyseTrafficAfterUnLocked: network template is null!
05-21 10:14:37.941  1946  4045 I chatty  : uid=1000(system) CallbackHandler expire 2 lines
05-21 10:14:37.941  5574  5574 I wangchen: SysInfo.getSysParam: new resource orientation1
05-21 10:14:37.943  1864  2082 E HSM     : NatTrafficNotifyService:imsi is null, so return
05-21 10:14:37.943  5574  5574 I KeymapLoader: w=1080 h=2160 ori=true appScale=3.3 s1=3.0
05-21 10:14:37.943  1546  1546 D PhoneStatusBar: disable: < expand icons alerts system_info back home* recent* clock navigationbar search* quick_settings >
05-21 10:14:37.943  1546  1546 W HwLockScreenPanel: Handle message: 16
05-21 10:14:37.943  1546  1546 I WallpaperPagerAdapter:  disableFyuseMotion
05-21 10:14:37.946  1546  1546 D CameraLayout: setLift 0.0
05-21 10:14:37.946  1546  1546 D UnderLayer: setClipY 0
05-21 10:14:37.946  1546 28121 I ToolBoxView: updateFlashlightViewInner:isAvailabletrue;isEnabledfalse;lightControllercom.android.systemui.statusbar.policy.FlashlightController@84c938
05-21 10:14:37.946  1546  1546 D UnderLayer: ondraw 0, Rect(0, 0 - 1080, 2160)
05-21 10:14:37.950  1139  1458 I chatty  : uid=1000(system) WifiP2pService expire 5 lines
05-21 10:14:37.951   506   839 D SensorHub: batch called handle:4 sample_ns:200000000 latency_ns:0
05-21 10:14:37.951   506   839 D SensorHub: in batch, handle = 4, flags = 0, period_ns = 200000000, timeout = 0
05-21 10:14:37.952   506   506 D SensorHub: -------------------------->SENSOR_TYPE_PROXIMITY data[0] = 5.000000
05-21 10:14:37.952  1546  1546 W HwKeyguardDragHelper: AnimationBlocked
05-21 10:14:37.964  3690 28125 I Authzen : [DeviceStateSyncManager] The server is in sync with current state. Nothing to do
05-21 10:14:37.968  1546  1546 W AppHandler: sendImmediateMessage 18 with args (0, 0)
05-21 10:14:37.969  1546  1546 W HwLockScreenPanel: Handle message: 18
05-21 10:14:37.969  1546  1546 W HwBackDropView: MSG_KEYGUARD_XCH_HEIGHT setVisibility GONE
05-21 10:14:37.969  1546  1546 D PhoneStatusBar: disable: < expand icons alerts system_info back home recent clock navigationbar search quick_settings >
05-21 10:14:37.970   487  5526 I audio_pop: pop change S4 OL SWITCH SWITCH dir 1
05-21 10:14:37.971   487  5526 I audio_pop: pop change S4 OR SWITCH SWITCH dir 1
05-21 10:14:37.982   487  5526 I audio_pop: pop change PLAY48K SWITCH SWITCH dir 1
05-21 10:14:37.982   487  5526 I dsp_common: dsp_common_control_algo:set device = 2
05-21 10:14:37.982   487  5526 I spk_dev_interface: spk_dev_power_on: use new smartpakit version
05-21 10:14:37.982   487  5526 I smartpakit: pdata->device = 0, output_device = 2, pdata->mode = 0, mode = 0
05-21 10:14:37.982   487  5526 I smartpakit: smartpa_algo_control: enter smartpa_algo_control,cmd = 7
05-21 10:14:37.986   487  5526 I dsp_codec_ctl: codec_adsp_send_sync_cmd:ioctl ret=0
05-21 10:14:37.986   487  5526 I smartpakit: smartpa_algo_control: enter smartpa_algo_control,cmd = 8
05-21 10:14:37.987   487  5526 I dsp_codec_ctl: codec_adsp_send_sync_cmd:ioctl ret=0
05-21 10:14:37.987   487  5526 I smartpakit: smartpa_algo_control: enter smartpa_algo_control,cmd = 18
05-21 10:14:37.987   487  5526 I spk_dev_interface_V2: enable_smartpa_algo: enable 1, pa_num 1, algo_in 0
05-21 10:14:37.987   487  5526 I spk_dev_interface_V2: enable_smartpa_algo: set smartpa_algo IF_OPEN
05-21 10:14:37.988   487  5526 I dsp_codec_ctl: codec_adsp_send_sync_cmd:ioctl ret=0
05-21 10:14:37.991  1546  1546 W HwKeyguardDragHelper: AnimationBlocked
05-21 10:14:37.992  1546  1546 W StaticLayout: maxLineHeight should not be -1.  maxLines:1 lineCount:1
05-21 10:14:37.992   512  4693 E BufferQueueProducer: [StatusBar#0] disconnect: not connected (req=1)
05-21 10:14:37.992  1546  2056 W libEGL  : EGLNativeWindowType 0x75acb33010 disconnect failed
05-21 10:14:37.993  1546  1546 D UnderLayer: ondraw 0, Rect(0, 0 - 1080, 72)
05-21 10:14:37.993  1546  2056 D mali_winsys: EGLint new_window_surface(egl_winsys_display *, void *, EGLSurface, EGLConfig, egl_winsys_surface **, egl_color_buffer_format *, EGLBoolean) returns 0x3000
05-21 10:14:38.008   487  5526 I smartpakit: pakit power on l(2) succ
05-21 10:14:38.008   487  5526 I audio_hw_primary: select_devices--
05-21 10:14:38.008   487  5526 I audio_hw_primary: start_output_stream--
05-21 10:14:38.009   487  5526 D asd     : [asd_proc_hal_data],hal data soundness: L[559],R[588]
05-21 10:14:38.011  1546  1546 D ImageWallpaper: onOffsetsChanged: xOffset=0.0, yOffset=0.0, xOffsetStep=0.0, yOffsetStep=0.0, xPixels=0, yPixels=0
05-21 10:14:38.011  1546  1546 D ImageWallpaper: Suppressed drawFrame since redraw is not needed and offsets have not changed.sf=Rect(0, 0 - 2160, 2160)
05-21 10:14:38.011  1546  1546 D ImageWallpaper: onVisibilityChanged: mVisible, visible=false, true
05-21 10:14:38.011  1546  1546 D ImageWallpaper: Visibility changed to visible=true
05-21 10:14:38.011  1546  1546 D ImageWallpaper: Suppressed drawFrame since redraw is not needed and offsets have not changed.sf=Rect(0, 0 - 2160, 2160)
05-21 10:14:38.015  1546  1546 D ImageWallpaper: onOffsetsChanged: xOffset=0.0, yOffset=0.0, xOffsetStep=0.0, yOffsetStep=0.0, xPixels=0, yPixels=0
05-21 10:14:38.016  1546  1546 D ImageWallpaper: Suppressed drawFrame since redraw is not needed and offsets have not changed.sf=Rect(0, 0 - 2160, 2160)
05-21 10:14:38.019  1546  1546 W HwLockScreenPanel: Handle message: 10
05-21 10:14:38.019  1546  1546 W HwKeyguardBottomArea: updateBatteryInfo : false  true
05-21 10:14:38.019  1546  1546 W HwKeyguardBottomArea: updateBatteryInfo : false  true
05-21 10:14:38.019  1546  1546 W CameraLayout: Cameralayout disabled. true false  2
05-21 10:14:38.019  1546  1546 W HwKeyguardBottomArea: updateBatteryInfo : false  true
05-21 10:14:38.019  1546  1546 D MagazineDetailView: resetPagerState
05-21 10:14:38.019  1546  1546 D MagazineSwitchViewPager: invoke callSetCurrentItemInternal
05-21 10:14:38.021  1546  1546 I HwBackDropView: restore param to 0
05-21 10:14:38.021  1546  1546 I HwBackDropView: checkVisibility : false; false
05-21 10:14:38.021  1546  1546 W KgBattery: getCharge info with type: text
05-21 10:14:38.030   581  1385 D AudioFlinger: mixer(0x7cb56a2b00) throttle end: throttle time(10)
05-21 10:14:38.036   478   478 I chatty  : uid=1000(system) allocator@2.0-s expire 26 lines
05-21 10:14:38.060  1546  1546 I PhoneStatusBar: updateNotificationShade: total=5, active=5
05-21 10:14:38.060  1546  1546 W PhoneStatusBar: updateNotificationShade hasFaceDT: false; Detected:false
05-21 10:14:38.065  1546  1546 W PanelView: HwPanelView restoreDrawState
05-21 10:14:38.065  1546  1546 W PanelView: setAnimationParam 0.0 4  1.0
05-21 10:14:38.065  1546  1546 W PanelView: updateAlaphaAndScaleForChild 0  com.android.systemui.statusbar.phone.NotificationsQuickSettingsContainer{1a91371 V.E...... ......ID 0,0-1080,72 #7f140484 app:id/notification_container_parent}
05-21 10:14:38.070   487  5526 D asd     : [asd_proc_hal_data],hal data soundness: L[48],R[46]
05-21 10:14:38.074  1546  1546 W HwKeyguardDragHelper: AnimationBlocked
05-21 10:14:38.078  1546  1546 I PhoneStatusBar: updateNotificationShade: total=5, active=5
05-21 10:14:38.078  1546  1546 W PhoneStatusBar: updateNotificationShade hasFaceDT: false; Detected:false
05-21 10:14:38.085  1546  1546 W HwKeyguardDragHelper: AnimationBlocked
05-21 10:14:38.182   581   894 I APM_AudioPolicyManager: stopOutput() output 13, stream 1, session 249
05-21 10:14:38.183   487  5687 I spk_dev_interface: spk_set_parameters: use new smartpakit version
05-21 10:14:38.184   581   894 D APM_AudioPolicyManager: event 165
05-21 10:14:38.184   581   894 V APM_AudioPolicyManager: setBeaconMute(1) mBeaconMuteRefCount=0 mBeaconPlayingRefCount=0
05-21 10:14:38.184   581   894 I APM_AudioPolicyManager: getNewOutputDevice() selected device 0
05-21 10:14:38.184   581   894 I APM_AudioPolicyManager: setOutputDevice() device 0x0000 delayMs 80 force 0
05-21 10:14:38.184   581   894 V APM_AudioPolicyManager: setOutputDevice() prevDevice 0x0002
05-21 10:14:38.184   581   894 I APM_AudioPolicyManager: setOutputDevice() setting same device 0x0000 or null device
05-21 10:14:38.239  1546  1546 D ImageWallpaper: onVisibilityChanged: mVisible, visible=true, false
05-21 10:14:38.239  1546  1546 D ImageWallpaper: Visibility changed to visible=false
05-21 10:14:38.389   584  1184 D DE N SR : setAmbientParam:938: DE_SCENE_ACTION_AMBIENT_CHANGE set mLux:682 mCt:6130
05-21 10:14:38.614   597   597 E Thermal-daemon: [pa_0] temp_new :31  temp_old :32
05-21 10:14:38.616   597   597 E Thermal-daemon: Report temperature: [pa_0] temp :31  report_threshold:1
05-21 10:14:38.691   584  1184 D DE N SR : setAmbientParam:938: DE_SCENE_ACTION_AMBIENT_CHANGE set mLux:678 mCt:6130
05-21 10:14:38.826  1546  1546 I PhoneStatusBarView: mDelayedGetViewPositionOnScreen getLocationInWindow 0 0
05-21 10:14:38.826  1546  1546 I PhoneStatusBarView: mDelayedGetViewPositionOnScreen getLocationOnScreen 0 0
05-21 10:14:38.992   584  1184 D DE N SR : setAmbientParam:938: DE_SCENE_ACTION_AMBIENT_CHANGE set mLux:675 mCt:6130
05-21 10:14:39.076  1546  1546 I Tile.WifiTile: setWifiIndicators  CallbackInfo = CallbackInfo[enabled=true,connected=true,wifiSignalIconId=2130838337,enabledDesc="cambricon",activityIn=true,activityOut=false,wifiSignalContentDescription=WLAN  3 ]
05-21 10:14:39.097  1139  1495 I chatty  : uid=1000(system) EmcomThread expire 2 lines
05-21 10:14:39.293   584  1184 D DE N SR : setAmbientParam:938: DE_SCENE_ACTION_AMBIENT_CHANGE set mLux:672 mCt:6130
05-21 10:14:39.896   584  1184 D DE N SR : setAmbientParam:938: DE_SCENE_ACTION_AMBIENT_CHANGE set mLux:671 mCt:6130
05-21 10:14:39.910   596   707 E /system/bin/storaged: pid_info get_pids failed
05-21 10:14:40.070   487  5526 D asd     : [asd_proc_hal_data],hal data soundness: L[0],R[0]
05-21 10:14:40.076  1546  1546 I Tile.WifiTile: setWifiIndicators  CallbackInfo = CallbackInfo[enabled=true,connected=true,wifiSignalIconId=2130838337,enabledDesc="cambricon",activityIn=false,activityOut=true,wifiSignalContentDescription=WLAN  3 ]
05-21 10:14:40.079   508   508 E WifiHAL : enter wifi_get_link_stats
05-21 10:14:40.090   598   598 E wificond: Failed to get NL80211_RATE_INFO_NOISE
05-21 10:14:40.090   598   598 E wificond: Failed to get NL80211_RATE_INFO_SNR
05-21 10:14:40.091   598   598 E wificond: Failed to get NL80211_STA_INFO_CNAHLOAD
05-21 10:14:40.091  1139  1448 I chatty  : uid=1000(system) HwWifiCHRStateM expire 18 lines
05-21 10:14:40.096  1139  1461 I chatty  : uid=1000(system) ConnectivitySer expire 2 lines
05-21 10:14:40.100  1139  1139 I chatty  : uid=1000 system_server expire 75 lines
05-21 10:14:40.101  1139  1504 I chatty  : uid=1000(system) initQoEAdapter expire 4 lines
05-21 10:14:40.103  1139  1510 I chatty  : uid=1000(system) HwWifiConnectiv expire 4 lines
05-21 10:14:40.104  1139  1516 I chatty  : uid=1000(system) HuaweiWifiWatch expire 35 lines
05-21 10:14:40.117  1546  1546 I Tile.WifiTile: setWifiIndicators  CallbackInfo = CallbackInfo[enabled=true,connected=true,wifiSignalIconId=2130838338,enabledDesc="cambricon",activityIn=false,activityOut=true,wifiSignalContentDescription=WLAN ]
05-21 10:14:41.076  1546  1546 W ResourceType: No package identifier when getting value for resource number 0x00000000
05-21 10:14:41.077  1546  1546 E HwNotchUtils: setIconForView iconId is not found
05-21 10:14:41.077  1546  1546 W ResourceType: No package identifier when getting value for resource number 0x00000000
05-21 10:14:41.077  1546  1546 E HwNotchUtils: setIconForView iconId is not found
05-21 10:14:41.077  1546  1546 I Tile.WifiTile: setWifiIndicators  CallbackInfo = CallbackInfo[enabled=true,connected=true,wifiSignalIconId=2130838338,enabledDesc="cambricon",activityIn=false,activityOut=false,wifiSignalContentDescription=WLAN ]
05-21 10:14:41.111   487  5687 I audio_hw_primary: do_out_standby standby: 0, stream_type: 0,  out_device: 0x2
05-21 10:14:41.125   487  5687 I audio_hw_primary: select_devices++ mode[0]
05-21 10:14:41.125   487  5687 I audio_hw_primary: input_source_id 0, output_device_id 0
05-21 10:14:41.125   487  5687 I audio_hw_primary: select_devices() devices 0x2 input src 0 output route none input route none in_device 0
05-21 10:14:41.125   487  5687 I spk_dev_interface: spk_dev_power_off: use new smartpakit version
05-21 10:14:41.125   487  5687 I smartpakit: pdata->device = 2, output_device = 0, pdata->mode = 0, mode = 0
05-21 10:14:41.125   487  5687 I smartpakit: smartpa_algo_control: enter smartpa_algo_control,cmd = 16
05-21 10:14:41.131   487  5687 I dsp_codec_ctl: codec_adsp_send_sync_cmd:ioctl ret=0
05-21 10:14:41.131   487  5687 I smartpakit: smartpakit dev_fade_out success
05-21 10:14:41.178   487  5687 I smartpakit: pakit power off l(3) succ
05-21 10:14:41.178   487  5687 I smartpakit: smartpa_algo_control: enter smartpa_algo_control,cmd = 19
05-21 10:14:41.178   487  5687 I spk_dev_interface_V2: enable_smartpa_algo: enable 0, pa_num 1, algo_in 0
05-21 10:14:41.178   487  5687 I spk_dev_interface_V2: enable_smartpa_algo: set smartpa_algo IF_CLOSE
05-21 10:14:41.181   487  5687 I dsp_codec_ctl: codec_adsp_send_sync_cmd:ioctl ret=0
05-21 10:14:41.181   487  5687 I dsp_common: dsp_common_control_algo:set device = 0
05-21 10:14:41.190   487  5687 I audio_pop: pop change S4 OL SWITCH SWITCH dir 0
05-21 10:14:41.191   487  5687 I audio_pop: pop change S4 OR SWITCH SWITCH dir 0
05-21 10:14:41.198   487  5687 I audio_pop: pop change PLAY48K SWITCH SWITCH dir 0
05-21 10:14:41.199   487  5687 I dsp_common: dsp_common_control_algo:set device = 0
05-21 10:14:41.199   487  5687 I spk_dev_interface: spk_dev_power_on: use new smartpakit version
05-21 10:14:41.199   487  5687 I smartpakit: pdata->device = 2, output_device = 0, pdata->mode = 0, mode = 0
05-21 10:14:41.199   487  5687 I audio_hw_primary: select_devices--
05-21 10:14:41.704   584  1184 D DE N SR : setAmbientParam:938: DE_SCENE_ACTION_AMBIENT_CHANGE set mLux:673 mCt:6130
05-21 10:14:41.766   598   598 E wificond: Failed to get NL80211_RATE_INFO_NOISE
05-21 10:14:41.766   598   598 E wificond: Failed to get NL80211_RATE_INFO_SNR
05-21 10:14:41.766   598   598 E wificond: Failed to get NL80211_STA_INFO_CNAHLOAD
05-21 10:14:41.769   598   598 E wificond: Failed to get NL80211_RATE_INFO_NOISE
05-21 10:14:41.769   598   598 E wificond: Failed to get NL80211_RATE_INFO_SNR
05-21 10:14:41.769   598   598 E wificond: Failed to get NL80211_STA_INFO_CNAHLOAD
05-21 10:14:41.778  1139  3988 I chatty  : uid=1000(system) MobileQosDetect expire 3 lines
05-21 10:14:42.006   584  1184 D DE N SR : setAmbientParam:938: DE_SCENE_ACTION_AMBIENT_CHANGE set mLux:674 mCt:6130
05-21 10:14:42.118 24442 24536 D HwLBSService.NetworkMonitor: WifiScan Settings Changes, new state: true
05-21 10:14:42.911   584  1184 D DE N SR : setAmbientParam:938: DE_SCENE_ACTION_AMBIENT_CHANGE set mLux:672 mCt:6130
05-21 10:14:42.945  1546  1546 I HwFyuseView: destroySurface : null
05-21 10:14:42.946  1546  1546 D Fyulytics: Unable to track View End Event. FyuseData is null
05-21 10:14:42.946  1546  1546 I HwFyuseView: destroySurface : null
05-21 10:14:42.946  1546  1546 D Fyulytics: Unable to track View End Event. FyuseData is null
05-21 10:14:42.946  1546  1546 I HwFyuseView: destroySurface : null
05-21 10:14:42.946  1546  1546 D Fyulytics: Unable to track View End Event. FyuseData is null
05-21 10:14:42.946  1546  1546 I WallpaperPagerAdapter: clearViewData
05-21 10:14:43.099   508   508 E WifiHAL : enter wifi_get_link_stats
05-21 10:14:43.106   598   598 E wificond: Failed to get NL80211_RATE_INFO_NOISE
05-21 10:14:43.106   598   598 E wificond: Failed to get NL80211_RATE_INFO_SNR
05-21 10:14:43.106   598   598 E wificond: Failed to get NL80211_STA_INFO_CNAHLOAD
05-21 10:14:43.123  1546  1546 W ResourceType: No package identifier when getting value for resource number 0x00000000
05-21 10:14:43.123  1546  1546 E HwNotchUtils: setIconForView iconId is not found
05-21 10:14:43.125  1546  1546 W ResourceType: No package identifier when getting value for resource number 0x00000000
05-21 10:14:43.125  1546  1546 E HwNotchUtils: setIconForView iconId is not found
05-21 10:14:43.126  1546  1546 W ResourceType: No package identifier when getting value for resource number 0x00000000
05-21 10:14:43.126  1546  1546 E HwNotchUtils: setIconForView iconId is not found
05-21 10:14:43.127  1546  1546 W ResourceType: No package identifier when getting value for resource number 0x00000000
05-21 10:14:43.127  1546  1546 E HwNotchUtils: setIconForView iconId is not found
05-21 10:14:43.128  1546  1546 I Tile.WifiTile: setWifiIndicators  CallbackInfo = CallbackInfo[enabled=true,connected=true,wifiSignalIconId=2130838337,enabledDesc="cambricon",activityIn=false,activityOut=false,wifiSignalContentDescription=WLAN  3 ]
05-21 10:14:43.275   506   839 D SensorHub: huawei Hal strandard_stepcounter is 0
05-21 10:14:43.276  4480  4480 I Step_PreD: 30002321|onSensorChanged: 0
05-21 10:14:43.277  1925  1925 D HwStepCounter: onDeviceDataChanged
05-21 10:14:43.277  1925  1925 W HwStepCounter: version : 1
05-21 10:14:43.278  1925  1925 I HwStepCounter: dealReportData tm: 2018-05-21 10:14:43 steps_value[0] : 0 state_value[0]:5 level_value[0]:0
05-21 10:14:43.278  1925  1925 I HwStepCounter: isBeginOfToday: 21 -> 21
05-21 10:14:43.278  1925  1925 I HwStepCounter: isBeginOfToday: false
05-21 10:14:43.278  1925  1925 I HwStepCounter: dealReportData: diff = 0
05-21 10:14:43.284  1925  2299 D HwStepCounter: ReportProxy client : 0
05-21 10:14:43.514   584  1184 D DE N SR : setAmbientParam:938: DE_SCENE_ACTION_AMBIENT_CHANGE set mLux:671 mCt:6130
05-21 10:14:43.619   597   597 E Thermal-daemon: [pa_0] temp_new :32  temp_old :31
05-21 10:14:43.621   597   597 E Thermal-daemon: Report temperature: [pa_0] temp :32  report_threshold:1
05-21 10:14:43.667  2655  4996 D [HwRecSys]HwRecSysService: onEvent actionID: 10010 msg:com.huawei.android.launcher		
05-21 10:14:43.667  2655  4996 E [HwRecSys]HwRecSysService: getIsRportDirectService is false!
05-21 10:14:43.679  1946 17031 I PGServer: checkPkgType. calling pkg: android
05-21 10:14:43.679  1946  2554 D HwThermalStateManager: current foreapp pkg : com.huawei.android.launcher
05-21 10:14:43.680  1946 17031 I PGServer: checkPkgType. calling pkg: android
05-21 10:14:43.688  1946  4045 W libc    : Set property "sys.aps.gameProcessName" to ""
05-21 10:14:43.690  1946  4045 W libc    : Set property "sys.aps.browserProcessName" to ""
05-21 10:14:43.690  2606  2889 E HwLauncher: SettingsEx , no such field.
05-21 10:14:43.690  2606  2889 W HwLauncher: Clock getDataFormat the getSystemString failed.
05-21 10:14:43.695  1925  1925 I HwCoreAppHelperService: LocalReceiver receives:android.intent.action.PACKAGE_RESTARTED,pkg:com.cambricon.productdisplay,uid:10143
05-21 10:14:43.696  1978  1978 D CarrierSvcBindHelper: No carrier app for: 0
05-21 10:14:43.697  1978  1978 D CarrierSvcBindHelper: No carrier app for: 1
05-21 10:14:43.697  2681  2681 E NfcNci  : NfcUtils error: APP do not have nfc permission
05-21 10:14:43.697  2681  2681 E NfcNci  : NfcUtils error: APP do not have nfc permission
05-21 10:14:43.700  1925 14711 E HsmCoreServiceImpl: onTransact in code is: 102
05-21 10:14:43.700  1925 14711 I MediaProcessHandler: processOp opType: 1, uid: 10143, pid: 28034
05-21 10:14:43.700  1925 14711 W MediaProcessHandler: remove target not exist, maybe the UI process: uid: 10143, pid: 28034
05-21 10:14:43.700  1925 14711 I MediaProcessHandler: executedCallBack opType: 1 mMediaStatusObservers.size=0
05-21 10:14:43.703  1546 20924 I CommandQueue: updateBarBgColor
05-21 10:14:43.704  1546 20924 D CommandQueue: CommandQueue, setBarBackgroundColor
05-21 10:14:43.704  1864  2178 I HwNetworkPolicyManager: getHwUidPolicy uid = 10067 policy = 0
05-21 10:14:43.705  1546  1546 D TintManager: statusBarIconTint=#99FFFFFF,navigationBarIconTint=#00000000
05-21 10:14:43.710  2606  3197 D mali_winsys: EGLint new_window_surface(egl_winsys_display *, void *, EGLSurface, EGLConfig, egl_winsys_surface **, egl_color_buffer_format *, EGLBoolean) returns 0x3000
05-21 10:14:43.714  1546 20924 D HwRecentsLockUtils: Search
05-21 10:14:43.714  1925 14711 E HsmCoreServiceImpl: onTransact in code is: 103
05-21 10:14:43.714  1925 14711 I MediaProcessHandler: playingUids: 
05-21 10:14:43.726  1546  1546 D StatusBarIconController: setIconVisibility icon is null or visibility not change visibility=false
05-21 10:14:43.729  1546  1546 D ImageWallpaper: onOffsetsChanged: xOffset=0.0, yOffset=0.0, xOffsetStep=0.0, yOffsetStep=0.0, xPixels=0, yPixels=0
05-21 10:14:43.730  1546  1546 D ImageWallpaper: Suppressed drawFrame since redraw is not needed and offsets have not changed.sf=Rect(0, 0 - 2160, 2160)
05-21 10:14:43.730  1546  1546 D ImageWallpaper: onVisibilityChanged: mVisible, visible=false, true
05-21 10:14:43.730  1546  1546 D ImageWallpaper: Visibility changed to visible=true
05-21 10:14:43.730  1546  1546 D ImageWallpaper: Suppressed drawFrame since redraw is not needed and offsets have not changed.sf=Rect(0, 0 - 2160, 2160)
05-21 10:14:43.730  2606  2606 W InputMethodManager: startInputReason = 1
05-21 10:14:43.741  5574  5574 I wangchen: SysInfo.getSysParam: new resource orientation1
05-21 10:14:43.743  5574  5574 I KeymapLoader: w=1080 h=2160 ori=true appScale=3.3 s1=3.0
05-21 10:14:43.743   512   690 E BufferQueueProducer: [com.huawei.android.launcher/com.huawei.android.launcher.unihome.UniHomeLauncher#0] disconnect: not connected (req=1)
05-21 10:14:43.743  2606  3197 W libEGL  : EGLNativeWindowType 0x75b7681010 disconnect failed
05-21 10:14:43.743  2606  3197 D mali_winsys: EGLint new_window_surface(egl_winsys_display *, void *, EGLSurface, EGLConfig, egl_winsys_surface **, egl_color_buffer_format *, EGLBoolean) returns 0x3000
05-21 10:14:43.743  1546  1546 D BarTransitions.HwNavigationBarView: MODE_TRANSPARENT -> MODE_TRANSLUCENT animate=false
05-21 10:14:43.743  1546  1546 D BarTransitions.HwNavigationBarView: applyModeBackground oldMode=MODE_TRANSPARENT newMode=MODE_TRANSLUCENT animate=false
05-21 10:14:43.749  2606  2889 D HwFLClassLoader: USE_FEATURE_LIST had not init! 
05-21 10:14:43.754  1139  6089 I chatty  : uid=1000(system) Binder:1139_1D expire 29 lines
05-21 10:14:43.755  2606  2889 E asset   : createFromFile(): lock file /data/resource-cache/system@emui@base@overlay@frameworkhwexthonor@frameworkhwexthonor.apk@idmap.
05-21 10:14:43.755  2606  2889 E asset   : createFromFile(): lock file /data/resource-cache/system@emui@base@overlay@frameworkhwexthonor@frameworkhwexthonor.apk@idmap.
05-21 10:14:43.755  2606  2889 W ResourceType: Found multiple library tables, ignoring...
05-21 10:14:43.763  2606  2889 D HwFLClassLoader: USE_FEATURE_LIST had not init! 
05-21 10:14:43.774  2606  2889 E asset   : createFromFile(): lock file /data/resource-cache/system@emui@base@overlay@frameworkhwexthonor@frameworkhwexthonor.apk@idmap.
05-21 10:14:43.774  2606  2889 E asset   : createFromFile(): lock file /data/resource-cache/system@emui@base@overlay@frameworkhwexthonor@frameworkhwexthonor.apk@idmap.
05-21 10:14:43.774  2606  2889 W ResourceType: Found multiple library tables, ignoring...
05-21 10:14:43.815   584  1184 D DE N SR : setAmbientParam:938: DE_SCENE_ACTION_AMBIENT_CHANGE set mLux:670 mCt:6130
05-21 10:14:43.842   504   504 I PF_CM   : [setMode:2383] normal mode = 8
05-21 10:14:43.842  1946  2322 I ash     : front pkg : com.cambricon.productdisplay launcher: false
05-21 10:14:43.842  1946  2322 I ash     : above launcher front pkgs: [com.cambricon.productdisplay]
05-21 10:14:43.842   504   504 I PF_IPA  : [writeToNode:482] ############ [IPA] final write: soc_ipa=disabled 
05-21 10:14:43.845  1946  3280 I PGServer: android calls fast hibernateApps
05-21 10:14:43.845  1946  3280 I AppFastHibernation: fast hibernate duration: 1500 reason: start activity
05-21 10:14:43.846   602  7768 I Pged-IPgedBinderService: ****action is 1, pid num is 2***
05-21 10:14:43.846   602  7768 I Pged-Freezer: freezePids
05-21 10:14:43.846   602  7768 I Pged-Freezer: Freeze process: 25756
05-21 10:14:43.846  1946  2215 D PgedBinderAdapter: frz ok, pid: [25756]
05-21 10:14:43.851  1139  1407 I chatty  : uid=1000(system) android.anim expire 8 lines
05-21 10:14:43.854  2606 28157 D MotionDetectionManager: stopMotionAppsReco motionApps: 403
05-21 10:14:43.854  2606 28157 D MotionDetectionManager: stopMotionAppsReco not recognition motionApps 403
05-21 10:14:43.854  2606 28157 W HwLauncher: Launcher.MotionManager stopMotionAppsReco service flg 403 is unavailable
05-21 10:14:43.865 28158 28158 I         : power log dlsym ok
05-21 10:14:43.867 28140 28140 I appproc : CLASSPATH=/system/framework/wm.jar
05-21 10:14:43.867 28140 28140 I appproc : Command=app_process /system/bin com.android.commands.wm.Wm dismiss-keyguard 
05-21 10:14:43.867 28140 28140 D AndroidRuntime: >>>>>> START com.android.internal.os.RuntimeInit uid 2000 <<<<<<
05-21 10:14:43.867 28158 28158 I chatty  : uid=10143(u0_a143) com.cambricon.productdisplay expire 51 lines
05-21 10:14:43.871 28140 28140 I AndroidRuntime: readDownloadBoosterConfig: 'false'
05-21 10:14:43.871 28140 28140 I cutils-trace: atrace_init_once, trace_marker_path = /sys/kernel/debug/tracing/trace_marker
05-21 10:14:43.888 28158 28158 D ActivityThread: ActivityThread,attachApplication
05-21 10:14:43.898  1946  2106 D ScenarioService: front pkg : com.cambricon.productdisplay launcher: false
05-21 10:14:43.898  1946  2106 D ScenarioService: new above launcher front pkgs: [com.cambricon.productdisplay]
05-21 10:14:43.898  1946  2106 I AppsUsage: scnOff:false FgAPP:com.cambricon.productdisplay BgAPP:com.huawei.android.launcher
05-21 10:14:43.901  2655  4996 D [HwRecSys]HwRecSysService: onEvent actionID: 10000 msg:com.cambricon.productdisplay		
05-21 10:14:43.901  2655  4996 E [HwRecSys]HwRecSysService: getIsRportDirectService is false!
05-21 10:14:43.902  1946  2378 I PGServer: report state:10010 event type:2 pid:0 uid:0 pkg:com.huawei.android.launcher to pid: 1139
05-21 10:14:43.902  1946  2378 I PGServer: report state:10010 event type:2 pid:0 uid:0 pkg:com.huawei.android.launcher to pid: 1946
05-21 10:14:43.902  1946  2378 I SceneReceiver: state type: 10010 eventType:2 pid:0 uid:0 pkg:com.huawei.android.launcher
05-21 10:14:43.902  1946  2378 I PGServer: report state:10000 event type:1 pid:0 uid:0 pkg:com.cambricon.productdisplay to pid: 1139
05-21 10:14:43.902  1946  2378 I PGServer: report state:10000 event type:1 pid:0 uid:0 pkg:com.cambricon.productdisplay to pid: 1946
05-21 10:14:43.902  1946  2378 I SceneReceiver: state type: 10000 eventType:1 pid:0 uid:0 pkg:com.cambricon.productdisplay
05-21 10:14:43.903  1946  2554 D HwThermalStateManager: current foreapp pkg : com.cambricon.productdisplay
05-21 10:14:43.905  1946  3280 I PGServer: checkPkgType. calling pkg: android
05-21 10:14:43.905  1946  3280 I PGServer: checkPkgType. calling pkg: android
05-21 10:14:43.908  1946  4045 W libc    : Set property "sys.aps.gameProcessName" to ""
05-21 10:14:43.909  1946  4045 W libc    : Set property "sys.aps.browserProcessName" to ""
05-21 10:14:43.909  1139  6103 I chatty  : uid=1000(system) Binder:1139_1E expire 1 line
05-21 10:14:43.910   512  4693 E BufferQueueProducer: [com.huawei.android.launcher/com.huawei.android.launcher.unihome.UniHomeLauncher#0] disconnect: not connected (req=1)
05-21 10:14:43.910  2606  3197 W libEGL  : EGLNativeWindowType 0x75b7681010 disconnect failed
05-21 10:14:43.914   393   393 W /system/bin/hwservicemanager: Cannot open /odm/manifest_BKL-AL00.xml
05-21 10:14:43.914   393   393 W /system/bin/hwservicemanager: Cannot open /odm/manifest.xml
05-21 10:14:43.917  1139  1569 I chatty  : uid=1000(system) Binder:1139_3 expire 39 lines
05-21 10:14:43.917  1864  2178 I HwNetworkPolicyManager: getHwUidPolicy uid = 10143 policy = 0
05-21 10:14:43.919  1546  1546 W HwKeyguardDragHelper: AnimationBlocked
05-21 10:14:43.923  1546  1546 D ImageWallpaper: onOffsetsChanged: xOffset=0.0, yOffset=0.0, xOffsetStep=0.0, yOffsetStep=0.0, xPixels=0, yPixels=0
05-21 10:14:43.923  1546  1546 D ImageWallpaper: Suppressed drawFrame since redraw is not needed and offsets have not changed.sf=Rect(0, 0 - 2160, 2160)
05-21 10:14:43.927   393   393 W /system/bin/hwservicemanager: Cannot open /odm/manifest_BKL-AL00.xml
05-21 10:14:43.927   393   393 W /system/bin/hwservicemanager: Cannot open /odm/manifest.xml
05-21 10:14:43.955 28140 28140 I app_process: Reinit property: dalvik.vm.checkjni= false
05-21 10:14:43.958 28140 28140 V HwFrameworkFactory: : successes to get AllImpl object and return....
05-21 10:14:43.962 28158 28158 V ActivityThread: ActivityThread,callActivityOnCreate
05-21 10:14:43.964 28140 28140 I HWSERVICES: hwnative_get_component_register:libdrmbitmap,JNI
05-21 10:14:43.966  1546 20924 D HwRecentsLockUtils: Search
05-21 10:14:43.966  1925 14711 E HsmCoreServiceImpl: onTransact in code is: 103
05-21 10:14:43.966  1925 14711 I MediaProcessHandler: playingUids: 
05-21 10:14:43.974 28140 28140 E Zygote  : register_com_android_internal_os_Zygote num = 0
05-21 10:14:43.986 28140 28140 D AndroidRuntime: Calling main entry com.android.commands.wm.Wm
05-21 10:14:43.988 28140 28140 D AndroidRuntime: Shutting down VM
05-21 10:14:44.073 28158 28158 D ActivityThread: add activity client record, r= ActivityRecord{c732276 token=android.os.BinderProxy@623b6b4 {com.cambricon.productdisplay/com.cambricon.productdisplay.activity.SplashActivity}} token= android.os.BinderProxy@623b6b4
05-21 10:14:44.083   512  4693 D SurfaceFlinger: SurfaceFlinger: getDisplayConfigs--3.000000, 1080, 2160
05-21 10:14:44.083   512  4693 I chatty  : uid=1000(system) Binder:512_5 identical 1 line
05-21 10:14:44.083   512  4693 D SurfaceFlinger: SurfaceFlinger: getDisplayConfigs--3.000000, 1080, 2160
05-21 10:14:44.084 28158 28187 I chatty  : uid=10143(u0_a143) RenderThread expire 13 lines
05-21 10:14:44.097  1546 20924 I CommandQueue: updateBarBgColor
05-21 10:14:44.097  1546 20924 D CommandQueue: CommandQueue, setBarBackgroundColor
05-21 10:14:44.098  1546  1546 D TintManager: statusBarIconTint=#99FFFFFF,navigationBarIconTint=#FF000000
05-21 10:14:44.107  5574  5574 I wangchen: SysInfo.getSysParam: new resource orientation1
05-21 10:14:44.108  5574  5574 I KeymapLoader: w=1080 h=2160 ori=true appScale=3.3 s1=3.0
05-21 10:14:44.108  1546  1546 D StatusBarIconController: setIconVisibility icon is null or visibility not change visibility=false
05-21 10:14:44.110   487  5687 I audio_hw_primary: usb_ext_get_parameters: check show hires (false)
05-21 10:14:44.110   581  9471 I hash_map_utils: key: 'typec_need_show_hires' value: ''
05-21 10:14:44.123  1546  1546 D StatusBarIconController: setIconVisibility icon is null or visibility not change visibility=false
05-21 10:14:44.149  1139  1307 I chatty  : uid=1000(system) android.display expire 4 lines
05-21 10:14:44.326  1546  1546 D ImageWallpaper: onVisibilityChanged: mVisible, visible=true, false
05-21 10:14:44.326  1546  1546 D ImageWallpaper: Visibility changed to visible=false
05-21 10:14:44.415   584  1184 D DE N SR : setAmbientParam:938: DE_SCENE_ACTION_AMBIENT_CHANGE set mLux:669 mCt:6130
05-21 10:14:44.715   584  1184 D DE N SR : setAmbientParam:938: DE_SCENE_ACTION_AMBIENT_CHANGE set mLux:668 mCt:6130
05-21 10:14:45.004  1139  1502 I chatty  : uid=1000(system) WiFiArpStateMac expire 4 lines
05-21 10:14:45.017   584  1184 D DE N SR : setAmbientParam:938: DE_SCENE_ACTION_AMBIENT_CHANGE set mLux:667 mCt:6130
05-21 10:14:45.348   602  7768 I Pged-IPgedBinderService: ****action is 2, pid num is 2***
05-21 10:14:45.349   602  7768 I Pged-Freezer: thawPids
05-21 10:14:45.350  1946  2215 D PgedBinderAdapter: unfrz ok, pid: [25756]
05-21 10:14:45.613 28158 28158 V ActivityThread: ActivityThread,callActivityOnCreate
05-21 10:14:45.617   584  1184 D DE N SR : setAmbientParam:938: DE_SCENE_ACTION_AMBIENT_CHANGE set mLux:666 mCt:6130
05-21 10:14:45.708 28158 28158 D ActivityThread: add activity client record, r= ActivityRecord{1781e86 token=android.os.BinderProxy@73c7c {com.cambricon.productdisplay/com.cambricon.productdisplay.activity.HomeActivity}} token= android.os.BinderProxy@73c7c
05-21 10:14:45.708  1546 20924 D HwRecentsLockUtils: Search
05-21 10:14:45.708  1925 14711 E HsmCoreServiceImpl: onTransact in code is: 103
05-21 10:14:45.708  1925 14711 I MediaProcessHandler: playingUids: 
05-21 10:14:45.710 28158 28163 I chatty  : uid=10143(u0_a143) Jit thread pool expire 13 lines
05-21 10:14:45.773  1546 20924 I CommandQueue: updateBarBgColor
05-21 10:14:45.773  1546 20924 D CommandQueue: CommandQueue, setBarBackgroundColor
05-21 10:14:45.774  1546  1546 D TintManager: statusBarIconTint=#99000000,navigationBarIconTint=#FF000000
05-21 10:14:45.875   612   881 W JankService: processEntry, not beta version or commercial log off
05-21 10:14:45.875  5574  5574 I wangchen: SysInfo.getSysParam: new resource orientation1
05-21 10:14:45.876  5574  5574 I KeymapLoader: w=1080 h=2160 ori=true appScale=3.3 s1=3.0
05-21 10:14:45.876  1546  1546 D BarTransitions.HwNavigationBarView: MODE_TRANSLUCENT -> MODE_TRANSPARENT animate=false
05-21 10:14:45.876  1546  1546 D BarTransitions.HwNavigationBarView: applyModeBackground oldMode=MODE_TRANSLUCENT newMode=MODE_TRANSPARENT animate=false
05-21 10:14:45.909   512  4693 E BufferQueueProducer: [com.cambricon.productdisplay/com.cambricon.productdisplay.activity.SplashActivity#0] disconnect: not connected (req=1)
05-21 10:14:45.917   584  1184 D DE N SR : setAmbientParam:938: DE_SCENE_ACTION_AMBIENT_CHANGE set mLux:661 mCt:6130
05-21 10:14:46.115   508   508 E WifiHAL : enter wifi_get_link_stats
05-21 10:14:46.127   598   598 E wificond: Failed to get NL80211_RATE_INFO_NOISE
05-21 10:14:46.128   598   598 E wificond: Failed to get NL80211_RATE_INFO_SNR
05-21 10:14:46.128   598   598 E wificond: Failed to get NL80211_STA_INFO_CNAHLOAD
05-21 10:14:46.205  2606  2606 I HwLauncher: Launcher.Utilities In China ignore  DO mode
05-21 10:14:46.210 28158 28158 D ActivityThread: Remove activity client record, r= ActivityRecord{c732276 token=android.os.BinderProxy@623b6b4 {com.cambricon.productdisplay/com.cambricon.productdisplay.activity.SplashActivity}} token= android.os.BinderProxy@623b6b4
05-21 10:14:46.216  2606  2606 I chatty  : uid=10067(u0_a67) com.huawei.android.launcher identical 17 lines
05-21 10:14:46.216  2606  2606 I HwLauncher: Launcher.Utilities In China ignore  DO mode
05-21 10:14:46.233  2606  2606 E asset   : createFromFile(): lock file /data/resource-cache/system@emui@base@overlay@frameworkhwexthonor@frameworkhwexthonor.apk@idmap.
05-21 10:14:46.233  2606  2606 E asset   : createFromFile(): lock file /data/resource-cache/system@emui@base@overlay@frameworkhwexthonor@frameworkhwexthonor.apk@idmap.
05-21 10:14:46.234  2606  2606 W ResourceType: Found multiple library tables, ignoring...
05-21 10:14:46.260  2606  2606 E asset   : createFromFile(): lock file /data/resource-cache/system@emui@base@overlay@frameworkhwexthonor@frameworkhwexthonor.apk@idmap.
05-21 10:14:46.261  2606  2606 E asset   : createFromFile(): lock file /data/resource-cache/system@emui@base@overlay@frameworkhwexthonor@frameworkhwexthonor.apk@idmap.
05-21 10:14:46.261  2606  2606 W ResourceType: Found multiple library tables, ignoring...
05-21 10:14:46.287  2606  2606 E asset   : createFromFile(): lock file /data/resource-cache/system@emui@base@overlay@frameworkhwexthonor@frameworkhwexthonor.apk@idmap.
05-21 10:14:46.287  2606  2606 E asset   : createFromFile(): lock file /data/resource-cache/system@emui@base@overlay@frameworkhwexthonor@frameworkhwexthonor.apk@idmap.
05-21 10:14:46.288  2606  2606 W ResourceType: Found multiple library tables, ignoring...
05-21 10:14:46.757  1139  1429 I chatty  : uid=1000(system) sManagerService expire 1 line
05-21 10:14:46.821   584  1184 D DE N SR : setAmbientParam:938: DE_SCENE_ACTION_AMBIENT_CHANGE set mLux:660 mCt:6130
05-21 10:14:46.913  1139  1506 I chatty  : uid=1000(system) hw_qoe_contenta expire 3 lines
05-21 10:14:47.122   584  1184 D DE N SR : setAmbientParam:938: DE_SCENE_ACTION_AMBIENT_CHANGE set mLux:665 mCt:6130
05-21 10:14:47.417  1139  1428 I chatty  : uid=1000(system) AlarmManager expire 2 lines
05-21 10:14:47.466  2589  4409 D WorkSource: Insert in WorkSource{} @ 0 uid 10019 name com.google.android.gms
05-21 10:14:47.468  2589  4409 D WorkSource: Insert in WorkSource{} @ 0 uid 10019 name com.google.android.gms
05-21 10:14:47.495  2589  4409 D WorkSource: Insert in WorkSource{} @ 0 uid 10019 name com.google.android.gms
05-21 10:14:47.508  2589 28205 I NetRec  : [733] znt.a: Refreshing scores for 2 networks.
05-21 10:14:47.547   451 28206 W libc    : Set property "hw.wifi.dns_stat" to "72,14,251,1,1125"
05-21 10:14:47.705   518   518 I aptouch_daemon: filter_touch_detect, down, in: 1, out: 1
05-21 10:14:47.705  1139  1433 I chatty  : uid=1000(system) InputReader expire 13 lines
05-21 10:14:47.715  1139  1282 I chatty  : uid=1000(system) android.ui expire 5 lines
05-21 10:14:47.724   584  1184 D DE N SR : setAmbientParam:938: DE_SCENE_ACTION_AMBIENT_CHANGE set mLux:663 mCt:6130
05-21 10:14:47.812   518   518 I aptouch_daemon: filter_touch_detect, all_touch_up
05-21 10:14:47.913  1946  3280 I PGServer: android calls fast hibernateApps
05-21 10:14:47.913  1946  3280 I AppFastHibernation: fast hibernate duration: 1500 reason: start activity
05-21 10:14:47.914   602  7768 I Pged-IPgedBinderService: ****action is 1, pid num is 2***
05-21 10:14:47.914   602  7768 I Pged-Freezer: freezePids
05-21 10:14:47.914   602  7768 I Pged-Freezer: Freeze process: 25756
05-21 10:14:47.914  1946  2215 D PgedBinderAdapter: frz ok, pid: [25756]
05-21 10:14:47.921   507   507 E TS_Service: hwTsSetAftAlgoOrientation
05-21 10:14:47.921   507   507 I TS_HAL  : ts_set_aft_orientation:called
05-21 10:14:47.921   507   507 I aptouch_daemon, [--aptouch_interface_client--]: thp_execute_cmd_parms starting. cmd: aftouch.orientation
05-21 10:14:47.921   507   507 I aptouch_daemon, [--aptouch_interface_client--]: thp_get_cs, use vndbinder
05-21 10:14:47.922  1139  1432 I chatty  : uid=1000(system) InputDispatcher expire 52 lines
05-21 10:14:47.922   518   607 I aptouch_daemon: get_cmd, =====>>find m_cmd=====>>aftouch.orientation
05-21 10:14:47.922   518   607 I aptouch_daemon: get_cmd, =====>>find m_cmd=====>>aftouch.orientation
05-21 10:14:47.922   518   607 I aptouch_daemon: aft_set_config, aft_set_config---2,1
05-21 10:14:47.922   518   607 I aptouch_daemon: thp_cmd_set_aftouch_config, aftouch_set_config: aft_cfg = 2, value = 1
05-21 10:14:47.923   518 28207 I aptouch_daemon: excute_long_cmd, ========>>aftouch.orientation excute done!
05-21 10:14:47.924   512   690 D SurfaceFlinger: setSecureScreenRecShotFlag, value = 4, mask = 4
05-21 10:14:47.983  1978  2275 D PhoneInterfaceManager: [PhoneIntfMgr] getTetherApnRequired: subId=0 phoneId=0
05-21 10:14:47.984 22891 22891 D MSG_APP_Mms: onConfigurationChanged...
05-21 10:14:47.988  1909  3646 E BDLog   : BD.FilterImpl:com.android.mms2220 is illLegal
05-21 10:14:47.991  1546  2056 D OpenGLRenderer:   HWUI Binary is  enabled
05-21 10:14:47.991  1546  1546 D HwCust  : Create obj success use class android.view.HwCustRenderThreadMonitorImpl
05-21 10:14:47.993  1139  2725 I chatty  : uid=1000(system) Binder:1139_F expire 2 lines
05-21 10:14:47.995  1546  2056 D OpenGLRenderer:   HWUI Binary is  enabled
05-21 10:14:47.995  1546  1546 D HwCust  : Create obj success use class android.view.HwCustRenderThreadMonitorImpl
05-21 10:14:47.997   479   545 I GRALLOC : 	 shrFd=56,fmt=0x1,intFmt=0x200000001,btStrd=4352,size=9687040,pid=479 
05-21 10:14:47.997   479   545 I GRALLOC : 	 yuv=2,w=1080,h=2160,Stride u=0 v=0,offset u=0 v=0 
05-21 10:14:47.997   479   545 I GRALLOC : 	 iova_size=9687040,conUsg=0x0,proUsg=0x8000100,	 strd=1088,[afbc]HdrStrd=1088 PyldStrd=70656 Scrmbl=2,ionhnd = 4 
05-21 10:14:47.999   479   545 I GRALLOC : 	 shrFd=58,fmt=0x1,intFmt=0x200000001,btStrd=4352,size=9687040,pid=479 
05-21 10:14:47.999   479   545 I GRALLOC : 	 yuv=2,w=1080,h=2160,Stride u=0 v=0,offset u=0 v=0 
05-21 10:14:47.999   479   545 I GRALLOC : 	 iova_size=9687040,conUsg=0x0,proUsg=0x8000100,	 strd=1088,[afbc]HdrStrd=1088 PyldStrd=70656 Scrmbl=2,ionhnd = 5 
05-21 10:14:48.000  1546  1546 D BarTransitions.HwNavigationBarView: applyModeBackground oldMode=Unknown mode -1 newMode=MODE_TRANSPARENT animate=false
05-21 10:14:48.001  1546  1546 E HwSplitScreenArrowView:  onAnimationUpdate() View=com.android.systemui.statusbar.policy.HwSplitScreenArrowView{7c28e2d G.E...... ......ID 0,0-2160,1080} not attached to window manager
05-21 10:14:48.001   479   545 I GRALLOC : 	 shrFd=60,fmt=0x1,intFmt=0x200000001,btStrd=4352,size=9687040,pid=479 
05-21 10:14:48.001   479   545 I GRALLOC : 	 yuv=2,w=1080,h=2160,Stride u=0 v=0,offset u=0 v=0 
05-21 10:14:48.001   479   545 I GRALLOC : 	 iova_size=9687040,conUsg=0x0,proUsg=0x8000100,	 strd=1088,[afbc]HdrStrd=1088 PyldStrd=70656 Scrmbl=2,ionhnd = 6 
05-21 10:14:48.002  1546  2056 D OpenGLRenderer:   HWUI Binary is  enabled
05-21 10:14:48.002  1546  1546 D HwCust  : Create obj success use class android.view.HwCustRenderThreadMonitorImpl
05-21 10:14:48.003  1139  4790 I chatty  : uid=1000(system) Binder:1139_19 expire 19 lines
05-21 10:14:48.004  1546  1690 E PhoneStatusBar: Setting not found exception : accessibility_display_magnification_navbar_enabled
05-21 10:14:48.006 28158 28158 V ActivityThread: ActivityThread,callActivityOnCreate
05-21 10:14:48.006  1978  2275 D PhoneInterfaceManager: [PhoneIntfMgr] getDataEnabled: subId=0 phoneId=0
05-21 10:14:48.007  1546  2056 D OpenGLRenderer:   HWUI Binary is  enabled
05-21 10:14:48.007  1978  2275 D PhoneInterfaceManager: [PhoneIntfMgr] getDataEnabled: subId=0 retVal=true
05-21 10:14:48.007  1546  1546 D HwCust  : Create obj success use class android.view.HwCustRenderThreadMonitorImpl
05-21 10:14:48.012  1546  2363 D DeviceTelephonyManager: get airplane mode: false
05-21 10:14:48.012  1546  2363 I LocationController: isLocationEnabled mode 1
05-21 10:14:48.013  1546  2363 I DeviceSettingsManager: getStateTypePolicyActiveStatus() raw policyName: settings_policy_forbidden_network_share
05-21 10:14:48.014 22891 22891 I MSG_APP_Mms: Broadcast ACTION_CONFIGURATION_CHANGED received.
05-21 10:14:48.022  1546  1546 D WeatherHelper: City info empty
05-21 10:14:48.022  1546  1546 D WeatherHelper: City info empty
05-21 10:14:48.022  1546  1546 W ResourceType: No known package when getting value for resource number 0xffffffff
05-21 10:14:48.022  1546  1546 W ResourceType: No known package when getting value for resource number 0xffffffff
05-21 10:14:48.022  1546  1546 E DateLunarView: mDateString is: 521  
05-21 10:14:48.022  5574  5574 D Tinker.DefaultAppLike: onConfigurationChanged:{1.0 ?mcc?mnc [zh_CN_#Hans] ldltr sw360dp w720dp h336dp 480dpi nrml long hdr land finger -keyb/v/h -nav/h appBounds=Rect(0, 0 - 2160, 1080) nonFullScreen=0 suim:1 s.126}
05-21 10:14:48.022  5574  5574 I wangchen: ImeService.onConfigurationChanged: old portrait true, new config orientation 2, new res orientation 2
05-21 10:14:48.023  1546  1546 D CubicBezierInterpolator: CubicBezierInterpolator  mControlPoint1x = 0.23, mControlPoint1y = 0.06, mControlPoint2x = 0.09, mControlPoint2y = 0.97
05-21 10:14:48.023  1546  1546 D CubicBezierInterpolator: CubicBezierInterpolator  mControlPoint1x = 0.6, mControlPoint1y = 0.9, mControlPoint2x = 0.8, mControlPoint2y = 1.0
