05-21 10:48:11.509   598   598 E wificond: Failed to get NL80211_STA_INFO_CNAHLOAD
05-21 10:48:11.512   598   598 E wificond: Failed to get NL80211_RATE_INFO_NOISE
05-21 10:48:11.512   598   598 E wificond: Failed to get NL80211_RATE_INFO_SNR
05-21 10:48:11.512   598   598 E wificond: Failed to get NL80211_STA_INFO_CNAHLOAD
05-21 10:48:18.470   451  1094 W SocketListener: sending broadcast to Pid = 1139, Uid = 1000 
05-21 10:48:18.474  1139  1441 I chatty  : uid=1000(system) NetdConnector expire 10 lines
05-21 10:48:18.478  1139  1305 I chatty  : uid=1000(system) android.fg expire 4 lines
05-21 10:48:18.486  1139  2012 I chatty  : uid=1000(system) Binder:1139_B expire 10 lines
05-21 10:48:19.175  1139  1277 I chatty  : uid=1000(system) android.bg expire 2 lines
05-21 10:48:19.517   598   598 E wificond: Failed to get NL80211_RATE_INFO_NOISE
05-21 10:48:19.518   598   598 E wificond: Failed to get NL80211_RATE_INFO_SNR
05-21 10:48:19.518   598   598 E wificond: Failed to get NL80211_STA_INFO_CNAHLOAD
05-21 10:48:19.520   598   598 E wificond: Failed to get NL80211_RATE_INFO_NOISE
05-21 10:48:19.521   598   598 E wificond: Failed to get NL80211_RATE_INFO_SNR
05-21 10:48:19.521   598   598 E wificond: Failed to get NL80211_STA_INFO_CNAHLOAD
05-21 10:48:27.522   598   598 E wificond: Failed to get NL80211_RATE_INFO_NOISE
05-21 10:48:27.522   598   598 E wificond: Failed to get NL80211_RATE_INFO_SNR
05-21 10:48:27.522   598   598 E wificond: Failed to get NL80211_STA_INFO_CNAHLOAD
05-21 10:48:27.525   598   598 E wificond: Failed to get NL80211_RATE_INFO_NOISE
05-21 10:48:27.525   598   598 E wificond: Failed to get NL80211_RATE_INFO_SNR
05-21 10:48:27.525   598   598 E wificond: Failed to get NL80211_STA_INFO_CNAHLOAD
05-21 10:48:35.528   598   598 E wificond: Failed to get NL80211_RATE_INFO_NOISE
05-21 10:48:35.528   598   598 E wificond: Failed to get NL80211_RATE_INFO_SNR
05-21 10:48:35.528   598   598 E wificond: Failed to get NL80211_STA_INFO_CNAHLOAD
05-21 10:48:35.531   598   598 E wificond: Failed to get NL80211_RATE_INFO_NOISE
05-21 10:48:35.532   598   598 E wificond: Failed to get NL80211_RATE_INFO_SNR
05-21 10:48:35.532   598   598 E wificond: Failed to get NL80211_STA_INFO_CNAHLOAD
05-21 10:48:35.782  1139  1139 I chatty  : uid=1000 system_server expire 11 lines
05-21 10:48:39.278   451  1094 W SocketListener: sending broadcast to Pid = 1139, Uid = 1000 
05-21 10:48:43.537   598   598 E wificond: Failed to get NL80211_RATE_INFO_NOISE
05-21 10:48:43.537   598   598 E wificond: Failed to get NL80211_RATE_INFO_SNR
05-21 10:48:43.537   598   598 E wificond: Failed to get NL80211_STA_INFO_CNAHLOAD
05-21 10:48:43.540   598   598 E wificond: Failed to get NL80211_RATE_INFO_NOISE
05-21 10:48:43.541   598   598 E wificond: Failed to get NL80211_RATE_INFO_SNR
05-21 10:48:43.541   598   598 E wificond: Failed to get NL80211_STA_INFO_CNAHLOAD
05-21 10:48:51.544   598   598 E wificond: Failed to get NL80211_RATE_INFO_NOISE
05-21 10:48:51.544   598   598 E wificond: Failed to get NL80211_RATE_INFO_SNR
05-21 10:48:51.544   598   598 E wificond: Failed to get NL80211_STA_INFO_CNAHLOAD
05-21 10:48:51.547   598   598 E wificond: Failed to get NL80211_RATE_INFO_NOISE
05-21 10:48:51.547   598   598 E wificond: Failed to get NL80211_RATE_INFO_SNR
05-21 10:48:51.547   598   598 E wificond: Failed to get NL80211_STA_INFO_CNAHLOAD
05-21 10:48:59.553   598   598 E wificond: Failed to get NL80211_RATE_INFO_NOISE
05-21 10:48:59.553   598   598 E wificond: Failed to get NL80211_RATE_INFO_SNR
05-21 10:48:59.554   598   598 E wificond: Failed to get NL80211_STA_INFO_CNAHLOAD
05-21 10:48:59.557   598   598 E wificond: Failed to get NL80211_RATE_INFO_NOISE
05-21 10:48:59.557   598   598 E wificond: Failed to get NL80211_RATE_INFO_SNR
05-21 10:48:59.557   598   598 E wificond: Failed to get NL80211_STA_INFO_CNAHLOAD
05-21 10:49:07.551   598   598 E wificond: Failed to get NL80211_RATE_INFO_NOISE
05-21 10:49:07.551   598   598 E wificond: Failed to get NL80211_RATE_INFO_SNR
05-21 10:49:07.551   598   598 E wificond: Failed to get NL80211_STA_INFO_CNAHLOAD
05-21 10:49:07.555   598   598 E wificond: Failed to get NL80211_RATE_INFO_NOISE
05-21 10:49:07.555   598   598 E wificond: Failed to get NL80211_RATE_INFO_SNR
05-21 10:49:07.555   598   598 E wificond: Failed to get NL80211_STA_INFO_CNAHLOAD
05-21 10:49:15.559   598   598 E wificond: Failed to get NL80211_RATE_INFO_NOISE
05-21 10:49:15.560   598   598 E wificond: Failed to get NL80211_RATE_INFO_SNR
05-21 10:49:15.560   598   598 E wificond: Failed to get NL80211_STA_INFO_CNAHLOAD
05-21 10:49:15.562   598   598 E wificond: Failed to get NL80211_RATE_INFO_NOISE
05-21 10:49:15.563   598   598 E wificond: Failed to get NL80211_RATE_INFO_SNR
05-21 10:49:15.563   598   598 E wificond: Failed to get NL80211_STA_INFO_CNAHLOAD
05-21 10:49:23.560   598   598 E wificond: Failed to get NL80211_RATE_INFO_NOISE
05-21 10:49:23.560   598   598 E wificond: Failed to get NL80211_RATE_INFO_SNR
05-21 10:49:23.560   598   598 E wificond: Failed to get NL80211_STA_INFO_CNAHLOAD
05-21 10:49:23.563   598   598 E wificond: Failed to get NL80211_RATE_INFO_NOISE
05-21 10:49:23.563   598   598 E wificond: Failed to get NL80211_RATE_INFO_SNR
05-21 10:49:23.563   598   598 E wificond: Failed to get NL80211_STA_INFO_CNAHLOAD
05-21 10:49:31.567   598   598 E wificond: Failed to get NL80211_RATE_INFO_NOISE
05-21 10:49:31.567   598   598 E wificond: Failed to get NL80211_RATE_INFO_SNR
05-21 10:49:31.567   598   598 E wificond: Failed to get NL80211_STA_INFO_CNAHLOAD
05-21 10:49:31.570   598   598 E wificond: Failed to get NL80211_RATE_INFO_NOISE
05-21 10:49:31.570   598   598 E wificond: Failed to get NL80211_RATE_INFO_SNR
05-21 10:49:31.570   598   598 E wificond: Failed to get NL80211_STA_INFO_CNAHLOAD
05-21 10:49:39.579   598   598 E wificond: Failed to get NL80211_RATE_INFO_NOISE
05-21 10:49:39.579   598   598 E wificond: Failed to get NL80211_RATE_INFO_SNR
05-21 10:49:39.579   598   598 E wificond: Failed to get NL80211_STA_INFO_CNAHLOAD
05-21 10:49:39.582   598   598 E wificond: Failed to get NL80211_RATE_INFO_NOISE
05-21 10:49:39.582   598   598 E wificond: Failed to get NL80211_RATE_INFO_SNR
05-21 10:49:39.582   598   598 E wificond: Failed to get NL80211_STA_INFO_CNAHLOAD
05-21 10:49:47.584   598   598 E wificond: Failed to get NL80211_RATE_INFO_NOISE
05-21 10:49:47.584   598   598 E wificond: Failed to get NL80211_RATE_INFO_SNR
05-21 10:49:47.584   598   598 E wificond: Failed to get NL80211_STA_INFO_CNAHLOAD
05-21 10:49:47.587   598   598 E wificond: Failed to get NL80211_RATE_INFO_NOISE
05-21 10:49:47.587   598   598 E wificond: Failed to get NL80211_RATE_INFO_SNR
05-21 10:49:47.587   598   598 E wificond: Failed to get NL80211_STA_INFO_CNAHLOAD
05-21 10:49:55.585   598   598 E wificond: Failed to get NL80211_RATE_INFO_NOISE
05-21 10:49:55.585   598   598 E wificond: Failed to get NL80211_RATE_INFO_SNR
05-21 10:49:55.585   598   598 E wificond: Failed to get NL80211_STA_INFO_CNAHLOAD
05-21 10:49:55.588   598   598 E wificond: Failed to get NL80211_RATE_INFO_NOISE
05-21 10:49:55.588   598   598 E wificond: Failed to get NL80211_RATE_INFO_SNR
05-21 10:49:55.588   598   598 E wificond: Failed to get NL80211_STA_INFO_CNAHLOAD
05-21 10:50:03.590   598   598 E wificond: Failed to get NL80211_RATE_INFO_NOISE
05-21 10:50:03.590   598   598 E wificond: Failed to get NL80211_RATE_INFO_SNR
05-21 10:50:03.590   598   598 E wificond: Failed to get NL80211_STA_INFO_CNAHLOAD
05-21 10:50:03.593   598   598 E wificond: Failed to get NL80211_RATE_INFO_NOISE
05-21 10:50:03.593   598   598 E wificond: Failed to get NL80211_RATE_INFO_SNR
05-21 10:50:03.593   598   598 E wificond: Failed to get NL80211_STA_INFO_CNAHLOAD
05-21 10:50:06.379  1139  1433 I chatty  : uid=1000(system) InputReader expire 6 lines
05-21 10:50:06.383  1139  1312 I chatty  : uid=1000(system) PowerManagerSer expire 15 lines
05-21 10:50:06.398  1139  1413 I chatty  : uid=1000(system) UEventObserver expire 2 lines
05-21 10:50:06.411  1139  2718 I chatty  : uid=1000(system) Binder:1139_E expire 10 lines
05-21 10:50:06.421  1139  1528 I chatty  : uid=1000(system) PhotonicModulat expire 1 line
05-21 10:50:06.421  1139  1307 I chatty  : uid=1000(system) android.display expire 5 lines
05-21 10:50:06.423  1139  1407 I chatty  : uid=1000(system) android.anim expire 17 lines
05-21 10:50:06.443  1139  1435 I chatty  : uid=1000(system) StorageManagerS expire 2 lines
05-21 10:50:06.445   410   418 I vold    : TrimTask running tasks: 0
05-21 10:50:06.446  1139  1438 I chatty  : uid=1000(system) VoldConnector expire 1 line
05-21 10:50:06.460  1139  1458 I chatty  : uid=1000(system) WifiP2pService expire 10 lines
05-21 10:50:06.463   598   598 E wificond: Failed to get NL80211_RATE_INFO_NOISE
05-21 10:50:06.463   598   598 E wificond: Failed to get NL80211_RATE_INFO_SNR
05-21 10:50:06.463   598   598 E wificond: Failed to get NL80211_STA_INFO_CNAHLOAD
05-21 10:50:06.476  1139  1139 I chatty  : uid=1000 system_server expire 11 lines
05-21 10:50:06.508  1139  6089 I chatty  : uid=1000(system) Binder:1139_1D expire 10 lines
05-21 10:50:06.517  1925  1925 D HwGameAssistantService: ScreenOnReceiver
05-21 10:50:06.634  2655  7316 W ContextImpl: Calling a method in the system process without a qualified user: android.app.ContextImpl.bindService:1736 android.content.ContextWrapper.bindService:678 com.huawei.nb.dataservice.dsclient.RemoteServiceConnection.open:90 com.huawei.nb.dataservice.dsclient.DataServiceProxy.connect:105 com.huawei.nb.dataservice.rsclient.internal.RemoteRuleService.start:27 
05-21 10:50:06.647  1139  1282 I chatty  : uid=1000(system) android.ui expire 4 lines
05-21 10:50:07.052  1139  2772 I chatty  : uid=1000(system) Binder:1139_15 expire 22 lines
05-21 10:50:07.127  1546  1546 V KeyguardDisplayManager: hide
05-21 10:50:07.135  1139  1281 I chatty  : uid=1000(system) ActivityManager expire 23 lines
05-21 10:50:07.138  1139  2761 I chatty  : uid=1000(system) Binder:1139_13 expire 1 line
05-21 10:50:07.171   451  1094 W SocketListener: sending broadcast to Pid = 1139, Uid = 1000 
05-21 10:50:07.194  1139  1456 I chatty  : uid=1000(system) WifiScanningSer expire 1 line
05-21 10:50:08.372   451  1095 W SocketListener: sending broadcast to Pid = 1139, Uid = 1000 
05-21 10:50:09.479   598   598 E wificond: Failed to get NL80211_RATE_INFO_NOISE
05-21 10:50:09.479   598   598 E wificond: Failed to get NL80211_RATE_INFO_SNR
05-21 10:50:09.479   598   598 E wificond: Failed to get NL80211_STA_INFO_CNAHLOAD
05-21 10:50:11.599   598   598 E wificond: Failed to get NL80211_RATE_INFO_NOISE
05-21 10:50:11.599   598   598 E wificond: Failed to get NL80211_RATE_INFO_SNR
05-21 10:50:11.599   598   598 E wificond: Failed to get NL80211_STA_INFO_CNAHLOAD
05-21 10:50:11.601   598   598 E wificond: Failed to get NL80211_RATE_INFO_NOISE
05-21 10:50:11.601   598   598 E wificond: Failed to get NL80211_RATE_INFO_SNR
05-21 10:50:11.601   598   598 E wificond: Failed to get NL80211_STA_INFO_CNAHLOAD
05-21 10:50:12.486   598   598 E wificond: Failed to get NL80211_RATE_INFO_NOISE
05-21 10:50:12.486   598   598 E wificond: Failed to get NL80211_RATE_INFO_SNR
05-21 10:50:12.486   598   598 E wificond: Failed to get NL80211_STA_INFO_CNAHLOAD
05-21 10:50:15.503   598   598 E wificond: Failed to get NL80211_RATE_INFO_NOISE
05-21 10:50:15.504   598   598 E wificond: Failed to get NL80211_RATE_INFO_SNR
05-21 10:50:15.504   598   598 E wificond: Failed to get NL80211_STA_INFO_CNAHLOAD
05-21 10:50:18.520   598   598 E wificond: Failed to get NL80211_RATE_INFO_NOISE
05-21 10:50:18.520   598   598 E wificond: Failed to get NL80211_RATE_INFO_SNR
05-21 10:50:18.520   598   598 E wificond: Failed to get NL80211_STA_INFO_CNAHLOAD
05-21 10:50:19.344  1139  1139 I chatty  : uid=1000 system_server expire 7 lines
05-21 10:50:19.607   598   598 E wificond: Failed to get NL80211_RATE_INFO_NOISE
05-21 10:50:19.607   598   598 E wificond: Failed to get NL80211_RATE_INFO_SNR
05-21 10:50:19.607   598   598 E wificond: Failed to get NL80211_STA_INFO_CNAHLOAD
05-21 10:50:19.611   598   598 E wificond: Failed to get NL80211_RATE_INFO_NOISE
05-21 10:50:19.611   598   598 E wificond: Failed to get NL80211_RATE_INFO_SNR
05-21 10:50:19.611   598   598 E wificond: Failed to get NL80211_STA_INFO_CNAHLOAD
05-21 10:50:21.419  1139  1327 I chatty  : uid=1000(system) PackageManager expire 9 lines
05-21 10:50:21.535   598   598 E wificond: Failed to get NL80211_RATE_INFO_NOISE
05-21 10:50:21.535   598   598 E wificond: Failed to get NL80211_RATE_INFO_SNR
05-21 10:50:21.535   598   598 E wificond: Failed to get NL80211_STA_INFO_CNAHLOAD
05-21 10:50:22.083  1139  2718 I chatty  : uid=1000(system) Binder:1139_E expire 3 lines
05-21 10:50:22.090  1546 20924 I CommandQueue: updateBarBgColor
05-21 10:50:22.090  1546 20924 D CommandQueue: CommandQueue, setBarBackgroundColor
05-21 10:50:22.093  1139  2012 I chatty  : uid=1000(system) Binder:1139_B expire 2 lines
05-21 10:50:22.093  1864  2178 I HwNetworkPolicyManager: getHwUidPolicy uid = 10067 policy = 0
05-21 10:50:22.352  1139  1281 I chatty  : uid=1000(system) ActivityManager expire 3 lines
05-21 10:50:22.354 28778 28778 W ContextImpl: Calling a method in the system process without a qualified user: android.app.ContextImpl.startService:1656 android.content.ContextWrapper.startService:644 android.content.ContextWrapper.startService:644 com.android.settings.applications.BlackListReceiver.onReceive:35 android.app.ActivityThread.handleReceiver:3695 
05-21 10:50:22.413 27095 27095 W ContextImpl: Calling a method in the system process without a qualified user: android.app.ContextImpl.startService:1656 android.content.ContextWrapper.startService:644 android.content.ContextWrapper.startService:644 com.huawei.systemmanager.antivirus.utils.AntiVirusTools.deleteVirusApk:632 com.huawei.systemmanager.antivirus.AntiVirusReceiver.handlerPackageRemoved:52 
05-21 10:50:22.421 27095 27810 W ContextImpl: Calling a method in the system process without a qualified user: android.app.ContextImpl.startService:1656 android.content.ContextWrapper.startService:644 com.huawei.systemmanager.spacecleanner.receiver.SpaceCleanReceiver.checkRarelyUsedApp:87 com.huawei.systemmanager.spacecleanner.receiver.SpaceCleanReceiver.doInBackground:39 java.lang.reflect.Method.invoke:-2 
05-21 10:50:22.443  1139  6006 I chatty  : uid=1000(system) Binder:1139_1B expire 3 lines
05-21 10:50:22.460  1139  4790 I chatty  : uid=1000(system) Binder:1139_19 expire 4 lines
05-21 10:50:22.478 28778 28778 W ContextImpl: Calling a method in the system process without a qualified user: android.app.ContextImpl.startService:1656 android.content.ContextWrapper.startService:644 android.content.ContextWrapper.startService:644 com.android.settings.applications.BlackListReceiver.onReceive:35 android.app.ActivityThread.handleReceiver:3695 
05-21 10:50:22.496 30117 30117 D ActivityThread: ActivityThread,attachApplication
05-21 10:50:22.496  1139  1407 I chatty  : uid=1000(system) android.anim expire 43 lines
05-21 10:50:22.496  1139  6089 I chatty  : uid=1000(system) Binder:1139_1D expire 16 lines
05-21 10:50:22.512  1139  1282 I chatty  : uid=1000(system) android.ui expire 3 lines
05-21 10:50:22.518  1139  6006 I chatty  : uid=1000(system) Binder:1139_1B expire 8 lines
05-21 10:50:22.522  1864  2178 I HwNetworkPolicyManager: getHwUidPolicy uid = 10143 policy = 0
05-21 10:50:22.546  1139  1277 I chatty  : uid=1000(system) android.bg expire 2 lines
05-21 10:50:22.549  1139  2777 I chatty  : uid=1000(system) Binder:1139_16 expire 35 lines
05-21 10:50:22.557 27095 27095 W ContextImpl: Calling a method in the system process without a qualified user: android.app.ContextImpl.startService:1656 android.content.ContextWrapper.startService:644 android.content.ContextWrapper.startService:644 com.huawei.systemmanager.antivirus.utils.AntiVirusTools.checkVirusForNewInstalledApk:620 com.huawei.systemmanager.antivirus.AntiVirusReceiver.onReceive:36 
05-21 10:50:22.576  1139  2703 I chatty  : uid=1000(system) Binder:1139_D expire 15 lines
05-21 10:50:22.577 30117 30117 V ActivityThread: ActivityThread,callActivityOnCreate
05-21 10:50:22.583 27095 27834 W ContextImpl: Calling a method in the system process without a qualified user: android.app.ContextImpl.startService:1656 android.content.ContextWrapper.startService:644 com.huawei.systemmanager.spacecleanner.receiver.SpaceCleanReceiver.checkRarelyUsedApp:87 com.huawei.systemmanager.spacecleanner.receiver.SpaceCleanReceiver.doInBackground:39 java.lang.reflect.Method.invoke:-2 
05-21 10:50:22.586  1139  1281 I chatty  : uid=1000(system) ActivityManager expire 2 lines
05-21 10:50:22.588  1139  1569 I chatty  : uid=1000(system) Binder:1139_3 expire 13 lines
05-21 10:50:22.690 30117 30117 D ActivityThread: add activity client record, r= ActivityRecord{c732276 token=android.os.BinderProxy@623b6b4 {com.cambricon.productdisplay/com.cambricon.productdisplay.activity.SplashActivity}} token= android.os.BinderProxy@623b6b4
05-21 10:50:22.703  1139  2012 I chatty  : uid=1000(system) Binder:1139_B expire 3 lines
05-21 10:50:22.714  1546 20924 I CommandQueue: updateBarBgColor
05-21 10:50:22.714  1546 20924 D CommandQueue: CommandQueue, setBarBackgroundColor
05-21 10:50:23.008  1139  1139 I chatty  : uid=1000 system_server expire 3 lines
05-21 10:50:23.972 28778 28778 W ContextImpl: Calling a method in the system process without a qualified user: android.app.ContextImpl.startService:1656 android.content.ContextWrapper.startService:644 android.content.ContextWrapper.startService:644 com.android.settings.applications.BlackListReceiver.onReceive:35 android.app.ActivityThread.handleReceiver:3695 
05-21 10:50:24.224 30117 30117 V ActivityThread: ActivityThread,callActivityOnCreate
05-21 10:50:24.325 30117 30117 D ActivityThread: add activity client record, r= ActivityRecord{1781e86 token=android.os.BinderProxy@73c7c {com.cambricon.productdisplay/com.cambricon.productdisplay.activity.HomeActivity}} token= android.os.BinderProxy@73c7c
05-21 10:50:24.388  1139  1152 I chatty  : uid=1000(system) Binder:1139_1 expire 11 lines
05-21 10:50:24.390  1546 20924 I CommandQueue: updateBarBgColor
05-21 10:50:24.390  1546 20924 D CommandQueue: CommandQueue, setBarBackgroundColor
05-21 10:50:24.546   598   598 E wificond: Failed to get NL80211_RATE_INFO_NOISE
05-21 10:50:24.546   598   598 E wificond: Failed to get NL80211_RATE_INFO_SNR
05-21 10:50:24.546   598   598 E wificond: Failed to get NL80211_STA_INFO_CNAHLOAD
05-21 10:50:24.813 30117 30117 D ActivityThread: Remove activity client record, r= ActivityRecord{c732276 token=android.os.BinderProxy@623b6b4 {com.cambricon.productdisplay/com.cambricon.productdisplay.activity.SplashActivity}} token= android.os.BinderProxy@623b6b4
05-21 10:50:25.897  1139  2001 I chatty  : uid=1000(system) Binder:1139_8 expire 55 lines
05-21 10:50:25.990 30117 30117 V ActivityThread: ActivityThread,callActivityOnCreate
05-21 10:50:26.196 30117 30117 D ActivityThread: add activity client record, r= ActivityRecord{73a00f5 token=android.os.BinderProxy@8369e1f {com.cambricon.productdisplay/com.cambricon.productdisplay.activity.DetectionActivity}} token= android.os.BinderProxy@8369e1f
05-21 10:50:26.229  1546  1559 I CommandQueue: updateBarBgColor
05-21 10:50:26.229  1546  1559 D CommandQueue: CommandQueue, setBarBackgroundColor
--------- beginning of crash
05-21 10:50:27.378 30117 30190 F libc    : Fatal signal 6 (SIGABRT), code -6 in tid 30190 (AsyncTask #1)
05-21 10:50:27.432 30193 30193 F DEBUG   : *** *** *** *** *** *** *** *** *** *** *** *** *** *** *** ***
05-21 10:50:27.432 30193 30193 F DEBUG   : Build fingerprint: 'HONOR/BKL-AL00/HWBKL:8.0.0/HUAWEIBKL-AL00/165(C00):user/release-keys'
05-21 10:50:27.432 30193 30193 F DEBUG   : Revision: '0'
05-21 10:50:27.432 30193 30193 F DEBUG   : ABI: 'arm64'
05-21 10:50:27.432 30193 30193 F DEBUG   : pid: 30117, tid: 30190, name: AsyncTask #1  >>> com.cambricon.productdisplay <<<
05-21 10:50:27.432 30193 30193 F DEBUG   : signal 6 (SIGABRT), code -6 (SI_TKILL), fault addr --------
05-21 10:50:27.435 30193 30193 F DEBUG   : Abort message: 'F0521 10:50:27.376914 30190 caffe_detection.cpp:35] Check failed: caffe_detection_ 
05-21 10:50:27.435 30193 30193 F DEBUG   : '
05-21 10:50:27.435 30193 30193 F DEBUG   :     x0   0000000000000000  x1   00000000000075ee  x2   0000000000000006  x3   0000000000000008
05-21 10:50:27.435 30193 30193 F DEBUG   :     x4   3031203132353046  x5   3031203132353046  x6   3031203132353046  x7   332e37323a30353a
05-21 10:50:27.435 30193 30193 F DEBUG   :     x8   0000000000000083  x9   4287ff6185eef912  x10  0000000000000000  x11  0000000000000001
05-21 10:50:27.435 30193 30193 F DEBUG   :     x12  ffffffffffffffff  x13  64656c696166206b  x14  ffffffffffffffff  x15  7469767200000000
05-21 10:50:27.435 30193 30193 F DEBUG   :     x16  00000075db9a82d0  x17  00000075db94a068  x18  000000000000004d  x19  00000000000075a5
05-21 10:50:27.435 30193 30193 F DEBUG   :     x20  00000000000075ee  x21  000000759b533000  x22  000000759b544a20  x23  000000759b544a58
05-21 10:50:27.435 30193 30193 F DEBUG   :     x24  00000075aada34c0  x25  00000075aada34f7  x26  0000000000000023  x27  000000759b54c0e0
05-21 10:50:27.435 30193 30193 F DEBUG   :     x28  00000075aa6f8530  x29  00000075aa6f83b0  x30  00000075db8fdad4
05-21 10:50:27.435 30193 30193 F DEBUG   :     sp   00000075aa6f8370  pc   00000075db94a070  pstate 0000000060000000
05-21 10:50:27.437 30193 30193 F DEBUG   : 
05-21 10:50:27.437 30193 30193 F DEBUG   : backtrace:
05-21 10:50:27.437 30193 30193 F DEBUG   :     #00 pc 000000000006a070  /system/lib64/libc.so (tgkill+8)
05-21 10:50:27.437 30193 30193 F DEBUG   :     #01 pc 000000000001dad0  /system/lib64/libc.so (abort+88)
05-21 10:50:27.437 30193 30193 F DEBUG   :     #02 pc 0000000000581640  /data/app/com.cambricon.productdisplay-jIrPNPFqHhYsu_yA770QmQ==/lib/arm64/libcaffe.so
05-21 10:50:27.437 30193 30193 F DEBUG   :     #03 pc 0000000000583894  /data/app/com.cambricon.productdisplay-jIrPNPFqHhYsu_yA770QmQ==/lib/arm64/libcaffe.so (_ZN6google10LogMessage4FailEv+20)
05-21 10:50:27.437 30193 30193 F DEBUG   :     #04 pc 0000000000588474  /data/app/com.cambricon.productdisplay-jIrPNPFqHhYsu_yA770QmQ==/lib/arm64/libcaffe.so (_ZN6google10LogMessage9SendToLogEv+784)
05-21 10:50:27.437 30193 30193 F DEBUG   :     #05 pc 0000000000583374  /data/app/com.cambricon.productdisplay-jIrPNPFqHhYsu_yA770QmQ==/lib/arm64/libcaffe.so (_ZN6google10LogMessage5FlushEv+160)
05-21 10:50:27.437 30193 30193 F DEBUG   :     #06 pc 0000000000588bfc  /data/app/com.cambricon.productdisplay-jIrPNPFqHhYsu_yA770QmQ==/lib/arm64/libcaffe.so (_ZN6google15LogMessageFatalD2Ev+16)
05-21 10:50:27.437 30193 30193 F DEBUG   :     #07 pc 000000000000714c  /data/app/com.cambricon.productdisplay-jIrPNPFqHhYsu_yA770QmQ==/lib/arm64/libdetecte_jni.so (_ZN5caffe9Detection3GetEv+88)
05-21 10:50:27.437 30193 30193 F DEBUG   :     #08 pc 00000000000069a0  /data/app/com.cambricon.productdisplay-jIrPNPFqHhYsu_yA770QmQ==/lib/arm64/libdetecte_jni.so (Java_com_cambricon_productdisplay_caffenative_CaffeDetection_grayPoc+396)
05-21 10:50:27.437 30193 30193 F DEBUG   :     #09 pc 000000000000fe68  /data/app/com.cambricon.productdisplay-jIrPNPFqHhYsu_yA770QmQ==/oat/arm64/base.odex (offset 0xf000)
05-21 10:50:27.562   598   598 E wificond: Failed to get NL80211_RATE_INFO_NOISE
05-21 10:50:27.562   598   598 E wificond: Failed to get NL80211_RATE_INFO_SNR
05-21 10:50:27.562   598   598 E wificond: Failed to get NL80211_STA_INFO_CNAHLOAD
05-21 10:50:27.601   598   598 E wificond: Failed to get NL80211_RATE_INFO_NOISE
05-21 10:50:27.601   598   598 E wificond: Failed to get NL80211_RATE_INFO_SNR
05-21 10:50:27.601   598   598 E wificond: Failed to get NL80211_STA_INFO_CNAHLOAD
05-21 10:50:27.603   598   598 E wificond: Failed to get NL80211_RATE_INFO_NOISE
05-21 10:50:27.603   598   598 E wificond: Failed to get NL80211_RATE_INFO_SNR
05-21 10:50:27.603   598   598 E wificond: Failed to get NL80211_STA_INFO_CNAHLOAD
05-21 10:50:27.982  1139 30195 I chatty  : uid=1000 system_server expire 1 line
05-21 10:50:27.994  1139  1304 I chatty  : uid=1000(system) FileObserver expire 1 line
05-21 10:50:28.047  1139  1699 I chatty  : uid=1000(system) Binder:1139_4 expire 6 lines
05-21 10:50:28.145  1139  2757 I chatty  : uid=1000(system) Binder:1139_12 expire 7 lines
05-21 10:50:28.177  1139  1307 I chatty  : uid=1000(system) android.display expire 2 lines
05-21 10:50:28.198 30198 30198 D ActivityThread: ActivityThread,attachApplication
05-21 10:50:28.230  1139  1407 I chatty  : uid=1000(system) android.anim expire 46 lines
05-21 10:50:28.238  1139  2757 I chatty  : uid=1000(system) Binder:1139_12 expire 14 lines
05-21 10:50:28.270  1139  1282 I chatty  : uid=1000(system) android.ui expire 2 lines
05-21 10:50:28.277  1139  2727 I chatty  : uid=1000(system) Binder:1139_10 expire 36 lines
05-21 10:50:28.277  1139  5150 I chatty  : uid=1000(system) Binder:1139_1A expire 22 lines
05-21 10:50:28.277  1864  2178 I HwNetworkPolicyManager: getHwUidPolicy uid = 10143 policy = 0
05-21 10:50:28.301  1139  1699 I chatty  : uid=1000(system) Binder:1139_4 expire 12 lines
05-21 10:50:28.319 30198 30198 V ActivityThread: ActivityThread,callActivityOnCreate
05-21 10:50:28.443 30198 30198 D ActivityThread: add activity client record, r= ActivityRecord{fd0bcac token=android.os.BinderProxy@623b6b4 {com.cambricon.productdisplay/com.cambricon.productdisplay.activity.HomeActivity}} token= android.os.BinderProxy@623b6b4
05-21 10:50:28.514  1139  2012 I chatty  : uid=1000(system) Binder:1139_B expire 2 lines
05-21 10:50:28.517  1546 20911 I CommandQueue: updateBarBgColor
05-21 10:50:28.517  1546 20911 D CommandQueue: CommandQueue, setBarBackgroundColor
05-21 10:50:28.647  1139  1139 I chatty  : uid=1000 system_server expire 5 lines
05-21 10:50:30.578   598   598 E wificond: Failed to get NL80211_RATE_INFO_NOISE
05-21 10:50:30.578   598   598 E wificond: Failed to get NL80211_RATE_INFO_SNR
05-21 10:50:30.578   598   598 E wificond: Failed to get NL80211_STA_INFO_CNAHLOAD
05-21 10:50:31.689 30198 30198 V ActivityThread: ActivityThread,callActivityOnCreate
05-21 10:50:31.691  1139  6366 I chatty  : uid=1000(system) Binder:1139_1F expire 54 lines
05-21 10:50:31.889 30198 30198 D ActivityThread: add activity client record, r= ActivityRecord{863cc01 token=android.os.BinderProxy@f7aab4b {com.cambricon.productdisplay/com.cambricon.productdisplay.activity.DetectionActivity}} token= android.os.BinderProxy@f7aab4b
05-21 10:50:31.920  1546  2049 I CommandQueue: updateBarBgColor
05-21 10:50:31.920  1546  2049 D CommandQueue: CommandQueue, setBarBackgroundColor
05-21 10:50:33.595   598   598 E wificond: Failed to get NL80211_RATE_INFO_NOISE
05-21 10:50:33.596   598   598 E wificond: Failed to get NL80211_RATE_INFO_SNR
05-21 10:50:33.596   598   598 E wificond: Failed to get NL80211_STA_INFO_CNAHLOAD
05-21 10:50:35.619   598   598 E wificond: Failed to get NL80211_RATE_INFO_NOISE
05-21 10:50:35.619   598   598 E wificond: Failed to get NL80211_RATE_INFO_SNR
05-21 10:50:35.619   598   598 E wificond: Failed to get NL80211_STA_INFO_CNAHLOAD
05-21 10:50:35.622   598   598 E wificond: Failed to get NL80211_RATE_INFO_NOISE
05-21 10:50:35.622   598   598 E wificond: Failed to get NL80211_RATE_INFO_SNR
05-21 10:50:35.622   598   598 E wificond: Failed to get NL80211_STA_INFO_CNAHLOAD
05-21 10:50:36.600  1139  1413 I chatty  : uid=1000(system) UEventObserver expire 2 lines
05-21 10:50:36.603   598   598 E wificond: Failed to get NL80211_RATE_INFO_NOISE
05-21 10:50:36.603   598   598 E wificond: Failed to get NL80211_RATE_INFO_SNR
05-21 10:50:36.603   598   598 E wificond: Failed to get NL80211_STA_INFO_CNAHLOAD
05-21 10:50:39.437  1139  1428 I chatty  : uid=1000(system) AlarmManager expire 2 lines
05-21 10:50:39.496  1139  6103 I chatty  : uid=1000(system) Binder:1139_1E expire 1 line
05-21 10:50:39.615   598   598 E wificond: Failed to get NL80211_RATE_INFO_NOISE
05-21 10:50:39.615   598   598 E wificond: Failed to get NL80211_RATE_INFO_SNR
05-21 10:50:39.615   598   598 E wificond: Failed to get NL80211_STA_INFO_CNAHLOAD
05-21 10:50:40.148 30198 30257 F libc    : Fatal signal 6 (SIGABRT), code -6 in tid 30257 (AsyncTask #1)
05-21 10:50:40.231 30260 30260 F DEBUG   : *** *** *** *** *** *** *** *** *** *** *** *** *** *** *** ***
05-21 10:50:40.231 30260 30260 F DEBUG   : Build fingerprint: 'HONOR/BKL-AL00/HWBKL:8.0.0/HUAWEIBKL-AL00/165(C00):user/release-keys'
05-21 10:50:40.231 30260 30260 F DEBUG   : Revision: '0'
05-21 10:50:40.231 30260 30260 F DEBUG   : ABI: 'arm64'
05-21 10:50:40.231 30260 30260 F DEBUG   : pid: 30198, tid: 30257, name: AsyncTask #1  >>> com.cambricon.productdisplay <<<
05-21 10:50:40.231 30260 30260 F DEBUG   : signal 6 (SIGABRT), code -6 (SI_TKILL), fault addr --------
05-21 10:50:40.235 30260 30260 F DEBUG   : Abort message: 'F0521 10:50:40.146275 30257 caffe_detection.cpp:35] Check failed: caffe_detection_ 
05-21 10:50:40.235 30260 30260 F DEBUG   : '
05-21 10:50:40.235 30260 30260 F DEBUG   :     x0   0000000000000000  x1   0000000000007631  x2   0000000000000006  x3   0000000000000008
05-21 10:50:40.235 30260 30260 F DEBUG   :     x4   3031203132353046  x5   3031203132353046  x6   3031203132353046  x7   312e30343a30353a
05-21 10:50:40.235 30260 30260 F DEBUG   :     x8   0000000000000083  x9   4287ff6185eef912  x10  0000000000000000  x11  0000000000000001
05-21 10:50:40.235 30260 30260 F DEBUG   :     x12  ffffffffffffffff  x13  64656c696166206b  x14  ffffffffffffffff  x15  7469760000000000
05-21 10:50:40.235 30260 30260 F DEBUG   :     x16  00000075db9a82d0  x17  00000075db94a068  x18  00000000000001c5  x19  00000000000075f6
05-21 10:50:40.235 30260 30260 F DEBUG   :     x20  0000000000007631  x21  00000075a0759000  x22  00000075a076aa20  x23  00000075a076aa58
05-21 10:50:40.235 30260 30260 F DEBUG   :     x24  00000075a26614c0  x25  00000075a26614f7  x26  0000000000000023  x27  00000075a07720e0
05-21 10:50:40.235 30260 30260 F DEBUG   :     x28  00000075a5de5530  x29  00000075a5de53b0  x30  00000075db8fdad4
05-21 10:50:40.235 30260 30260 F DEBUG   :     sp   00000075a5de5370  pc   00000075db94a070  pstate 0000000060000000
05-21 10:50:40.240 30260 30260 F DEBUG   : 
05-21 10:50:40.240 30260 30260 F DEBUG   : backtrace:
05-21 10:50:40.240 30260 30260 F DEBUG   :     #00 pc 000000000006a070  /system/lib64/libc.so (tgkill+8)
05-21 10:50:40.241 30260 30260 F DEBUG   :     #01 pc 000000000001dad0  /system/lib64/libc.so (abort+88)
05-21 10:50:40.241 30260 30260 F DEBUG   :     #02 pc 0000000000581640  /data/app/com.cambricon.productdisplay-jIrPNPFqHhYsu_yA770QmQ==/lib/arm64/libcaffe.so
05-21 10:50:40.241 30260 30260 F DEBUG   :     #03 pc 0000000000583894  /data/app/com.cambricon.productdisplay-jIrPNPFqHhYsu_yA770QmQ==/lib/arm64/libcaffe.so (_ZN6google10LogMessage4FailEv+20)
05-21 10:50:40.241 30260 30260 F DEBUG   :     #04 pc 0000000000588474  /data/app/com.cambricon.productdisplay-jIrPNPFqHhYsu_yA770QmQ==/lib/arm64/libcaffe.so (_ZN6google10LogMessage9SendToLogEv+784)
05-21 10:50:40.241 30260 30260 F DEBUG   :     #05 pc 0000000000583374  /data/app/com.cambricon.productdisplay-jIrPNPFqHhYsu_yA770QmQ==/lib/arm64/libcaffe.so (_ZN6google10LogMessage5FlushEv+160)
05-21 10:50:40.241 30260 30260 F DEBUG   :     #06 pc 0000000000588bfc  /data/app/com.cambricon.productdisplay-jIrPNPFqHhYsu_yA770QmQ==/lib/arm64/libcaffe.so (_ZN6google15LogMessageFatalD2Ev+16)
05-21 10:50:40.241 30260 30260 F DEBUG   :     #07 pc 000000000000714c  /data/app/com.cambricon.productdisplay-jIrPNPFqHhYsu_yA770QmQ==/lib/arm64/libdetecte_jni.so (_ZN5caffe9Detection3GetEv+88)
05-21 10:50:40.241 30260 30260 F DEBUG   :     #08 pc 00000000000069a0  /data/app/com.cambricon.productdisplay-jIrPNPFqHhYsu_yA770QmQ==/lib/arm64/libdetecte_jni.so (Java_com_cambricon_productdisplay_caffenative_CaffeDetection_grayPoc+396)
05-21 10:50:40.241 30260 30260 F DEBUG   :     #09 pc 000000000000fe68  /data/app/com.cambricon.productdisplay-jIrPNPFqHhYsu_yA770QmQ==/oat/arm64/base.odex (offset 0xf000)
05-21 10:50:40.843  1139 30261 I chatty  : uid=1000 system_server expire 1 line
05-21 10:50:40.847  1139  1304 I chatty  : uid=1000(system) FileObserver expire 1 line
05-21 10:50:40.882  1139  1281 I chatty  : uid=1000(system) ActivityManager expire 1 line
05-21 10:50:40.928  1139  5150 I chatty  : uid=1000(system) Binder:1139_1A expire 5 lines
05-21 10:50:40.980  1139  6375 I chatty  : uid=1000(system) Binder:1139_20 expire 7 lines
05-21 10:50:40.990  1139  6006 I chatty  : uid=1000(system) Binder:1139_1B expire 4 lines
05-21 10:50:41.038  1139  1407 I chatty  : uid=1000(system) android.anim expire 40 lines
05-21 10:50:41.052  1139  1139 I chatty  : uid=1000 system_server expire 10 lines
05-21 10:50:41.085 30264 30264 D ActivityThread: ActivityThread,attachApplication
05-21 10:50:41.110  1139  6103 I chatty  : uid=1000(system) Binder:1139_1E expire 12 lines
05-21 10:50:41.139  1139  1282 I chatty  : uid=1000(system) android.ui expire 2 lines
05-21 10:50:41.145  1139  1945 I chatty  : uid=1000(system) Binder:1139_5 expire 5 lines
05-21 10:50:41.145  1864  2178 I HwNetworkPolicyManager: getHwUidPolicy uid = 10143 policy = 0
05-21 10:50:41.151  1139  2718 I chatty  : uid=1000(system) Binder:1139_E expire 5 lines
05-21 10:50:41.170  1139  2757 I chatty  : uid=1000(system) Binder:1139_12 expire 18 lines
05-21 10:50:41.196 30264 30264 V ActivityThread: ActivityThread,callActivityOnCreate
05-21 10:50:41.209  1139  6375 I chatty  : uid=1000(system) Binder:1139_20 expire 12 lines
05-21 10:50:41.342 30264 30264 D ActivityThread: add activity client record, r= ActivityRecord{fd0bcac token=android.os.BinderProxy@623b6b4 {com.cambricon.productdisplay/com.cambricon.productdisplay.activity.HomeActivity}} token= android.os.BinderProxy@623b6b4
05-21 10:50:41.425  1546 20924 I CommandQueue: updateBarBgColor
05-21 10:50:41.425  1546 20924 D CommandQueue: CommandQueue, setBarBackgroundColor
05-21 10:50:42.631   598   598 E wificond: Failed to get NL80211_RATE_INFO_NOISE
05-21 10:50:42.632   598   598 E wificond: Failed to get NL80211_RATE_INFO_SNR
05-21 10:50:42.632   598   598 E wificond: Failed to get NL80211_STA_INFO_CNAHLOAD
05-21 10:50:43.618   598   598 E wificond: Failed to get NL80211_RATE_INFO_NOISE
05-21 10:50:43.618   598   598 E wificond: Failed to get NL80211_RATE_INFO_SNR
05-21 10:50:43.618   598   598 E wificond: Failed to get NL80211_STA_INFO_CNAHLOAD
05-21 10:50:43.623   598   598 E wificond: Failed to get NL80211_RATE_INFO_NOISE
05-21 10:50:43.623   598   598 E wificond: Failed to get NL80211_RATE_INFO_SNR
05-21 10:50:43.623   598   598 E wificond: Failed to get NL80211_STA_INFO_CNAHLOAD
05-21 10:50:45.648   598   598 E wificond: Failed to get NL80211_RATE_INFO_NOISE
05-21 10:50:45.648   598   598 E wificond: Failed to get NL80211_RATE_INFO_SNR
05-21 10:50:45.648   598   598 E wificond: Failed to get NL80211_STA_INFO_CNAHLOAD
05-21 10:50:48.662   598   598 E wificond: Failed to get NL80211_RATE_INFO_NOISE
05-21 10:50:48.662   598   598 E wificond: Failed to get NL80211_RATE_INFO_SNR
05-21 10:50:48.662   598   598 E wificond: Failed to get NL80211_STA_INFO_CNAHLOAD
05-21 10:50:51.183  1139  1861 I chatty  : uid=1000(system) watchdog expire 5 lines
05-21 10:50:51.634   598   598 E wificond: Failed to get NL80211_RATE_INFO_NOISE
05-21 10:50:51.634   598   598 E wificond: Failed to get NL80211_RATE_INFO_SNR
05-21 10:50:51.634   598   598 E wificond: Failed to get NL80211_STA_INFO_CNAHLOAD
05-21 10:50:51.637   598   598 E wificond: Failed to get NL80211_RATE_INFO_NOISE
05-21 10:50:51.638   598   598 E wificond: Failed to get NL80211_RATE_INFO_SNR
05-21 10:50:51.638   598   598 E wificond: Failed to get NL80211_STA_INFO_CNAHLOAD
05-21 10:50:51.668   598   598 E wificond: Failed to get NL80211_RATE_INFO_NOISE
05-21 10:50:51.668   598   598 E wificond: Failed to get NL80211_RATE_INFO_SNR
05-21 10:50:51.668   598   598 E wificond: Failed to get NL80211_STA_INFO_CNAHLOAD
05-21 10:50:54.685   598   598 E wificond: Failed to get NL80211_RATE_INFO_NOISE
05-21 10:50:54.685   598   598 E wificond: Failed to get NL80211_RATE_INFO_SNR
05-21 10:50:54.685   598   598 E wificond: Failed to get NL80211_STA_INFO_CNAHLOAD
05-21 10:50:57.700   598   598 E wificond: Failed to get NL80211_RATE_INFO_NOISE
05-21 10:50:57.700   598   598 E wificond: Failed to get NL80211_RATE_INFO_SNR
05-21 10:50:57.701   598   598 E wificond: Failed to get NL80211_STA_INFO_CNAHLOAD
05-21 10:50:59.642   598   598 E wificond: Failed to get NL80211_RATE_INFO_NOISE
05-21 10:50:59.642   598   598 E wificond: Failed to get NL80211_RATE_INFO_SNR
05-21 10:50:59.642   598   598 E wificond: Failed to get NL80211_STA_INFO_CNAHLOAD
05-21 10:50:59.645   598   598 E wificond: Failed to get NL80211_RATE_INFO_NOISE
05-21 10:50:59.645   598   598 E wificond: Failed to get NL80211_RATE_INFO_SNR
05-21 10:50:59.645   598   598 E wificond: Failed to get NL80211_STA_INFO_CNAHLOAD
05-21 10:51:00.710   598   598 E wificond: Failed to get NL80211_RATE_INFO_NOISE
05-21 10:51:00.711   598   598 E wificond: Failed to get NL80211_RATE_INFO_SNR
05-21 10:51:00.711   598   598 E wificond: Failed to get NL80211_STA_INFO_CNAHLOAD
05-21 10:51:03.087  2728  5497 I PermissionManager: camera remind result:true
05-21 10:51:03.727   598   598 E wificond: Failed to get NL80211_RATE_INFO_NOISE
05-21 10:51:03.727   598   598 E wificond: Failed to get NL80211_RATE_INFO_SNR
05-21 10:51:03.727   598   598 E wificond: Failed to get NL80211_STA_INFO_CNAHLOAD
05-21 10:51:04.078  1139  1312 I chatty  : uid=1000(system) PowerManagerSer expire 19 lines
05-21 10:51:06.739   598   598 E wificond: Failed to get NL80211_RATE_INFO_NOISE
05-21 10:51:06.739   598   598 E wificond: Failed to get NL80211_RATE_INFO_SNR
05-21 10:51:06.739   598   598 E wificond: Failed to get NL80211_STA_INFO_CNAHLOAD
05-21 10:51:06.800  1139  1413 I chatty  : uid=1000(system) UEventObserver expire 10 lines
05-21 10:51:07.641   598   598 E wificond: Failed to get NL80211_RATE_INFO_NOISE
05-21 10:51:07.641   598   598 E wificond: Failed to get NL80211_RATE_INFO_SNR
05-21 10:51:07.641   598   598 E wificond: Failed to get NL80211_STA_INFO_CNAHLOAD
05-21 10:51:07.643   598   598 E wificond: Failed to get NL80211_RATE_INFO_NOISE
05-21 10:51:07.643   598   598 E wificond: Failed to get NL80211_RATE_INFO_SNR
05-21 10:51:07.643   598   598 E wificond: Failed to get NL80211_STA_INFO_CNAHLOAD
05-21 10:51:09.750   598   598 E wificond: Failed to get NL80211_RATE_INFO_NOISE
05-21 10:51:09.750   598   598 E wificond: Failed to get NL80211_RATE_INFO_SNR
05-21 10:51:09.750   598   598 E wificond: Failed to get NL80211_STA_INFO_CNAHLOAD
05-21 10:51:10.179 30264 30264 V ActivityThread: Finishing stop of ActivityRecord{fd0bcac token=android.os.BinderProxy@623b6b4 {com.cambricon.productdisplay/com.cambricon.productdisplay.activity.HomeActivity}}
05-21 10:51:10.262  1139  6375 I chatty  : uid=1000(system) Binder:1139_20 expire 4 lines
05-21 10:51:10.372  1139  1528 I chatty  : uid=1000(system) PhotonicModulat expire 2 lines
05-21 10:51:10.375  1139  1307 I chatty  : uid=1000(system) android.display expire 6 lines
05-21 10:51:10.405  1139  1458 I chatty  : uid=1000(system) WifiP2pService expire 10 lines
05-21 10:51:10.430  1139  1441 I chatty  : uid=1000(system) NetdConnector expire 4 lines
05-21 10:51:10.471  1139  2553 I chatty  : uid=1000(system) HwDeviceUsageCo expire 1 line
05-21 10:51:10.518  2655  5000 W ContextImpl: Calling a method in the system process without a qualified user: android.app.ContextImpl.bindService:1736 android.content.ContextWrapper.bindService:678 com.huawei.nb.dataservice.dsclient.RemoteServiceConnection.open:90 com.huawei.nb.dataservice.dsclient.DataServiceProxy.connect:105 com.huawei.nb.dataservice.rsclient.internal.RemoteRuleService.start:27 
05-21 10:51:10.570  1139  2757 I chatty  : uid=1000(system) Binder:1139_12 expire 2 lines
05-21 10:51:11.766  1139  6006 I chatty  : uid=1000(system) Binder:1139_1B expire 2 lines
05-21 10:51:13.409  1139  1899 I chatty  : uid=1000(system) MultiTaskManage expire 5 lines
05-21 10:51:13.433  1925  1925 I HwCoreAppHelperService: LocalReceiver receives:android.intent.action.PACKAGE_RESTARTED,pkg:com.android.settings,uid:1000
05-21 10:51:13.624  1139  1139 I chatty  : uid=1000 system_server expire 11 lines
05-21 10:51:14.062  1139  2012 I chatty  : uid=1000(system) Binder:1139_B expire 3 lines
05-21 10:51:14.080  1139  6103 I chatty  : uid=1000(system) Binder:1139_1E expire 15 lines
05-21 10:51:15.162  1546  1546 V KeyguardStatusView: refresh statusview showing:true
05-21 10:51:15.168  1546  1546 V KeyguardDisplayManager: show
05-21 10:51:15.181  1925  1944 D AntiBruteForceProcessor: RemainingAuthenticateNum = 5
05-21 10:51:15.206  1139  5150 I chatty  : uid=1000(system) Binder:1139_1A expire 3 lines
05-21 10:51:15.222 30264 30264 V ActivityThread: Handle window ActivityRecord{fd0bcac token=android.os.BinderProxy@623b6b4 {com.cambricon.productdisplay/com.cambricon.productdisplay.activity.HomeActivity}} visibility: false
05-21 10:51:15.313  1139  1407 I chatty  : uid=1000(system) android.anim expire 3 lines
05-21 10:51:15.654   598   598 E wificond: Failed to get NL80211_RATE_INFO_NOISE
05-21 10:51:15.655   598   598 E wificond: Failed to get NL80211_RATE_INFO_SNR
05-21 10:51:15.655   598   598 E wificond: Failed to get NL80211_STA_INFO_CNAHLOAD
05-21 10:51:15.658   598   598 E wificond: Failed to get NL80211_RATE_INFO_NOISE
05-21 10:51:15.658   598   598 E wificond: Failed to get NL80211_RATE_INFO_SNR
05-21 10:51:15.658   598   598 E wificond: Failed to get NL80211_STA_INFO_CNAHLOAD
05-21 10:51:23.665   598   598 E wificond: Failed to get NL80211_RATE_INFO_NOISE
05-21 10:51:23.665   598   598 E wificond: Failed to get NL80211_RATE_INFO_SNR
05-21 10:51:23.665   598   598 E wificond: Failed to get NL80211_STA_INFO_CNAHLOAD
05-21 10:51:23.668   598   598 E wificond: Failed to get NL80211_RATE_INFO_NOISE
05-21 10:51:23.668   598   598 E wificond: Failed to get NL80211_RATE_INFO_SNR
05-21 10:51:23.668   598   598 E wificond: Failed to get NL80211_STA_INFO_CNAHLOAD
05-21 10:51:31.672   598   598 E wificond: Failed to get NL80211_RATE_INFO_NOISE
05-21 10:51:31.672   598   598 E wificond: Failed to get NL80211_RATE_INFO_SNR
05-21 10:51:31.672   598   598 E wificond: Failed to get NL80211_STA_INFO_CNAHLOAD
05-21 10:51:31.675   598   598 E wificond: Failed to get NL80211_RATE_INFO_NOISE
05-21 10:51:31.675   598   598 E wificond: Failed to get NL80211_RATE_INFO_SNR
05-21 10:51:31.675   598   598 E wificond: Failed to get NL80211_STA_INFO_CNAHLOAD
05-21 10:51:39.679   598   598 E wificond: Failed to get NL80211_RATE_INFO_NOISE
05-21 10:51:39.679   598   598 E wificond: Failed to get NL80211_RATE_INFO_SNR
05-21 10:51:39.679   598   598 E wificond: Failed to get NL80211_STA_INFO_CNAHLOAD
05-21 10:51:39.682   598   598 E wificond: Failed to get NL80211_RATE_INFO_NOISE
05-21 10:51:39.683   598   598 E wificond: Failed to get NL80211_RATE_INFO_SNR
05-21 10:51:39.683   598   598 E wificond: Failed to get NL80211_STA_INFO_CNAHLOAD
05-21 10:51:47.689   598   598 E wificond: Failed to get NL80211_RATE_INFO_NOISE
05-21 10:51:47.689   598   598 E wificond: Failed to get NL80211_RATE_INFO_SNR
05-21 10:51:47.689   598   598 E wificond: Failed to get NL80211_STA_INFO_CNAHLOAD
05-21 10:51:47.692   598   598 E wificond: Failed to get NL80211_RATE_INFO_NOISE
05-21 10:51:47.692   598   598 E wificond: Failed to get NL80211_RATE_INFO_SNR
05-21 10:51:47.692   598   598 E wificond: Failed to get NL80211_STA_INFO_CNAHLOAD
05-21 10:51:55.698   598   598 E wificond: Failed to get NL80211_RATE_INFO_NOISE
05-21 10:51:55.698   598   598 E wificond: Failed to get NL80211_RATE_INFO_SNR
05-21 10:51:55.698   598   598 E wificond: Failed to get NL80211_STA_INFO_CNAHLOAD
05-21 10:51:55.701   598   598 E wificond: Failed to get NL80211_RATE_INFO_NOISE
05-21 10:51:55.701   598   598 E wificond: Failed to get NL80211_RATE_INFO_SNR
05-21 10:51:55.702   598   598 E wificond: Failed to get NL80211_STA_INFO_CNAHLOAD
05-21 10:51:58.062   451  1094 W SocketListener: sending broadcast to Pid = 1139, Uid = 1000 
05-21 10:51:58.070  1139  1305 I chatty  : uid=1000(system) android.fg expire 1 line
05-21 10:52:03.704   598   598 E wificond: Failed to get NL80211_RATE_INFO_NOISE
05-21 10:52:03.704   598   598 E wificond: Failed to get NL80211_RATE_INFO_SNR
05-21 10:52:03.704   598   598 E wificond: Failed to get NL80211_STA_INFO_CNAHLOAD
05-21 10:52:03.707   598   598 E wificond: Failed to get NL80211_RATE_INFO_NOISE
05-21 10:52:03.707   598   598 E wificond: Failed to get NL80211_RATE_INFO_SNR
05-21 10:52:03.707   598   598 E wificond: Failed to get NL80211_STA_INFO_CNAHLOAD
05-21 10:52:11.703   598   598 E wificond: Failed to get NL80211_RATE_INFO_NOISE
05-21 10:52:11.703   598   598 E wificond: Failed to get NL80211_RATE_INFO_SNR
05-21 10:52:11.703   598   598 E wificond: Failed to get NL80211_STA_INFO_CNAHLOAD
05-21 10:52:11.706   598   598 E wificond: Failed to get NL80211_RATE_INFO_NOISE
05-21 10:52:11.706   598   598 E wificond: Failed to get NL80211_RATE_INFO_SNR
05-21 10:52:11.706   598   598 E wificond: Failed to get NL80211_STA_INFO_CNAHLOAD
05-21 10:52:19.338  1139  1139 I chatty  : uid=1000 system_server expire 9 lines
05-21 10:52:19.710   598   598 E wificond: Failed to get NL80211_RATE_INFO_NOISE
05-21 10:52:19.710   598   598 E wificond: Failed to get NL80211_RATE_INFO_SNR
05-21 10:52:19.711   598   598 E wificond: Failed to get NL80211_STA_INFO_CNAHLOAD
05-21 10:52:19.714   598   598 E wificond: Failed to get NL80211_RATE_INFO_NOISE
05-21 10:52:19.714   598   598 E wificond: Failed to get NL80211_RATE_INFO_SNR
05-21 10:52:19.714   598   598 E wificond: Failed to get NL80211_STA_INFO_CNAHLOAD
05-21 10:52:27.720   598   598 E wificond: Failed to get NL80211_RATE_INFO_NOISE
05-21 10:52:27.720   598   598 E wificond: Failed to get NL80211_RATE_INFO_SNR
05-21 10:52:27.720   598   598 E wificond: Failed to get NL80211_STA_INFO_CNAHLOAD
05-21 10:52:27.723   598   598 E wificond: Failed to get NL80211_RATE_INFO_NOISE
05-21 10:52:27.723   598   598 E wificond: Failed to get NL80211_RATE_INFO_SNR
05-21 10:52:27.723   598   598 E wificond: Failed to get NL80211_STA_INFO_CNAHLOAD
05-21 10:52:35.729   598   598 E wificond: Failed to get NL80211_RATE_INFO_NOISE
05-21 10:52:35.729   598   598 E wificond: Failed to get NL80211_RATE_INFO_SNR
05-21 10:52:35.729   598   598 E wificond: Failed to get NL80211_STA_INFO_CNAHLOAD
05-21 10:52:35.732   598   598 E wificond: Failed to get NL80211_RATE_INFO_NOISE
05-21 10:52:35.732   598   598 E wificond: Failed to get NL80211_RATE_INFO_SNR
05-21 10:52:35.732   598   598 E wificond: Failed to get NL80211_STA_INFO_CNAHLOAD
05-21 10:52:43.736   598   598 E wificond: Failed to get NL80211_RATE_INFO_NOISE
05-21 10:52:43.736   598   598 E wificond: Failed to get NL80211_RATE_INFO_SNR
05-21 10:52:43.736   598   598 E wificond: Failed to get NL80211_STA_INFO_CNAHLOAD
05-21 10:52:43.741   598   598 E wificond: Failed to get NL80211_RATE_INFO_NOISE
05-21 10:52:43.741   598   598 E wificond: Failed to get NL80211_RATE_INFO_SNR
05-21 10:52:43.741   598   598 E wificond: Failed to get NL80211_STA_INFO_CNAHLOAD
05-21 10:52:51.741   598   598 E wificond: Failed to get NL80211_RATE_INFO_NOISE
05-21 10:52:51.741   598   598 E wificond: Failed to get NL80211_RATE_INFO_SNR
05-21 10:52:51.741   598   598 E wificond: Failed to get NL80211_STA_INFO_CNAHLOAD
05-21 10:52:51.743   598   598 E wificond: Failed to get NL80211_RATE_INFO_NOISE
05-21 10:52:51.743   598   598 E wificond: Failed to get NL80211_RATE_INFO_SNR
05-21 10:52:51.743   598   598 E wificond: Failed to get NL80211_STA_INFO_CNAHLOAD
05-21 10:52:59.749   598   598 E wificond: Failed to get NL80211_RATE_INFO_NOISE
05-21 10:52:59.749   598   598 E wificond: Failed to get NL80211_RATE_INFO_SNR
05-21 10:52:59.749   598   598 E wificond: Failed to get NL80211_STA_INFO_CNAHLOAD
05-21 10:52:59.752   598   598 E wificond: Failed to get NL80211_RATE_INFO_NOISE
05-21 10:52:59.752   598   598 E wificond: Failed to get NL80211_RATE_INFO_SNR
05-21 10:52:59.752   598   598 E wificond: Failed to get NL80211_STA_INFO_CNAHLOAD
05-21 10:53:07.755   598   598 E wificond: Failed to get NL80211_RATE_INFO_NOISE
05-21 10:53:07.756   598   598 E wificond: Failed to get NL80211_RATE_INFO_SNR
05-21 10:53:07.756   598   598 E wificond: Failed to get NL80211_STA_INFO_CNAHLOAD
05-21 10:53:07.757   598   598 E wificond: Failed to get NL80211_RATE_INFO_NOISE
05-21 10:53:07.758   598   598 E wificond: Failed to get NL80211_RATE_INFO_SNR
05-21 10:53:07.758   598   598 E wificond: Failed to get NL80211_STA_INFO_CNAHLOAD
05-21 10:53:08.171  1139  1433 I chatty  : uid=1000(system) InputReader expire 6 lines
05-21 10:53:08.179  1139  1312 I chatty  : uid=1000(system) PowerManagerSer expire 8 lines
05-21 10:53:08.211  1139  1435 I chatty  : uid=1000(system) StorageManagerS expire 2 lines
05-21 10:53:08.213   410   418 I vold    : TrimTask running tasks: 0
05-21 10:53:08.214  1139  1438 I chatty  : uid=1000(system) VoldConnector expire 1 line
05-21 10:53:08.223  1139  2772 I chatty  : uid=1000(system) Binder:1139_15 expire 2 lines
05-21 10:53:08.224   598   598 E wificond: Failed to get NL80211_RATE_INFO_NOISE
05-21 10:53:08.224   598   598 E wificond: Failed to get NL80211_RATE_INFO_SNR
05-21 10:53:08.224   598   598 E wificond: Failed to get NL80211_STA_INFO_CNAHLOAD
05-21 10:53:08.295  1925  1925 D HwGameAssistantService: ScreenOnReceiver
