05-21 10:55:06.354   582 30843 I Camera3-Stream: getBuffer: Stream 0, 0xee007600: Already dequeued max output buffers (7), wait for next returned one.
05-21 10:55:06.358   605 30848 V FNFaceDetectLibLoader: [53d8dff_64V] enter getInstance()
05-21 10:55:06.358   605 30848 I DLibLoader: [53d8dff_64I] enter DLibLoader(), soName=libFNFD.so
05-21 10:55:06.358   605 30848 V FNFaceDetectLibLoader: [53d8dff_64V] enter FNFDLibLoader()
05-21 10:55:06.358   605 30848 V FNFaceDetectLibLoader: [53d8dff_64V] enter setFunsToDefault()
05-21 10:55:06.358   605 30848 I DLibLoader: [53d8dff_64I] enter loadSo(), soName=NULL, mSoName=libFNFD.so
05-21 10:55:06.358   605 30848 V FNFaceDetectLibLoader: [53d8dff_64V] enter setFunsToDefault()
05-21 10:55:06.360   605  1162 D SmartAEDLibLoader: [53d8dff_64D] enter loadFuns()
05-21 10:55:06.360   605  1162 I DLibLoader: [53d8dff_64I] enter loadFun(), funName=initSmartAEAlgo
05-21 10:55:06.361   605 30848 V FNFaceDetectLibLoader: [53d8dff_64V] enter loadFuns()
05-21 10:55:06.361   605  1162 I DLibLoader: [53d8dff_64I] enter loadFun(), funName=setFrameExpo
05-21 10:55:06.361   605 30848 I DLibLoader: [53d8dff_64I] enter loadFun(), funName=FnfdLibGet
05-21 10:55:06.361   605  1162 I DLibLoader: [53d8dff_64I] enter loadFun(), funName=deinitSmartAEAlgo
05-21 10:55:06.361   605 30848 I FNFaceDetectLibLoader: [53d8dff_64I] exit loadFuns(). successful
05-21 10:55:06.361   605  1162 D SmartAEDLibLoader: [53d8dff_64D] exit loadFuns() successful
05-21 10:55:06.361   605  1162 I DLibLoader: [53d8dff_64I] CAMERA3_exit loadSo(). successful.
05-21 10:55:06.361   605 30848 I DLibLoader: [53d8dff_64I] CAMERA3_exit loadSo(). successful.
05-21 10:55:06.361   605  1162 D IppAlgoSmartAE: [53d8dff_64D] onCreate() Sucess to mSmartAEDLibLoader.loadSo
05-21 10:55:06.361   605  1162 D IppAlgoSmartAE: [53d8dff_64D] enter initSmartAE()
05-21 10:55:06.361   605 30848 I DLibLoader: [53d8dff_64I] enter DLibLoader(), soName=libFNFFD.so
05-21 10:55:06.361   605 30848 V FNFaceDetectLibLoader: [53d8dff_64V] enter FNFFDLibLoader()
05-21 10:55:06.361   605  1162 D SmartAEDLibLoader: [53d8dff_64D] enter LINK_smartAE_init()
05-21 10:55:06.361   605 30848 V FNFaceDetectLibLoader: [53d8dff_64V] enter setFunsToDefault()
05-21 10:55:06.361   605 30848 I DLibLoader: [53d8dff_64I] enter loadSo(), soName=NULL, mSoName=libFNFFD.so
05-21 10:55:06.361   605 30848 V FNFaceDetectLibLoader: [53d8dff_64V] enter setFunsToDefault()
05-21 10:55:06.361   605  1162 D SmartAEDLibLoader: [53d8dff_64D] success to get smartAE ConfigPath, will use the para path : /odm/etc/camera/smartae/hi1333/SmartAE.xml
05-21 10:55:06.361   605  1162 I SmartAE : [SmartAE_version:V1.7.0092]  [compile time:Sep 18 2017,13:37:30]
05-21 10:55:06.362   605 30848 V FNFaceDetectLibLoader: [53d8dff_64V] enter loadFuns()
05-21 10:55:06.362   605 30848 I DLibLoader: [53d8dff_64I] enter loadFun(), funName=FnFfdLibGet
05-21 10:55:06.362   605 30848 I FNFaceDetectLibLoader: [53d8dff_64I] exit loadFuns(). successful
05-21 10:55:06.362   605 30848 I DLibLoader: [53d8dff_64I] CAMERA3_exit loadSo(). successful.
05-21 10:55:06.362   605 30848 V FNFaceDetectLibLoader: [53d8dff_64V] enter getInstance()
05-21 10:55:06.362   605 30848 I DLibLoader: [53d8dff_64I] enter DLibLoader(), soName=libIPU12DriverUser.so
05-21 10:55:06.362   605 30848 I FNFaceDetectLibLoader: [53d8dff_64I] enter FNIPU12LibLoader()
05-21 10:55:06.362   605 30848 I FNFaceDetectLibLoader: [53d8dff_64I] enter setFunsToDefault()
05-21 10:55:06.362   605 30848 I DLibLoader: [53d8dff_64I] enter loadSo(), soName=NULL, mSoName=libIPU12DriverUser.so
05-21 10:55:06.362   605 30848 I FNFaceDetectLibLoader: [53d8dff_64I] enter setFunsToDefault()
05-21 10:55:06.363   605 30848 I FNFaceDetectLibLoader: [53d8dff_64I] enter loadFuns()
05-21 10:55:06.363   605 30848 I DLibLoader: [53d8dff_64I] enter loadFun(), funName=Ipu12DrvGet
05-21 10:55:06.363   605 30848 I FNFaceDetectLibLoader: [53d8dff_64I] exit loadFuns(). successful
05-21 10:55:06.363   605 30848 I DLibLoader: [53d8dff_64I] CAMERA3_exit loadSo(). successful.
05-21 10:55:06.363   605 30848 I FNFaceDetectAlgoProxy: [53d8dff_64I] createLibLoader: fdLibInfo.libVer=1.13.0.1.0, apiVer=0x20002, buildDate=Aug 25 2017 19:16:07, label=Android
05-21 10:55:06.363   605 30848 I FNFaceDetectAlgoProxy: [53d8dff_64I] createLibLoader: ffdLibInfo.libVer=2.9.9.1.0, apiVer=0x20001, buildDate=Aug 25 2017 19:13:51, label=Face Feature Detection D Library Android for Huawei v.2-9-9-1 -- CONFIDENTIAL
05-21 10:55:06.364   605  1162 D IppAlgoSmartAE: [53d8dff_64D] enter onStart()
05-21 10:55:06.364   605  1162 E IppAlgoSmartAE: [53d8dff_64E] doSmartAEAlgo() failed to getLaserInfo
05-21 10:55:06.364   605 30849 D Misc____: [53d8dff_64D] enter onCreate()
05-21 10:55:06.364   605  1162 D MultiScale: [53d8dff_64D] enter onCreate()
05-21 10:55:06.364   605  1162 D MultiScale: [53d8dff_64D] enter onStart()
05-21 10:55:06.364   605  1162 D AfStatCalculateLibLoader: [53d8dff_64D] enter getInstance()
05-21 10:55:06.364   605  1162 I DLibLoader: [53d8dff_64I] enter DLibLoader(), soName=libAfStatCalc.so
05-21 10:55:06.364   605  1162 D AfStatCalculateLibLoader: [53d8dff_64D] enter AfStatCalculateLibLoader()
05-21 10:55:06.364   605  1162 D AfStatCalculateLibLoader: [53d8dff_64D] enter setFunsToDefault()
05-21 10:55:06.364   605  1162 I DLibLoader: [53d8dff_64I] enter loadSo(), soName=NULL, mSoName=libAfStatCalc.so
05-21 10:55:06.364   605  1162 D AfStatCalculateLibLoader: [53d8dff_64D] enter setFunsToDefault()
05-21 10:55:06.364   605 30849 D Misc____: [53d8dff_64D] loadPowerMonitorConfig(), mPowerMonitorEnable=1
05-21 10:55:06.364   605 30849 I Misc____: [53d8dff_64I] loadPowerMonitorConfig(), PowerMonitor SKIP_NUM=150 LVL1=[120000,44,22], LVL2=[240000,46,20], node=[/sys/class/thermal/thermal_zone7/temp]
05-21 10:55:06.364   605 30849 I DeviceHistarImpl: [HWA_CAM3]getLaserVersion(), set default = 1
05-21 10:55:06.364   605 30849 D Misc____: [53d8dff_64D] enter onStart()
05-21 10:55:06.364   605 30849 D SensorGatherMisc: [53d8dff_64D] enter SensorGatherMisc()
05-21 10:55:06.365   605 30849 D SensorGatherMisc: [53d8dff_64D] enter config()
05-21 10:55:06.365   605 30851 I DLibLoader: [53d8dff_64I] enter DLibLoader(), soName=libispenhnc.so
05-21 10:55:06.365   605 30851 I DLibLoader: [53d8dff_64I] enter loadSo(), soName=NULL, mSoName=libispenhnc.so
05-21 10:55:06.365   605 30850 I DeviceBaseImpl: [HWA_CAM3]getIsFFCamera, dim:1, pAfModes:0x71d12b0694, pAfModes[0]:0
05-21 10:55:06.365   605 30850 D AssistAF: [53d8dff_64D] enter onStart()
05-21 10:55:06.366   605 30849 D SensorGatherMisc: [53d8dff_64D] enter ConfigSensor(), sensorType is 1
05-21 10:55:06.366   605 30849 D SensorGatherMisc: [53d8dff_64D] enter ConfigSensor(), sensorType is 10
05-21 10:55:06.366   605 30849 D SensorGatherMisc: [53d8dff_64D] enter ConfigSensor(), sensorType is 4
05-21 10:55:06.366   605 30849 D SensorGatherMisc: [53d8dff_64D] enter ConfigSensor(), sensorType is 3
05-21 10:55:06.366   605 30849 I SensorGatherMisc: [53d8dff_64I] enter config() [0 0 0 0]
05-21 10:55:06.367   605 30852 I DLibLoader: [53d8dff_64I] enter DLibLoader(), soName=libmotiondetect.so
05-21 10:55:06.367   605 30852 I DLibLoader: [53d8dff_64I] enter loadSo(), soName=NULL, mSoName=libmotiondetect.so
05-21 10:55:06.367   605 30850 D AssistAF: [53d8dff_64D] loadAfOtpCalibData(), infCodeSum=[0 0 0 0 0, 0 0 0 0 0], infCodeCnt=[0 0 0 0 0, 0 0 0 0 0]
05-21 10:55:06.367   605 30849 D SensorGatherMisc: [53d8dff_64D] enter EnableSensor(), sensorType is 1
05-21 10:55:06.367   506   506 D SensorHub: in flush, handle = 0
05-21 10:55:06.368   506   839 D SensorHub: getSensorType get meta data! handle =0
05-21 10:55:06.368   605 30849 D SensorGatherMisc: [53d8dff_64D] enter EnableSensor(), sensorType is 10
05-21 10:55:06.368   506   506 D SensorHub: in flush, handle = 7
05-21 10:55:06.369   506   839 D SensorHub: getSensorType get meta data! handle =7
05-21 10:55:06.369   605 30849 D SensorGatherMisc: [53d8dff_64D] enter EnableSensor(), sensorType is 4
05-21 10:55:06.369   506   506 D SensorHub: in flush, handle = 5
05-21 10:55:06.370   506   506 D SensorHub: getSensorType get meta data! handle =5
05-21 10:55:06.370   605 30849 D SensorGatherMisc: [53d8dff_64D] enter EnableSensor(), sensorType is 3
05-21 10:55:06.370   506   506 D SensorHub: batch called handle:2 sample_ns:10000000 latency_ns:0
05-21 10:55:06.370   506   506 D SensorHub: in batch, handle = 2, flags = 0, period_ns = 10000000, timeout = 0
05-21 10:55:06.370   506   506 I /vendor/bin/hw/vendor.huawei.hardware.sensors@1.0-service: activate-2 frameOpenedAls-1 enabled-1 cameraOpenedAls-1 frameOpenedColor-0 cameraOpenedColor-0
05-21 10:55:06.371   506   506 D SensorHub: Channel activate-> handle: 2, enabled:1, err: 0
05-21 10:55:06.371   605 30849 D SensorGatherMisc: [53d8dff_64D] getBootTime(), curTime=1526871306371142000, elapsedTime=251173362473833, bootTime=1526620133008668167
05-21 10:55:06.371   605 30849 I DeviceBaseImpl: [HWA_CAM3]getBinningMap(), Binning[0] Supported status = 0
05-21 10:55:06.371   605 30849 I Misc____: [53d8dff_64I] onProcessFrame BinningMap[0 0 0 0] flow[0]
05-21 10:55:06.371   605 30849 I DeviceBaseImpl: [HWA_CAM3]getBinningMap(), Binning[1] Supported status = 0
05-21 10:55:06.371   605 30849 I Misc____: [53d8dff_64I] onProcessFrame BinningMap[0 0 0 0] flow[1]
05-21 10:55:06.371   605 30849 I DeviceBaseImpl: [HWA_CAM3]getSeamlessMap(), seamless Supported status = 0
05-21 10:55:06.371   605 30849 E DeviceBaseImpl: [HWA_CAM3]getAFOTP() get vcm otp failed! 
05-21 10:55:06.371   605 30849 I ImagingSystem: getOtpInfo enter type=1
05-21 10:55:06.371   605 30849 W ImagingSystem: getOtpInfo no implement type=1
05-21 10:55:06.371   605 30849 E DeviceBaseImpl: [HWA_CAM3]getOtp() get SENSOR_OTP_AF otp failed! 
05-21 10:55:06.371   605 30849 D Misc____: [53d8dff_64D] snip save config off
05-21 10:55:06.371   605  1162 D AfStatCalculateLibLoader: [53d8dff_64D] enter loadFuns()
05-21 10:55:06.371   605  1162 I DLibLoader: [53d8dff_64I] enter loadFun(), funName=afstat_calc_init
05-21 10:55:06.372   605 30851 I DLibLoader: [53d8dff_64I] enter loadFun(), funName=createIspEnhncAlgo
05-21 10:55:06.373   605 30852 I DLibLoader: [53d8dff_64I] enter loadFun(), funName=createMotionDetect
05-21 10:55:06.373   605  1162 I DLibLoader: [53d8dff_64I] enter loadFun(), funName=afstat_calc_process
05-21 10:55:06.373   605  1162 I DLibLoader: [53d8dff_64I] enter loadFun(), funName=afstat_calc_uninit
05-21 10:55:06.373   605 30851 I DLibLoader: [53d8dff_64I] enter loadFun(), funName=destroyIspEnhncAlgo
05-21 10:55:06.373   605  1162 I DLibLoader: [53d8dff_64I] enter loadFun(), funName=afstat_onstop
05-21 10:55:06.373   605 30851 I DLibLoader: [53d8dff_64I] enter loadFun(), funName=onIspEnhncProcess
05-21 10:55:06.373   605  1162 D AfStatCalculateLibLoader: [53d8dff_64D] exit loadFuns() successful
05-21 10:55:06.373   605 30851 I DLibLoader: [53d8dff_64I] CAMERA3_exit loadSo(). successful.
05-21 10:55:06.373   605  1162 I DLibLoader: [53d8dff_64I] CAMERA3_exit loadSo(). successful.
05-21 10:55:06.373   605 30851 I IspEnhncAlgosMgr: g_ispenhance_algos name=YuvCalculate is not loaded.
05-21 10:55:06.373   605 30851 I IspEnhncAlgosMgr: g_ispenhance_algos name=AntiBanding is loaded.
05-21 10:55:06.374   605  1162 I afstat_calc: Version 2.0.2, afstat_cal_init
05-21 10:55:06.374   605  1162 D AfStatCalculate: [53d8dff_64D] enter onStart()
05-21 10:55:06.374   605  1169 I DeviceBaseImpl: [HWA_CAM3]getRemosaicPostProcMode remosaicPostProcMode = 0
05-21 10:55:06.374   605  1169 D HwaPPStrategy: [53d8dff_64D] KEY_CA_ALGO SNAP indentify fore Ground front: type: 1(normal), mode: 1(single)
05-21 10:55:06.374   605  1169 I HwaPPExecuter: [checkPpAlgoMaxMem]type=1,mode=1
05-21 10:55:06.374   605  1169 I HwaPPExecuter: [checkPpAlgoMaxMem] PictureSize = 0, IspOutSize=0
05-21 10:55:06.374   605  1169 I HwaPPExecuter: [checkPpAlgoMaxMem]maxM=0
05-21 10:55:06.375   605   605 I ImagingServer: run nCap=0x640034 nLowCap=52 nHighCap=100 nPss=259912 totalFd=248 m_cMeta=52, m_nPPSize=0, m_cFds=20
05-21 10:55:06.375   605   605 W ConfigService: onHwPostProcStatus binder died, cancel notify!
05-21 10:55:06.375   605 30852 I DLibLoader: [53d8dff_64I] enter loadFun(), funName=destroyMotionDetect
05-21 10:55:06.375   605 30852 I DLibLoader: [53d8dff_64I] enter loadFun(), funName=processMotionDetect
05-21 10:55:06.375   605 30852 I DLibLoader: [53d8dff_64I] enter loadFun(), funName=startMotionDetect
05-21 10:55:06.375   605 30852 I DLibLoader: [53d8dff_64I] enter loadFun(), funName=stopMotionDetect
05-21 10:55:06.375   605 30852 I DLibLoader: [53d8dff_64I] CAMERA3_exit loadSo(). successful.
05-21 10:55:06.386   605 30848 I EventCallbackImpl: [HWA_CAM3]isNeedSendFaceInfo, have face--->no face, so send face info to HISP once,previous num[-1].
05-21 10:55:06.387   605  1162 E IppAlgoSmartAE: [53d8dff_64E] doSmartAEAlgo() failed to getLaserInfo
05-21 10:55:06.387   605 30849 D Misc____: [53d8dff_64D] snip save config off
05-21 10:55:06.388   582 30843 I Camera3-Stream: getBuffer: Stream 0, 0xee007600: Already dequeued max output buffers (7), wait for next returned one.
05-21 10:55:06.425   605  1162 E IppAlgoSmartAE: [53d8dff_64E] doSmartAEAlgo() failed to getLaserInfo
05-21 10:55:06.425   605 30849 D Misc____: [53d8dff_64D] snip save config off
05-21 10:55:06.427   582 30843 I Camera3-Stream: getBuffer: Stream 0, 0xee007600: Already dequeued max output buffers (7), wait for next returned one.
05-21 10:55:06.457   605  1162 E IppAlgoSmartAE: [53d8dff_64E] doSmartAEAlgo() failed to getLaserInfo
05-21 10:55:06.458   582 30843 I Camera3-Stream: getBuffer: Stream 0, 0xee007600: Already dequeued max output buffers (7), wait for next returned one.
05-21 10:55:06.458   605 30849 D Misc____: [53d8dff_64D] snip save config off
05-21 10:55:06.525   605  1162 E IppAlgoSmartAE: [53d8dff_64E] doSmartAEAlgo() failed to getLaserInfo
05-21 10:55:06.525   605 30849 D Misc____: [53d8dff_64D] snip save config off
05-21 10:55:06.526   582 30843 I Camera3-Stream: getBuffer: Stream 0, 0xee007600: Already dequeued max output buffers (7), wait for next returned one.
05-21 10:55:06.538   582 24495 I CameraDeviceClient: ~CameraDeviceClient 1: Released!
05-21 10:55:06.538   582 24495 I HwPerformEx: ~HwPerformEx(0xeea7f8c0), camera 1.
05-21 10:55:06.538   582 24495 I Camera2ClientBase: Closed Camera 1. Client was: com.huawei.intelliServer.intelliServer (PID 2728, UID 1000)
05-21 10:55:06.591   605  1162 E IppAlgoSmartAE: [53d8dff_64E] doSmartAEAlgo() failed to getLaserInfo
05-21 10:55:06.591   582 30843 I Camera3-Stream: getBuffer: Stream 0, 0xee007600: Already dequeued max output buffers (7), wait for next returned one.
05-21 10:55:06.593   605 30849 D Misc____: [53d8dff_64D] snip save config off
05-21 10:55:06.658   605  1162 E IppAlgoSmartAE: [53d8dff_64E] doSmartAEAlgo() failed to getLaserInfo
05-21 10:55:06.658   582 30843 I Camera3-Stream: getBuffer: Stream 0, 0xee007600: Already dequeued max output buffers (7), wait for next returned one.
05-21 10:55:06.659   605 30849 D Misc____: [53d8dff_64D] snip save config off
05-21 10:55:06.725   605  1162 E IppAlgoSmartAE: [53d8dff_64E] doSmartAEAlgo() failed to getLaserInfo
05-21 10:55:06.726   605 30849 D Misc____: [53d8dff_64D] snip save config off
05-21 10:55:06.726   582 30843 I Camera3-Stream: getBuffer: Stream 0, 0xee007600: Already dequeued max output buffers (7), wait for next returned one.
05-21 10:55:06.791   605  1162 E IppAlgoSmartAE: [53d8dff_64E] doSmartAEAlgo() failed to getLaserInfo
05-21 10:55:06.792   582 30843 I Camera3-Stream: getBuffer: Stream 0, 0xee007600: Already dequeued max output buffers (7), wait for next returned one.
05-21 10:55:06.793   605 30849 D Misc____: [53d8dff_64D] snip save config off
05-21 10:55:06.858   605  1162 E IppAlgoSmartAE: [53d8dff_64E] doSmartAEAlgo() failed to getLaserInfo
05-21 10:55:06.859   582 30843 I Camera3-Stream: getBuffer: Stream 0, 0xee007600: Already dequeued max output buffers (7), wait for next returned one.
05-21 10:55:06.859   605 30849 D Misc____: [53d8dff_64D] snip save config off
05-21 10:55:06.927   582 30843 I Camera3-Stream: getBuffer: Stream 0, 0xee007600: Already dequeued max output buffers (7), wait for next returned one.
05-21 10:55:06.927   605  1162 E IppAlgoSmartAE: [53d8dff_64E] doSmartAEAlgo() failed to getLaserInfo
05-21 10:55:06.928   605  1162 I SmartAE : SAE,mFrameCnt:11,ID:1,SalAE:0,SAE_EVComp:0,mSetEVComp:0,expo:425,ISO:50,aeLV:114,AEStable:0,aeLock:0,mStable:1,Touch:0,isHDR:0,HdrMode:0,AIScene:0,hdrIndex:0,HDR:[0 0 0 0 0 0],3S1L:[0 0 0 0]
05-21 10:55:06.928   605 30849 D Misc____: [53d8dff_64D] snip save config off
05-21 10:55:06.992   582 30843 I Camera3-Stream: getBuffer: Stream 0, 0xee007600: Already dequeued max output buffers (7), wait for next returned one.
05-21 10:55:06.992   605  1162 E IppAlgoSmartAE: [53d8dff_64E] doSmartAEAlgo() failed to getLaserInfo
05-21 10:55:06.994   605 30849 D Misc____: [53d8dff_64D] snip save config off
05-21 10:55:07.058   605  1162 E IppAlgoSmartAE: [53d8dff_64E] doSmartAEAlgo() failed to getLaserInfo
05-21 10:55:07.059   582 30843 I Camera3-Stream: getBuffer: Stream 0, 0xee007600: Already dequeued max output buffers (7), wait for next returned one.
05-21 10:55:07.059   605 30849 D Misc____: [53d8dff_64D] snip save config off
05-21 10:55:07.125   605  1162 E IppAlgoSmartAE: [53d8dff_64E] doSmartAEAlgo() failed to getLaserInfo
05-21 10:55:07.126   605 30849 D Misc____: [53d8dff_64D] snip save config off
05-21 10:55:07.127  1139  1312 I DisplayPowerController: mPowerRequest.useSmartBacklight : true
05-21 10:55:07.128   582 30843 I Camera3-Stream: getBuffer: Stream 0, 0xee007600: Already dequeued max output buffers (7), wait for next returned one.
05-21 10:55:07.158  1946  2554 I chatty  : uid=1000(system) thermal-core-th expire 11 lines
05-21 10:55:07.159  1946  2322 I chatty  : uid=1000(system) actions handler expire 26 lines
05-21 10:55:07.195   605  1162 E IppAlgoSmartAE: [53d8dff_64E] doSmartAEAlgo() failed to getLaserInfo
05-21 10:55:07.196   582 30843 I Camera3-Stream: getBuffer: Stream 0, 0xee007600: Already dequeued max output buffers (7), wait for next returned one.
05-21 10:55:07.196   605 30849 D Misc____: [53d8dff_64D] snip save config off
05-21 10:55:07.262   605  1162 E IppAlgoSmartAE: [53d8dff_64E] doSmartAEAlgo() failed to getLaserInfo
05-21 10:55:07.264   605 30849 D Misc____: [53d8dff_64D] snip save config off
05-21 10:55:07.265   582 30843 I Camera3-Stream: getBuffer: Stream 0, 0xee007600: Already dequeued max output buffers (7), wait for next returned one.
05-21 10:55:07.329   605  1162 E IppAlgoSmartAE: [53d8dff_64E] doSmartAEAlgo() failed to getLaserInfo
05-21 10:55:07.330   582 30843 I Camera3-Stream: getBuffer: Stream 0, 0xee007600: Already dequeued max output buffers (7), wait for next returned one.
05-21 10:55:07.333   605 30849 D Misc____: [53d8dff_64D] snip save config off
05-21 10:55:07.397   605  1162 E IppAlgoSmartAE: [53d8dff_64E] doSmartAEAlgo() failed to getLaserInfo
05-21 10:55:07.398   605 30849 D Misc____: [53d8dff_64D] snip save config off
05-21 10:55:07.399   582 30843 I Camera3-Stream: getBuffer: Stream 0, 0xee007600: Already dequeued max output buffers (7), wait for next returned one.
05-21 10:55:07.438  1139  1149 I chatty  : uid=1000(system) HeapTaskDaemon expire 8 lines
05-21 10:55:07.462   605  1162 E IppAlgoSmartAE: [53d8dff_64E] doSmartAEAlgo() failed to getLaserInfo
05-21 10:55:07.463   605 30849 D Misc____: [53d8dff_64D] snip save config off
05-21 10:55:07.464   582 30843 I Camera3-Stream: getBuffer: Stream 0, 0xee007600: Already dequeued max output buffers (7), wait for next returned one.
05-21 10:55:07.530   605  1162 E IppAlgoSmartAE: [53d8dff_64E] doSmartAEAlgo() failed to getLaserInfo
05-21 10:55:07.531   582 30843 I Camera3-Stream: getBuffer: Stream 0, 0xee007600: Already dequeued max output buffers (7), wait for next returned one.
05-21 10:55:07.532   605 30849 D Misc____: [53d8dff_64D] snip save config off
05-21 10:55:07.597   605  1162 E IppAlgoSmartAE: [53d8dff_64E] doSmartAEAlgo() failed to getLaserInfo
05-21 10:55:07.597   582 30843 I Camera3-Stream: getBuffer: Stream 0, 0xee007600: Already dequeued max output buffers (7), wait for next returned one.
05-21 10:55:07.598   605  1162 I SmartAE : SAE,mFrameCnt:21,ID:1,SalAE:0,SAE_EVComp:0,mSetEVComp:0,expo:680,ISO:50,aeLV:112,AEStable:0,aeLock:0,mStable:1,Touch:0,isHDR:0,HdrMode:0,AIScene:0,hdrIndex:0,HDR:[0 0 0 0 0 0],3S1L:[0 0 0 0]
05-21 10:55:07.598   605 30849 D Misc____: [53d8dff_64D] snip save config off
05-21 10:55:07.663   605  1162 E IppAlgoSmartAE: [53d8dff_64E] doSmartAEAlgo() failed to getLaserInfo
05-21 10:55:07.664   605 30849 D Misc____: [53d8dff_64D] snip save config off
05-21 10:55:07.665   582 30843 I Camera3-Stream: getBuffer: Stream 0, 0xee007600: Already dequeued max output buffers (7), wait for next returned one.
05-21 10:55:07.729   605  1162 E IppAlgoSmartAE: [53d8dff_64E] doSmartAEAlgo() failed to getLaserInfo
05-21 10:55:07.730   582 30843 I Camera3-Stream: getBuffer: Stream 0, 0xee007600: Already dequeued max output buffers (7), wait for next returned one.
05-21 10:55:07.731   605 30849 D Misc____: [53d8dff_64D] snip save config off
05-21 10:55:07.796   605  1162 E IppAlgoSmartAE: [53d8dff_64E] doSmartAEAlgo() failed to getLaserInfo
05-21 10:55:07.797   582 30843 I Camera3-Stream: getBuffer: Stream 0, 0xee007600: Already dequeued max output buffers (7), wait for next returned one.
05-21 10:55:07.798   605 30849 D Misc____: [53d8dff_64D] snip save config off
05-21 10:55:07.855   598   598 E wificond: Failed to get NL80211_RATE_INFO_NOISE
05-21 10:55:07.856   598   598 E wificond: Failed to get NL80211_RATE_INFO_SNR
05-21 10:55:07.856   598   598 E wificond: Failed to get NL80211_STA_INFO_CNAHLOAD
05-21 10:55:07.856  1139  1448 I chatty  : uid=1000(system) HwWifiCHRStateM expire 12 lines
05-21 10:55:07.858   598   598 E wificond: Failed to get NL80211_RATE_INFO_NOISE
05-21 10:55:07.858   598   598 E wificond: Failed to get NL80211_RATE_INFO_SNR
05-21 10:55:07.858   598   598 E wificond: Failed to get NL80211_STA_INFO_CNAHLOAD
05-21 10:55:07.860  1139  1516 I chatty  : uid=1000(system) HuaweiWifiWatch expire 38 lines
05-21 10:55:07.861   605  1162 E IppAlgoSmartAE: [53d8dff_64E] doSmartAEAlgo() failed to getLaserInfo
05-21 10:55:07.865   605 30849 D Misc____: [53d8dff_64D] snip save config off
05-21 10:55:07.866   582 30843 I Camera3-Stream: getBuffer: Stream 0, 0xee007600: Already dequeued max output buffers (7), wait for next returned one.
05-21 10:55:07.929   605  1162 E IppAlgoSmartAE: [53d8dff_64E] doSmartAEAlgo() failed to getLaserInfo
05-21 10:55:07.934   605 30849 D Misc____: [53d8dff_64D] snip save config off
05-21 10:55:07.998   605  1162 E IppAlgoSmartAE: [53d8dff_64E] doSmartAEAlgo() failed to getLaserInfo
05-21 10:55:07.999   582 30843 I Camera3-Stream: getBuffer: Stream 0, 0xee007600: Already dequeued max output buffers (7), wait for next returned one.
05-21 10:55:08.001   605 30849 D Misc____: [53d8dff_64D] snip save config off
05-21 10:55:08.052  1546  1546 I Tile.WifiTile: setWifiIndicators  CallbackInfo = CallbackInfo[enabled=true,connected=true,wifiSignalIconId=2130838338,enabledDesc="cambricon",activityIn=true,activityOut=false,wifiSignalContentDescription=WLAN ]
05-21 10:55:08.065   605  1162 E IppAlgoSmartAE: [53d8dff_64E] doSmartAEAlgo() failed to getLaserInfo
05-21 10:55:08.067   605 30849 D Misc____: [53d8dff_64D] snip save config off
05-21 10:55:08.068   582 30843 I Camera3-Stream: getBuffer: Stream 0, 0xee007600: Already dequeued max output buffers (7), wait for next returned one.
05-21 10:55:08.129   605  1162 E IppAlgoSmartAE: [53d8dff_64E] doSmartAEAlgo() failed to getLaserInfo
05-21 10:55:08.131   582 30843 I Camera3-Stream: getBuffer: Stream 0, 0xee007600: Already dequeued max output buffers (7), wait for next returned one.
05-21 10:55:08.132   605 30849 D Misc____: [53d8dff_64D] snip save config off
05-21 10:55:08.199   582 30843 I Camera3-Stream: getBuffer: Stream 0, 0xee007600: Already dequeued max output buffers (7), wait for next returned one.
05-21 10:55:08.199   605  1162 E IppAlgoSmartAE: [53d8dff_64E] doSmartAEAlgo() failed to getLaserInfo
05-21 10:55:08.200   605 30849 D Misc____: [53d8dff_64D] snip save config off
05-21 10:55:08.260   605  1162 E IppAlgoSmartAE: [53d8dff_64E] doSmartAEAlgo() failed to getLaserInfo
05-21 10:55:08.261   582 30843 I Camera3-Stream: getBuffer: Stream 0, 0xee007600: Already dequeued max output buffers (7), wait for next returned one.
05-21 10:55:08.261   605  1162 I SmartAE : SAE,mFrameCnt:31,ID:1,SalAE:0,SAE_EVComp:0,mSetEVComp:0,expo:658,ISO:50,aeLV:115,AEStable:0,aeLock:0,mStable:1,Touch:0,isHDR:0,HdrMode:0,AIScene:0,hdrIndex:0,HDR:[0 0 0 0 0 0],3S1L:[0 0 0 0]
05-21 10:55:08.263   605 30849 D Misc____: [53d8dff_64D] snip save config off
05-21 10:55:08.330   605  1162 E IppAlgoSmartAE: [53d8dff_64E] doSmartAEAlgo() failed to getLaserInfo
05-21 10:55:08.331   605 30849 D Misc____: [53d8dff_64D] snip save config off
05-21 10:55:08.396   605  1162 E IppAlgoSmartAE: [53d8dff_64E] doSmartAEAlgo() failed to getLaserInfo
05-21 10:55:08.398   605 30849 D Misc____: [53d8dff_64D] snip save config off
05-21 10:55:08.399   582 30843 I Camera3-Stream: getBuffer: Stream 0, 0xee007600: Already dequeued max output buffers (7), wait for next returned one.
05-21 10:55:08.464   605  1162 E IppAlgoSmartAE: [53d8dff_64E] doSmartAEAlgo() failed to getLaserInfo
05-21 10:55:08.466   582 30843 I Camera3-Stream: getBuffer: Stream 0, 0xee007600: Already dequeued max output buffers (7), wait for next returned one.
05-21 10:55:08.466  1139  1413 D HwBatteryService: onUEvent fcpStatus = 0,scpStatus =0,ovpStatus=0
05-21 10:55:08.467   605 30849 D Misc____: [53d8dff_64D] snip save config off
05-21 10:55:08.467  1139  1413 I UsbDeviceManager: water_intrused state= 0
05-21 10:55:08.514  1546  1546 D KeyguardUpdateMonitor: received broadcast android.intent.action.BATTERY_CHANGED
05-21 10:55:08.514  1546  1546 W KeyguardUpdateMonitor: ACTION_BATTERY_CHANGED AMP: 500000; Volt: 5038000
05-21 10:55:08.514  1946  1946 I chatty  : uid=1000(system) com.huawei.powergenie expire 3 lines
05-21 10:55:08.518 26875 26951 E CloudAlbum[8.0.1.329]: [ReceiverManager] not log on ignore
05-21 10:55:08.519  1139  1139 D WifiService: onReceive, action:android.intent.action.BATTERY_CHANGED
05-21 10:55:08.519  1139  1139 D WifiService: ACTION_BATTERY_CHANGED pluggedType: 2
05-21 10:55:08.532   605  1162 E IppAlgoSmartAE: [53d8dff_64E] doSmartAEAlgo() failed to getLaserInfo
05-21 10:55:08.534   605 30849 D Misc____: [53d8dff_64D] snip save config off
05-21 10:55:08.534  1546  1546 V KeyguardUpdateMonitor: RefreshBatteryInfo isBatteryLow: 100
05-21 10:55:08.534  1546  1546 W KeyguardUpdateMonitor: ChargingSpeed  Wattage: 2519000 ST: 5000000 --> 7500000
05-21 10:55:08.534  1546  1546 I KgBattery: BatteryInfo updated:  5lPC0
05-21 10:55:08.534  1546  1546 W AppHandler: sendMessage with obj100
05-21 10:55:08.534  1546  1546 D KeyguardUpdateMonitor: handleBatteryUpdate
05-21 10:55:08.534  1546  1546 V KeyguardUpdateMonitor: RefreshBatteryInfo isBatteryLow: 100
05-21 10:55:08.534  1546  1546 W HwKeyguardBottomArea: updateBatteryInfo : false  true
05-21 10:55:08.535   582 30843 I Camera3-Stream: getBuffer: Stream 0, 0xee007600: Already dequeued max output buffers (7), wait for next returned one.
05-21 10:55:08.538  1546  1546 W HwLockScreenPanel: Handle message: 100
05-21 10:55:08.538  1546  1546 W HwKeyguardBottomArea: updateBatteryInfo : false  true
05-21 10:55:08.538  1546  1546 W HwLockScreenPanel: refreshBatteryInfo: null
05-21 10:55:08.597   605  1162 E IppAlgoSmartAE: [53d8dff_64E] doSmartAEAlgo() failed to getLaserInfo
05-21 10:55:08.597   582 30843 I Camera3-Stream: getBuffer: Stream 0, 0xee007600: Already dequeued max output buffers (7), wait for next returned one.
05-21 10:55:08.600   605 30849 D Misc____: [53d8dff_64D] snip save config off
05-21 10:55:08.661   605  1162 E IppAlgoSmartAE: [53d8dff_64E] doSmartAEAlgo() failed to getLaserInfo
05-21 10:55:08.662   582 30843 I Camera3-Stream: getBuffer: Stream 0, 0xee007600: Already dequeued max output buffers (7), wait for next returned one.
05-21 10:55:08.663   605 30849 D Misc____: [53d8dff_64D] snip save config off
05-21 10:55:08.728   605  1162 E IppAlgoSmartAE: [53d8dff_64E] doSmartAEAlgo() failed to getLaserInfo
05-21 10:55:08.729   605 30849 D Misc____: [53d8dff_64D] snip save config off
05-21 10:55:08.729   582 30843 I Camera3-Stream: getBuffer: Stream 0, 0xee007600: Already dequeued max output buffers (7), wait for next returned one.
05-21 10:55:08.792  4480  4706 D LogUtil_LogConfig: acquireMaxLogFileLengthContainsOffset describe: null result:5242880
05-21 10:55:08.797   605  1162 E IppAlgoSmartAE: [53d8dff_64E] doSmartAEAlgo() failed to getLaserInfo
05-21 10:55:08.799   605 30849 D Misc____: [53d8dff_64D] snip save config off
05-21 10:55:08.802   582 30843 I Camera3-Stream: getBuffer: Stream 0, 0xee007600: Already dequeued max output buffers (7), wait for next returned one.
05-21 10:55:08.864   605  1162 E IppAlgoSmartAE: [53d8dff_64E] doSmartAEAlgo() failed to getLaserInfo
05-21 10:55:08.867   605 30849 D Misc____: [53d8dff_64D] snip save config off
05-21 10:55:08.931   605  1162 E IppAlgoSmartAE: [53d8dff_64E] doSmartAEAlgo() failed to getLaserInfo
05-21 10:55:08.932   605  1162 I SmartAE : SAE,mFrameCnt:41,ID:1,SalAE:0,SAE_EVComp:0,mSetEVComp:0,expo:591,ISO:50,aeLV:114,AEStable:0,aeLock:0,mStable:1,Touch:0,isHDR:0,HdrMode:0,AIScene:0,hdrIndex:0,HDR:[0 0 0 0 0 0],3S1L:[0 0 0 0]
05-21 10:55:08.932   582 30843 I Camera3-Stream: getBuffer: Stream 0, 0xee007600: Already dequeued max output buffers (7), wait for next returned one.
05-21 10:55:08.933   605 30849 D Misc____: [53d8dff_64D] snip save config off
05-21 10:55:08.996   582 30843 I Camera3-Stream: getBuffer: Stream 0, 0xee007600: Already dequeued max output buffers (7), wait for next returned one.
05-21 10:55:08.996   605  1162 E IppAlgoSmartAE: [53d8dff_64E] doSmartAEAlgo() failed to getLaserInfo
05-21 10:55:08.998   605 30849 D Misc____: [53d8dff_64D] snip save config off
05-21 10:55:09.064   605  1162 E IppAlgoSmartAE: [53d8dff_64E] doSmartAEAlgo() failed to getLaserInfo
05-21 10:55:09.065   605 30849 D Misc____: [53d8dff_64D] snip save config off
05-21 10:55:09.066   582 30843 I Camera3-Stream: getBuffer: Stream 0, 0xee007600: Already dequeued max output buffers (7), wait for next returned one.
05-21 10:55:09.134   582 30843 I Camera3-Stream: getBuffer: Stream 0, 0xee007600: Already dequeued max output buffers (7), wait for next returned one.
05-21 10:55:09.134   605  1162 E IppAlgoSmartAE: [53d8dff_64E] doSmartAEAlgo() failed to getLaserInfo
05-21 10:55:09.135   605 30849 D Misc____: [53d8dff_64D] snip save config off
05-21 10:55:09.168   508   508 E WifiHAL : enter wifi_get_link_stats
05-21 10:55:09.173   598   598 E wificond: Failed to get NL80211_RATE_INFO_NOISE
05-21 10:55:09.173   598   598 E wificond: Failed to get NL80211_RATE_INFO_SNR
05-21 10:55:09.173   598   598 E wificond: Failed to get NL80211_STA_INFO_CNAHLOAD
05-21 10:55:09.198   605  1162 E IppAlgoSmartAE: [53d8dff_64E] doSmartAEAlgo() failed to getLaserInfo
05-21 10:55:09.199   582 30843 I Camera3-Stream: getBuffer: Stream 0, 0xee007600: Already dequeued max output buffers (7), wait for next returned one.
05-21 10:55:09.200   605 30849 D Misc____: [53d8dff_64D] snip save config off
05-21 10:55:09.264   605  1162 E IppAlgoSmartAE: [53d8dff_64E] doSmartAEAlgo() failed to getLaserInfo
05-21 10:55:09.264   582 30843 I Camera3-Stream: getBuffer: Stream 0, 0xee007600: Already dequeued max output buffers (7), wait for next returned one.
05-21 10:55:09.266   605 30849 D Misc____: [53d8dff_64D] snip save config off
05-21 10:55:09.332   582 30843 I Camera3-Stream: getBuffer: Stream 0, 0xee007600: Already dequeued max output buffers (7), wait for next returned one.
05-21 10:55:09.331   605  1162 E IppAlgoSmartAE: [53d8dff_64E] doSmartAEAlgo() failed to getLaserInfo
05-21 10:55:09.333   605 30849 D Misc____: [53d8dff_64D] snip save config off
05-21 10:55:09.397   605  1162 E IppAlgoSmartAE: [53d8dff_64E] doSmartAEAlgo() failed to getLaserInfo
05-21 10:55:09.398   582 30843 I Camera3-Stream: getBuffer: Stream 0, 0xee007600: Already dequeued max output buffers (7), wait for next returned one.
05-21 10:55:09.399   605 30849 D Misc____: [53d8dff_64D] snip save config off
05-21 10:55:09.464   605  1162 E IppAlgoSmartAE: [53d8dff_64E] doSmartAEAlgo() failed to getLaserInfo
05-21 10:55:09.465   582 30843 I Camera3-Stream: getBuffer: Stream 0, 0xee007600: Already dequeued max output buffers (7), wait for next returned one.
05-21 10:55:09.466   605 30849 D Misc____: [53d8dff_64D] snip save config off
05-21 10:55:09.533   605  1162 E IppAlgoSmartAE: [53d8dff_64E] doSmartAEAlgo() failed to getLaserInfo
05-21 10:55:09.534   582 30843 I Camera3-Stream: getBuffer: Stream 0, 0xee007600: Already dequeued max output buffers (7), wait for next returned one.
05-21 10:55:09.534   605 30849 D Misc____: [53d8dff_64D] snip save config off
05-21 10:55:09.598   582 30843 I Camera3-Stream: getBuffer: Stream 0, 0xee007600: Already dequeued max output buffers (7), wait for next returned one.
05-21 10:55:09.599   605  1162 E IppAlgoSmartAE: [53d8dff_64E] doSmartAEAlgo() failed to getLaserInfo
05-21 10:55:09.600   605  1162 I SmartAE : SAE,mFrameCnt:51,ID:1,SalAE:0,SAE_EVComp:0,mSetEVComp:0,expo:680,ISO:50,aeLV:112,AEStable:0,aeLock:0,mStable:1,Touch:0,isHDR:0,HdrMode:0,AIScene:0,hdrIndex:0,HDR:[0 0 0 0 0 0],3S1L:[0 0 0 0]
05-21 10:55:09.601   605 30849 D Misc____: [53d8dff_64D] snip save config off
05-21 10:55:09.664   582 30843 I Camera3-Stream: getBuffer: Stream 0, 0xee007600: Already dequeued max output buffers (7), wait for next returned one.
05-21 10:55:09.666   605  1162 E IppAlgoSmartAE: [53d8dff_64E] doSmartAEAlgo() failed to getLaserInfo
05-21 10:55:09.667   605 30849 D Misc____: [53d8dff_64D] snip save config off
05-21 10:55:09.729   605  1162 E IppAlgoSmartAE: [53d8dff_64E] doSmartAEAlgo() failed to getLaserInfo
05-21 10:55:09.730   605 30849 D Misc____: [53d8dff_64D] snip save config off
05-21 10:55:09.731   582 30843 I Camera3-Stream: getBuffer: Stream 0, 0xee007600: Already dequeued max output buffers (7), wait for next returned one.
05-21 10:55:09.798   582 30843 I Camera3-Stream: getBuffer: Stream 0, 0xee007600: Already dequeued max output buffers (7), wait for next returned one.
05-21 10:55:09.800   605  1162 E IppAlgoSmartAE: [53d8dff_64E] doSmartAEAlgo() failed to getLaserInfo
05-21 10:55:09.801   605 30849 D Misc____: [53d8dff_64D] snip save config off
05-21 10:55:09.864   605  1162 E IppAlgoSmartAE: [53d8dff_64E] doSmartAEAlgo() failed to getLaserInfo
05-21 10:55:09.865   582 30843 I Camera3-Stream: getBuffer: Stream 0, 0xee007600: Already dequeued max output buffers (7), wait for next returned one.
05-21 10:55:09.866   605 30849 D Misc____: [53d8dff_64D] snip save config off
05-21 10:55:09.936   605  1162 E IppAlgoSmartAE: [53d8dff_64E] doSmartAEAlgo() failed to getLaserInfo
05-21 10:55:09.939   582 30843 I Camera3-Stream: getBuffer: Stream 0, 0xee007600: Already dequeued max output buffers (7), wait for next returned one.
05-21 10:55:09.941   605 30849 D Misc____: [53d8dff_64D] snip save config off
05-21 10:55:09.998   605  1162 E IppAlgoSmartAE: [53d8dff_64E] doSmartAEAlgo() failed to getLaserInfo
05-21 10:55:09.998   582 30843 I Camera3-Stream: getBuffer: Stream 0, 0xee007600: Already dequeued max output buffers (7), wait for next returned one.
05-21 10:55:09.999   605 30849 D Misc____: [53d8dff_64D] snip save config off
05-21 10:55:10.050  1546  1546 W ResourceType: No package identifier when getting value for resource number 0x00000000
05-21 10:55:10.051  1546  1546 E HwNotchUtils: setIconForView iconId is not found
05-21 10:55:10.051  1546  1546 W ResourceType: No package identifier when getting value for resource number 0x00000000
05-21 10:55:10.051  1546  1546 E HwNotchUtils: setIconForView iconId is not found
05-21 10:55:10.051  1546  1546 I Tile.WifiTile: setWifiIndicators  CallbackInfo = CallbackInfo[enabled=true,connected=true,wifiSignalIconId=2130838338,enabledDesc="cambricon",activityIn=false,activityOut=false,wifiSignalContentDescription=WLAN ]
05-21 10:55:10.064   582 30843 I Camera3-Stream: getBuffer: Stream 0, 0xee007600: Already dequeued max output buffers (7), wait for next returned one.
05-21 10:55:10.066   605  1162 E IppAlgoSmartAE: [53d8dff_64E] doSmartAEAlgo() failed to getLaserInfo
05-21 10:55:10.067   605 30849 D Misc____: [53d8dff_64D] snip save config off
05-21 10:55:10.129   605  1162 E IppAlgoSmartAE: [53d8dff_64E] doSmartAEAlgo() failed to getLaserInfo
05-21 10:55:10.130   605 30849 D Misc____: [53d8dff_64D] snip save config off
05-21 10:55:10.162  1139  1312 I DisplayPowerController: mPowerRequest.useSmartBacklight : true
05-21 10:55:10.198   605  1162 E IppAlgoSmartAE: [53d8dff_64E] doSmartAEAlgo() failed to getLaserInfo
05-21 10:55:10.199   605 30849 D Misc____: [53d8dff_64D] snip save config off
05-21 10:55:10.202   582 30843 I Camera3-Stream: getBuffer: Stream 0, 0xee007600: Already dequeued max output buffers (7), wait for next returned one.
05-21 10:55:10.264   605  1162 E IppAlgoSmartAE: [53d8dff_64E] doSmartAEAlgo() failed to getLaserInfo
05-21 10:55:10.265   582 30843 I Camera3-Stream: getBuffer: Stream 0, 0xee007600: Already dequeued max output buffers (7), wait for next returned one.
05-21 10:55:10.265   605  1162 I SmartAE : SAE,mFrameCnt:61,ID:1,SalAE:0,SAE_EVComp:0,mSetEVComp:0,expo:645,ISO:50,aeLV:116,AEStable:0,aeLock:0,mStable:1,Touch:0,isHDR:0,HdrMode:0,AIScene:0,hdrIndex:0,HDR:[0 0 0 0 0 0],3S1L:[0 0 0 0]
05-21 10:55:10.266   605 30849 D Misc____: [53d8dff_64D] snip save config off
05-21 10:55:10.332   582 30843 I Camera3-Stream: getBuffer: Stream 0, 0xee007600: Already dequeued max output buffers (7), wait for next returned one.
05-21 10:55:10.333   605  1162 E IppAlgoSmartAE: [53d8dff_64E] doSmartAEAlgo() failed to getLaserInfo
05-21 10:55:10.337   605 30849 D Misc____: [53d8dff_64D] snip save config off
05-21 10:55:10.398   605  1162 E IppAlgoSmartAE: [53d8dff_64E] doSmartAEAlgo() failed to getLaserInfo
05-21 10:55:10.399   582 30843 I Camera3-Stream: getBuffer: Stream 0, 0xee007600: Already dequeued max output buffers (7), wait for next returned one.
05-21 10:55:10.400   605 30849 D Misc____: [53d8dff_64D] snip save config off
05-21 10:55:10.464   605  1162 E IppAlgoSmartAE: [53d8dff_64E] doSmartAEAlgo() failed to getLaserInfo
05-21 10:55:10.465   582 30843 I Camera3-Stream: getBuffer: Stream 0, 0xee007600: Already dequeued max output buffers (7), wait for next returned one.
05-21 10:55:10.466   605 30849 D Misc____: [53d8dff_64D] snip save config off
05-21 10:55:10.533   605  1162 E IppAlgoSmartAE: [53d8dff_64E] doSmartAEAlgo() failed to getLaserInfo
05-21 10:55:10.535   582 30843 I Camera3-Stream: getBuffer: Stream 0, 0xee007600: Already dequeued max output buffers (7), wait for next returned one.
05-21 10:55:10.541   605 30849 D Misc____: [53d8dff_64D] snip save config off
05-21 10:55:10.598   605  1162 E IppAlgoSmartAE: [53d8dff_64E] doSmartAEAlgo() failed to getLaserInfo
05-21 10:55:10.599   582 30843 I Camera3-Stream: getBuffer: Stream 0, 0xee007600: Already dequeued max output buffers (7), wait for next returned one.
05-21 10:55:10.600   605 30849 D Misc____: [53d8dff_64D] snip save config off
05-21 10:55:10.627   597   597 E Thermal-daemon: [ap] temp_new :36  temp_old :35
05-21 10:55:10.628  1946 21795 I chatty  : uid=1000(system) Binder:1946_C expire 5 lines
05-21 10:55:10.628   597   597 E Thermal-daemon: Report temperature: [ap] temp :36  report_threshold:1
05-21 10:55:10.665   605  1162 E IppAlgoSmartAE: [53d8dff_64E] doSmartAEAlgo() failed to getLaserInfo
05-21 10:55:10.665   582 30843 I Camera3-Stream: getBuffer: Stream 0, 0xee007600: Already dequeued max output buffers (7), wait for next returned one.
05-21 10:55:10.666   605 30849 D Misc____: [53d8dff_64D] snip save config off
05-21 10:55:10.732   605  1162 E IppAlgoSmartAE: [53d8dff_64E] doSmartAEAlgo() failed to getLaserInfo
05-21 10:55:10.734   605 30849 D Misc____: [53d8dff_64D] snip save config off
05-21 10:55:10.734   582 30843 I Camera3-Stream: getBuffer: Stream 0, 0xee007600: Already dequeued max output buffers (7), wait for next returned one.
05-21 10:55:10.798   605  1162 E IppAlgoSmartAE: [53d8dff_64E] doSmartAEAlgo() failed to getLaserInfo
05-21 10:55:10.798   582 30843 I Camera3-Stream: getBuffer: Stream 0, 0xee007600: Already dequeued max output buffers (7), wait for next returned one.
05-21 10:55:10.800   605 30849 D Misc____: [53d8dff_64D] snip save config off
05-21 10:55:10.865   605  1162 E IppAlgoSmartAE: [53d8dff_64E] doSmartAEAlgo() failed to getLaserInfo
05-21 10:55:10.867   605 30849 D Misc____: [53d8dff_64D] snip save config off
05-21 10:55:10.867   582 30843 I Camera3-Stream: getBuffer: Stream 0, 0xee007600: Already dequeued max output buffers (7), wait for next returned one.
05-21 10:55:10.931   605  1162 E IppAlgoSmartAE: [53d8dff_64E] doSmartAEAlgo() failed to getLaserInfo
05-21 10:55:10.933   605  1162 I SmartAE : SAE,mFrameCnt:71,ID:1,SalAE:0,SAE_EVComp:0,mSetEVComp:0,expo:589,ISO:50,aeLV:114,AEStable:0,aeLock:0,mStable:1,Touch:0,isHDR:0,HdrMode:0,AIScene:0,hdrIndex:0,HDR:[0 0 0 0 0 0],3S1L:[0 0 0 0]
05-21 10:55:10.934   605 30849 D Misc____: [53d8dff_64D] snip save config off
05-21 10:55:10.935   582 30843 I Camera3-Stream: getBuffer: Stream 0, 0xee007600: Already dequeued max output buffers (7), wait for next returned one.
05-21 10:55:10.998   605  1162 E IppAlgoSmartAE: [53d8dff_64E] doSmartAEAlgo() failed to getLaserInfo
05-21 10:55:10.999   605 30849 D Misc____: [53d8dff_64D] snip save config off
05-21 10:55:10.999   582 30843 I Camera3-Stream: getBuffer: Stream 0, 0xee007600: Already dequeued max output buffers (7), wait for next returned one.
05-21 10:55:11.065   605  1162 E IppAlgoSmartAE: [53d8dff_64E] doSmartAEAlgo() failed to getLaserInfo
05-21 10:55:11.066   582 30843 I Camera3-Stream: getBuffer: Stream 0, 0xee007600: Already dequeued max output buffers (7), wait for next returned one.
05-21 10:55:11.067   605 30849 D Misc____: [53d8dff_64D] snip save config off
05-21 10:55:11.133   582 30843 I Camera3-Stream: getBuffer: Stream 0, 0xee007600: Already dequeued max output buffers (7), wait for next returned one.
05-21 10:55:11.134   605  1162 E IppAlgoSmartAE: [53d8dff_64E] doSmartAEAlgo() failed to getLaserInfo
05-21 10:55:11.136   605 30849 D Misc____: [53d8dff_64D] snip save config off
05-21 10:55:11.199   605  1162 E IppAlgoSmartAE: [53d8dff_64E] doSmartAEAlgo() failed to getLaserInfo
05-21 10:55:11.199   582 30843 I Camera3-Stream: getBuffer: Stream 0, 0xee007600: Already dequeued max output buffers (7), wait for next returned one.
05-21 10:55:11.202   605 30849 D Misc____: [53d8dff_64D] snip save config off
05-21 10:55:11.265   605  1162 E IppAlgoSmartAE: [53d8dff_64E] doSmartAEAlgo() failed to getLaserInfo
05-21 10:55:11.266   605 30849 D Misc____: [53d8dff_64D] snip save config off
05-21 10:55:11.332   605  1162 E IppAlgoSmartAE: [53d8dff_64E] doSmartAEAlgo() failed to getLaserInfo
05-21 10:55:11.334   582 30843 I Camera3-Stream: getBuffer: Stream 0, 0xee007600: Already dequeued max output buffers (7), wait for next returned one.
05-21 10:55:11.335   605 30849 D Misc____: [53d8dff_64D] snip save config off
05-21 10:55:11.399   605  1162 E IppAlgoSmartAE: [53d8dff_64E] doSmartAEAlgo() failed to getLaserInfo
05-21 10:55:11.401   605 30849 D Misc____: [53d8dff_64D] snip save config off
05-21 10:55:11.401   582 30843 I Camera3-Stream: getBuffer: Stream 0, 0xee007600: Already dequeued max output buffers (7), wait for next returned one.
05-21 10:55:11.467   582 30843 I Camera3-Stream: getBuffer: Stream 0, 0xee007600: Already dequeued max output buffers (7), wait for next returned one.
05-21 10:55:11.467   605  1162 E IppAlgoSmartAE: [53d8dff_64E] doSmartAEAlgo() failed to getLaserInfo
05-21 10:55:11.471   605 30849 D Misc____: [53d8dff_64D] snip save config off
05-21 10:55:11.532   605  1162 E IppAlgoSmartAE: [53d8dff_64E] doSmartAEAlgo() failed to getLaserInfo
05-21 10:55:11.534   605 30849 D Misc____: [53d8dff_64D] snip save config off
05-21 10:55:11.534   582 30843 I Camera3-Stream: getBuffer: Stream 0, 0xee007600: Already dequeued max output buffers (7), wait for next returned one.
05-21 10:55:11.599   605  1162 E IppAlgoSmartAE: [53d8dff_64E] doSmartAEAlgo() failed to getLaserInfo
05-21 10:55:11.600   582 30843 I Camera3-Stream: getBuffer: Stream 0, 0xee007600: Already dequeued max output buffers (7), wait for next returned one.
05-21 10:55:11.600   605  1162 I SmartAE : SAE,mFrameCnt:81,ID:1,SalAE:0,SAE_EVComp:0,mSetEVComp:0,expo:690,ISO:50,aeLV:112,AEStable:0,aeLock:0,mStable:1,Touch:0,isHDR:0,HdrMode:0,AIScene:0,hdrIndex:0,HDR:[0 0 0 0 0 0],3S1L:[0 0 0 0]
05-21 10:55:11.601   605 30849 D Misc____: [53d8dff_64D] snip save config off
05-21 10:55:11.666   605  1162 E IppAlgoSmartAE: [53d8dff_64E] doSmartAEAlgo() failed to getLaserInfo
05-21 10:55:11.667   582 30843 I Camera3-Stream: getBuffer: Stream 0, 0xee007600: Already dequeued max output buffers (7), wait for next returned one.
05-21 10:55:11.669   605 30849 D Misc____: [53d8dff_64D] snip save config off
05-21 10:55:11.734   605  1162 E IppAlgoSmartAE: [53d8dff_64E] doSmartAEAlgo() failed to getLaserInfo
05-21 10:55:11.734   582 30843 I Camera3-Stream: getBuffer: Stream 0, 0xee007600: Already dequeued max output buffers (7), wait for next returned one.
05-21 10:55:11.736   605 30849 D Misc____: [53d8dff_64D] snip save config off
05-21 10:55:11.799   605  1162 E IppAlgoSmartAE: [53d8dff_64E] doSmartAEAlgo() failed to getLaserInfo
05-21 10:55:11.799   582 30843 I Camera3-Stream: getBuffer: Stream 0, 0xee007600: Already dequeued max output buffers (7), wait for next returned one.
05-21 10:55:11.801   605 30849 D Misc____: [53d8dff_64D] snip save config off
05-21 10:55:11.866   582 30843 I Camera3-Stream: getBuffer: Stream 0, 0xee007600: Already dequeued max output buffers (7), wait for next returned one.
05-21 10:55:11.868   605  1162 E IppAlgoSmartAE: [53d8dff_64E] doSmartAEAlgo() failed to getLaserInfo
05-21 10:55:11.869   605 30849 D Misc____: [53d8dff_64D] snip save config off
05-21 10:55:11.932   605  1162 E IppAlgoSmartAE: [53d8dff_64E] doSmartAEAlgo() failed to getLaserInfo
05-21 10:55:11.933   582 30843 I Camera3-Stream: getBuffer: Stream 0, 0xee007600: Already dequeued max output buffers (7), wait for next returned one.
05-21 10:55:11.934   605 30849 D Misc____: [53d8dff_64D] snip save config off
05-21 10:55:11.999   605  1162 E IppAlgoSmartAE: [53d8dff_64E] doSmartAEAlgo() failed to getLaserInfo
05-21 10:55:12.000   582 30843 I Camera3-Stream: getBuffer: Stream 0, 0xee007600: Already dequeued max output buffers (7), wait for next returned one.
05-21 10:55:12.001   605 30849 D Misc____: [53d8dff_64D] snip save config off
05-21 10:55:12.057  1546  1546 I Tile.WifiTile: setWifiIndicators  CallbackInfo = CallbackInfo[enabled=true,connected=true,wifiSignalIconId=2130838338,enabledDesc="cambricon",activityIn=true,activityOut=false,wifiSignalContentDescription=WLAN ]
05-21 10:55:12.065   605  1162 E IppAlgoSmartAE: [53d8dff_64E] doSmartAEAlgo() failed to getLaserInfo
05-21 10:55:12.067   605 30849 D Misc____: [53d8dff_64D] snip save config off
05-21 10:55:12.068   582 30843 I Camera3-Stream: getBuffer: Stream 0, 0xee007600: Already dequeued max output buffers (7), wait for next returned one.
05-21 10:55:12.132   605  1162 E IppAlgoSmartAE: [53d8dff_64E] doSmartAEAlgo() failed to getLaserInfo
05-21 10:55:12.133   582 30843 I Camera3-Stream: getBuffer: Stream 0, 0xee007600: Already dequeued max output buffers (7), wait for next returned one.
05-21 10:55:12.134   605 30849 D Misc____: [53d8dff_64D] snip save config off
05-21 10:55:12.184   508   508 E WifiHAL : enter wifi_get_link_stats
05-21 10:55:12.196   598   598 E wificond: Failed to get NL80211_RATE_INFO_NOISE
05-21 10:55:12.196   598   598 E wificond: Failed to get NL80211_RATE_INFO_SNR
05-21 10:55:12.196   598   598 E wificond: Failed to get NL80211_STA_INFO_CNAHLOAD
05-21 10:55:12.197  1139  1446 I chatty  : uid=1000(system) WifiStateMachin expire 12 lines
05-21 10:55:12.199   605  1162 E IppAlgoSmartAE: [53d8dff_64E] doSmartAEAlgo() failed to getLaserInfo
05-21 10:55:12.201   605 30849 D Misc____: [53d8dff_64D] snip save config off
05-21 10:55:12.202   582 30843 I Camera3-Stream: getBuffer: Stream 0, 0xee007600: Already dequeued max output buffers (7), wait for next returned one.
05-21 10:55:12.266   605  1162 E IppAlgoSmartAE: [53d8dff_64E] doSmartAEAlgo() failed to getLaserInfo
05-21 10:55:12.267   582 30843 I Camera3-Stream: getBuffer: Stream 0, 0xee007600: Already dequeued max output buffers (7), wait for next returned one.
05-21 10:55:12.267   605  1162 I SmartAE : SAE,mFrameCnt:91,ID:1,SalAE:0,SAE_EVComp:0,mSetEVComp:0,expo:645,ISO:50,aeLV:116,AEStable:0,aeLock:0,mStable:1,Touch:0,isHDR:0,HdrMode:0,AIScene:0,hdrIndex:0,HDR:[0 0 0 0 0 0],3S1L:[0 0 0 0]
05-21 10:55:12.268   605 30849 D Misc____: [53d8dff_64D] snip save config off
05-21 10:55:12.333   605  1162 E IppAlgoSmartAE: [53d8dff_64E] doSmartAEAlgo() failed to getLaserInfo
05-21 10:55:12.333   582 30843 I Camera3-Stream: getBuffer: Stream 0, 0xee007600: Already dequeued max output buffers (7), wait for next returned one.
05-21 10:55:12.335   605 30849 D Misc____: [53d8dff_64D] snip save config off
05-21 10:55:12.400   582 30843 I Camera3-Stream: getBuffer: Stream 0, 0xee007600: Already dequeued max output buffers (7), wait for next returned one.
05-21 10:55:12.400   605  1162 E IppAlgoSmartAE: [53d8dff_64E] doSmartAEAlgo() failed to getLaserInfo
05-21 10:55:12.402   605 30849 D Misc____: [53d8dff_64D] snip save config off
