05-21 10:55:13.574  2655  2655 I RuleEngine: Data service start to work[OK].
05-21 10:55:13.575   472   536 W ArData  : (ar_data_format:222):event not monitored, activity[1] event[2]
05-21 10:55:13.575   472   472 I ArData  : (ar_enable_activity_event:1281):activity[2] event[1] latency[200000000000 ns]
05-21 10:55:13.575   472   472 I ArData  : (ar_data_enable_activity_event:587):successfully
05-21 10:55:13.576  2655  4973 D ARMoudle.HwActivityRecognition: disableActivityEvent
05-21 10:55:13.576   472   535 I ArData  : (ar_data_netlink_cb:789):cmd[2].length[100]
05-21 10:55:13.576  2655  4973 D ARMoudle.HwActivityRecognition: android.activity_recognition.walking,2
05-21 10:55:13.576   472   535 I ArData  : (ar_data_netlink_cb:789):cmd[2].length[100]
05-21 10:55:13.577   472   472 I ArData  : (ar_data_disable_activity_event:669):successfully
05-21 10:55:13.578  2655  4973 D ARMoudle.HwActivityRecognition: disableActivityEvent
05-21 10:55:13.578   472   535 I ArData  : (ar_data_netlink_cb:789):cmd[2].length[80]
05-21 10:55:13.578  2655  4973 D ARMoudle.HwActivityRecognition: android.activity_recognition.running,1
05-21 10:55:13.578   472   472 I ArData  : (ar_enable_activity_event:1281):activity[3] event[1] latency[200000000000 ns]
05-21 10:55:13.579   472   472 I ArData  : (ar_data_enable_activity_event:587):successfully
05-21 10:55:13.579  2655  4973 D ARMoudle.HwActivityRecognition: disableActivityEvent
05-21 10:55:13.579  2655  4973 D ARMoudle.HwActivityRecognition: android.activity_recognition.running,2
05-21 10:55:13.579   472   535 I ArData  : (ar_data_netlink_cb:789):cmd[2].length[80]
05-21 10:55:13.581   472   472 I ArData  : (ar_data_disable_activity_event:669):successfully
05-21 10:55:13.581   472   535 I ArData  : (ar_data_netlink_cb:789):cmd[2].length[60]
05-21 10:55:13.581  2655  4973 D ARMoudle.HwActivityRecognition: disableActivityEvent
05-21 10:55:13.581  2655  4973 D ARMoudle.HwActivityRecognition: android.activity_recognition.still,1
05-21 10:55:13.582   472   472 I ArData  : (ar_enable_activity_event:1281):activity[4] event[1] latency[200000000000 ns]
05-21 10:55:13.584  2655  7045 I RuleEngine: Sending event(ScreenOff,null) to service.
05-21 10:55:13.584   605  1169 I Processor: #Camera# [63453658]< Flush
05-21 10:55:13.585 24442 24474 D HwLBSService HigeoLocationManager: synchronized mObject sendScreenState enter.
05-21 10:55:13.585 24442 24474 D HwLBSService HigeoLocationManager: Get getIFusdLbsService service not null.
05-21 10:55:13.585   605 30859 E HispFilter: enqueueStreamBuffers: (#0) enqueue ISP Buffer failed !
05-21 10:55:13.585   618 24466 I FusionDaemon: (sendScreenState:132):FusdLbs: sendScreenState.
05-21 10:55:13.585 24442 24474 D HwLBSService HigeoLocationManager: synchronized mObject sendScreenState exit.
05-21 10:55:13.586   472   472 I ArData  : (ar_data_enable_activity_event:587):successfully
05-21 10:55:13.587  2655  4973 D ARMoudle.HwActivityRecognition: disableActivityEvent
05-21 10:55:13.587  2655  4973 D ARMoudle.HwActivityRecognition: android.activity_recognition.still,2
05-21 10:55:13.587   472   535 I ArData  : (ar_data_netlink_cb:789):cmd[2].length[60]
05-21 10:55:13.588   472   472 I ArData  : (ar_enable_activity_event:1281):activity[4] event[2] latency[200000000000 ns]
05-21 10:55:13.588   605  1169 I IppAlgoPortIn: [HWA_CAM3]this=0x71d0719080, ipptype=0, enter deactivate()
05-21 10:55:13.588   605  1169 I IppAlgoFilter: [HWA_CAM3]this=0x71d0719000, ipptype=0, enter destroyAlgo() 
05-21 10:55:13.588   605  1169 I IppAlgoPortIn: [HWA_CAM3]this=0x71d0719080, ipptype=0, exit deactivate()
05-21 10:55:13.588   605  1169 I IppAlgoPortIn: [HWA_CAM3]this=0x71d0719080, ipptype=0, enter stop()
05-21 10:55:13.588   605  1169 I IppAlgoFilter: [HWA_CAM3]this=0x71d0719000, ipptype=0, enter stopAlgo() 
05-21 10:55:13.588   605  1169 I IppAlgo : [HWA_CAM3]FRMC_ this=0x71d0684300, ipptype=0, name=StatIpp, enter stop()
05-21 10:55:13.588   605  1169 D HwaIppPluginImpl: [53d8dff_64D] FRMC_ this=0x71d071ce00, ipptype=0, enter stop()
05-21 10:55:13.589   605  1169 D HwaIppAlgoExeThread: [53d8dff_64D] enter stop(), algo name: FNFaceDetect
05-21 10:55:13.589   472   472 I ArData  : (ar_data_enable_activity_event:587):successfully
05-21 10:55:13.590   472   535 I ArData  : (ar_data_netlink_cb:789):cmd[2].length[60]
05-21 10:55:13.590  2655  4973 D ARMoudle.HwActivityRecognition: disableActivityEvent
05-21 10:55:13.590  2655  4973 D ARMoudle.HwActivityRecognition: android.activity_recognition.high_speed_rail,1
05-21 10:55:13.590  2655 30863 D RuleEngine: Event 2:13,0,null,66,Mon May 21 10:54:10 GMT+08:00 2018,Mon May 21 10:55:13 GMT+08:00 2018,0,0,0
05-21 10:55:13.592   605  1169 I EventCallbackImpl: [HWA_CAM3]Don't need to send face info to isp!
05-21 10:55:13.592   605  1169 D IppAlgoSmartAE: [53d8dff_64D] enter onStop()
05-21 10:55:13.592   605  1169 D HwaIppAlgoExeThread: [53d8dff_64D] enter stop(), algo name: Misc
05-21 10:55:13.592   605  1169 D Misc____: [53d8dff_64D] enter onStop()
05-21 10:55:13.592   605  1169 D SensorGatherMisc: [53d8dff_64D] enter stop()
05-21 10:55:13.592   605  1169 D SensorGatherMisc: [53d8dff_64D] enter DisableSensor(), sensorType is 1
05-21 10:55:13.593   506   839 D SensorHub: batch called handle:0 sample_ns:10000000 latency_ns:0
05-21 10:55:13.593   506   839 D SensorHub: in batch, handle = 0, flags = 0, period_ns = 10000000, timeout = 0
05-21 10:55:13.595  2655  7045 E [HwRecSys]DataServiceController: commend list is null!
05-21 10:55:13.598  1139  1282 I HwPhoneWindowManager: OverscanTimeout run
05-21 10:55:13.598   472   472 I ArData  : (ar_data_disable_activity_event:669):successfully
05-21 10:55:13.599  2655  4973 D ARMoudle.HwActivityRecognition: disableActivityEvent
05-21 10:55:13.599  2655  4973 D ARMoudle.HwActivityRecognition: android.activity_recognition.high_speed_rail,2
05-21 10:55:13.599   605  1169 D SensorGatherMisc: [53d8dff_64D] enter DisableSensor(), sensorType is 10
05-21 10:55:13.600   506   506 D SensorHub: batch called handle:7 sample_ns:10000000 latency_ns:0
05-21 10:55:13.600   506   506 D SensorHub: in batch, handle = 7, flags = 0, period_ns = 10000000, timeout = 0
05-21 10:55:13.601   472   472 I ArData  : (ar_data_disable_activity_event:669):successfully
05-21 10:55:13.601  2655  4973 D ARMoudle.HwActivityRecognition: disableActivityEvent
05-21 10:55:13.601  2655  4973 D ARMoudle.HwActivityRecognition: android.activity_recognition.fast_walking,1
05-21 10:55:13.602   472   472 I ArData  : (ar_data_disable_activity_event:669):successfully
05-21 10:55:13.602   472   535 I ArData  : (ar_data_netlink_cb:789):cmd[2].length[60]
05-21 10:55:13.602   472   536 W ArData  : (ar_data_format:222):event not monitored, activity[6] event[2]
05-21 10:55:13.602   605  1169 D SensorGatherMisc: [53d8dff_64D] enter DisableSensor(), sensorType is 4
05-21 10:55:13.602  2655  4973 D ARMoudle.HwActivityRecognition: disableActivityEvent
05-21 10:55:13.602  2655  4973 D ARMoudle.HwActivityRecognition: android.activity_recognition.fast_walking,2
05-21 10:55:13.603   506   839 D SensorHub: batch called handle:5 sample_ns:10000000 latency_ns:0
05-21 10:55:13.603   506   839 D SensorHub: in batch, handle = 5, flags = 0, period_ns = 10000000, timeout = 0
05-21 10:55:13.603   472   535 I ArData  : (ar_data_netlink_cb:789):cmd[2].length[40]
05-21 10:55:13.603   472   535 I ArData  : (ar_data_netlink_cb:789):cmd[2].length[40]
05-21 10:55:13.603   472   536 W ArData  : (ar_data_format:222):event not monitored, activity[6] event[2]
05-21 10:55:13.605   472   472 I ArData  : (ar_data_disable_activity_event:669):successfully
05-21 10:55:13.605 26875 26951 E CloudAlbum[8.0.1.329]: [ReceiverManager] not log on ignore
05-21 10:55:13.605   605  1169 D SensorGatherMisc: [53d8dff_64D] enter DisableSensor(), sensorType is 3
05-21 10:55:13.605   518   608 I aptouch_daemon: filter_set_filter_status, lcd off, notify aft algo.
05-21 10:55:13.605   506   839 I /vendor/bin/hw/vendor.huawei.hardware.sensors@1.0-service: activate-2 frameOpenedAls-0 enabled-0 cameraOpenedAls-1 frameOpenedColor-0 cameraOpenedColor-0
05-21 10:55:13.605   506   839 D SensorHub: Channel activate-> handle: 2, enabled:0, err: 0
05-21 10:55:13.606   605  1169 I SensorGatherMisc: [53d8dff_64I] enter ~SensorGatherMisc()
05-21 10:55:13.606   605  1169 I Misc____: [53d8dff_64I] onStop,notifyLaserStatus(0)
05-21 10:55:13.606   605  1169 D HwaIppAlgoExeThread: [53d8dff_64D] enter stop(), algo name: AssistAF
05-21 10:55:13.607   605  1169 D AssistAF: [53d8dff_64D] enter onStop()
05-21 10:55:13.607   605  1169 D DeviceBaseImpl: [HWA_CAM3]enter sendMessage(), size = 50
05-21 10:55:13.607   605  1169 D HwaIppAlgoExeThread: [53d8dff_64D] enter stop(), algo name: IspEnhncAlgo
05-21 10:55:13.607   605  1169 D HwaIppAlgoExeThread: [53d8dff_64D] enter stop(), algo name: MotionDetectionAlgo
05-21 10:55:13.607   605  1169 D MultiScale: [53d8dff_64D] enter onStop()
05-21 10:55:13.607   605  1169 D AfStatCalculate: [53d8dff_64D] enter onStop()
05-21 10:55:13.607   605  1169 I afstat_calc: afstat_onstop!
05-21 10:55:13.607   605  1169 D HwaIppPluginImpl: [53d8dff_64D] FRMC_ this=0x71d071ce00, ipptype=0, exit  stop()
05-21 10:55:13.607   605  1169 I IppAlgo : [HWA_CAM3]FRMC_ this=0x71d0684300, ipptype=0, name=StatIpp, exit stop()
05-21 10:55:13.607   605  1169 I IppAlgoFilter: [HWA_CAM3]this=0x71d0719000, ipptype=0, exit stopAlgo() 
05-21 10:55:13.607   605  1169 I IppAlgoFilter: [HWA_CAM3]this=0x71d0719000, ipptype=0, enter resetFilterInfosAndDestroy() 
05-21 10:55:13.607   605  1169 D IppFrameAllocatorImpl: [HWA_CAM3]this=0x71d06843a8, ipptype=0, enter destroyInnnerAllocator(), successful
05-21 10:55:13.607   605  1169 D IppFrameAllocatorImpl: [HWA_CAM3]this=0x71d06843a8, ipptype=0, enter resetFilterInfos()
05-21 10:55:13.607   605  1169 I IppAlgoFilter: [HWA_CAM3]this=0x71d0719000, ipptype=0, exit resetFilterInfosAndDestroy() 
05-21 10:55:13.607   605  1169 I IppAlgoPortIn: [HWA_CAM3]this=0x71d0719080, ipptype=0, exit stop()
05-21 10:55:13.607   605  1169 I IppAlgoPortIn: [HWA_CAM3]this=0x71d071a880, ipptype=256, enter deactivate()
05-21 10:55:13.607   605  1169 I IppAlgoFilter: [HWA_CAM3]this=0x71d071a800, ipptype=256, enter destroyAlgo() 
05-21 10:55:13.607   605  1169 I IppAlgoPortIn: [HWA_CAM3]this=0x71d071a880, ipptype=256, exit deactivate()
05-21 10:55:13.607   605  1169 I IppAlgoPortIn: [HWA_CAM3]this=0x71d071a880, ipptype=256, enter stop()
05-21 10:55:13.607   605  1169 I IppAlgoFilter: [HWA_CAM3]this=0x71d071a800, ipptype=256, enter stopAlgo() 
05-21 10:55:13.607   605  1169 I IppAlgo : [HWA_CAM3]FRMC_ this=0x71d0684678, ipptype=256, name=PostIpp, enter stop()
05-21 10:55:13.607   605  1169 D HwaIppPluginImpl: [53d8dff_64D] FRMC_ this=0x71d071dc00, ipptype=256, enter stop()
05-21 10:55:13.607   605  1169 D HwaIppPluginImpl: [53d8dff_64D] FRMC_ this=0x71d071dc00, ipptype=256, exit  stop()
05-21 10:55:13.607   605  1169 I IppAlgo : [HWA_CAM3]FRMC_ this=0x71d0684678, ipptype=256, name=PostIpp, exit stop()
05-21 10:55:13.607   605  1169 I IppAlgoFilter: [HWA_CAM3]this=0x71d071a800, ipptype=256, exit stopAlgo() 
05-21 10:55:13.607   605  1169 I IppAlgoFilter: [HWA_CAM3]this=0x71d071a800, ipptype=256, enter resetFilterInfosAndDestroy() 
05-21 10:55:13.607   605  1169 D IppFrameAllocatorImpl: [HWA_CAM3]this=0x71d0684720, ipptype=256, enter destroyInnnerAllocator(), successful
05-21 10:55:13.607   605  1169 D IppFrameAllocatorImpl: [HWA_CAM3]this=0x71d0684720, ipptype=256, enter resetFilterInfos()
05-21 10:55:13.607   605  1169 I IppAlgoFilter: [HWA_CAM3]this=0x71d071a800, ipptype=256, exit resetFilterInfosAndDestroy() 
05-21 10:55:13.607   605  1169 I IppAlgoPortIn: [HWA_CAM3]this=0x71d071a880, ipptype=256, exit stop()
05-21 10:55:13.607   472   535 I ArData  : (ar_data_netlink_cb:789):cmd[2].length[20]
05-21 10:55:13.614   605  1169 D ImagingSystem: ~CPipelineHeapObj: instance[0x71cf78d000]. 
05-21 10:55:13.614   605  1169 I ImagingSystem: #Camera# [63452856]< 1_stopStreaming
05-21 10:55:13.616   605  1186 I CStreamTranslator: ~CStreamTranslator: dtor instance[0x71c3aa5620]. 
05-21 10:55:13.616   605  1186 I CStreamTranslator: ~CStreamTranslator: dtor instance[0x71c3aa5f20]. 
05-21 10:55:13.616   605  1186 D HwaPerfRecorderImpl: [HWA_CAM3]enter perfDeInitialize(), id(1):fore camera
05-21 10:55:13.617   605  1169 E ImagingSystemUtils: failed to find ION object(192)! 
05-21 10:55:13.617   605  1169 E ImagingSystemUtils: failed to find ION object(191)! 
05-21 10:55:13.617   605  1169 E ImagingSystemUtils: failed to find ION object(190)! 
05-21 10:55:13.617   605  1169 E ImagingSystemUtils: failed to find ION object(189)! 
05-21 10:55:13.617   605  1169 E ImagingSystemUtils: failed to find ION object(188)! 
05-21 10:55:13.617   605  1169 E ImagingSystemUtils: failed to find ION object(187)! 
05-21 10:55:13.617   605  1169 E ImagingSystemUtils: failed to find ION object(186)! 
05-21 10:55:13.617   605  1169 E ImagingSystemUtils: failed to find ION object(185)! 
05-21 10:55:13.617   582 24495 I Camera3-Device: disconnect: X
05-21 10:55:13.618   605  1169 I ImagingSystem: #Camera# [63490726]> ImagingSystem_powerDown
05-21 10:55:13.618   605  1186 I CPipelineTranslator: ~CPipelineTranslator: dtor instance[0x71d07ffad8]. 
05-21 10:55:13.618  1546 20911 I CameraManagerGlobal: do not need hide aux camera, device number: 2
05-21 10:55:13.618   582   833 I Camera3-Device: disconnect: E
05-21 10:55:13.618   582   833 I Camera3-Device: disconnect: X, device has been disconnected before.
05-21 10:55:13.618  2728  8321 I CameraManagerGlobal: do not need hide aux camera, device number: 2
05-21 10:55:13.620   582 24495 I CameraService: disconnect: Disconnected client for camera 1 for PID 2728
05-21 10:55:13.620 29341 29341 D Mms_TX_NOTIFY: Get no-perm notification callback android.intent.action.SCREEN_OFF
05-21 10:55:13.622   582 24495 W libc    : Set property "media.allow.nfc.polling" to "true"
05-21 10:55:13.624   582 24495 W libc    : Unable to set property "media.allow.nfc.polling" to "true": error code: 0x18
05-21 10:55:13.624   582 24495 I         : close camera, send msg to nfc, open nfc
05-21 10:55:13.625  2681  2696 I NfcNci:HwCustNfcService: enablePolling
05-21 10:55:13.627   506   506 I /vendor/bin/hw/vendor.huawei.hardware.sensors@1.0-service: activate-7 frameOpenedAls-0 enabled-0 cameraOpenedAls-1 frameOpenedColor-0 cameraOpenedColor-0
05-21 10:55:13.627   506   506 D SensorHub: Channel activate-> handle: 7, enabled:0, err: 0
05-21 10:55:13.628   506   839 I /vendor/bin/hw/vendor.huawei.hardware.sensors@1.0-service: activate-0 frameOpenedAls-0 enabled-0 cameraOpenedAls-1 frameOpenedColor-0 cameraOpenedColor-0
05-21 10:55:13.628  2728  6318 I CameraDevice-JV-1: Camera now idle
05-21 10:55:13.629  2681 30864 E NfcNci:HwCustNfcService: applyRouting -1.1
05-21 10:55:13.630  2728  5497 I IntelliAlgoCameraStream: closeCamera : leave
05-21 10:55:13.630  2728  5497 I IntelliAlgoCameraStream: closeCamera : enter
05-21 10:55:13.630  2728  5497 I IntelliAlgoCameraStream: closeCamera : already Closed
05-21 10:55:13.631   506   839 D SensorHub: Channel activate-> handle: 0, enabled:0, err: 0
05-21 10:55:13.631   506   839 I /vendor/bin/hw/vendor.huawei.hardware.sensors@1.0-service: activate-5 frameOpenedAls-0 enabled-0 cameraOpenedAls-1 frameOpenedColor-0 cameraOpenedColor-0
05-21 10:55:13.633   506   839 D SensorHub: Channel activate-> handle: 5, enabled:0, err: 0
05-21 10:55:13.634   506   839 I /vendor/bin/hw/vendor.huawei.hardware.sensors@1.0-service: alsActivate-3 frameOpenedAls-0 enabled-0 cameraOpenedAls-1
05-21 10:55:13.634   506   839 D SensorHub: Channel activate-> handle: 3, enabled:0, err: 0
05-21 10:55:13.637   605  1169 I HispManager: #Camera# [1]> CHISPManager::powerDown
05-21 10:55:13.639  2810  2810 D AutoCache: screen off
05-21 10:55:13.640  2810  2810 D AutoCache: [ScreenStateReceiver], charge in, battery ok, screen off
05-21 10:55:13.641  1139  1699 V BroadcastQueue: Finished with ordered broadcast BroadcastRecord{bad1bad u-1 android.intent.action.SCREEN_OFF}
05-21 10:55:13.646   605  1169 I HispManager: #Camera# [1]< CHISPManager::powerDown
05-21 10:55:13.647   605  1169 I ImagingSystem: #Camera# [63490726]< ImagingSystem_powerDown
05-21 10:55:13.654   605  1169 D AlgoFilterStage: [HWA_CAM3]STAGELIFECTRL enter detach(), pipeline id=3
05-21 10:55:13.654   605  1169 D AlgoFilterManager: [HWA_CAM3]KEY_CA_CAM3 enter destroyPlugin, mPipeLineId=3, mIsPlugInCreated=1
05-21 10:55:13.654   605  1169 D IppAlgo : [HWA_CAM3]FRMC_ this=0x71d0684678, ipptype=256, name=PostIpp, enter destroyPlugin()
05-21 10:55:13.654   605  1169 D HwaIppPluginImpl: [53d8dff_64D] FRMC_ this=0x71d071dc00, ipptype=256, enter destroy()
05-21 10:55:13.654   605  1169 D HwaIppAlgoExecutor: [53d8dff_64D] enter ~HwaIppAlgoExecutor(), algo name: DmapSdkDepthIppAlgo
05-21 10:55:13.654   605  1169 D DmapSdkDepthIppAlgo: [53d8dff_64D] enter ~DmapSdkDepthIppAlgo()
05-21 10:55:13.654   605  1169 D HwaIppAlgoExecutor: [53d8dff_64D] enter ~HwaIppAlgoExecutor(), algo name: MirrorDenoise
05-21 10:55:13.654   605  1169 D MirrorDenoise: [53d8dff_64D] enter ~MirrorDenoise()
05-21 10:55:13.654   605  1169 D HwaIppAlgoExecutor: [53d8dff_64D] enter ~HwaIppAlgoExecutor(), algo name: FrontBokehAlgo
05-21 10:55:13.654   605  1169 D HwaIppAlgoExecutor: [53d8dff_64D] enter ~HwaIppAlgoExecutor(), algo name: ColorEffect
05-21 10:55:13.654   605  1169 D ColorEffect: [53d8dff_64D] enter ~ColorEffect()
05-21 10:55:13.655   605  1169 D HwaIppAlgoExecutor: [53d8dff_64D] enter ~HwaIppAlgoExecutor(), algo name: NiceFoodIppAlgo
05-21 10:55:13.655   605  1169 D NiceFoodIppAlgo: [53d8dff_64D] enter ~NiceFoodIppAlgo()
05-21 10:55:13.655   605  1169 D HwaIppAlgoExecutor: [53d8dff_64D] enter ~HwaIppAlgoExecutor(), algo name: VideoBokehDspAlgo
05-21 10:55:13.655   605  1169 D HwaIppAlgoExecutor: [53d8dff_64D] enter ~HwaIppAlgoExecutor(), algo name: HwBeautyIpp
05-21 10:55:13.655   605  1169 D HwBeautyIpp: [53d8dff_64D] enter ~HwBeautyIpp()
05-21 10:55:13.655   605  1169 D HwaIppPluginImpl: [53d8dff_64D] FRMC_ this=0x71d071dc00, ipptype=256, exit  destroy()
05-21 10:55:13.655   605  1169 D IppAlgo : [HWA_CAM3]FRMC_ this=0x71d0684678, ipptype=256, name=PostIpp, exit destroyPlugin()
05-21 10:55:13.655   605  1169 D IppAlgo : [HWA_CAM3]FRMC_ this=0x71d0684300, ipptype=0, name=StatIpp, enter destroyPlugin()
05-21 10:55:13.655   605  1169 D HwaIppPluginImpl: [53d8dff_64D] FRMC_ this=0x71d071ce00, ipptype=0, enter destroy()
05-21 10:55:13.655   605  1169 D HwaIppAlgoExeThread: [53d8dff_64D] enter destroy(), algo name: FNFaceDetect
05-21 10:55:13.655   605  1169 D HwaIppAlgoExeThread: [53d8dff_64D] enter ~HwaIppAlgoExeThread(), algo name: FNFaceDetect
05-21 10:55:13.664   605  1169 V FNFaceDetectLibLoader: [53d8dff_64V] enter destroyInstance()
05-21 10:55:13.664   605  1169 I DLibLoader: [53d8dff_64I] enter unloadSo(), mSoName=libFNFD.so
05-21 10:55:13.664   605  1169 V FNFaceDetectLibLoader: [53d8dff_64V] enter unloadFuns()
05-21 10:55:13.664   605  1169 V FNFaceDetectLibLoader: [53d8dff_64V] enter setFunsToDefault()
05-21 10:55:13.665   605  1169 V FNFaceDetectLibLoader: [53d8dff_64V] enter ~FNFDLibLoader()
05-21 10:55:13.665   605  1169 I DLibLoader: [53d8dff_64I] enter ~DLibLoader()
05-21 10:55:13.665   605  1169 I DLibLoader: [53d8dff_64I] enter unloadSo(), mSoName=libFNFFD.so
05-21 10:55:13.665   605  1169 V FNFaceDetectLibLoader: [53d8dff_64V] enter unloadFuns()
05-21 10:55:13.665   605  1169 V FNFaceDetectLibLoader: [53d8dff_64V] enter setFunsToDefault()
05-21 10:55:13.665   605  1169 V FNFaceDetectLibLoader: [53d8dff_64V] enter ~FNFFDLibLoader()
05-21 10:55:13.665   605  1169 I DLibLoader: [53d8dff_64I] enter ~DLibLoader()
05-21 10:55:13.665   605  1169 V FNFaceDetectLibLoader: [53d8dff_64V] enter destroyInstance()
05-21 10:55:13.665   605  1169 I DLibLoader: [53d8dff_64I] enter unloadSo(), mSoName=libIPU12DriverUser.so
05-21 10:55:13.665   605  1169 V FNFaceDetectLibLoader: [53d8dff_64V] enter unloadFuns()
05-21 10:55:13.665   605  1169 I FNFaceDetectLibLoader: [53d8dff_64I] enter setFunsToDefault()
05-21 10:55:13.665   605  1169 V FNFaceDetectLibLoader: [53d8dff_64V] enter ~FNIPU12LibLoader()
05-21 10:55:13.665   605  1169 I DLibLoader: [53d8dff_64I] enter ~DLibLoader()
05-21 10:55:13.665   605  1169 D HwaIppAlgoExecutor: [53d8dff_64D] enter ~HwaIppAlgoExecutor(), algo name: FNFaceDetect
05-21 10:55:13.665   605  1169 D HwaIppAlgoExecutor: [53d8dff_64D] enter ~HwaIppAlgoExecutor(), algo name: SceneDetection
05-21 10:55:13.665   605  1169 D SceneDetection: [53d8dff_64D] enter ~SceneDetection()
05-21 10:55:13.665   605  1169 D IppAlgoSmartAE: [53d8dff_64D] enter onDestroy()
05-21 10:55:13.665   605  1169 D IppAlgoSmartAE: [53d8dff_64D] resetSceneAndComp() reset exposure compensation to 0.
05-21 10:55:13.666   605  1169 I DLibLoader: [53d8dff_64I] enter unloadSo(), mSoName=libSmartAE.so
05-21 10:55:13.666   605  1169 D SmartAEDLibLoader: [53d8dff_64D] enter unloadFuns()
05-21 10:55:13.666   605  1169 D HwaIppAlgoExecutor: [53d8dff_64D] enter ~HwaIppAlgoExecutor(), algo name: SmartAE
05-21 10:55:13.666   605  1169 D IppAlgoSmartAE: [53d8dff_64D] enter ~IppAlgoSmartAE()
05-21 10:55:13.666   605  1169 D SmartAEDLibLoader: [53d8dff_64D] enter ~SmartAEDLibLoader()
05-21 10:55:13.666   605  1169 I DLibLoader: [53d8dff_64I] enter ~DLibLoader()
05-21 10:55:13.666   605  1169 D HwaIppAlgoExecutor: [53d8dff_64D] enter ~HwaIppAlgoExecutor(), algo name: HwaDMapIpp
05-21 10:55:13.666   605  1169 I HwaDMapIpp: [53d8dff_64I] enter ~HwaDMapIpp()
05-21 10:55:13.666   605  1169 D HwaIppAlgoExeThread: [53d8dff_64D] enter destroy(), algo name: Misc
05-21 10:55:13.666   605  1169 D HwaIppAlgoExeThread: [53d8dff_64D] enter ~HwaIppAlgoExeThread(), algo name: Misc
05-21 10:55:13.666   605  1169 D Misc____: [53d8dff_64D] enter onDestroy()
05-21 10:55:13.666   605  1169 D HwaIppAlgoExecutor: [53d8dff_64D] enter ~HwaIppAlgoExecutor(), algo name: Misc
05-21 10:55:13.666   605  1169 D HwaIppAlgoExecutor: [53d8dff_64D] enter ~HwaIppAlgoExecutor(), algo name: BShutterTryAE
05-21 10:55:13.666   605  1169 D HwaIppAlgoExeThread: [53d8dff_64D] enter destroy(), algo name: AssistAF
05-21 10:55:13.666   605  1169 D HwaIppAlgoExeThread: [53d8dff_64D] enter ~HwaIppAlgoExeThread(), algo name: AssistAF
05-21 10:55:13.666   605  1169 D AssistAF: [53d8dff_64D] enter onDestroy()
05-21 10:55:13.666   605  1169 D HwaIppAlgoExecutor: [53d8dff_64D] enter ~HwaIppAlgoExecutor(), algo name: AssistAF
05-21 10:55:13.666   605  1169 D AssistAF: [53d8dff_64D] enter ~AssistAF()
05-21 10:55:13.666   605  1169 D HwaIppAlgoExecutor: [53d8dff_64D] enter ~HwaIppAlgoExecutor(), algo name: DepthSelfLearnAlgo
05-21 10:55:13.666   605  1169 D HwaIppAlgoExeThread: [53d8dff_64D] enter destroy(), algo name: IspEnhncAlgo
05-21 10:55:13.666   605  1169 D HwaIppAlgoExeThread: [53d8dff_64D] enter ~HwaIppAlgoExeThread(), algo name: IspEnhncAlgo
05-21 10:55:13.666   605  1169 I         : [53d8dff_64I] IspEnhncAlgoIpp:enter onDestroy()
05-21 10:55:13.666   605  1169 I DLibLoader: [53d8dff_64I] enter unloadSo(), mSoName=libispenhnc.so
05-21 10:55:13.666   605  1169 I DLibLoader: [53d8dff_64I] enter ~DLibLoader()
05-21 10:55:13.666   605  1169 D HwaIppAlgoExecutor: [53d8dff_64D] enter ~HwaIppAlgoExecutor(), algo name: IspEnhncAlgo
05-21 10:55:13.666   605  1169 I         : [53d8dff_64I] IspEnhncAlgoIpp:enter ~~IspEnhncAlgoIpp()
05-21 10:55:13.666   605  1169 D HwaIppAlgoExeThread: [53d8dff_64D] enter destroy(), algo name: MotionDetectionAlgo
05-21 10:55:13.666   605  1169 D HwaIppAlgoExeThread: [53d8dff_64D] enter ~HwaIppAlgoExeThread(), algo name: MotionDetectionAlgo
05-21 10:55:13.667   605  1169 I DLibLoader: [53d8dff_64I] enter unloadSo(), mSoName=libmotiondetect.so
05-21 10:55:13.667   605  1169 I DLibLoader: [53d8dff_64I] enter ~DLibLoader()
05-21 10:55:13.667   605  1169 D HwaIppAlgoExecutor: [53d8dff_64D] enter ~HwaIppAlgoExecutor(), algo name: MotionDetectionAlgo
05-21 10:55:13.667   605  1169 D MultiScale: [53d8dff_64D] enter onDestroy()
05-21 10:55:13.667   605  1169 D HwaIppAlgoExecutor: [53d8dff_64D] enter ~HwaIppAlgoExecutor(), algo name: MultiScale
05-21 10:55:13.667   605  1169 D HwaIppAlgoExecutor: [53d8dff_64D] enter ~HwaIppAlgoExecutor(), algo name: SenseMgr
05-21 10:55:13.667   605  1169 D SenseMgr: [53d8dff_64D] enter ~SenseMgr()
05-21 10:55:13.667   605  1169 D AfStatCalculate: [53d8dff_64D] enter onDestroy()
05-21 10:55:13.667   605  1169 I afstat_calc: afstat_cal_uninit!
05-21 10:55:13.667   605  1169 D AfStatCalculateLibLoader: [53d8dff_64D] enter destroyInstance()
05-21 10:55:13.667   605  1169 I DLibLoader: [53d8dff_64I] enter unloadSo(), mSoName=libAfStatCalc.so
05-21 10:55:13.667   605  1169 D AfStatCalculateLibLoader: [53d8dff_64D] enter unloadFuns()
05-21 10:55:13.667   605  1169 D AfStatCalculateLibLoader: [53d8dff_64D] enter setFunsToDefault()
05-21 10:55:13.667   605  1169 D AfStatCalculateLibLoader: [53d8dff_64D] enter ~AfStatCalculateLibLoader()
05-21 10:55:13.667   605  1169 I DLibLoader: [53d8dff_64I] enter ~DLibLoader()
05-21 10:55:13.667   605  1169 I MemPoolMonitor: [53d8dff_64I] HwCamMem enter checkMemChunkLeak(), allocateType=1
05-21 10:55:13.667   605  1169 I MemPoolMonitor: [53d8dff_64I] HwCamMem exit checkMemChunkLeak(), allocateType=1, isMemLeaked=0
05-21 10:55:13.667   605  1169 D HwaIppAlgoExecutor: [53d8dff_64D] enter ~HwaIppAlgoExecutor(), algo name: AfStatCalculate
05-21 10:55:13.667   605  1169 D AfStatCalculate: [53d8dff_64D] enter ~AfStatCalculate()
05-21 10:55:13.667   605  1169 D HwaIppAlgoExecutor: [53d8dff_64D] enter ~HwaIppAlgoExecutor(), algo name: ModeRecommendation
05-21 10:55:13.667   605  1169 I ModeRecom: [53d8dff_64I] enter ~ModeRecommendation()
05-21 10:55:13.667   605  1169 I HwaStatInfo: [53d8dff_64I] enter uninitialize()
05-21 10:55:13.667   605  1169 D HwaIppPluginImpl: [53d8dff_64D] FRMC_ this=0x71d071ce00, ipptype=0, exit  destroy()
05-21 10:55:13.668   605  1169 D IppAlgo : [HWA_CAM3]FRMC_ this=0x71d0684300, ipptype=0, name=StatIpp, exit destroyPlugin()
05-21 10:55:13.668   605  1169 D PpAlgo  : [HWA_CAM3]algo=PostPp KEY_CA_CAM3 SNAP enter notifyCameraClose snapShotId=0
05-21 10:55:13.668   605  1169 D HwaPPExecuter: [53d8dff_64D] SNAP ALGO enter notifyCameraClose
05-21 10:55:13.668   605  1169 D EventCallbackImpl: [HWA_CAM3]enter notifyStopPostProc()
05-21 10:55:13.668   605  1169 D AlgoFilterManager: [HWA_CAM3]KEY_CA_CAM3 exit destroyPlugin, mPipeLineId=3, mIsPlugInCreated=0
05-21 10:55:13.668   605  1158 I         : HwCamMem checkMemPool dumpMemInfo CHECK_INTERVAL:5000 ms, passTime:243069 ms
05-21 10:55:13.726   572   668 D bastetd : [BastetDevice   ] indScreenState# Screen on: 0
05-21 10:55:13.726   572   668 D bastetd : [BastetCsFW     ] isAllowBastetCsFw# allow_bastet_csfw null
05-21 10:55:13.728  1139  1528 I chatty  : uid=1000(system) PhotonicModulat expire 6 lines
05-21 10:55:13.731  1139  1312 I DisplayPowerController: mPowerRequest.useSmartBacklight : true
05-21 10:55:13.768   605  1158 I         : mempoolcfg case CLEAR_ALL, handleMessage
05-21 10:55:14.642  2810  3048 I AutoCache: DailyDecodeCount has been reset.
05-21 10:55:14.671  2810  3048 I AutoCache: thumbnail cache has been set up successfully.
05-21 10:55:15.629   597   597 E Thermal-daemon: [pa_0] temp_new :34  temp_old :33
05-21 10:55:15.631   597   597 E Thermal-daemon: Report temperature: [pa_0] temp :34  report_threshold:1
05-21 10:55:15.861   598   598 E wificond: Failed to get NL80211_RATE_INFO_NOISE
05-21 10:55:15.861   598   598 E wificond: Failed to get NL80211_RATE_INFO_SNR
05-21 10:55:15.861   598   598 E wificond: Failed to get NL80211_STA_INFO_CNAHLOAD
05-21 10:55:15.864   598   598 E wificond: Failed to get NL80211_RATE_INFO_NOISE
05-21 10:55:15.864   598   598 E wificond: Failed to get NL80211_RATE_INFO_SNR
05-21 10:55:15.864   598   598 E wificond: Failed to get NL80211_STA_INFO_CNAHLOAD
05-21 10:55:16.093 29341 29361 D TmoMonitor: Cache monitor msg as screen_off
05-21 10:55:16.433  1139  2733 D SmartHeartBeat: setAlarmsPending ...
05-21 10:55:16.773   605  1158 I         : getTotalMemoryFromDDRInfo, buffer = 0x4ff
05-21 10:55:16.773   605  1158 I         : , len = 6
05-21 10:55:16.773   605  1158 I         : [getTotalMemoryFromDDRInfo] total memory =4194304KB
05-21 10:55:16.810   605  1158 I         : HwCamMem mempoolcfg dumpMemInfo Free=1833600, Total=4194304, Pss=36029 mTimeOutCount=1
05-21 10:55:18.157  1546  1546 D KeyguardViewMediator: received DELAYED_KEYGUARD_ACTION with seq = 59, mDelayedShowingSequence = 59
05-21 10:55:18.157  1546  1546 E KeyguardUpdateMonitor: isSimPinSecure mSimDatas is null or empty 
05-21 10:55:18.161  1546  1546 D KeyguardViewMediator: doKeyguard: showing the lock screen
05-21 10:55:18.162  1546  1546 W KeyguardViewMediator: HwKeyguardViewMediator showLocked.
05-21 10:55:18.162  1546  1546 I KeyguardViewMediator: showLocked
05-21 10:55:18.167  1546  1716 W KeyguardViewMediator: setFloatTaskHide : true;  reason : keyguardLocked
05-21 10:55:18.168  1139  2733 V BroadcastQueue: Finished with ordered broadcast BroadcastRecord{4604cc7 u0 com.android.internal.policy.impl.PhoneWindowManager.DELAYED_KEYGUARD}
05-21 10:55:18.169  1546  1546 D KeyguardViewMediator: handleShow
05-21 10:55:18.169  1546  1546 W KeyguardViewMediator: handleShow set WakeAndUnlocking false
05-21 10:55:18.170  1139  1699 I HwAftPolicyService: notifyKeyguardStateChange, Keyguard state has change to true
05-21 10:55:18.170  1139  1139 I HwAftPolicyService: call aft hidl keyguard showing state=true
05-21 10:55:18.171  1546  1546 W StatusBarWindowManager: Apply window without WALLPAPER
05-21 10:55:18.171  1546  1546 W AppHandler: sendImmediateMessage 18 with args (1, 0)
05-21 10:55:18.172  1546  1546 W HwLockScreenPanel: Handle message: 18
05-21 10:55:18.172   507   507 E TS_Service: hwTsSetAftConfig
05-21 10:55:18.172   507   507 I TS_HAL  : ts_set_aft_config:called
05-21 10:55:18.172   507   507 I aptouch_daemon, [--aptouch_interface_client--]: thp_execute_cmd_parms starting. cmd: aftouch.config.str
05-21 10:55:18.172   507   507 I aptouch_daemon, [--aptouch_interface_client--]: thp_get_cs, use vndbinder
05-21 10:55:18.177   518   607 I aptouch_daemon: get_cmd, =====>>find m_cmd=====>>aftouch.config.str
05-21 10:55:18.177   518   607 I aptouch_daemon: aft_set_config_str, aft_set_config_str---version:1+state:locked
05-21 10:55:18.177   518   607 I aptouch_daemon: thp_cmd_set_aftouch_config_str, aftouch_set_config_str: version:1+state:locked
05-21 10:55:18.179   518 30865 I aptouch_daemon: excute_long_cmd, ========>>aftouch.config.str excute done!
05-21 10:55:18.179  1546  1546 V KeyguardUpdateMonitor: *** register callback for com.android.keyguard.KeyguardHostView$1@b766fd1
05-21 10:55:18.179  1546  1546 V KeyguardUpdateMonitor: *** unregister callback for null
05-21 10:55:18.183  1546  1546 V KeyguardSecurityView: showPrimarySecurityScreen(turningOff=false)
05-21 10:55:18.183  1546  1546 D KeyguardSecurityView: showSecurityScreen(None)
05-21 10:55:18.184  1546  1546 W StatusBarWindowManager: Apply window without WALLPAPER
05-21 10:55:18.189  1546  1546 I PhoneStatusBar: updateNotificationShade: total=5, active=5
05-21 10:55:18.189  1546  1546 W PhoneStatusBar: updateNotificationShade hasFaceDT: false; Detected:false
05-21 10:55:18.191  1546  1546 W StatusBarWindowManager: Apply window without WALLPAPER
05-21 10:55:18.195  1546  1546 I HwNotificationCleanerImpl: onKeyguardStateChanged: changeToKeyguard=true;mSmartNotificationEnable=true
05-21 10:55:18.197  1546  1546 W HwKeyguardDragHelper: AnimationBlocked
05-21 10:55:18.198  1546  2363 I Tile.WifiTile: setListening: listening = false
05-21 10:55:18.198  1546  1546 I PhoneStatusBarView: remove mHideExpandedRunnable
05-21 10:55:18.199  1546  1546 I HwKeyguardBottomArea: HwKeyguardBottom setVisibility with error state
05-21 10:55:18.199  1546  1546 D QSContainer: setKeyguardShowing true, com.android.systemui.qs.QSContainer{f09719b V.E...... ......ID 0,0-1080,499 #7f140409 app:id/quick_settings_container}
05-21 10:55:18.199  1546  1546 I HwKeyguardBottomArea: HwKeyguardBottom setVisibility with error state
05-21 10:55:18.200  1546  1546 I PhoneStatusBar: updateNotificationShade: total=5, active=1
05-21 10:55:18.200  1546  1546 W PhoneStatusBar: updateNotificationShade hasFaceDT: false; Detected:false
05-21 10:55:18.205  1546  1546 W AppHandler: sendMessage 4
05-21 10:55:18.209  1546  1546 W HwKeyguardPolicy: KGSvcCall updateKeyguardState 1->1; false false
05-21 10:55:18.209  1546  1546 D PhoneStatusBar: Make expanded visible: expanded visible=false, force=true, panelsEnabled=true
05-21 10:55:18.209  1546  1546 W StatusBarWindowManager: Apply window without WALLPAPER
05-21 10:55:18.209  1546  1546 D PhoneStatusBar: disable: < expand ICONS* alerts SYSTEM_INFO* back home recent clock navigationbar search quick_settings >
05-21 10:55:18.211  1546  1546 I PanelBar: panelExpansionChanged 0.0, true
05-21 10:55:18.212  1546  1546 D PhoneStatusBar: Make expanded visible: expanded visible=true, force=false, panelsEnabled=true
05-21 10:55:18.212  1546  1546 I PhoneStatusBarView: setAlpha with value : 0.0
05-21 10:55:18.213  1546  1546 D KeyguardViewBase: showPrimarySecurityScreen()
05-21 10:55:18.214  1546  1546 V KeyguardSecurityView: showPrimarySecurityScreen(turningOff=false)
05-21 10:55:18.214  1546  1546 D KeyguardSecurityView: showSecurityScreen(None)
05-21 10:55:18.215  1546  1546 D KeyguardUpdateMonitor: sendKeyguardReset
05-21 10:55:18.215  1546  1546 W StatusBarKeyguardViewManager: set navBarVisible 
05-21 10:55:18.215  1546  1546 D KeyguardUpdateMonitor: onKeyguardVisibilityChanged(true)
05-21 10:55:18.215  1546  1546 W BiometricController: kgsvc keyguard reshowing and set not InFaceUnlock
05-21 10:55:18.215  1546  1546 V KeyguardStatusView: refresh statusview showing:true
05-21 10:55:18.215  1546  1716 I KeyguardStatusView: Runnable for refresh
05-21 10:55:18.216  1546  1546 V KeyguardUpdateMonitor: FingerStat showing: false; Interactive: false; Switching: false; Bouncer:false; GoingToSleep: false Occluded: false; dreaming: false; Authenticated: false
05-21 10:55:18.217  1546  1546 I KeyguardUpdateMonitor: Ignore update FP: 0 false
05-21 10:55:18.217  1546  1546 W AppHandler: sendSingleMessage 10 with args (1, 1)
05-21 10:55:18.217  1546  1546 W StatusBarKeyguardViewManager: updateStates Show KeyguardStatusBar with clcok: false
05-21 10:55:18.218  1546  1546 W KeyguardViewMediator: setWakeAndUnlocking false
05-21 10:55:18.218  1546  1546 W KeyguardViewMediator: java.lang.Exception
05-21 10:55:18.218  1546  1546 W KeyguardViewMediator: 	at com.android.systemui.keyguard.KeyguardViewMediator.setWakeAndUnlocking(KeyguardViewMediator.java:2006)
05-21 10:55:18.218  1546  1546 W KeyguardViewMediator: 	at com.android.systemui.keyguard.KeyguardViewMediator.handleShow(KeyguardViewMediator.java:1990)
05-21 10:55:18.218  1546  1546 W KeyguardViewMediator: 	at com.android.systemui.keyguard.HwKeyguardViewMediator.handleShow(HwKeyguardViewMediator.java:705)
05-21 10:55:18.218  1546  1546 W KeyguardViewMediator: 	at com.android.systemui.keyguard.KeyguardViewMediator$4.handleMessage(KeyguardViewMediator.java:1729)
05-21 10:55:18.218  1546  1546 W KeyguardViewMediator: 	at android.os.Handler.dispatchMessage(Handler.java:108)
05-21 10:55:18.218  1546  1546 W KeyguardViewMediator: 	at android.os.Looper.loop(Looper.java:166)
05-21 10:55:18.218  1546  1546 W KeyguardViewMediator: 	at android.app.ActivityThread.main(ActivityThread.java:7425)
05-21 10:55:18.218  1546  1546 W KeyguardViewMediator: 	at java.lang.reflect.Method.invoke(Native Method)
05-21 10:55:18.218  1546  1546 W KeyguardViewMediator: 	at com.android.internal.os.Zygote$MethodAndArgsCaller.run(Zygote.java:245)
05-21 10:55:18.218  1546  1546 W KeyguardViewMediator: 	at com.android.internal.os.ZygoteInit.main(ZygoteInit.java:921)
05-21 10:55:18.219  1546  1546 E KeyguardUpdateMonitor: isSimPinSecure mSimDatas is null or empty 
05-21 10:55:18.219  1546  1546 D KeyguardViewMediator: adjustStatusBarLocked: mShowing=true mOccluded=false isSecure=false --> flags=0x3200000
05-21 10:55:18.221  1546  1546 V KeyguardDisplayManager: show
05-21 10:55:18.221  1546  1546 E HiddenSpace: update HiddenSpaceData!
05-21 10:55:18.221  1546  1758 W KeyguardViewMediator: updateActivityLockScreenState setLockScreenShown: true
05-21 10:55:18.222  1139  6103 D ActivityManager: setLockScreenShown showing : true callingPid = 1546
05-21 10:55:18.222  1546  1546 I HiddenSpace: don't find the hidden space userId!
05-21 10:55:18.223  1546  1546 V KeyguardUpdateMonitor: setKeyguardViewState: true-false
05-21 10:55:18.223  1546  1546 W AppHandler: sendImmediateMessage 10 with args (3, 0)
05-21 10:55:18.223  1546  1546 W HwLockScreenPanel: Handle message: 10
05-21 10:55:18.224  1546  1546 W HwKeyguardBottomArea: updateBatteryInfo : false  true
05-21 10:55:18.225  1546  1546 W HwKeyguardBottomArea: updateBatteryInfo : false  true
05-21 10:55:18.225  1546  1546 E KeyguardUpdateMonitor: isSimPinSecure mSimDatas is null or empty 
05-21 10:55:18.226  1546  1546 W HwKeyguardBottomArea: updateBatteryInfo : false  true
05-21 10:55:18.226  1546  1546 D MagazineDetailView: resetPagerState
05-21 10:55:18.226  1546  1546 D MagazineSwitchViewPager: invoke callSetCurrentItemInternal
05-21 10:55:18.229  1546  1546 I HwBackDropView: restore param to 0
05-21 10:55:18.229  1546  1546 W HwBackDropView: setDrawBehindAsSrc skipped. null
05-21 10:55:18.229  1546  1546 I HwBackDropView: checkVisibility : true; true
05-21 10:55:18.229  1546  1546 I MagazineView: forceToUpdate imageView
05-21 10:55:18.229  1546  1546 I HwBackDropView: when SIM state changed, check to update fyuse pic
05-21 10:55:18.233  1546  1546 W KG_FDT  : unregisterSensor. face dectect finish
05-21 10:55:18.233  1546  1546 W KG_FDT  : stop dectect but already disconnected or already in state=0
05-21 10:55:18.233  1546  1546 I KG_FDT  : Configuration update < 0 no hide>
05-21 10:55:18.233  1546  1546 W KG_FDT  : setShowSensitiveNotification skiped.false hide :false
05-21 10:55:18.234  1925  9048 D AntiBruteForceProcessor: RemainingAuthenticateNum = 5
05-21 10:55:18.234  1546  1546 V KG_FDT  : updateFaceLockInfo to chance ( 5 <--> 0)
05-21 10:55:18.234  1546  1546 V KeyguardUpdateMonitor: keyguard enter lock
05-21 10:55:18.234  1546  1546 W AppHandler: sendImmediateMessage 12 with args (0, 0)
05-21 10:55:18.234  1546  1546 W HwLockScreenPanel: Handle message: 12
05-21 10:55:18.234  1546  1546 W HwLockScreenPanel: MSG_KEYGUARD_SHOWING
05-21 10:55:18.245  1139  2733 D WindowManager: face_rotation:isIntelliServiceEnabled: setting swtich off for user 0
05-21 10:55:18.245  1139  2733 I WindowManager: rotationForOrientationLw(orient=5, last=0); user=0 
05-21 10:55:18.245  1139  2733 D WindowManager: face_rotation:isIntelliServiceEnabled: setting swtich off for user 0
05-21 10:55:18.245  1139  2733 D HwPhoneWindowManager: face_rotation: not enabled,use sensor real
05-21 10:55:18.245  1139  2733 D HwPhoneWindowManager: face_rotation:real sensor rotation = -1
05-21 10:55:18.245  1139  2733 D HwPhoneWindowManager: face_rotation: rotation = 0
05-21 10:55:18.246  1139  2733 I WindowManager: Selected orientation 5, got rotation 0 which has compatible metrics
05-21 10:55:18.251   512   682 E BufferQueueProducer: [com.cambricon.productdisplay/com.cambricon.productdisplay.activity.HomeActivity#0] disconnect: not connected (req=1)
05-21 10:55:18.252 30795 30818 W libEGL  : EGLNativeWindowType 0x75d8876010 disconnect failed
05-21 10:55:18.268  1139  2733 W WindowManager: reset canBeSeen for statusbar when keyguard on
05-21 10:55:18.271  1139  6103 E WindowManager: win=Window{89d70b8 u0 com.cambricon.productdisplay/com.cambricon.productdisplay.activity.HomeActivity} destroySurfaces: appStopped=true win.mWindowRemovalAllowed=false win.mRemoveOnExit=false
05-21 10:55:18.272  1139  6103 I WindowManager: Destroying surface Surface(name=com.cambricon.productdisplay/com.cambricon.productdisplay.activity.HomeActivity) called by com.android.server.wm.WindowStateAnimator.destroySurface:2066 com.android.server.wm.WindowStateAnimator.destroySurfaceLocked:879 com.android.server.wm.HwWindowStateAnimator.destroySurfaceLocked:1006 com.android.server.wm.WindowState.destroyOrSaveSurfaceUnchecked:2990 com.android.server.wm.WindowState.destroySurface:2951 com.android.server.wm.WindowManagerService.tryStartExitingAnimation:2620 com.android.server.wm.WindowManagerService.relayoutWindow:2449 com.android.server.wm.Session.relayout:234 
05-21 10:55:18.274  1139  6103 W WindowManager: reset canBeSeen for statusbar when keyguard on
05-21 10:55:18.274   512  4693 E BufferQueueProducer: [StatusBar#0] disconnect: not connected (req=1)
05-21 10:55:18.275  1546  1546 W StaticLayout: maxLineHeight should not be -1.  maxLines:1 lineCount:1
05-21 10:55:18.275  1546  2056 W libEGL  : EGLNativeWindowType 0x75acb33010 disconnect failed
05-21 10:55:18.279  1546  1546 W HwKeyguardDragHelper: AnimationBlocked
05-21 10:55:18.279  1546  2056 D mali_winsys: EGLint new_window_surface(egl_winsys_display *, void *, EGLSurface, EGLConfig, egl_winsys_surface **, egl_color_buffer_format *, EGLBoolean) returns 0x3000
05-21 10:55:18.281 30795 30795 V ActivityThread: Handle window ActivityRecord{fd0bcac token=android.os.BinderProxy@623b6b4 {com.cambricon.productdisplay/com.cambricon.productdisplay.activity.HomeActivity}} visibility: false
05-21 10:55:18.283  1546  1546 W PanelView: set notification panel padding = 2154
05-21 10:55:18.283  1546  1546 I PanelView: requestScrollerTopPaddingUpdate: ignoreIntrinsicPadding=true
05-21 10:55:18.284  1546  1546 I PanelView: requestScrollerTopPaddingUpdate: ignoreIntrinsicPadding=false
05-21 10:55:18.285  1546  1546 W PanelView: set mBlockAnimation false
05-21 10:55:18.286  1546  1546 W PanelView: set notification panel padding = 2154
05-21 10:55:18.286  1546  1546 W StatusBarWindowManager: Apply window without WALLPAPER
05-21 10:55:18.286  1546  1546 W StatusBarWindowManager: Apply window without WALLPAPER
05-21 10:55:18.290  1139  2733 W WindowManager: reset canBeSeen for statusbar when keyguard on
05-21 10:55:18.291  3200  3200 D IntelligentReceiver: onReceive ,intent:Intent { act=com.android.systemui.statusbar.visible.change flg=0x10 (has extras) }
05-21 10:55:18.293  1546  1546 D KeyguardViewMediator: send keyguard locked intent
05-21 10:55:18.302  1546  1546 W HwLockScreenPanel: Handle message: 4
05-21 10:55:18.302  1546  1546 D KeyguardUpdateMonitor: handleKeyguardReset
05-21 10:55:18.303  1546  1546 V KeyguardUpdateMonitor: FingerStat showing: true; Interactive: false; Switching: false; Bouncer:false; GoingToSleep: false Occluded: false; dreaming: false; Authenticated: false
05-21 10:55:18.303  1546  1546 I KeyguardUpdateMonitor: Ignore update FP: 0 false
05-21 10:55:18.306  1546  1546 D WeatherHelper: City info empty
05-21 10:55:18.307  1546  1546 D PhoneStatusBar: disable: < expand ICONS alerts SYSTEM_INFO back HOME* RECENT* clock navigationbar SEARCH* quick_settings >
05-21 10:55:18.308  1546  1546 D ToolBoxView: mOrderShortCutLayout
05-21 10:55:18.308  1546  1546 V ToolBoxView: icon 4 is visible: true
05-21 10:55:18.308  1546  1546 D ToolBoxView: mOrderShortCutLayout
05-21 10:55:18.308  1546  1546 V ToolBoxView: icon 3 is visible: true
05-21 10:55:18.308  1546  1546 D ToolBoxView: mOrderShortCutLayout
05-21 10:55:18.308  1546  1546 V ToolBoxView: icon 2 is visible: true
05-21 10:55:18.308  1546  1546 D ToolBoxView: mOrderShortCutLayout
05-21 10:55:18.308  1546  1546 V ToolBoxView: icon 1 is visible: true
05-21 10:55:18.308  1546  1546 D ToolBoxView: mOrderShortCutLayout
05-21 10:55:18.308  1546  1546 V ToolBoxView: icon 0 is visible: true
05-21 10:55:18.308  1546  1546 D ToolBoxView: mOrderIconExpandViews
05-21 10:55:18.308  1546  1546 I chatty  : uid=10029(u0_a29) com.android.systemui identical 2 lines
05-21 10:55:18.308  1546  1546 D ToolBoxView: mOrderIconExpandViews
05-21 10:55:18.309  3101 29238 I HiBoardProvider: call method: getUserProtocolState
05-21 10:55:18.309  3200 30867 D IntelligentIntentService: user protocol disagree
05-21 10:55:18.316  1546 30868 I ToolBoxView: updateFlashlightViewInner:isAvailabletrue;isEnabledfalse;lightControllercom.android.systemui.statusbar.policy.FlashlightController@84c938
05-21 10:55:18.327  1139  6103 W WindowManager: reset canBeSeen for statusbar when keyguard on
05-21 10:55:18.335  1546  1546 D UnderLayer: ondraw 0, Rect(0, 0 - 1080, 2160)
05-21 10:55:18.336  1139  6103 V BroadcastQueue: Finished with ordered broadcast BroadcastRecord{de56b19 u0 com.google.android.gms.gcm.ACTION_CHECK_QUEUE}
05-21 10:55:18.336  1139  2733 I chatty  : uid=1000(system) Binder:1139_11 expire 4 lines
05-21 10:55:18.355  2589  4409 D WorkSource: Insert in WorkSource{} @ 0 uid 10019 name com.google.android.gms
05-21 10:55:18.355  2589  4409 D WorkSource: Insert in WorkSource{} @ 0 uid 10019 name com.google.android.gms
05-21 10:55:18.375  1139  6103 D WindowManager: finishDrawingWindow: Window{2d9d2b7 u0 StatusBar} mDrawState=DRAW_PENDING
05-21 10:55:18.377  1546  1546 W HwLockScreenPanel: Handle message: 10
05-21 10:55:18.379  1139  1407 W WindowManager: reset canBeSeen for statusbar when keyguard on
05-21 10:55:18.379  2589  4409 D WorkSource: Insert in WorkSource{} @ 0 uid 10019 name com.google.android.gms
05-21 10:55:18.379  1546  1546 W HwKeyguardBottomArea: updateBatteryInfo : false  true
05-21 10:55:18.379  1546  1546 W HwKeyguardBottomArea: updateBatteryInfo : false  true
05-21 10:55:18.380  1546  1546 E KeyguardUpdateMonitor: isSimPinSecure mSimDatas is null or empty 
05-21 10:55:18.380  1139  2733 W HwAlarmManagerService: isContainsAppUidInWorksource-->happend NameNotFoundException
05-21 10:55:18.380  1546  1546 W HwKeyguardBottomArea: updateBatteryInfo : false  true
05-21 10:55:18.380  1546  1546 D MagazineDetailView: resetPagerState
05-21 10:55:18.380  1546  1546 D MagazineSwitchViewPager: invoke callSetCurrentItemInternal
05-21 10:55:18.382  1546  1546 I HwBackDropView: restore param to 0
05-21 10:55:18.382  1546  1546 I HwBackDropView: checkVisibility : true; true
05-21 10:55:18.382  1546  1546 I MagazineView: forceToUpdate imageView
05-21 10:55:18.382  1546  1546 I HwBackDropView: when SIM state changed, check to update fyuse pic
05-21 10:55:18.383  1546  1546 I HwFyuseView: destroySurface : null
05-21 10:55:18.383  1546  1546 D Fyulytics: Unable to track View End Event. FyuseData is null
05-21 10:55:18.383  1546  1546 I HwFyuseView: destroySurface : null
05-21 10:55:18.383  1546  1546 D Fyulytics: Unable to track View End Event. FyuseData is null
05-21 10:55:18.383  1546  1546 I HwFyuseView: destroySurface : null
05-21 10:55:18.383  1546  1546 D Fyulytics: Unable to track View End Event. FyuseData is null
05-21 10:55:18.383  1546  1546 I WallpaperPagerAdapter: clearViewData
05-21 10:55:18.390  2589 30869 I NetRec  : [832] znt.a: Refreshing scores for 2 networks.
05-21 10:55:18.396  1546  1546 W HwKeyguardDragHelper: AnimationBlocked
05-21 10:55:18.396  1546  1546 W PanelView: set notification panel padding = 2154
05-21 10:55:18.396  1546  1546 W PanelView: set mBlockAnimation false
05-21 10:55:18.411   451 30870 W libc    : Set property "hw.wifi.dns_stat" to "142,25,717,1,4200"
05-21 10:55:18.419  1139  6103 D SmartHeartBeat: setAlarmsPending ...
05-21 10:55:18.433  1139  1139 I HwActivityManagerService: OverscanTimeout run
05-21 10:55:18.470 24442 25362 D HwLBSService.NetworkMonitor: WifiScan Settings Changes, new state: false
05-21 10:55:18.730  1546  1716 I WeatherUtils: getCurrentWeatherInfo currentTemperature is :21.0 mWeatherIcon Id is: 7
05-21 10:55:18.735  1546  1716 I WeatherUtils: getCurrentWeatherInfo currentTemperature is :-20000.0 mWeatherIcon Id is: 0
05-21 10:55:18.735  1546  1716 D WeatherHelper: homeWeatherInfo = com.huawei.keyguard.events.weather.WeatherInfo@5c703c2
05-21 10:55:18.736  1546  1716 D WeatherHelper: City info empty
05-21 10:55:18.739  1546  1546 D DateTimeView: Change to single clock mode!
05-21 10:55:18.745  1546  1546 D WeatherHelper: City info empty
05-21 10:55:18.762  1546  1546 W HwKeyguardDragHelper: AnimationBlocked
05-21 10:55:18.762  1546  1546 W PanelView: set notification panel padding = 2154
05-21 10:55:18.763  1546  1546 W PanelView: set mBlockAnimation false
05-21 10:55:18.923  1546  1546 W HwKeyguardBottomArea: KG_FDT mShowIndicationRunner
05-21 10:55:18.924  1546  1546 W LockIcon: hideView: false
05-21 10:55:18.924  1546  1546 D TimeKeeper: getTimeTickInfo:[mMillisUntilFinished:0, mHour:0, mMinute:0, mSecond:0]
05-21 10:55:18.924  1546  1546 E KeyguardUpdateMonitor: isSimPinSecure mSimDatas is null or empty 
05-21 10:55:18.925  1546  1546 D TimeKeeper: getTimeTickInfo:[mMillisUntilFinished:0, mHour:0, mMinute:0, mSecond:0]
05-21 10:55:18.925  1546  1546 W LockIcon: getState 1 <-> 0; fp running false
05-21 10:55:18.926  1546  1546 W LockIcon: getHintTextRes isMethodSecure: false  isUserTrustIsManaged false
05-21 10:55:18.926  1546  1546 W LockIcon: update state skiped 
05-21 10:55:18.936  1546  1546 W HwKeyguardBottomArea: updateBatteryInfo : false  true
05-21 10:55:18.936  1546  1546 W HwKeyguardBottomArea: KG_FDT ShowIndicationRunner finish
05-21 10:55:18.944  1546  1546 W HwKeyguardDragHelper: AnimationBlocked
05-21 10:55:18.944  1546  1546 W PanelView: set notification panel padding = 2154
05-21 10:55:18.945  1546  1546 W PanelView: set mBlockAnimation false
05-21 10:55:19.093 29341 29361 D TmoMonitor: Cache monitor msg as screen_off
05-21 10:55:19.213  1546  1546 I PhoneStatusBarView: mDelayedGetViewPositionOnScreen getLocationInWindow 0 0
05-21 10:55:19.213  1546  1546 I PhoneStatusBarView: mDelayedGetViewPositionOnScreen getLocationOnScreen 0 0
05-21 10:55:19.251  1546  1546 W HwKeyguardBottomArea: ShowIndicationRunner End
05-21 10:55:19.337  1139  1139 D WifiService: onReceive, action:android.intent.action.BATTERY_CHANGED
