05-21 10:53:08.391  2655  5508 W ContextImpl: Calling a method in the system process without a qualified user: android.app.ContextImpl.bindService:1736 android.content.ContextWrapper.bindService:678 com.huawei.nb.dataservice.dsclient.RemoteServiceConnection.open:90 com.huawei.nb.dataservice.dsclient.DataServiceProxy.connect:105 com.huawei.nb.dataservice.rsclient.internal.RemoteRuleService.start:27 
05-21 10:53:08.395  1139  1307 I chatty  : uid=1000(system) android.display expire 2 lines
05-21 10:53:08.395  1139  1282 I chatty  : uid=1000(system) android.ui expire 6 lines
05-21 10:53:08.401  1139  1312 I chatty  : uid=1000(system) PowerManagerSer expire 6 lines
05-21 10:53:08.412  1139  6366 I chatty  : uid=1000(system) Binder:1139_1F expire 1 line
05-21 10:53:08.413  1139  1139 I chatty  : uid=1000 system_server expire 13 lines
05-21 10:53:08.471  1139  6103 I chatty  : uid=1000(system) Binder:1139_1E expire 30 lines
05-21 10:53:08.591   451  1094 W SocketListener: sending broadcast to Pid = 1139, Uid = 1000 
05-21 10:53:08.593  1139  1441 I chatty  : uid=1000(system) NetdConnector expire 6 lines
05-21 10:53:08.596  1139  1305 I chatty  : uid=1000(system) android.fg expire 2 lines
05-21 10:53:08.602  1139  1699 I chatty  : uid=1000(system) Binder:1139_4 expire 34 lines
05-21 10:53:08.962  1139  5150 I chatty  : uid=1000(system) Binder:1139_1A expire 4 lines
05-21 10:53:09.027  1139  1407 I chatty  : uid=1000(system) android.anim expire 20 lines
05-21 10:53:09.036  1546  1546 V KeyguardDisplayManager: hide
05-21 10:53:09.039  1139  6089 I chatty  : uid=1000(system) Binder:1139_1D expire 13 lines
05-21 10:53:09.043  1139  1281 I chatty  : uid=1000(system) ActivityManager expire 30 lines
05-21 10:53:09.073  1139  1458 I chatty  : uid=1000(system) WifiP2pService expire 5 lines
05-21 10:53:09.105  1139  1456 I chatty  : uid=1000(system) WifiScanningSer expire 1 line
05-21 10:53:10.284   451  1095 W SocketListener: sending broadcast to Pid = 1139, Uid = 1000 
05-21 10:53:10.338 30386 30386 D ActivityThread: ActivityThread,attachApplication
05-21 10:53:11.240   598   598 E wificond: Failed to get NL80211_RATE_INFO_NOISE
05-21 10:53:11.240   598   598 E wificond: Failed to get NL80211_RATE_INFO_SNR
05-21 10:53:11.240   598   598 E wificond: Failed to get NL80211_STA_INFO_CNAHLOAD
05-21 10:53:12.681  1139  1327 I chatty  : uid=1000(system) PackageManager expire 9 lines
05-21 10:53:13.385  1139  1959 I chatty  : uid=1000(system) Binder:1139_7 expire 9 lines
05-21 10:53:13.389  1546 20924 I CommandQueue: updateBarBgColor
05-21 10:53:13.389  1546 20924 D CommandQueue: CommandQueue, setBarBackgroundColor
05-21 10:53:13.392  1139  2779 I chatty  : uid=1000(system) Binder:1139_18 expire 15 lines
05-21 10:53:13.392  1864  2178 I HwNetworkPolicyManager: getHwUidPolicy uid = 10067 policy = 0
05-21 10:53:13.399  1139  1945 I chatty  : uid=1000(system) Binder:1139_5 expire 7 lines
05-21 10:53:13.577  1139  1277 I chatty  : uid=1000(system) android.bg expire 3 lines
05-21 10:53:13.629 30386 30386 W ContextImpl: Calling a method in the system process without a qualified user: android.app.ContextImpl.startService:1656 android.content.ContextWrapper.startService:644 android.content.ContextWrapper.startService:644 com.android.settings.applications.BlackListReceiver.onReceive:35 android.app.ActivityThread.handleReceiver:3695 
05-21 10:53:13.711 27095 27095 W ContextImpl: Calling a method in the system process without a qualified user: android.app.ContextImpl.startService:1656 android.content.ContextWrapper.startService:644 android.content.ContextWrapper.startService:644 com.huawei.systemmanager.antivirus.utils.AntiVirusTools.deleteVirusApk:632 com.huawei.systemmanager.antivirus.AntiVirusReceiver.handlerPackageRemoved:52 
05-21 10:53:13.720 27095 27817 W ContextImpl: Calling a method in the system process without a qualified user: android.app.ContextImpl.startService:1656 android.content.ContextWrapper.startService:644 com.huawei.systemmanager.spacecleanner.receiver.SpaceCleanReceiver.checkRarelyUsedApp:87 com.huawei.systemmanager.spacecleanner.receiver.SpaceCleanReceiver.doInBackground:39 java.lang.reflect.Method.invoke:-2 
05-21 10:53:13.780 30386 30386 W ContextImpl: Calling a method in the system process without a qualified user: android.app.ContextImpl.startService:1656 android.content.ContextWrapper.startService:644 android.content.ContextWrapper.startService:644 com.android.settings.applications.BlackListReceiver.onReceive:35 android.app.ActivityThread.handleReceiver:3695 
05-21 10:53:13.787 30456 30456 D ActivityThread: ActivityThread,attachApplication
05-21 10:53:13.803  1139  2757 I chatty  : uid=1000(system) Binder:1139_12 expire 5 lines
05-21 10:53:13.812  1864  2178 I HwNetworkPolicyManager: getHwUidPolicy uid = 10143 policy = 0
05-21 10:53:13.849 30456 30456 V ActivityThread: ActivityThread,callActivityOnCreate
05-21 10:53:13.851 27095 27095 W ContextImpl: Calling a method in the system process without a qualified user: android.app.ContextImpl.startService:1656 android.content.ContextWrapper.startService:644 android.content.ContextWrapper.startService:644 com.huawei.systemmanager.antivirus.utils.AntiVirusTools.checkVirusForNewInstalledApk:620 com.huawei.systemmanager.antivirus.AntiVirusReceiver.onReceive:36 
05-21 10:53:13.859  1139  2725 I chatty  : uid=1000(system) Binder:1139_F expire 7 lines
05-21 10:53:13.875 27095 27827 W ContextImpl: Calling a method in the system process without a qualified user: android.app.ContextImpl.startService:1656 android.content.ContextWrapper.startService:644 com.huawei.systemmanager.spacecleanner.receiver.SpaceCleanReceiver.checkRarelyUsedApp:87 com.huawei.systemmanager.spacecleanner.receiver.SpaceCleanReceiver.doInBackground:39 java.lang.reflect.Method.invoke:-2 
05-21 10:53:13.877  1139  6375 I chatty  : uid=1000(system) Binder:1139_20 expire 1 line
05-21 10:53:13.964 30456 30456 D ActivityThread: add activity client record, r= ActivityRecord{c732276 token=android.os.BinderProxy@623b6b4 {com.cambricon.productdisplay/com.cambricon.productdisplay.activity.SplashActivity}} token= android.os.BinderProxy@623b6b4
05-21 10:53:14.001  1546 20911 I CommandQueue: updateBarBgColor
05-21 10:53:14.001  1546 20911 D CommandQueue: CommandQueue, setBarBackgroundColor
05-21 10:53:14.249   598   598 E wificond: Failed to get NL80211_RATE_INFO_NOISE
05-21 10:53:14.249   598   598 E wificond: Failed to get NL80211_RATE_INFO_SNR
05-21 10:53:14.249   598   598 E wificond: Failed to get NL80211_STA_INFO_CNAHLOAD
05-21 10:53:15.265 30386 30386 W ContextImpl: Calling a method in the system process without a qualified user: android.app.ContextImpl.startService:1656 android.content.ContextWrapper.startService:644 android.content.ContextWrapper.startService:644 com.android.settings.applications.BlackListReceiver.onReceive:35 android.app.ActivityThread.handleReceiver:3695 
05-21 10:53:15.493 30456 30456 V ActivityThread: ActivityThread,callActivityOnCreate
05-21 10:53:15.601 30456 30456 D ActivityThread: add activity client record, r= ActivityRecord{1781e86 token=android.os.BinderProxy@73c7c {com.cambricon.productdisplay/com.cambricon.productdisplay.activity.HomeActivity}} token= android.os.BinderProxy@73c7c
05-21 10:53:15.667  1546 20911 I CommandQueue: updateBarBgColor
05-21 10:53:15.668  1546 20911 D CommandQueue: CommandQueue, setBarBackgroundColor
05-21 10:53:15.762   598   598 E wificond: Failed to get NL80211_RATE_INFO_NOISE
05-21 10:53:15.762   598   598 E wificond: Failed to get NL80211_RATE_INFO_SNR
05-21 10:53:15.762   598   598 E wificond: Failed to get NL80211_STA_INFO_CNAHLOAD
05-21 10:53:15.763   598   598 E wificond: Failed to get NL80211_RATE_INFO_NOISE
05-21 10:53:15.764   598   598 E wificond: Failed to get NL80211_RATE_INFO_SNR
05-21 10:53:15.764   598   598 E wificond: Failed to get NL80211_STA_INFO_CNAHLOAD
05-21 10:53:16.094 30456 30456 D ActivityThread: Remove activity client record, r= ActivityRecord{c732276 token=android.os.BinderProxy@623b6b4 {com.cambricon.productdisplay/com.cambricon.productdisplay.activity.SplashActivity}} token= android.os.BinderProxy@623b6b4
05-21 10:53:16.099  1139  1699 I chatty  : uid=1000(system) Binder:1139_4 expire 57 lines
05-21 10:53:16.107  1139  2779 I chatty  : uid=1000(system) Binder:1139_18 expire 1 line
05-21 10:53:16.716  1139  1139 I chatty  : uid=1000 system_server expire 10 lines
05-21 10:53:16.793  1139  1959 I chatty  : uid=1000(system) Binder:1139_7 expire 42 lines
05-21 10:53:16.794  1139  1407 I chatty  : uid=1000(system) android.anim expire 22 lines
05-21 10:53:16.795 30456 30456 V ActivityThread: ActivityThread,callActivityOnCreate
05-21 10:53:17.001 30456 30456 D ActivityThread: add activity client record, r= ActivityRecord{73a00f5 token=android.os.BinderProxy@8369e1f {com.cambricon.productdisplay/com.cambricon.productdisplay.activity.DetectionActivity}} token= android.os.BinderProxy@8369e1f
05-21 10:53:17.035  1546  1559 I CommandQueue: updateBarBgColor
05-21 10:53:17.035  1546  1559 D CommandQueue: CommandQueue, setBarBackgroundColor
05-21 10:53:17.262   598   598 E wificond: Failed to get NL80211_RATE_INFO_NOISE
05-21 10:53:17.262   598   598 E wificond: Failed to get NL80211_RATE_INFO_SNR
05-21 10:53:17.262   598   598 E wificond: Failed to get NL80211_STA_INFO_CNAHLOAD
05-21 10:53:17.264  1139  1461 I chatty  : uid=1000(system) ConnectivitySer expire 2 lines
05-21 10:53:20.280   598   598 E wificond: Failed to get NL80211_RATE_INFO_NOISE
05-21 10:53:20.280   598   598 E wificond: Failed to get NL80211_RATE_INFO_SNR
05-21 10:53:20.280   598   598 E wificond: Failed to get NL80211_STA_INFO_CNAHLOAD
05-21 10:53:21.193  1139  1861 I chatty  : uid=1000(system) watchdog expire 1 line
05-21 10:53:23.297   598   598 E wificond: Failed to get NL80211_RATE_INFO_NOISE
05-21 10:53:23.297   598   598 E wificond: Failed to get NL80211_RATE_INFO_SNR
05-21 10:53:23.297   598   598 E wificond: Failed to get NL80211_STA_INFO_CNAHLOAD
05-21 10:53:23.757   598   598 E wificond: Failed to get NL80211_RATE_INFO_NOISE
05-21 10:53:23.757   598   598 E wificond: Failed to get NL80211_RATE_INFO_SNR
05-21 10:53:23.757   598   598 E wificond: Failed to get NL80211_STA_INFO_CNAHLOAD
05-21 10:53:23.760   598   598 E wificond: Failed to get NL80211_RATE_INFO_NOISE
05-21 10:53:23.760   598   598 E wificond: Failed to get NL80211_RATE_INFO_SNR
05-21 10:53:23.760   598   598 E wificond: Failed to get NL80211_STA_INFO_CNAHLOAD
05-21 10:53:26.312   598   598 E wificond: Failed to get NL80211_RATE_INFO_NOISE
05-21 10:53:26.312   598   598 E wificond: Failed to get NL80211_RATE_INFO_SNR
05-21 10:53:26.312   598   598 E wificond: Failed to get NL80211_STA_INFO_CNAHLOAD
05-21 10:53:28.790  1139  1428 I chatty  : uid=1000(system) AlarmManager expire 2 lines
05-21 10:53:29.324   598   598 E wificond: Failed to get NL80211_RATE_INFO_NOISE
05-21 10:53:29.324   598   598 E wificond: Failed to get NL80211_RATE_INFO_SNR
05-21 10:53:29.324   598   598 E wificond: Failed to get NL80211_STA_INFO_CNAHLOAD
05-21 10:53:31.775   598   598 E wificond: Failed to get NL80211_RATE_INFO_NOISE
05-21 10:53:31.775   598   598 E wificond: Failed to get NL80211_RATE_INFO_SNR
05-21 10:53:31.775   598   598 E wificond: Failed to get NL80211_STA_INFO_CNAHLOAD
05-21 10:53:31.778   598   598 E wificond: Failed to get NL80211_RATE_INFO_NOISE
05-21 10:53:31.778   598   598 E wificond: Failed to get NL80211_RATE_INFO_SNR
05-21 10:53:31.778   598   598 E wificond: Failed to get NL80211_STA_INFO_CNAHLOAD
05-21 10:53:32.331   598   598 E wificond: Failed to get NL80211_RATE_INFO_NOISE
05-21 10:53:32.331   598   598 E wificond: Failed to get NL80211_RATE_INFO_SNR
05-21 10:53:32.331   598   598 E wificond: Failed to get NL80211_STA_INFO_CNAHLOAD
05-21 10:53:35.348   598   598 E wificond: Failed to get NL80211_RATE_INFO_NOISE
05-21 10:53:35.349   598   598 E wificond: Failed to get NL80211_RATE_INFO_SNR
05-21 10:53:35.349   598   598 E wificond: Failed to get NL80211_STA_INFO_CNAHLOAD
05-21 10:53:37.854  1139  1413 I chatty  : uid=1000(system) UEventObserver expire 2 lines
05-21 10:53:38.366   598   598 E wificond: Failed to get NL80211_RATE_INFO_NOISE
05-21 10:53:38.366   598   598 E wificond: Failed to get NL80211_RATE_INFO_SNR
05-21 10:53:38.366   598   598 E wificond: Failed to get NL80211_STA_INFO_CNAHLOAD
05-21 10:53:39.495  1139  1959 I chatty  : uid=1000(system) Binder:1139_7 expire 25 lines
05-21 10:53:39.568  1139  1407 I chatty  : uid=1000(system) android.anim expire 14 lines
05-21 10:53:39.592  1546  1559 I CommandQueue: updateBarBgColor
05-21 10:53:39.592  1546  1559 D CommandQueue: CommandQueue, setBarBackgroundColor
05-21 10:53:39.595  1139  2772 I chatty  : uid=1000(system) Binder:1139_15 expire 10 lines
05-21 10:53:39.636  1139  2001 I chatty  : uid=1000(system) Binder:1139_8 expire 87 lines
05-21 10:53:39.682 30456 30456 D ActivityThread: Remove activity client record, r= ActivityRecord{73a00f5 token=android.os.BinderProxy@8369e1f {com.cambricon.productdisplay/com.cambricon.productdisplay.activity.DetectionActivity}} token= android.os.BinderProxy@8369e1f
05-21 10:53:39.777   598   598 E wificond: Failed to get NL80211_RATE_INFO_NOISE
05-21 10:53:39.777   598   598 E wificond: Failed to get NL80211_RATE_INFO_SNR
05-21 10:53:39.777   598   598 E wificond: Failed to get NL80211_STA_INFO_CNAHLOAD
05-21 10:53:39.779   598   598 E wificond: Failed to get NL80211_RATE_INFO_NOISE
05-21 10:53:39.779   598   598 E wificond: Failed to get NL80211_RATE_INFO_SNR
05-21 10:53:39.779   598   598 E wificond: Failed to get NL80211_STA_INFO_CNAHLOAD
05-21 10:53:40.893  1139  1407 I chatty  : uid=1000(system) android.anim expire 52 lines
05-21 10:53:40.901 30456 30456 V ActivityThread: ActivityThread,callActivityOnCreate
05-21 10:53:40.905  1139  6103 I chatty  : uid=1000(system) Binder:1139_1E expire 6 lines
05-21 10:53:40.921  1139  2727 I chatty  : uid=1000(system) Binder:1139_10 expire 39 lines
05-21 10:53:40.923  1139  1945 I chatty  : uid=1000(system) Binder:1139_5 expire 44 lines
05-21 10:53:40.958 30456 30456 D ActivityThread: add activity client record, r= ActivityRecord{e40d508 token=android.os.BinderProxy@41916bc {com.cambricon.productdisplay/com.cambricon.productdisplay.activity.ClassificationActivity}} token= android.os.BinderProxy@41916bc
05-21 10:53:40.998  1546  2049 I CommandQueue: updateBarBgColor
05-21 10:53:41.000  1546  2049 D CommandQueue: CommandQueue, setBarBackgroundColor
05-21 10:53:41.382   598   598 E wificond: Failed to get NL80211_RATE_INFO_NOISE
05-21 10:53:41.382   598   598 E wificond: Failed to get NL80211_RATE_INFO_SNR
05-21 10:53:41.382   598   598 E wificond: Failed to get NL80211_STA_INFO_CNAHLOAD
05-21 10:53:41.940 30456 30545 F libc    : Fatal signal 6 (SIGABRT), code -6 in tid 30545 (AsyncTask #1)
05-21 10:53:42.005 30548 30548 F DEBUG   : *** *** *** *** *** *** *** *** *** *** *** *** *** *** *** ***
05-21 10:53:42.005 30548 30548 F DEBUG   : Build fingerprint: 'HONOR/BKL-AL00/HWBKL:8.0.0/HUAWEIBKL-AL00/165(C00):user/release-keys'
05-21 10:53:42.005 30548 30548 F DEBUG   : Revision: '0'
05-21 10:53:42.005 30548 30548 F DEBUG   : ABI: 'arm64'
05-21 10:53:42.005 30548 30548 F DEBUG   : pid: 30456, tid: 30545, name: AsyncTask #1  >>> com.cambricon.productdisplay <<<
05-21 10:53:42.005 30548 30548 F DEBUG   : signal 6 (SIGABRT), code -6 (SI_TKILL), fault addr --------
05-21 10:53:42.005 30548 30548 F DEBUG   :     x0   0000000000000000  x1   0000000000007751  x2   0000000000000006  x3   0000000000000008
05-21 10:53:42.006 30548 30548 F DEBUG   :     x4   fefefeff335c9b0a  x5   fefefeff335c9b0a  x6   fefefeff335c9b0a  x7   7f7f7f7f7f7fff7f
05-21 10:53:42.006 30548 30548 F DEBUG   :     x8   0000000000000083  x9   4287ff6185eef912  x10  0000000000000000  x11  0000000000000001
05-21 10:53:42.006 30548 30548 F DEBUG   :     x12  ffffffffffffffff  x13  0000000000000006  x14  ffffffffffffffff  x15  00000075b4205ab0
05-21 10:53:42.006 30548 30548 F DEBUG   :     x16  00000075db9a82d0  x17  00000075db94a068  x18  0000000000000000  x19  00000000000076f8
05-21 10:53:42.006 30548 30548 F DEBUG   :     x20  0000000000007751  x21  0000000000000001  x22  00000075b490d5c8  x23  00000075aa5ff588
05-21 10:53:42.006 30548 30548 F DEBUG   :     x24  0000000000000000  x25  00000075aa5ff588  x26  0000000000001002  x27  00000075b4914790
05-21 10:53:42.006 30548 30548 F DEBUG   :     x28  00000075b4915000  x29  00000075aa5fbac0  x30  00000075db8fdad4
05-21 10:53:42.006 30548 30548 F DEBUG   :     sp   00000075aa5fba80  pc   00000075db94a070  pstate 0000000060000000
05-21 10:53:42.011 30548 30548 F DEBUG   : 
05-21 10:53:42.011 30548 30548 F DEBUG   : backtrace:
05-21 10:53:42.011 30548 30548 F DEBUG   :     #00 pc 000000000006a070  /system/lib64/libc.so (tgkill+8)
05-21 10:53:42.011 30548 30548 F DEBUG   :     #01 pc 000000000001dad0  /system/lib64/libc.so (abort+88)
05-21 10:53:42.011 30548 30548 F DEBUG   :     #02 pc 00000000000c2664  /data/app/com.cambricon.productdisplay-VxLt6m5q28Hrc6oAHhk0Kw==/lib/arm64/libc++_shared.so
05-21 10:53:42.011 30548 30548 F DEBUG   :     #03 pc 00000000000be55c  /data/app/com.cambricon.productdisplay-VxLt6m5q28Hrc6oAHhk0Kw==/lib/arm64/libc++_shared.so (__gxx_personality_v0+384)
05-21 10:53:42.011 30548 30548 F DEBUG   :     #04 pc 000000000085c4c8  /data/app/com.cambricon.productdisplay-VxLt6m5q28Hrc6oAHhk0Kw==/lib/arm64/libipu.so
05-21 10:53:42.011 30548 30548 F DEBUG   :     #05 pc 000000000085c7ec  /data/app/com.cambricon.productdisplay-VxLt6m5q28Hrc6oAHhk0Kw==/lib/arm64/libipu.so (_Unwind_RaiseException+252)
05-21 10:53:42.011 30548 30548 F DEBUG   :     #06 pc 000000000081d948  /data/app/com.cambricon.productdisplay-VxLt6m5q28Hrc6oAHhk0Kw==/lib/arm64/libipu.so (__cxa_throw+124)
05-21 10:53:42.011 30548 30548 F DEBUG   :     #07 pc 00000000000a0e58  /data/app/com.cambricon.productdisplay-VxLt6m5q28Hrc6oAHhk0Kw==/lib/arm64/libc++.so (_ZNKSt3__16locale9use_facetERNS0_2idE+204)
05-21 10:53:42.011 30548 30548 F DEBUG   :     #08 pc 0000000000009514  /data/app/com.cambricon.productdisplay-VxLt6m5q28Hrc6oAHhk0Kw==/lib/arm64/libhiaiddk.so (_ZNSt3__124__put_character_sequenceIcNS_11char_traitsIcEEEERNS_13basic_ostreamIT_T0_EES7_PKS4_m+156)
05-21 10:53:42.011 30548 30548 F DEBUG   :     #09 pc 00000000000063a8  /data/app/com.cambricon.productdisplay-VxLt6m5q28Hrc6oAHhk0Kw==/lib/arm64/libhiaiddk.so (Java_com_cambricon_productdisplay_caffenative_OffLineCaffeClassification_runModelSync+980)
05-21 10:53:42.011 30548 30548 F DEBUG   :     #10 pc 0000000000010f3c  /data/app/com.cambricon.productdisplay-VxLt6m5q28Hrc6oAHhk0Kw==/oat/arm64/base.odex (offset 0xf000)
05-21 10:53:42.567  1139 30549 I chatty  : uid=1000 system_server expire 1 line
05-21 10:53:42.571  1139  1304 I chatty  : uid=1000(system) FileObserver expire 1 line
05-21 10:53:42.576  1139  1282 I chatty  : uid=1000(system) android.ui expire 3 lines
05-21 10:53:42.793  1139  1139 I chatty  : uid=1000 system_server expire 3 lines
05-21 10:53:42.814  1139  1307 I chatty  : uid=1000(system) android.display expire 1 line
05-21 10:53:42.833 30552 30552 D ActivityThread: ActivityThread,attachApplication
05-21 10:53:42.877  1864  2178 I HwNetworkPolicyManager: getHwUidPolicy uid = 10143 policy = 0
05-21 10:53:42.878  1139  6006 I chatty  : uid=1000(system) Binder:1139_1B expire 17 lines
05-21 10:53:42.901  1139  1152 I chatty  : uid=1000(system) Binder:1139_1 expire 13 lines
05-21 10:53:42.922 30552 30552 V ActivityThread: ActivityThread,callActivityOnCreate
05-21 10:53:43.098 30552 30552 D ActivityThread: add activity client record, r= ActivityRecord{fd0bcac token=android.os.BinderProxy@623b6b4 {com.cambricon.productdisplay/com.cambricon.productdisplay.activity.HomeActivity}} token= android.os.BinderProxy@623b6b4
05-21 10:53:43.214  1546  2049 I CommandQueue: updateBarBgColor
05-21 10:53:43.215  1546  2049 D CommandQueue: CommandQueue, setBarBackgroundColor
05-21 10:53:44.055  1139  1312 I chatty  : uid=1000(system) PowerManagerSer expire 4 lines
05-21 10:53:44.397   598   598 E wificond: Failed to get NL80211_RATE_INFO_NOISE
05-21 10:53:44.397   598   598 E wificond: Failed to get NL80211_RATE_INFO_SNR
05-21 10:53:44.397   598   598 E wificond: Failed to get NL80211_STA_INFO_CNAHLOAD
05-21 10:53:47.416   598   598 E wificond: Failed to get NL80211_RATE_INFO_NOISE
05-21 10:53:47.416   598   598 E wificond: Failed to get NL80211_RATE_INFO_SNR
05-21 10:53:47.416   598   598 E wificond: Failed to get NL80211_STA_INFO_CNAHLOAD
05-21 10:53:47.779   598   598 E wificond: Failed to get NL80211_RATE_INFO_NOISE
05-21 10:53:47.779   598   598 E wificond: Failed to get NL80211_RATE_INFO_SNR
05-21 10:53:47.779   598   598 E wificond: Failed to get NL80211_STA_INFO_CNAHLOAD
05-21 10:53:47.782   598   598 E wificond: Failed to get NL80211_RATE_INFO_NOISE
05-21 10:53:47.782   598   598 E wificond: Failed to get NL80211_RATE_INFO_SNR
05-21 10:53:47.782   598   598 E wificond: Failed to get NL80211_STA_INFO_CNAHLOAD
05-21 10:53:50.433   598   598 E wificond: Failed to get NL80211_RATE_INFO_NOISE
05-21 10:53:50.433   598   598 E wificond: Failed to get NL80211_RATE_INFO_SNR
05-21 10:53:50.433   598   598 E wificond: Failed to get NL80211_STA_INFO_CNAHLOAD
05-21 10:53:50.674  1139  1432 I chatty  : uid=1000(system) InputDispatcher expire 2 lines
05-21 10:53:50.681  1139  2001 I chatty  : uid=1000(system) Binder:1139_8 expire 2 lines
05-21 10:53:50.758  1139  1325 I chatty  : uid=1000(system) HwBinder:1139_1 expire 1 line
05-21 10:53:50.758  1139  1419 I chatty  : uid=1000(system) fingerprintServ expire 2 lines
05-21 10:53:50.797  1546 20911 I CommandQueue: updateBarBgColor
05-21 10:53:50.797  1546 20911 D CommandQueue: CommandQueue, setBarBackgroundColor
05-21 10:53:50.806  1139  6006 I chatty  : uid=1000(system) Binder:1139_1B expire 14 lines
05-21 10:53:50.811  1139  1282 I chatty  : uid=1000(system) android.ui expire 4 lines
05-21 10:53:50.830  1139  1407 I chatty  : uid=1000(system) android.anim expire 39 lines
05-21 10:53:51.194  1139  1861 I chatty  : uid=1000(system) watchdog expire 1 line
05-21 10:53:51.260  1139  1139 I chatty  : uid=1000 system_server expire 11 lines
05-21 10:53:51.977  1139  1152 I chatty  : uid=1000(system) Binder:1139_1 expire 8 lines
05-21 10:53:52.013  1139  2703 I chatty  : uid=1000(system) Binder:1139_D expire 1 line
05-21 10:53:52.018  1139  2727 I chatty  : uid=1000(system) Binder:1139_10 expire 8 lines
05-21 10:53:52.026  1139  1945 I chatty  : uid=1000(system) Binder:1139_5 expire 20 lines
05-21 10:53:52.026  1864  2178 I HwNetworkPolicyManager: getHwUidPolicy uid = 10067 policy = 0
05-21 10:53:52.030  1546 20911 I CommandQueue: updateBarBgColor
05-21 10:53:52.030  1546 20911 D CommandQueue: CommandQueue, setBarBackgroundColor
05-21 10:53:52.125  1139  1899 I chatty  : uid=1000(system) MultiTaskManage expire 2 lines
05-21 10:53:52.126  1139 30601 I chatty  : uid=1000 system_server expire 6 lines
05-21 10:53:52.155  1925  1925 I HwCoreAppHelperService: LocalReceiver receives:android.intent.action.PACKAGE_RESTARTED,pkg:com.cambricon.productdisplay,uid:10143
05-21 10:53:52.197  1139  1307 I chatty  : uid=1000(system) android.display expire 1 line
05-21 10:53:53.187  1139  6366 I chatty  : uid=1000(system) Binder:1139_1F expire 52 lines
05-21 10:53:53.224  1139  1281 I chatty  : uid=1000(system) ActivityManager expire 2 lines
05-21 10:53:53.237 30605 30605 D ActivityThread: ActivityThread,attachApplication
05-21 10:53:53.258  1864  2178 I HwNetworkPolicyManager: getHwUidPolicy uid = 10143 policy = 0
05-21 10:53:53.300 30605 30605 V ActivityThread: ActivityThread,callActivityOnCreate
05-21 10:53:53.411 30605 30605 D ActivityThread: add activity client record, r= ActivityRecord{c732276 token=android.os.BinderProxy@623b6b4 {com.cambricon.productdisplay/com.cambricon.productdisplay.activity.SplashActivity}} token= android.os.BinderProxy@623b6b4
05-21 10:53:53.436  1546  2049 I CommandQueue: updateBarBgColor
05-21 10:53:53.436  1546  2049 D CommandQueue: CommandQueue, setBarBackgroundColor
05-21 10:53:53.450   598   598 E wificond: Failed to get NL80211_RATE_INFO_NOISE
05-21 10:53:53.450   598   598 E wificond: Failed to get NL80211_RATE_INFO_SNR
05-21 10:53:53.450   598   598 E wificond: Failed to get NL80211_STA_INFO_CNAHLOAD
05-21 10:53:54.939  1139  4790 I chatty  : uid=1000(system) Binder:1139_19 expire 67 lines
05-21 10:53:54.951 30605 30605 V ActivityThread: ActivityThread,callActivityOnCreate
05-21 10:53:55.048 30605 30605 D ActivityThread: add activity client record, r= ActivityRecord{1781e86 token=android.os.BinderProxy@73c7c {com.cambricon.productdisplay/com.cambricon.productdisplay.activity.HomeActivity}} token= android.os.BinderProxy@73c7c
05-21 10:53:55.113  1546 20911 I CommandQueue: updateBarBgColor
05-21 10:53:55.113  1546 20911 D CommandQueue: CommandQueue, setBarBackgroundColor
05-21 10:53:55.535 30605 30605 D ActivityThread: Remove activity client record, r= ActivityRecord{c732276 token=android.os.BinderProxy@623b6b4 {com.cambricon.productdisplay/com.cambricon.productdisplay.activity.SplashActivity}} token= android.os.BinderProxy@623b6b4
05-21 10:53:55.788   598   598 E wificond: Failed to get NL80211_RATE_INFO_NOISE
05-21 10:53:55.788   598   598 E wificond: Failed to get NL80211_RATE_INFO_SNR
05-21 10:53:55.788   598   598 E wificond: Failed to get NL80211_STA_INFO_CNAHLOAD
05-21 10:53:55.791   598   598 E wificond: Failed to get NL80211_RATE_INFO_NOISE
05-21 10:53:55.791   598   598 E wificond: Failed to get NL80211_RATE_INFO_SNR
05-21 10:53:55.791   598   598 E wificond: Failed to get NL80211_STA_INFO_CNAHLOAD
05-21 10:53:56.283  1139  2777 I chatty  : uid=1000(system) Binder:1139_16 expire 2 lines
05-21 10:53:56.288 30605 30605 V ActivityThread: ActivityThread,callActivityOnCreate
05-21 10:53:56.370  1139  6366 I chatty  : uid=1000(system) Binder:1139_1F expire 30 lines
05-21 10:53:56.453   598   598 E wificond: Failed to get NL80211_RATE_INFO_NOISE
05-21 10:53:56.453   598   598 E wificond: Failed to get NL80211_RATE_INFO_SNR
05-21 10:53:56.453   598   598 E wificond: Failed to get NL80211_STA_INFO_CNAHLOAD
05-21 10:53:56.476 30605 30605 D ActivityThread: add activity client record, r= ActivityRecord{27b3e8a token=android.os.BinderProxy@8369e1f {com.cambricon.productdisplay/com.cambricon.productdisplay.activity.ClassificationActivity}} token= android.os.BinderProxy@8369e1f
05-21 10:53:56.480  1139  4790 I chatty  : uid=1000(system) Binder:1139_19 expire 46 lines
05-21 10:53:56.489  1139  6103 I chatty  : uid=1000(system) Binder:1139_1E expire 10 lines
05-21 10:53:56.511  1546 20911 I CommandQueue: updateBarBgColor
05-21 10:53:56.511  1546 20911 D CommandQueue: CommandQueue, setBarBackgroundColor
05-21 10:53:56.550  1139  1407 I chatty  : uid=1000(system) android.anim expire 37 lines
05-21 10:53:59.467   598   598 E wificond: Failed to get NL80211_RATE_INFO_NOISE
05-21 10:53:59.468   598   598 E wificond: Failed to get NL80211_RATE_INFO_SNR
05-21 10:53:59.468   598   598 E wificond: Failed to get NL80211_STA_INFO_CNAHLOAD
05-21 10:53:59.639  1139  1139 I chatty  : uid=1000 system_server expire 12 lines
05-21 10:54:00.519  1139  2761 I chatty  : uid=1000(system) Binder:1139_13 expire 58 lines
05-21 10:54:00.529  1546  2052 I CommandQueue: updateBarBgColor
05-21 10:54:00.529  1546  2052 D CommandQueue: CommandQueue, setBarBackgroundColor
05-21 10:54:00.531  1139  5150 I chatty  : uid=1000(system) Binder:1139_1A expire 10 lines
05-21 10:54:00.559  1139  6375 I chatty  : uid=1000(system) Binder:1139_20 expire 15 lines
05-21 10:54:00.621 30605 30605 D ActivityThread: Remove activity client record, r= ActivityRecord{27b3e8a token=android.os.BinderProxy@8369e1f {com.cambricon.productdisplay/com.cambricon.productdisplay.activity.ClassificationActivity}} token= android.os.BinderProxy@8369e1f
05-21 10:54:01.474  1139  1325 I chatty  : uid=1000(system) HwBinder:1139_1 expire 3 lines
05-21 10:54:01.474  1139  1419 I chatty  : uid=1000(system) fingerprintServ expire 6 lines
05-21 10:54:02.484   598   598 E wificond: Failed to get NL80211_RATE_INFO_NOISE
05-21 10:54:02.484   598   598 E wificond: Failed to get NL80211_RATE_INFO_SNR
05-21 10:54:02.484   598   598 E wificond: Failed to get NL80211_STA_INFO_CNAHLOAD
05-21 10:54:02.834  1139  1432 I chatty  : uid=1000(system) InputDispatcher expire 2 lines
05-21 10:54:02.954  1546  2052 I CommandQueue: updateBarBgColor
05-21 10:54:02.954  1546  2052 D CommandQueue: CommandQueue, setBarBackgroundColor
05-21 10:54:02.966  1139  1282 I chatty  : uid=1000(system) android.ui expire 2 lines
05-21 10:54:03.795   598   598 E wificond: Failed to get NL80211_RATE_INFO_NOISE
05-21 10:54:03.795   598   598 E wificond: Failed to get NL80211_RATE_INFO_SNR
05-21 10:54:03.795   598   598 E wificond: Failed to get NL80211_STA_INFO_CNAHLOAD
05-21 10:54:03.798   598   598 E wificond: Failed to get NL80211_RATE_INFO_NOISE
05-21 10:54:03.798   598   598 E wificond: Failed to get NL80211_RATE_INFO_SNR
05-21 10:54:03.798   598   598 E wificond: Failed to get NL80211_STA_INFO_CNAHLOAD
05-21 10:54:05.501   598   598 E wificond: Failed to get NL80211_RATE_INFO_NOISE
05-21 10:54:05.502   598   598 E wificond: Failed to get NL80211_RATE_INFO_SNR
05-21 10:54:05.502   598   598 E wificond: Failed to get NL80211_STA_INFO_CNAHLOAD
05-21 10:54:05.504  1139  1461 I chatty  : uid=1000(system) ConnectivitySer expire 1 line
05-21 10:54:07.855   451  1094 W SocketListener: sending broadcast to Pid = 1139, Uid = 1000 
05-21 10:54:07.859  1139  1441 I chatty  : uid=1000(system) NetdConnector expire 2 lines
05-21 10:54:07.863  1139  1305 I chatty  : uid=1000(system) android.fg expire 1 line
05-21 10:54:07.913  1864  2178 I HwNetworkPolicyManager: getHwUidPolicy uid = 10067 policy = 0
05-21 10:54:07.913  1139  2001 I chatty  : uid=1000(system) Binder:1139_8 expire 8 lines
05-21 10:54:07.939  1546  1559 I CommandQueue: updateBarBgColor
05-21 10:54:07.939  1546  1559 D CommandQueue: CommandQueue, setBarBackgroundColor
05-21 10:54:07.973  1139  1407 I chatty  : uid=1000(system) android.anim expire 2 lines
05-21 10:54:08.030  1139  1899 I chatty  : uid=1000(system) MultiTaskManage expire 2 lines
05-21 10:54:08.032  1139 30663 I chatty  : uid=1000 system_server expire 6 lines
05-21 10:54:08.044  1139  1413 I chatty  : uid=1000(system) UEventObserver expire 2 lines
05-21 10:54:08.061  1925  1925 I HwCoreAppHelperService: LocalReceiver receives:android.intent.action.PACKAGE_RESTARTED,pkg:com.cambricon.productdisplay,uid:10143
05-21 10:54:08.066  1139  1139 I chatty  : uid=1000 system_server expire 16 lines
05-21 10:54:08.066  1139  2761 I chatty  : uid=1000(system) Binder:1139_13 expire 4 lines
05-21 10:54:08.094  1139  2001 I chatty  : uid=1000(system) Binder:1139_8 expire 15 lines
05-21 10:54:08.097  1139  1307 I chatty  : uid=1000(system) android.display expire 8 lines
05-21 10:54:08.102  1139  1432 I chatty  : uid=1000(system) InputDispatcher expire 6 lines
05-21 10:54:08.519   598   598 E wificond: Failed to get NL80211_RATE_INFO_NOISE
05-21 10:54:08.519   598   598 E wificond: Failed to get NL80211_RATE_INFO_SNR
05-21 10:54:08.519   598   598 E wificond: Failed to get NL80211_STA_INFO_CNAHLOAD
05-21 10:54:08.521  1139  1461 I chatty  : uid=1000(system) ConnectivitySer expire 1 line
05-21 10:54:09.502  1139  1433 I chatty  : uid=1000(system) InputReader expire 8 lines
05-21 10:54:09.626  1139  1312 I chatty  : uid=1000(system) PowerManagerSer expire 16 lines
05-21 10:54:09.726  2606  2606 V ActivityThread: Finishing stop of ActivityRecord{d493774 token=android.os.BinderProxy@ae6f002 {com.huawei.android.launcher/com.huawei.android.launcher.unihome.UniHomeLauncher}}
05-21 10:54:09.728  1139  1281 I chatty  : uid=1000(system) ActivityManager expire 6 lines
05-21 10:54:09.743  1139  1282 I chatty  : uid=1000(system) android.ui expire 4 lines
05-21 10:54:09.798  1139  2703 I chatty  : uid=1000(system) Binder:1139_D expire 19 lines
05-21 10:54:09.928  1139  1528 I chatty  : uid=1000(system) PhotonicModulat expire 2 lines
05-21 10:54:09.971  1139  1458 I chatty  : uid=1000(system) WifiP2pService expire 10 lines
05-21 10:54:10.009  1546  1546 V KeyguardStatusView: refresh statusview showing:true
05-21 10:54:10.011  1139  1441 I chatty  : uid=1000(system) NetdConnector expire 8 lines
05-21 10:54:10.012  1546  1546 V KeyguardDisplayManager: show
05-21 10:54:10.013  1139  1959 I chatty  : uid=1000(system) Binder:1139_7 expire 13 lines
05-21 10:54:10.021  1925  4689 D AntiBruteForceProcessor: RemainingAuthenticateNum = 5
05-21 10:54:10.293  2606  2606 V ActivityThread: Handle window ActivityRecord{d493774 token=android.os.BinderProxy@ae6f002 {com.huawei.android.launcher/com.huawei.android.launcher.unihome.UniHomeLauncher}} visibility: false
05-21 10:54:10.378  1139  1407 I chatty  : uid=1000(system) android.anim expire 13 lines
05-21 10:54:10.403  1139  2553 I chatty  : uid=1000(system) HwDeviceUsageCo expire 1 line
05-21 10:54:10.450  2655  6516 W ContextImpl: Calling a method in the system process without a qualified user: android.app.ContextImpl.bindService:1736 android.content.ContextWrapper.bindService:678 com.huawei.nb.dataservice.dsclient.RemoteServiceConnection.open:90 com.huawei.nb.dataservice.dsclient.DataServiceProxy.connect:105 com.huawei.nb.dataservice.rsclient.internal.RemoteRuleService.start:27 
05-21 10:54:10.500  1139  2777 I chatty  : uid=1000(system) Binder:1139_16 expire 9 lines
05-21 10:54:11.802   598   598 E wificond: Failed to get NL80211_RATE_INFO_NOISE
05-21 10:54:11.802   598   598 E wificond: Failed to get NL80211_RATE_INFO_SNR
05-21 10:54:11.802   598   598 E wificond: Failed to get NL80211_STA_INFO_CNAHLOAD
05-21 10:54:11.807   598   598 E wificond: Failed to get NL80211_RATE_INFO_NOISE
05-21 10:54:11.807   598   598 E wificond: Failed to get NL80211_RATE_INFO_SNR
05-21 10:54:11.807   598   598 E wificond: Failed to get NL80211_STA_INFO_CNAHLOAD
05-21 10:54:13.616   451  1094 W SocketListener: sending broadcast to Pid = 1139, Uid = 1000 
05-21 10:54:13.622  1139  1305 I chatty  : uid=1000(system) android.fg expire 2 lines
05-21 10:54:13.751  1139  2778 I chatty  : uid=1000(system) Binder:1139_17 expire 10 lines
05-21 10:54:19.810   598   598 E wificond: Failed to get NL80211_RATE_INFO_NOISE
05-21 10:54:19.811   598   598 E wificond: Failed to get NL80211_RATE_INFO_SNR
05-21 10:54:19.811   598   598 E wificond: Failed to get NL80211_STA_INFO_CNAHLOAD
05-21 10:54:19.814   598   598 E wificond: Failed to get NL80211_RATE_INFO_NOISE
05-21 10:54:19.814   598   598 E wificond: Failed to get NL80211_RATE_INFO_SNR
05-21 10:54:19.814   598   598 E wificond: Failed to get NL80211_STA_INFO_CNAHLOAD
05-21 10:54:21.196  1139  1861 I chatty  : uid=1000(system) watchdog expire 1 line
05-21 10:54:23.864  1139  1312 I chatty  : uid=1000(system) PowerManagerSer expire 14 lines
05-21 10:54:23.888  1139  1435 I chatty  : uid=1000(system) StorageManagerS expire 8 lines
05-21 10:54:23.907  1139  1139 I chatty  : uid=1000 system_server expire 28 lines
05-21 10:54:23.909   410   418 I vold    : TrimTask running tasks: 0
05-21 10:54:23.911  1139  1438 I chatty  : uid=1000(system) VoldConnector expire 1 line
05-21 10:54:23.959   598   598 E wificond: Failed to get NL80211_RATE_INFO_NOISE
05-21 10:54:23.959   598   598 E wificond: Failed to get NL80211_RATE_INFO_SNR
05-21 10:54:23.959   598   598 E wificond: Failed to get NL80211_STA_INFO_CNAHLOAD
05-21 10:54:23.962 30680 30680 D ActivityThread: ActivityThread,attachApplication
05-21 10:54:24.003  1925  1925 D HwGameAssistantService: ScreenOnReceiver
05-21 10:54:24.051  2655  6830 W ContextImpl: Calling a method in the system process without a qualified user: android.app.ContextImpl.bindService:1736 android.content.ContextWrapper.bindService:678 com.huawei.nb.dataservice.dsclient.RemoteServiceConnection.open:90 com.huawei.nb.dataservice.dsclient.DataServiceProxy.connect:105 com.huawei.nb.dataservice.rsclient.internal.RemoteRuleService.start:27 
05-21 10:54:24.089  1139  2703 I chatty  : uid=1000(system) Binder:1139_D expire 15 lines
05-21 10:54:26.975   598   598 E wificond: Failed to get NL80211_RATE_INFO_NOISE
05-21 10:54:26.976   598   598 E wificond: Failed to get NL80211_RATE_INFO_SNR
05-21 10:54:26.976   598   598 E wificond: Failed to get NL80211_STA_INFO_CNAHLOAD
05-21 10:54:27.810   598   598 E wificond: Failed to get NL80211_RATE_INFO_NOISE
05-21 10:54:27.810   598   598 E wificond: Failed to get NL80211_RATE_INFO_SNR
05-21 10:54:27.810   598   598 E wificond: Failed to get NL80211_STA_INFO_CNAHLOAD
05-21 10:54:27.813   598   598 E wificond: Failed to get NL80211_RATE_INFO_NOISE
05-21 10:54:27.813   598   598 E wificond: Failed to get NL80211_RATE_INFO_SNR
05-21 10:54:27.813   598   598 E wificond: Failed to get NL80211_STA_INFO_CNAHLOAD
05-21 10:54:28.541  1546  1546 V KeyguardDisplayManager: hide
05-21 10:54:28.546  1139  2778 I chatty  : uid=1000(system) Binder:1139_17 expire 3 lines
05-21 10:54:28.551  1139  1959 I chatty  : uid=1000(system) Binder:1139_7 expire 6 lines
05-21 10:54:28.561  1139  2012 I chatty  : uid=1000(system) Binder:1139_B expire 2 lines
05-21 10:54:28.585  1139  1458 I chatty  : uid=1000(system) WifiP2pService expire 5 lines
05-21 10:54:28.610  1139  1456 I chatty  : uid=1000(system) WifiScanningSer expire 1 line
05-21 10:54:29.789   451  1095 W SocketListener: sending broadcast to Pid = 1139, Uid = 1000 
05-21 10:54:29.799  1139  1407 D HwPhoneWindowManager: face_rotation:real sensor rotation = -1
05-21 10:54:29.799  1139  1407 D HwPhoneWindowManager: face_rotation: rotation = 0
05-21 10:54:29.799  1139  1407 I WindowManager: Selected orientation -1, got rotation 0 which has compatible metrics
05-21 10:54:29.813 30728 30728 D ActivityThread: ActivityThread,attachApplication
05-21 10:54:29.814  1139  2777 D ActivityManager: ActivityManagerService,attachApplication,callingPid = 30728
05-21 10:54:29.815  1139  1407 D WindowManager: finishDrawingWindow: Window{255489f u0 Splash Screen com.cambricon.productdisplay} mDrawState=DRAW_PENDING
05-21 10:54:29.816  1139  2777 V WindowManager: No longer Stopped: AppWindowToken{27ddcb token=Token{67e809a ActivityRecord{7b7c145 u0 com.cambricon.productdisplay/.activity.SplashActivity t62}}}
05-21 10:54:29.823  1139  2777 V WindowManager: Checking 1 opening apps (frozen=false timeout=false)...
05-21 10:54:29.823  1139  2777 V WindowManager: Check opening app=AppWindowToken{27ddcb token=Token{67e809a ActivityRecord{7b7c145 u0 com.cambricon.productdisplay/.activity.SplashActivity t62}}}: allDrawn=false startingDisplayed=true startingMoved=false isRelaunching()=false
05-21 10:54:29.827  1139  1282 D HwGameAssistantController: pid=30728, uid=10143, foreground=true
05-21 10:54:29.831  1139  2777 I HwNetworkPolicy: onTransact, code = 203
05-21 10:54:29.831  1864  2178 I HwNetworkPolicyManager: getHwUidPolicy uid = 10143 policy = 0
05-21 10:54:29.871 30728 30728 V ActivityThread: ActivityThread,callActivityOnCreate
05-21 10:54:29.882  1139  2777 D HwNetworkManagementService: code == CODE_GET_AD_KEY_LIST
05-21 10:54:29.882  1139  2777 D HwNetworkManagementService: appName = com.cambricon.productdisplay  is not in the mAdViewMap! reply none
05-21 10:54:29.882  1139  2777 D HwNetworkManagementService: appName = com.cambricon.productdisplay  is not in the mAdIdMap! reply none
05-21 10:54:29.889  1139  2777 D ActivityManager: Skipping, home or recents stack task: TaskRecord{278fe6d #13 A=com.huawei.android.launcher U=0 StackId=0 sz=1}
05-21 10:54:29.889  1139  2777 D ActivityManager: Skipping intent:flg=0x10804000 cmp=com.android.systemui/.recents.RecentsActivity bnds=[48,1560][1032,3168]
05-21 10:54:29.889  1139  2777 D ActivityManager: Skipping intent:flg=0x10800000 cmp=com.baidu.map.location/.ConfirmAlertActivity1
05-21 10:54:29.889  1139  2777 D ActivityManager: Skipping intent:act=android.intent.action.MAIN cat=[android.intent.category.HOME] flg=0x10800300 cmp=com.android.settings/.FallbackHome
05-21 10:54:29.982 30728 30728 D ActivityThread: add activity client record, r= ActivityRecord{c732276 token=android.os.BinderProxy@623b6b4 {com.cambricon.productdisplay/com.cambricon.productdisplay.activity.SplashActivity}} token= android.os.BinderProxy@623b6b4
05-21 10:54:29.984  1139  2777 V BroadcastQueue: Finished with ordered broadcast BroadcastRecord{9689cd8 u0 com.google.android.intent.action.GCM_RECONNECT}
05-21 10:54:29.989   598   598 E wificond: Failed to get NL80211_RATE_INFO_NOISE
05-21 10:54:29.989   598   598 E wificond: Failed to get NL80211_RATE_INFO_SNR
05-21 10:54:29.989   598   598 E wificond: Failed to get NL80211_STA_INFO_CNAHLOAD
05-21 10:54:29.996  1139  2777 V WindowManager: Adding Window{936ae84 u0 com.cambricon.productdisplay/com.cambricon.productdisplay.activity.SplashActivity} to AppWindowToken{27ddcb token=Token{67e809a ActivityRecord{7b7c145 u0 com.cambricon.productdisplay/.activity.SplashActivity t62}}}
05-21 10:54:29.996  1139  2777 V WindowManager: addWindow: New client android.os.BinderProxy@6a1ac97: window=Window{936ae84 u0 com.cambricon.productdisplay/com.cambricon.productdisplay.activity.SplashActivity} Callers=com.android.server.wm.HwWindowManagerService.addWindow:573 com.android.server.wm.Session.addToDisplay:199 android.view.IWindowSession$Stub.onTransact:124 com.android.server.wm.Session.onTransact:161 android.os.Binder.execTransact:675 
05-21 10:54:30.013  1139  2777 V HwPhoneWindowManager: updateSystemUiColorLw window=Window{936ae84 u0 com.cambricon.productdisplay/com.cambricon.productdisplay.activity.SplashActivity},EmuiStyle=0,StatusBarColor=0xff757575,NavigationBarColor=0xff000000, mLastIsEmuiLightStyle=-1, mForceNotchStatusBar=false
05-21 10:54:30.014  1546 20911 I CommandQueue: updateBarBgColor
05-21 10:54:30.014  1546 20911 D CommandQueue: CommandQueue, setBarBackgroundColor
05-21 10:54:30.060  1139  2012 D WindowManager: finishDrawingWindow: Window{936ae84 u0 com.cambricon.productdisplay/com.cambricon.productdisplay.activity.SplashActivity} mDrawState=DRAW_PENDING
05-21 10:54:30.091  1139  1407 V WindowManager: Exit animation finished in Window{ce2c18c u0 com.huawei.android.launcher/com.huawei.android.launcher.unihome.UniHomeLauncher EXITING}: remove=false
05-21 10:54:30.100  1139  1407 V WindowManager: removeIfPossible: Window{255489f u0 Splash Screen com.cambricon.productdisplay} callers=com.android.server.wm.WindowState.removeIfPossible:1914 com.android.server.wm.WindowManagerService.removeWindow:2031 com.android.server.wm.Session.remove:218 android.view.ViewRootImpl.dispatchDetachedFromWindow:3735 android.view.ViewRootImpl.doDie:6787 
05-21 10:54:30.100  1139  1407 V WindowManager: Not removing Window{255489f u0 Splash Screen com.cambricon.productdisplay EXITING} due to exit animation 
05-21 10:54:30.106  1139  2012 V WindowManager: notifyAppStopped: AppWindowToken{8785778 token=Token{1f550db ActivityRecord{bbc95ea u0 com.huawei.android.launcher/.unihome.UniHomeLauncher t13}}}
05-21 10:54:30.106  1139  2012 E WindowManager: win=Window{ce2c18c u0 com.huawei.android.launcher/com.huawei.android.launcher.unihome.UniHomeLauncher} destroySurfaces: appStopped=true win.mWindowRemovalAllowed=false win.mRemoveOnExit=false
05-21 10:54:30.107  1139  2012 I WindowManager: Destroying surface Surface(name=com.huawei.android.launcher/com.huawei.android.launcher.unihome.UniHomeLauncher) called by com.android.server.wm.WindowStateAnimator.destroySurface:2066 com.android.server.wm.WindowStateAnimator.destroySurfaceLocked:879 com.android.server.wm.HwWindowStateAnimator.destroySurfaceLocked:1006 com.android.server.wm.WindowState.destroyOrSaveSurfaceUnchecked:2990 com.android.server.wm.WindowState.destroySurface:2951 com.android.server.wm.AppWindowToken.destroySurfaces:664 com.android.server.wm.AppWindowToken.destroySurfaces:648 com.android.server.wm.AppWindowToken.notifyAppStopped:692 
05-21 10:54:30.108  1139  1282 D HwGameAssistantController: pid=2606, uid=10067, foreground=false
05-21 10:54:30.274  1139  1407 V WindowManager: Exit animation finished in Window{255489f u0 Splash Screen com.cambricon.productdisplay EXITING}: remove=true
05-21 10:54:30.274  1139  1407 E WindowManager: win=Window{255489f u0 Splash Screen com.cambricon.productdisplay EXITING} destroySurfaces: appStopped=false win.mWindowRemovalAllowed=true win.mRemoveOnExit=true
05-21 10:54:30.275  1139  1407 I WindowManager: Destroying surface Surface(name=Splash Screen com.cambricon.productdisplay) called by com.android.server.wm.WindowStateAnimator.destroySurface:2066 com.android.server.wm.WindowStateAnimator.destroySurfaceLocked:879 com.android.server.wm.HwWindowStateAnimator.destroySurfaceLocked:1006 com.android.server.wm.WindowState.destroyOrSaveSurfaceUnchecked:2990 com.android.server.wm.WindowState.destroySurface:2951 com.android.server.wm.AppWindowToken.destroySurfaces:664 com.android.server.wm.AppWindowToken.destroySurfaces:648 com.android.server.wm.WindowState.onExitAnimationDone:4410 
05-21 10:54:30.275  1139  1407 V WindowManager: postWindowRemoveCleanupLocked: Window{255489f u0 Splash Screen com.cambricon.productdisplay}
05-21 10:54:30.275  1139  1407 V WindowManager: Removing Window{255489f u0 Splash Screen com.cambricon.productdisplay} from AppWindowToken{27ddcb token=Token{67e809a ActivityRecord{7b7c145 u0 com.cambricon.productdisplay/.activity.SplashActivity t62}}}
05-21 10:54:30.325  1139  1139 I HwNormalizedSpline: DayMode:getBrightnessLevel lux =703.0, mDefaultBrightnessFromLux =68.28491
05-21 10:54:31.391  1139  1312 I HwNormalizedSpline: DayMode:getBrightnessLevel lux =703.0, mDefaultBrightnessFromLux =68.28491
05-21 10:54:31.392  1139  1312 I DisplayPowerController: mPowerRequest.useSmartBacklight : true
05-21 10:54:31.494  1139  2012 I ActivityManager: START u0 {cmp=com.cambricon.productdisplay/.activity.HomeActivity} from uid 10143
05-21 10:54:31.495  1139  2012 I ActivityManager: ActivityRecord info: ActivityInfo{df7b7bd com.cambricon.productdisplay.activity.HomeActivity}
05-21 10:54:31.500  1139  2012 V WindowManager: addAppToken: AppWindowToken{4434625 token=Token{3234a1c ActivityRecord{4a7978f u0 com.cambricon.productdisplay/.activity.HomeActivity t62}}} controller={TaskWindowContainerController taskId=62} at 2147483647
05-21 10:54:31.508  1139  2777 V WindowManager: No longer Stopped: AppWindowToken{4434625 token=Token{3234a1c ActivityRecord{4a7978f u0 com.cambricon.productdisplay/.activity.HomeActivity t62}}}
05-21 10:54:31.508  1139  2777 D WindowManager: face_rotation:isIntelliServiceEnabled: setting swtich off for user 0
05-21 10:54:31.508  1139  2777 I WindowManager: rotationForOrientationLw(orient=1, last=0); user=0 
05-21 10:54:31.508  1139  2777 D WindowManager: face_rotation:isIntelliServiceEnabled: setting swtich off for user 0
05-21 10:54:31.508  1139  2777 D HwPhoneWindowManager: face_rotation: not enabled,use sensor real
05-21 10:54:31.508  1139  2777 D HwPhoneWindowManager: face_rotation:real sensor rotation = -1
05-21 10:54:31.508  1139  2777 D HwPhoneWindowManager: face_rotation: rotation = 0
05-21 10:54:31.508  1139  2777 I WindowManager: Selected orientation 1, got rotation 0 which has compatible metrics
05-21 10:54:31.509  1139  2777 V WindowManager: No longer Stopped: AppWindowToken{4434625 token=Token{3234a1c ActivityRecord{4a7978f u0 com.cambricon.productdisplay/.activity.HomeActivity t62}}}
05-21 10:54:31.514  1139  2777 V WindowManager: Checking 1 opening apps (frozen=false timeout=false)...
05-21 10:54:31.514  1139  2777 V WindowManager: Check opening app=AppWindowToken{4434625 token=Token{3234a1c ActivityRecord{4a7978f u0 com.cambricon.productdisplay/.activity.HomeActivity t62}}}: allDrawn=false startingDisplayed=false startingMoved=false isRelaunching()=false
05-21 10:54:31.519 30728 30728 V ActivityThread: ActivityThread,callActivityOnCreate
05-21 10:54:31.614 30728 30728 D ActivityThread: add activity client record, r= ActivityRecord{1781e86 token=android.os.BinderProxy@73c7c {com.cambricon.productdisplay/com.cambricon.productdisplay.activity.HomeActivity}} token= android.os.BinderProxy@73c7c
05-21 10:54:31.615  1139  2777 D ActivityManager: Skipping, home or recents stack task: TaskRecord{278fe6d #13 A=com.huawei.android.launcher U=0 StackId=0 sz=1}
05-21 10:54:31.615  1139  2777 D ActivityManager: Skipping intent:flg=0x10804000 cmp=com.android.systemui/.recents.RecentsActivity bnds=[48,1560][1032,3168]
05-21 10:54:31.615  1139  2777 D ActivityManager: Skipping intent:flg=0x10800000 cmp=com.baidu.map.location/.ConfirmAlertActivity1
05-21 10:54:31.615  1139  2777 D ActivityManager: Skipping intent:act=android.intent.action.MAIN cat=[android.intent.category.HOME] flg=0x10800300 cmp=com.android.settings/.FallbackHome
05-21 10:54:31.619  1139  2012 V WindowManager: Adding Window{9101dab u0 com.cambricon.productdisplay/com.cambricon.productdisplay.activity.HomeActivity} to AppWindowToken{4434625 token=Token{3234a1c ActivityRecord{4a7978f u0 com.cambricon.productdisplay/.activity.HomeActivity t62}}}
05-21 10:54:31.619  1139  2012 V WindowManager: addWindow: New client android.os.BinderProxy@5a253fa: window=Window{9101dab u0 com.cambricon.productdisplay/com.cambricon.productdisplay.activity.HomeActivity} Callers=com.android.server.wm.HwWindowManagerService.addWindow:573 com.android.server.wm.Session.addToDisplay:199 android.view.IWindowSession$Stub.onTransact:124 com.android.server.wm.Session.onTransact:161 android.os.Binder.execTransact:675 
05-21 10:54:31.677  1139  2012 V WindowManager: Checking 1 opening apps (frozen=false timeout=false)...
05-21 10:54:31.677  1139  2012 V WindowManager: Check opening app=AppWindowToken{4434625 token=Token{3234a1c ActivityRecord{4a7978f u0 com.cambricon.productdisplay/.activity.HomeActivity t62}}}: allDrawn=false startingDisplayed=false startingMoved=false isRelaunching()=false
