05-18 11:01:46.220  1260  1885 I chatty  : uid=1000(system) Binder:1260_4 expire 17 lines
05-18 11:01:46.238  1260  1350 I chatty  : uid=1000(system) ActivityManager expire 2 lines
05-18 11:01:46.263  4230  4230 D ActivityThread: ActivityThread,attachApplication
05-18 11:01:46.274  1260  1351 I chatty  : uid=1000(system) android.ui expire 2 lines
05-18 11:01:46.283  1260  1277 I chatty  : uid=1000(system) Binder:1260_1 expire 18 lines
05-18 11:01:46.283  1989  2284 I HwNetworkPolicyManager: getHwUidPolicy uid = 10109 policy = 0
05-18 11:01:46.338  4230  4230 V ActivityThread: ActivityThread,callActivityOnCreate
05-18 11:01:46.367  4255  4255 D ActivityThread: ActivityThread,attachApplication
05-18 11:01:46.396  1989  4270 W ContextImpl: Calling a method in the system process without a qualified user: android.app.ContextImpl.startService:1656 android.content.ContextWrapper.startService:644 tmsdk.common.TMSDKContext.start:153 tmsdk.common.TMSDKContext.access$000:0 tmsdk.common.TMSDKContext$1.run:0 
05-18 11:01:46.458  4230  4230 D ActivityThread: add activity client record, r= ActivityRecord{76dca30 token=android.os.BinderProxy@5d39f7e {com.cambricon.productdisplay/com.cambricon.productdisplay.activity.SplashActivity}} token= android.os.BinderProxy@5d39f7e
05-18 11:01:46.500  1699  2508 I CommandQueue: updateBarBgColor
05-18 11:01:46.500  1699  2508 D CommandQueue: CommandQueue, setBarBackgroundColor
05-18 11:01:46.631  4340  4340 D ActivityThread: ActivityThread,attachApplication
05-18 11:01:46.743  4359  4359 D ActivityThread: ActivityThread,attachApplication
05-18 11:01:46.773  1260  1260 I chatty  : uid=1000 system_server expire 5 lines
05-18 11:01:47.031  4386  4386 D ActivityThread: ActivityThread,attachApplication
05-18 11:01:47.100  2032  2032 W ContextImpl: Calling a method in the system process without a qualified user: android.app.ContextImpl.startService:1656 android.content.ContextWrapper.startService:644 android.content.ContextWrapper.startService:644 com.huawei.mdlog.MdlogBootReceiver.onReceive:44 android.app.ActivityThread.handleReceiver:3695 
05-18 11:01:47.131  4413  4413 D ActivityThread: ActivityThread,attachApplication
05-18 11:01:47.280  4439  4439 D ActivityThread: ActivityThread,attachApplication
05-18 11:01:47.337  4457  4457 D ActivityThread: ActivityThread,attachApplication
05-18 11:01:47.477  4496  4496 D ActivityThread: ActivityThread,attachApplication
05-18 11:01:47.537  1260  2099 I chatty  : uid=1000(system) Binder:1260_8 expire 1 line
05-18 11:01:47.577  4538  4538 D ActivityThread: ActivityThread,attachApplication
05-18 11:01:47.998  1260  2881 I chatty  : uid=1000(system) Binder:1260_10 expire 12 lines
05-18 11:01:48.013  4230  4230 V ActivityThread: ActivityThread,callActivityOnCreate
05-18 11:01:48.030  1260  1278 I chatty  : uid=1000(system) Binder:1260_2 expire 6 lines
05-18 11:01:48.043  1260  1543 I chatty  : uid=1000(system) Binder:1260_3 expire 14 lines
05-18 11:01:48.065  4636  4636 D ActivityThread: ActivityThread,attachApplication
05-18 11:01:48.081  1260  1425 I chatty  : uid=1000(system) android.display expire 4 lines
05-18 11:01:48.164  4230  4230 D ActivityThread: add activity client record, r= ActivityRecord{4ecdc0 token=android.os.BinderProxy@8194b06 {com.cambricon.productdisplay/com.cambricon.productdisplay.activity.HomeActivity}} token= android.os.BinderProxy@8194b06
05-18 11:01:48.246  1260  4004 I chatty  : uid=1000(system) Binder:1260_15 expire 12 lines
05-18 11:01:48.248  1699  2508 I CommandQueue: updateBarBgColor
05-18 11:01:48.248  1699  2508 D CommandQueue: CommandQueue, setBarBackgroundColor
05-18 11:01:48.338  4413  4725 E ActivityThread: Failed to find provider info for service_oversea_rom
05-18 11:01:48.338  1260  2835 I chatty  : uid=1000(system) Binder:1260_E expire 16 lines
05-18 11:01:48.387   744   744 E wificond: Failed to get NL80211_RATE_INFO_NOISE
05-18 11:01:48.388   744   744 E wificond: Failed to get NL80211_RATE_INFO_SNR
05-18 11:01:48.388   744   744 E wificond: Failed to get NL80211_STA_INFO_CNAHLOAD
05-18 11:01:48.390   744   744 E wificond: Failed to get NL80211_RATE_INFO_NOISE
05-18 11:01:48.390   744   744 E wificond: Failed to get NL80211_RATE_INFO_SNR
05-18 11:01:48.390   744   744 E wificond: Failed to get NL80211_STA_INFO_CNAHLOAD
05-18 11:01:48.391  4727  4727 D ActivityThread: ActivityThread,attachApplication
05-18 11:01:48.557  4773  4773 D ActivityThread: ActivityThread,attachApplication
05-18 11:01:48.694  1260  1346 I chatty  : uid=1000(system) android.bg expire 2 lines
05-18 11:01:48.706  4230  4230 D ActivityThread: Remove activity client record, r= ActivityRecord{76dca30 token=android.os.BinderProxy@5d39f7e {com.cambricon.productdisplay/com.cambricon.productdisplay.activity.SplashActivity}} token= android.os.BinderProxy@5d39f7e
05-18 11:01:48.836   744   744 E wificond: Failed to get NL80211_RATE_INFO_NOISE
05-18 11:01:48.836   744   744 E wificond: Failed to get NL80211_RATE_INFO_SNR
05-18 11:01:48.836   744   744 E wificond: Failed to get NL80211_STA_INFO_CNAHLOAD
05-18 11:01:48.881  4825  4825 D ActivityThread: ActivityThread,attachApplication
05-18 11:01:48.882  1260  1988 I chatty  : uid=1000(system) Binder:1260_5 expire 3 lines
05-18 11:01:48.969  1260  2100 I chatty  : uid=1000(system) Binder:1260_9 expire 7 lines
05-18 11:01:49.146  4413  4867 E ActivityThread: Failed to find provider info for service_oversea_rom
05-18 11:01:49.187  2047  2047 W ContextImpl: Calling a method in the system process without a qualified user: android.app.ContextImpl.startService:1656 android.content.ContextWrapper.startService:644 android.content.ContextWrapper.startService:644 com.huawei.motionservice.motionexception.MotionBootReceiver.onReceive:58 android.app.ActivityThread.handleReceiver:3695 
05-18 11:01:49.342  4879  4879 D ActivityThread: ActivityThread,attachApplication
05-18 11:01:49.343  4413  4897 E ActivityThread: Failed to find provider info for service_oversea_rom
05-18 11:01:49.545  1260  1277 V WindowManager: No longer Stopped: AppWindowToken{87a1974 token=Token{6d52d47 ActivityRecord{971b086 u0 com.cambricon.productdisplay/.activity.MoreFunctionsAct t14}}}
05-18 11:01:49.546  1260  1277 V WindowManager: No longer Stopped: AppWindowToken{87a1974 token=Token{6d52d47 ActivityRecord{971b086 u0 com.cambricon.productdisplay/.activity.MoreFunctionsAct t14}}}
05-18 11:01:49.559  1260  1277 V WindowManager: Checking 1 opening apps (frozen=false timeout=false)...
05-18 11:01:49.559  1260  1277 V WindowManager: Check opening app=AppWindowToken{87a1974 token=Token{6d52d47 ActivityRecord{971b086 u0 com.cambricon.productdisplay/.activity.MoreFunctionsAct t14}}}: allDrawn=false startingDisplayed=false startingMoved=false isRelaunching()=false
05-18 11:01:49.579  4230  4230 V ActivityThread: ActivityThread,callActivityOnCreate
05-18 11:01:49.627  4230  4230 D ActivityThread: add activity client record, r= ActivityRecord{5760f67 token=android.os.BinderProxy@6b9d476 {com.cambricon.productdisplay/com.cambricon.productdisplay.activity.MoreFunctionsAct}} token= android.os.BinderProxy@6b9d476
05-18 11:01:49.636  1260  1278 V WindowManager: Adding Window{9d958e0 u0 com.cambricon.productdisplay/com.cambricon.productdisplay.activity.MoreFunctionsAct} to AppWindowToken{87a1974 token=Token{6d52d47 ActivityRecord{971b086 u0 com.cambricon.productdisplay/.activity.MoreFunctionsAct t14}}}
05-18 11:01:49.636  1260  1278 V WindowManager: addWindow: New client android.os.BinderProxy@dad56e3: window=Window{9d958e0 u0 com.cambricon.productdisplay/com.cambricon.productdisplay.activity.MoreFunctionsAct} Callers=com.android.server.wm.HwWindowManagerService.addWindow:573 com.android.server.wm.Session.addToDisplay:199 android.view.IWindowSession$Stub.onTransact:124 com.android.server.wm.Session.onTransact:161 android.os.Binder.execTransact:675 
05-18 11:01:49.647  1260  1260 I HwAudioService: check HiRes Icon false
05-18 11:01:49.649  1260  1260 I HwAudioService: broadcastHiresIntent : false
05-18 11:01:49.650  1260  2883 V WindowManager: Checking 1 opening apps (frozen=false timeout=false)...
05-18 11:01:49.650  1260  2883 V WindowManager: Check opening app=AppWindowToken{87a1974 token=Token{6d52d47 ActivityRecord{971b086 u0 com.cambricon.productdisplay/.activity.MoreFunctionsAct t14}}}: allDrawn=false startingDisplayed=false startingMoved=false isRelaunching()=false
05-18 11:01:49.654  1260  2883 V WindowManager: Checking 1 opening apps (frozen=false timeout=false)...
05-18 11:01:49.654  1260  2883 V WindowManager: Check opening app=AppWindowToken{87a1974 token=Token{6d52d47 ActivityRecord{971b086 u0 com.cambricon.productdisplay/.activity.MoreFunctionsAct t14}}}: allDrawn=false startingDisplayed=false startingMoved=false isRelaunching()=false
05-18 11:01:49.663  1260  3224 D ActivityManager: Skipping, home or recents stack task: TaskRecord{d0a2ca #13 A=com.huawei.android.launcher U=0 StackId=0 sz=1}
05-18 11:01:49.663  1260  3224 D ActivityManager: Skipping intent:act=android.intent.action.MAIN cat=[android.intent.category.HOME] flg=0x10800300 cmp=com.android.settings/.FallbackHome
05-18 11:01:49.672  1260  1277 D WindowManager: finishDrawingWindow: Window{9d958e0 u0 com.cambricon.productdisplay/com.cambricon.productdisplay.activity.MoreFunctionsAct} mDrawState=DRAW_PENDING
05-18 11:01:49.674  1260  1534 V WindowManager: Checking 1 opening apps (frozen=false timeout=false)...
05-18 11:01:49.674  1260  1534 V WindowManager: Check opening app=AppWindowToken{87a1974 token=Token{6d52d47 ActivityRecord{971b086 u0 com.cambricon.productdisplay/.activity.MoreFunctionsAct t14}}}: allDrawn=true startingDisplayed=false startingMoved=false isRelaunching()=false
05-18 11:01:49.690  1260  2885 D WindowManager: finishDrawingWindow: Window{9d958e0 u0 com.cambricon.productdisplay/com.cambricon.productdisplay.activity.MoreFunctionsAct} mDrawState=HAS_DRAWN
05-18 11:01:49.715  4413  4930 E ActivityThread: Failed to find provider info for service_oversea_rom
05-18 11:01:49.722  1260  2255 D HwSecurityService: find this Resident Plugin
05-18 11:01:49.727  1260  2255 I ActivationMonitor: reStart : 21600000
05-18 11:01:49.727  1260  1425 I ActivationMonitor: start monitor
05-18 11:01:49.733  1260  2255 I HwGeneralService: readProtectArea: callingPid is 4413,callingUid is 10068
05-18 11:01:49.736  1260  2255 D HwSecurityService: find this Resident Plugin
05-18 11:01:49.737  1260  2255 I chatty  : uid=1000(system) Binder:1260_A identical 3 lines
05-18 11:01:49.737  1260  2255 D HwSecurityService: find this Resident Plugin
05-18 11:01:49.768  1260  1260 I HwAudioService: check HiRes Icon false
05-18 11:01:49.769  1260  1260 I HwAudioService: broadcastHiresIntent : false
05-18 11:01:49.846  2733  2733 W ContextImpl: Calling a method in the system process without a qualified user: android.app.ContextImpl.startService:1656 android.content.ContextWrapper.startService:644 com.huawei.recsys.service.ServiceHelper.startHwRecSysService:112 com.huawei.recsys.broadcast.setting.BootCompletedReceiver.onReceive:52 android.app.ActivityThread.handleReceiver:3695 
05-18 11:01:49.849  2699  2699 W ContextImpl: Calling a method in the system process without a qualified user: android.app.ContextImpl.startService:1656 android.content.ContextWrapper.startService:644 android.content.ContextWrapper.startService:644 com.huawei.permissionmanager.ui.ComBroadcastReceiver.onReceive:75 android.app.ActivityThread.handleReceiver:3695 
05-18 11:01:49.863  1260  2835 I HwGeneralService: readProtectArea: callingPid is 4413,callingUid is 10068
05-18 11:01:49.865  2733  2733 W ContextImpl: Calling a method in the system process without a qualified user: android.app.ContextImpl.bindService:1736 android.content.ContextWrapper.bindService:678 com.huawei.recsys.controller.scene.weather.WeatherController.bindWeatherService:150 com.huawei.recsys.controller.scene.weather.WeatherController.doInit:81 com.huawei.recsys.controller.ControllerManager.getController:106 
05-18 11:01:49.874  1260  2835 I HwGeneralService: readProtectArea: callingPid is 4413,callingUid is 10068
05-18 11:01:49.879  2733  2733 W ContextImpl: Calling a method in the system process without a qualified user: android.app.ContextImpl.bindService:1736 android.content.ContextWrapper.bindService:678 com.huawei.android.location.activityrecognition.HwActivityRecognition.bindService:1117 com.huawei.android.location.activityrecognition.HwActivityRecognition.connectService:146 com.huawei.recsys.controller.scene.health.HealthController.doInit:52 
05-18 11:01:49.904  1260  1260 I HwActivityManagerServiceEx: mNeedRemindHwOUC has changed to : true
05-18 11:01:49.924  1260  2255 I ActivityManager: Process com.huawei.rcsserviceapplication:service (pid 4879) has died: fore SVC 
05-18 11:01:49.930  2699  4958 W ContextImpl: Calling a method in the system process without a qualified user: android.app.ContextImpl.startService:1656 android.content.ContextWrapper.startService:644 com.huawei.systemmanager.spacecleanner.receiver.SpaceCleanReceiver.checkRarelyUsedApp:87 com.huawei.systemmanager.spacecleanner.receiver.SpaceCleanReceiver.doInBackground:39 java.lang.reflect.Method.invoke:-2 
05-18 11:01:49.934  1260  2255 D ActivityManager: cleanUpApplicationRecord app: ProcessRecord{c7da3b0 4879:com.huawei.rcsserviceapplication:service/u0a72}, app.bad: false, restarting: false, allowRestart: true
05-18 11:01:49.954  1260  3224 D ConnectivityService: reportNetworkConnectivity(100, false) by 10019
05-18 11:01:49.977  1260  1534 V WindowManager: Exit animation finished in Window{d4139d1 u0 com.cambricon.productdisplay/com.cambricon.productdisplay.activity.HomeActivity EXITING}: remove=false
05-18 11:01:50.035  1260  3400 V ActivityManager: startProcess: name=com.huawei.tips app=null knownToBeDead=true thread=null pid=-1
05-18 11:01:50.058  1260  3400 I ActivityManager: Start proc 4969:com.huawei.tips/u0a74 for broadcast com.huawei.tips/.MessageReceiver
05-18 11:01:50.096  4969  4969 D ActivityThread: ActivityThread,attachApplication
05-18 11:01:50.105  1260  3400 D ActivityManager: ActivityManagerService,attachApplication,callingPid = 4969
05-18 11:01:50.127  1260  3400 V WindowManager: notifyAppStopped: AppWindowToken{1c4674c token=Token{7b32b7f ActivityRecord{fdc649e u0 com.cambricon.productdisplay/.activity.HomeActivity t14}}}
05-18 11:01:50.128  1260  3400 E WindowManager: win=Window{d4139d1 u0 com.cambricon.productdisplay/com.cambricon.productdisplay.activity.HomeActivity} destroySurfaces: appStopped=true win.mWindowRemovalAllowed=false win.mRemoveOnExit=false
05-18 11:01:50.128  1260  3400 I WindowManager: Destroying surface Surface(name=com.cambricon.productdisplay/com.cambricon.productdisplay.activity.HomeActivity) called by com.android.server.wm.WindowStateAnimator.destroySurface:2066 com.android.server.wm.WindowStateAnimator.destroySurfaceLocked:879 com.android.server.wm.HwWindowStateAnimator.destroySurfaceLocked:1006 com.android.server.wm.WindowState.destroyOrSaveSurfaceUnchecked:2990 com.android.server.wm.WindowState.destroySurface:2951 com.android.server.wm.AppWindowToken.destroySurfaces:664 com.android.server.wm.AppWindowToken.destroySurfaces:648 com.android.server.wm.AppWindowToken.notifyAppStopped:692 
05-18 11:01:50.245  1260  2883 W NotificationService: do bind recsys service
05-18 11:01:50.246  1260  1610 W ContextImpl: Calling a method in the system process without a qualified user: android.app.ContextImpl.bindService:1736 com.android.server.notification.HwNotificationManagerService.bind:1056 com.android.server.notification.HwNotificationManagerService.-wrap1:0 com.android.server.notification.HwNotificationManagerService$5.run:1040 android.os.Handler.handleCallback:808 
05-18 11:01:50.256  2733  4993 W ContextImpl: Calling a method in the system process without a qualified user: android.app.ContextImpl.bindService:1736 android.content.ContextWrapper.bindService:678 com.huawei.nb.dataservice.dsclient.RemoteServiceConnection.open:90 com.huawei.nb.dataservice.dsclient.DataServiceProxy.connect:105 com.huawei.nb.dataservice.rsclient.internal.RemoteRuleService.start:27 
05-18 11:01:50.278  1260  3224 I [SPMN]  : insert SECURE -- name = hw_long_home_voice_assistant, package = com.huawei.vassistant, user = 0, value = 1
05-18 11:01:50.376  1260  1260 I HwActivityManagerServiceEx: mNeedRemindHwOUC has changed to : false
05-18 11:01:50.437  1260  1260 I HwAudioService: check HiRes Icon false
05-18 11:01:50.443  1260  1260 I HwAudioService: broadcastHiresIntent : false
05-18 11:01:50.733  2032  2183 W ContextImpl: Calling a method in the system process without a qualified user: android.app.ContextImpl.bindService:1736 android.content.ContextWrapper.bindService:678 com.huawei.hms.api.HuaweiApiClientImpl.a:300 com.huawei.hms.api.HuaweiApiClientImpl.connect:285 com.huawei.lcagent.dubai.DubaiPush.connectPush:230 
05-18 11:01:50.736  1260  3224 V ActivityManager: startProcess: name=com.huawei.hwid app=null knownToBeDead=true thread=null pid=-1
05-18 11:01:50.743  1260  3400 D WifiService: acquireWifiLock, pid:4413, uid:10068, binder:android.os.BinderProxy@75f6601, lockMode:1, tag:HwOUC, ws:null
05-18 11:01:50.761  1260  3224 I ActivityManager: Start proc 5012:com.huawei.hwid/u0a59 for service com.huawei.hwid/com.huawei.hms.core.service.HMSCoreService
05-18 11:01:50.780  5012  5012 D ActivityThread: ActivityThread,attachApplication
05-18 11:01:50.781  1260  2883 D ActivityManager: ActivityManagerService,attachApplication,callingPid = 5012
05-18 11:01:51.635  1260  2835 I ActivityManager: START u0 {cmp=com.cambricon.productdisplay/.activity.OffLineClassifiactionAct (has extras)} from uid 10109
05-18 11:01:51.637  1260  2835 I ActivityManager: ActivityRecord info: ActivityInfo{c43308a com.cambricon.productdisplay.activity.OffLineClassifiactionAct}
05-18 11:01:51.641  1260  2835 V WindowManager: addAppToken: AppWindowToken{d8cd171 token=Token{1f20318 ActivityRecord{621e6fb u0 com.cambricon.productdisplay/.activity.OffLineClassifiactionAct t14}}} controller={TaskWindowContainerController taskId=14} at 2147483647
05-18 11:01:51.657  1260  1988 V WindowManager: No longer Stopped: AppWindowToken{d8cd171 token=Token{1f20318 ActivityRecord{621e6fb u0 com.cambricon.productdisplay/.activity.OffLineClassifiactionAct t14}}}
05-18 11:01:51.657  1260  1988 D WindowManager: face_rotation:isIntelliServiceEnabled: setting swtich off for user 0
05-18 11:01:51.657  1260  1988 I WindowManager: rotationForOrientationLw(orient=0, last=0); user=0 
05-18 11:01:51.657  1260  1988 D WindowManager: face_rotation:isIntelliServiceEnabled: setting swtich off for user 0
05-18 11:01:51.657  1260  1988 D HwPhoneWindowManager: face_rotation: not enabled,use sensor real
05-18 11:01:51.657  1260  1988 D HwPhoneWindowManager: face_rotation:real sensor rotation = -1
05-18 11:01:51.657  1260  1988 D HwPhoneWindowManager: face_rotation: rotation = 0
05-18 11:01:51.657  1260  1988 I WindowManager: Selected orientation 0, got rotation 1 which has compatible metrics
05-18 11:01:51.657  1260  1988 I WindowManager: Rotation changed to 1 from 0, lastOrientation=0
05-18 11:01:51.660  1260  1260 I HwAftPolicyService: call aft hidl set orientation=1
05-18 11:01:51.678  1260  1988 I ActivityManager: Config changes=480 {1.0 ?mcc?mnc [zh_CN_#Hans] ldltr sw360dp w720dp h336dp 480dpi nrml long hdr land finger -keyb/v/h -nav/h appBounds=Rect(0, 0 - 2160, 1080) nonFullScreen=0 suim:1 s.8}
05-18 11:01:51.687  1260  1988 I ActivityManager: Override config changes=480 {1.0 ?mcc?mnc [zh_CN_#Hans] ldltr sw360dp w720dp h336dp 480dpi nrml long hdr land finger -keyb/v/h -nav/h appBounds=Rect(0, 0 - 2160, 1080) nonFullScreen=0 suim:1 s.8} for displayId=0
05-18 11:01:51.697  1260  1988 V WindowManager: No longer Stopped: AppWindowToken{d8cd171 token=Token{1f20318 ActivityRecord{621e6fb u0 com.cambricon.productdisplay/.activity.OffLineClassifiactionAct t14}}}
05-18 11:01:51.704  1260  1988 I HwWindowManagerService: setFocusedApp token: Token{1f20318 ActivityRecord{621e6fb u0 com.cambricon.productdisplay/.activity.OffLineClassifiactionAct t14}} requestedOrientation: 0
05-18 11:01:51.707  1260  1988 V WindowManager: Checking 1 opening apps (frozen=true timeout=false)...
05-18 11:01:51.707  1260  1988 V WindowManager: Check opening app=AppWindowToken{d8cd171 token=Token{1f20318 ActivityRecord{621e6fb u0 com.cambricon.productdisplay/.activity.OffLineClassifiactionAct t14}}}: allDrawn=false startingDisplayed=false startingMoved=false isRelaunching()=false
05-18 11:01:51.726  1260  1534 V WindowManager: Checking 1 opening apps (frozen=true timeout=false)...
05-18 11:01:51.726  1260  1534 V WindowManager: Check opening app=AppWindowToken{d8cd171 token=Token{1f20318 ActivityRecord{621e6fb u0 com.cambricon.productdisplay/.activity.OffLineClassifiactionAct t14}}}: allDrawn=false startingDisplayed=false startingMoved=false isRelaunching()=false
05-18 11:01:51.730  1260  1543 V WindowManager: Checking 1 opening apps (frozen=true timeout=false)...
05-18 11:01:51.730  1260  1543 V WindowManager: Check opening app=AppWindowToken{d8cd171 token=Token{1f20318 ActivityRecord{621e6fb u0 com.cambricon.productdisplay/.activity.OffLineClassifiactionAct t14}}}: allDrawn=false startingDisplayed=false startingMoved=false isRelaunching()=false
05-18 11:01:51.744  4230  4230 V ActivityThread: ActivityThread,callActivityOnCreate
05-18 11:01:51.774  1260  5071 V WindowManager: Adding Window{41df7d7 u0 DividerMenusView} to WindowToken{99038c4 android.os.BinderProxy@b2bcb56}
05-18 11:01:51.774  1260  5071 V WindowManager: addWindow: New client android.os.BinderProxy@b2bcb56: window=Window{41df7d7 u0 DividerMenusView} Callers=com.android.server.wm.HwWindowManagerService.addWindow:573 com.android.server.wm.Session.addToDisplay:199 android.view.IWindowSession$Stub.onTransact:124 com.android.server.wm.Session.onTransact:161 android.os.Binder.execTransact:675 
05-18 11:01:51.780  1260  5069 V WindowManager: Adding Window{63146e2 u0 DockedStackDivider} to WindowToken{b603a73 android.os.BinderProxy@f4c13ad}
05-18 11:01:51.781  1260  5069 V WindowManager: addWindow: New client android.os.BinderProxy@f4c13ad: window=Window{63146e2 u0 DockedStackDivider} Callers=com.android.server.wm.HwWindowManagerService.addWindow:573 com.android.server.wm.Session.addToDisplay:199 android.view.IWindowSession$Stub.onTransact:124 com.android.server.wm.Session.onTransact:161 android.os.Binder.execTransact:675 
05-18 11:01:51.788  1260  2835 V WindowManager: Adding Window{4433da9 u0 com.android.systemui} to WindowToken{720ef2e android.os.BinderProxy@1ba1d30}
05-18 11:01:51.789  1260  2835 V WindowManager: addWindow: New client android.os.BinderProxy@1ba1d30: window=Window{4433da9 u0 com.android.systemui} Callers=com.android.server.wm.HwWindowManagerService.addWindow:573 com.android.server.wm.Session.addToDisplay:199 android.view.IWindowSession$Stub.onTransact:124 com.android.server.wm.Session.onTransact:161 android.os.Binder.execTransact:675 
05-18 11:01:51.801  1260  1543 V WindowManager: Adding Window{75bdc5c u0 AssistPreviewPanel} to WindowToken{a690b65 android.os.BinderProxy@d7a0acf}
05-18 11:01:51.802  1260  1543 V WindowManager: addWindow: New client android.os.BinderProxy@d7a0acf: window=Window{75bdc5c u0 AssistPreviewPanel} Callers=com.android.server.wm.HwWindowManagerService.addWindow:573 com.android.server.wm.Session.addToDisplay:199 android.view.IWindowSession$Stub.onTransact:124 com.android.server.wm.Session.onTransact:161 android.os.Binder.execTransact:675 
05-18 11:01:51.808  1260  1543 D ActivityManager: Skipping, home or recents stack task: TaskRecord{d0a2ca #13 A=com.huawei.android.launcher U=0 StackId=0 sz=1}
05-18 11:01:51.808  1260  1543 D ActivityManager: Skipping intent:act=android.intent.action.MAIN cat=[android.intent.category.HOME] flg=0x10800300 cmp=com.android.settings/.FallbackHome
05-18 11:01:51.833  1260  5069 V WindowManager: Checking 1 opening apps (frozen=true timeout=false)...
05-18 11:01:51.833  1260  5069 V WindowManager: Check opening app=AppWindowToken{d8cd171 token=Token{1f20318 ActivityRecord{621e6fb u0 com.cambricon.productdisplay/.activity.OffLineClassifiactionAct t14}}}: allDrawn=false startingDisplayed=false startingMoved=false isRelaunching()=false
05-18 11:01:51.836  1260  3224 V WindowManager: Checking 1 opening apps (frozen=true timeout=false)...
05-18 11:01:51.836  1260  3224 V WindowManager: Check opening app=AppWindowToken{d8cd171 token=Token{1f20318 ActivityRecord{621e6fb u0 com.cambricon.productdisplay/.activity.OffLineClassifiactionAct t14}}}: allDrawn=false startingDisplayed=false startingMoved=false isRelaunching()=false
05-18 11:01:51.839  1260  2835 V WindowManager: Checking 1 opening apps (frozen=true timeout=false)...
05-18 11:01:51.839  1260  2835 V WindowManager: Check opening app=AppWindowToken{d8cd171 token=Token{1f20318 ActivityRecord{621e6fb u0 com.cambricon.productdisplay/.activity.OffLineClassifiactionAct t14}}}: allDrawn=false startingDisplayed=false startingMoved=false isRelaunching()=false
05-18 11:01:51.843   744   744 E wificond: Failed to get NL80211_RATE_INFO_NOISE
05-18 11:01:51.843   744   744 E wificond: Failed to get NL80211_RATE_INFO_SNR
05-18 11:01:51.843   744   744 E wificond: Failed to get NL80211_STA_INFO_CNAHLOAD
05-18 11:01:51.861  1260  1988 V WindowManager: Checking 1 opening apps (frozen=true timeout=false)...
05-18 11:01:51.861  1260  1988 V WindowManager: Check opening app=AppWindowToken{d8cd171 token=Token{1f20318 ActivityRecord{621e6fb u0 com.cambricon.productdisplay/.activity.OffLineClassifiactionAct t14}}}: allDrawn=false startingDisplayed=false startingMoved=false isRelaunching()=false
05-18 11:01:51.868  1260  1885 V WindowManager: Adding Window{9b684eb u0 AssistPreviewPanel} to WindowToken{7f86248 android.os.BinderProxy@550d03a}
05-18 11:01:51.868  1260  1885 V WindowManager: addWindow: New client android.os.BinderProxy@550d03a: window=Window{9b684eb u0 AssistPreviewPanel} Callers=com.android.server.wm.HwWindowManagerService.addWindow:573 com.android.server.wm.Session.addToDisplay:199 android.view.IWindowSession$Stub.onTransact:124 com.android.server.wm.Session.onTransact:161 android.os.Binder.execTransact:675 
05-18 11:01:51.871  1260  1885 V WindowManager: Checking 1 opening apps (frozen=true timeout=false)...
05-18 11:01:51.871  1260  1885 V WindowManager: Check opening app=AppWindowToken{d8cd171 token=Token{1f20318 ActivityRecord{621e6fb u0 com.cambricon.productdisplay/.activity.OffLineClassifiactionAct t14}}}: allDrawn=false startingDisplayed=false startingMoved=false isRelaunching()=false
05-18 11:01:51.874  1260  5071 V WindowManager: Checking 1 opening apps (frozen=true timeout=false)...
05-18 11:01:51.874  1260  5071 V WindowManager: Check opening app=AppWindowToken{d8cd171 token=Token{1f20318 ActivityRecord{621e6fb u0 com.cambricon.productdisplay/.activity.OffLineClassifiactionAct t14}}}: allDrawn=false startingDisplayed=false startingMoved=false isRelaunching()=false
05-18 11:01:51.901  1260  5078 V WindowManager: Checking 1 opening apps (frozen=true timeout=false)...
05-18 11:01:51.901  1260  5078 V WindowManager: Check opening app=AppWindowToken{d8cd171 token=Token{1f20318 ActivityRecord{621e6fb u0 com.cambricon.productdisplay/.activity.OffLineClassifiactionAct t14}}}: allDrawn=false startingDisplayed=false startingMoved=false isRelaunching()=false
05-18 11:01:51.911  1260  5071 V WindowManager: Checking 1 opening apps (frozen=true timeout=false)...
05-18 11:01:51.911  1260  5071 V WindowManager: Check opening app=AppWindowToken{d8cd171 token=Token{1f20318 ActivityRecord{621e6fb u0 com.cambricon.productdisplay/.activity.OffLineClassifiactionAct t14}}}: allDrawn=false startingDisplayed=false startingMoved=false isRelaunching()=false
05-18 11:01:51.912  1260  5071 V WindowManager: Checking 1 opening apps (frozen=true timeout=false)...
05-18 11:01:51.912  1260  5071 V WindowManager: Check opening app=AppWindowToken{d8cd171 token=Token{1f20318 ActivityRecord{621e6fb u0 com.cambricon.productdisplay/.activity.OffLineClassifiactionAct t14}}}: allDrawn=false startingDisplayed=false startingMoved=false isRelaunching()=false
05-18 11:01:51.924  1260  1543 D WindowManager: finishDrawingWindow: Window{bfd4e8b u0 StatusBar} mDrawState=DRAW_PENDING
05-18 11:01:51.925  1260  1534 V WindowManager: Checking 1 opening apps (frozen=true timeout=false)...
05-18 11:01:51.925  1260  1534 V WindowManager: Check opening app=AppWindowToken{d8cd171 token=Token{1f20318 ActivityRecord{621e6fb u0 com.cambricon.productdisplay/.activity.OffLineClassifiactionAct t14}}}: allDrawn=false startingDisplayed=false startingMoved=false isRelaunching()=false
05-18 11:01:51.928  1260  1534 V WindowManager: Checking 1 opening apps (frozen=true timeout=false)...
05-18 11:01:51.928  1260  1534 V WindowManager: Check opening app=AppWindowToken{d8cd171 token=Token{1f20318 ActivityRecord{621e6fb u0 com.cambricon.productdisplay/.activity.OffLineClassifiactionAct t14}}}: allDrawn=false startingDisplayed=false startingMoved=false isRelaunching()=false
05-18 11:01:51.929  1260  1534 I WindowManager: orientation change is complete, call stopFreezingDisplayLocked
05-18 11:01:51.929  1260  1534 D WindowManager: stopFreezingDisplayLocked: Returning mWaitingForConfig=false, mAppsFreezingScreen=1, mWindowsFreezingScreen=0, mClientFreezingScreen=false, mOpeningApps.size()=1
05-18 11:01:51.991  4230  4230 D ActivityThread: add activity client record, r= ActivityRecord{784fc17 token=android.os.BinderProxy@182d998 {com.cambricon.productdisplay/com.cambricon.productdisplay.activity.OffLineClassifiactionAct}} token= android.os.BinderProxy@182d998
05-18 11:01:51.996  1260  1885 V WindowManager: Adding Window{ef684c7 u0 com.cambricon.productdisplay/com.cambricon.productdisplay.activity.OffLineClassifiactionAct} to AppWindowToken{d8cd171 token=Token{1f20318 ActivityRecord{621e6fb u0 com.cambricon.productdisplay/.activity.OffLineClassifiactionAct t14}}}
05-18 11:01:51.997  1260  1885 V WindowManager: addWindow: New client android.os.BinderProxy@56bb606: window=Window{ef684c7 u0 com.cambricon.productdisplay/com.cambricon.productdisplay.activity.OffLineClassifiactionAct} Callers=com.android.server.wm.HwWindowManagerService.addWindow:573 com.android.server.wm.Session.addToDisplay:199 android.view.IWindowSession$Stub.onTransact:124 com.android.server.wm.Session.onTransact:161 android.os.Binder.execTransact:675 
05-18 11:01:52.005  1260  1885 V WindowManager: removeIfPossible: Window{26da416 u0 DividerMenusView} callers=com.android.server.wm.WindowState.removeIfPossible:1914 com.android.server.wm.WindowManagerService.removeWindow:2031 com.android.server.wm.Session.remove:218 android.view.IWindowSession$Stub.onTransact:242 com.android.server.wm.Session.onTransact:161 
05-18 11:01:52.006  1260  1885 V WindowManager: postWindowRemoveCleanupLocked: Window{26da416 u0 DividerMenusView}
05-18 11:01:52.006  1260  1885 V WindowManager: Removing Window{26da416 u0 DividerMenusView} from WindowToken{fb1c197 android.os.BinderProxy@cea7dd8}
05-18 11:01:52.007  1260  1885 V WindowManager: Checking 1 opening apps (frozen=true timeout=false)...
05-18 11:01:52.007  1260  1885 V WindowManager: Check opening app=AppWindowToken{d8cd171 token=Token{1f20318 ActivityRecord{621e6fb u0 com.cambricon.productdisplay/.activity.OffLineClassifiactionAct t14}}}: allDrawn=false startingDisplayed=false startingMoved=false isRelaunching()=false
05-18 11:01:52.007  1260  1885 I WindowManager: orientation change is complete, call stopFreezingDisplayLocked
05-18 11:01:52.007  1260  1885 D WindowManager: stopFreezingDisplayLocked: Returning mWaitingForConfig=false, mAppsFreezingScreen=1, mWindowsFreezingScreen=0, mClientFreezingScreen=false, mOpeningApps.size()=1
05-18 11:01:52.009  1260  2835 V WindowManager: removeIfPossible: Window{fcf4cfa u0 DockedStackDivider} callers=com.android.server.wm.WindowState.removeIfPossible:1914 com.android.server.wm.WindowManagerService.removeWindow:2031 com.android.server.wm.Session.remove:218 android.view.IWindowSession$Stub.onTransact:242 com.android.server.wm.Session.onTransact:161 
05-18 11:01:52.009  1260  2835 V WindowManager: postWindowRemoveCleanupLocked: Window{fcf4cfa u0 DockedStackDivider}
05-18 11:01:52.009  1260  2835 V WindowManager: Removing Window{fcf4cfa u0 DockedStackDivider} from WindowToken{81422ab android.os.BinderProxy@1948325}
05-18 11:01:52.010  1260  2835 V WindowManager: Checking 1 opening apps (frozen=true timeout=false)...
05-18 11:01:52.010  1260  2835 V WindowManager: Check opening app=AppWindowToken{d8cd171 token=Token{1f20318 ActivityRecord{621e6fb u0 com.cambricon.productdisplay/.activity.OffLineClassifiactionAct t14}}}: allDrawn=false startingDisplayed=false startingMoved=false isRelaunching()=false
05-18 11:01:52.010  1260  2835 I WindowManager: orientation change is complete, call stopFreezingDisplayLocked
05-18 11:01:52.010  1260  2835 D WindowManager: stopFreezingDisplayLocked: Returning mWaitingForConfig=false, mAppsFreezingScreen=1, mWindowsFreezingScreen=0, mClientFreezingScreen=false, mOpeningApps.size()=1
05-18 11:01:52.013  1260  2835 V WindowManager: removeIfPossible: Window{d86f8e4 u0 com.android.systemui} callers=com.android.server.wm.WindowState.removeIfPossible:1914 com.android.server.wm.WindowManagerService.removeWindow:2031 com.android.server.wm.Session.remove:218 android.view.IWindowSession$Stub.onTransact:242 com.android.server.wm.Session.onTransact:161 
05-18 11:01:52.014  1260  2835 V WindowManager: postWindowRemoveCleanupLocked: Window{d86f8e4 u0 com.android.systemui}
05-18 11:01:52.014  1260  2835 V WindowManager: Removing Window{d86f8e4 u0 com.android.systemui} from WindowToken{a395402 android.os.BinderProxy@56ac511}
05-18 11:01:52.015  1260  2835 V WindowManager: Checking 1 opening apps (frozen=true timeout=false)...
05-18 11:01:52.015  1260  2835 V WindowManager: Check opening app=AppWindowToken{d8cd171 token=Token{1f20318 ActivityRecord{621e6fb u0 com.cambricon.productdisplay/.activity.OffLineClassifiactionAct t14}}}: allDrawn=false startingDisplayed=false startingMoved=false isRelaunching()=false
05-18 11:01:52.015  1260  2835 I WindowManager: orientation change is complete, call stopFreezingDisplayLocked
05-18 11:01:52.015  1260  2835 D WindowManager: stopFreezingDisplayLocked: Returning mWaitingForConfig=false, mAppsFreezingScreen=1, mWindowsFreezingScreen=0, mClientFreezingScreen=false, mOpeningApps.size()=1
05-18 11:01:52.016  1260  2835 V WindowManager: removeIfPossible: Window{3ab31fe u0 AssistPreviewPanel} callers=com.android.server.wm.WindowState.removeIfPossible:1914 com.android.server.wm.WindowManagerService.removeWindow:2031 com.android.server.wm.Session.remove:218 android.view.IWindowSession$Stub.onTransact:242 com.android.server.wm.Session.onTransact:161 
05-18 11:01:52.017  1260  2835 V WindowManager: postWindowRemoveCleanupLocked: Window{3ab31fe u0 AssistPreviewPanel}
05-18 11:01:52.017  1260  2835 V WindowManager: Removing Window{3ab31fe u0 AssistPreviewPanel} from WindowToken{193dd5f android.os.BinderProxy@a7489b9}
05-18 11:01:52.018  1260  2835 V WindowManager: Checking 1 opening apps (frozen=true timeout=false)...
05-18 11:01:52.018  1260  2835 V WindowManager: Check opening app=AppWindowToken{d8cd171 token=Token{1f20318 ActivityRecord{621e6fb u0 com.cambricon.productdisplay/.activity.OffLineClassifiactionAct t14}}}: allDrawn=false startingDisplayed=false startingMoved=false isRelaunching()=false
05-18 11:01:52.018  1260  2835 I WindowManager: orientation change is complete, call stopFreezingDisplayLocked
05-18 11:01:52.018  1260  2835 D WindowManager: stopFreezingDisplayLocked: Returning mWaitingForConfig=false, mAppsFreezingScreen=1, mWindowsFreezingScreen=0, mClientFreezingScreen=false, mOpeningApps.size()=1
05-18 11:01:52.020  1260  1885 V WindowManager: removeIfPossible: Window{75bdc5c u0 AssistPreviewPanel} callers=com.android.server.wm.WindowState.removeIfPossible:1914 com.android.server.wm.WindowManagerService.removeWindow:2031 com.android.server.wm.Session.remove:218 android.view.IWindowSession$Stub.onTransact:242 com.android.server.wm.Session.onTransact:161 
05-18 11:01:52.021  1260  1885 V WindowManager: postWindowRemoveCleanupLocked: Window{75bdc5c u0 AssistPreviewPanel}
05-18 11:01:52.021  1260  1885 V WindowManager: Removing Window{75bdc5c u0 AssistPreviewPanel} from WindowToken{a690b65 android.os.BinderProxy@d7a0acf}
05-18 11:01:52.022  1260  1885 V WindowManager: Checking 1 opening apps (frozen=true timeout=false)...
05-18 11:01:52.022  1260  1885 V WindowManager: Check opening app=AppWindowToken{d8cd171 token=Token{1f20318 ActivityRecord{621e6fb u0 com.cambricon.productdisplay/.activity.OffLineClassifiactionAct t14}}}: allDrawn=false startingDisplayed=false startingMoved=false isRelaunching()=false
05-18 11:01:52.022  1260  1885 I WindowManager: orientation change is complete, call stopFreezingDisplayLocked
05-18 11:01:52.022  1260  1885 D WindowManager: stopFreezingDisplayLocked: Returning mWaitingForConfig=false, mAppsFreezingScreen=1, mWindowsFreezingScreen=0, mClientFreezingScreen=false, mOpeningApps.size()=1
05-18 11:01:52.026  1260  1885 D WindowManager: finishDrawingWindow: Window{bfd4e8b u0 StatusBar} mDrawState=HAS_DRAWN
05-18 11:01:52.038  1260  1988 W ProcBatteryStats: timer is running , not start, name: com.android.phone, uid: 1001, tag: RILJ
05-18 11:01:52.040  1260  1885 V HwPhoneWindowManager: updateSystemUiColorLw window=Window{ef684c7 u0 com.cambricon.productdisplay/com.cambricon.productdisplay.activity.OffLineClassifiactionAct},EmuiStyle=0,StatusBarColor=0xff303f9f,NavigationBarColor=0xff000000, mLastIsEmuiLightStyle=-1, mForceNotchStatusBar=false
05-18 11:01:52.041  1699  2143 I CommandQueue: updateBarBgColor
05-18 11:01:52.041  1699  2143 D CommandQueue: CommandQueue, setBarBackgroundColor
05-18 11:01:52.044  1260  1885 V WindowManager: Checking 1 opening apps (frozen=true timeout=false)...
05-18 11:01:52.044  1260  1885 V WindowManager: Check opening app=AppWindowToken{d8cd171 token=Token{1f20318 ActivityRecord{621e6fb u0 com.cambricon.productdisplay/.activity.OffLineClassifiactionAct t14}}}: allDrawn=false startingDisplayed=false startingMoved=false isRelaunching()=false
05-18 11:01:52.054  1260  2835 W ProcBatteryStats: timer is not running , not stop, name: com.android.phone, uid: 1001, tag: RILJ
05-18 11:01:52.108  1260  2835 D WindowManager: finishDrawingWindow: Window{ef684c7 u0 com.cambricon.productdisplay/com.cambricon.productdisplay.activity.OffLineClassifiactionAct} mDrawState=DRAW_PENDING
05-18 11:01:52.110  1260  1534 V WindowManager: Checking 1 opening apps (frozen=true timeout=false)...
05-18 11:01:52.110  1260  1534 V WindowManager: Check opening app=AppWindowToken{d8cd171 token=Token{1f20318 ActivityRecord{621e6fb u0 com.cambricon.productdisplay/.activity.OffLineClassifiactionAct t14}}}: allDrawn=true startingDisplayed=false startingMoved=false isRelaunching()=false
05-18 11:01:52.117  1260  1534 I WindowManager: orientation change is complete, call stopFreezingDisplayLocked
05-18 11:01:52.117  1260  1534 I WindowManager: Screen frozen for +458ms due to Window{ef684c7 u0 com.cambricon.productdisplay/com.cambricon.productdisplay.activity.OffLineClassifiactionAct}
05-18 11:01:52.131  1260  2835 D WindowManager: finishDrawingWindow: Window{ef684c7 u0 com.cambricon.productdisplay/com.cambricon.productdisplay.activity.OffLineClassifiactionAct} mDrawState=HAS_DRAWN
05-18 11:01:52.150  1260  1885 V WindowManager: notifyAppStopped: AppWindowToken{87a1974 token=Token{6d52d47 ActivityRecord{971b086 u0 com.cambricon.productdisplay/.activity.MoreFunctionsAct t14}}}
05-18 11:01:52.151  1260  1885 E WindowManager: win=Window{9d958e0 u0 com.cambricon.productdisplay/com.cambricon.productdisplay.activity.MoreFunctionsAct} destroySurfaces: appStopped=true win.mWindowRemovalAllowed=false win.mRemoveOnExit=false
05-18 11:01:52.151  1260  1885 I WindowManager: Destroying surface Surface(name=com.cambricon.productdisplay/com.cambricon.productdisplay.activity.MoreFunctionsAct) called by com.android.server.wm.WindowStateAnimator.destroySurface:2066 com.android.server.wm.WindowStateAnimator.destroySurfaceLocked:879 com.android.server.wm.HwWindowStateAnimator.destroySurfaceLocked:1006 com.android.server.wm.WindowState.destroyOrSaveSurfaceUnchecked:2990 com.android.server.wm.WindowState.destroySurface:2951 com.android.server.wm.AppWindowToken.destroySurfaces:664 com.android.server.wm.AppWindowToken.destroySurfaces:648 com.android.server.wm.AppWindowToken.notifyAppStopped:692 
05-18 11:01:52.350  1260  1534 I WindowManager: rotationForOrientationLw(orient=0, last=1); user=0 
05-18 11:01:52.351  1260  1534 D WindowManager: face_rotation:isIntelliServiceEnabled: setting swtich off for user 0
05-18 11:01:52.351  1260  1534 D HwPhoneWindowManager: face_rotation: not enabled,use sensor real
05-18 11:01:52.351  1260  1534 D HwPhoneWindowManager: face_rotation:real sensor rotation = -1
05-18 11:01:52.351  1260  1534 D HwPhoneWindowManager: face_rotation: rotation = 1
05-18 11:01:52.351  1260  1534 I WindowManager: Selected orientation 0, got rotation 1 which has compatible metrics
05-18 11:01:53.105  1260  1543 W ActivityManager: Unbind failed: could not find connection for android.os.BinderProxy@b667edb
05-18 11:01:53.214  1260  1543 V ActivityManager: startProcess: name=com.android.gallery3d:search app=null knownToBeDead=true thread=null pid=-1
05-18 11:01:53.235  1260  1543 I ActivityManager: Start proc 5118:com.android.gallery3d:search/u0a18 for service com.android.gallery3d/com.huawei.gallery.search.SearchService
05-18 11:01:53.257  5118  5118 D ActivityThread: ActivityThread,attachApplication
05-18 11:01:53.258  1260  1543 D ActivityManager: ActivityManagerService,attachApplication,callingPid = 5118
05-18 11:01:53.443  1260  1543 I ActivityManager: Process com.huawei.indexsearch (pid 3671) has died: fore SVC 
05-18 11:01:53.447  1260  1543 D ActivityManager: cleanUpApplicationRecord app: ProcessRecord{2c1acc6 3671:com.huawei.indexsearch/1000}, app.bad: false, restarting: false, allowRestart: true
05-18 11:01:53.952  1260  1260 I HwAudioService: check HiRes Icon false
05-18 11:01:53.953  1260  1260 I HwAudioService: broadcastHiresIntent : false
05-18 11:01:54.197  1260  1278 W ActivityManager: Slow operation: 55ms so far, now at getContentProviderImpl: after updateOomAdj
05-18 11:01:54.197  1260  1278 W ActivityManager: Slow operation: 55ms so far, now at getContentProviderImpl: done!
05-18 11:01:54.205  1260  3400 V ActivityManager: startProcess: name=com.huawei.wallet app=null knownToBeDead=true thread=null pid=-1
05-18 11:01:54.231  1260  3400 I ActivityManager: Start proc 5180:com.huawei.wallet/u0a94 for broadcast com.huawei.wallet/com.huawei.nfc.carrera.lifecycle.receiver.BootCompletedReceiver
05-18 11:01:54.259  5180  5180 D ActivityThread: ActivityThread,attachApplication
05-18 11:01:54.261  1260  1278 D ActivityManager: ActivityManagerService,attachApplication,callingPid = 5180
05-18 11:01:54.814  1260  1278 V WindowManager: Adding Window{58a453e u0 Toast} to WindowToken{8ec8f9f android.os.Binder@6db60c0}
05-18 11:01:54.816  1260  1278 V WindowManager: addWindow: New client android.os.BinderProxy@762e1f9: window=Window{58a453e u0 Toast} Callers=com.android.server.wm.HwWindowManagerService.addWindow:573 com.android.server.wm.Session.addToDisplay:199 android.view.IWindowSession$Stub.onTransact:124 com.android.server.wm.Session.onTransact:161 android.os.Binder.execTransact:675 
05-18 11:01:54.857  1260  1278 D WindowManager: finishDrawingWindow: Window{58a453e u0 Toast} mDrawState=DRAW_PENDING
05-18 11:01:54.858   744   744 E wificond: Failed to get NL80211_RATE_INFO_NOISE
05-18 11:01:54.858   744   744 E wificond: Failed to get NL80211_RATE_INFO_SNR
05-18 11:01:54.858   744   744 E wificond: Failed to get NL80211_STA_INFO_CNAHLOAD
05-18 11:01:54.931  1260  1350 V ActivityManager: startProcess: name=org.simalliance.openmobileapi.service app=null knownToBeDead=true thread=null pid=-1
05-18 11:01:54.953  1260  1350 I ActivityManager: Start proc 5203:org.simalliance.openmobileapi.service/1091 for broadcast org.simalliance.openmobileapi.service/.SmartcardServiceBootCompletedBroadcastReceiver
05-18 11:01:54.975  5203  5203 D ActivityThread: ActivityThread,attachApplication
05-18 11:01:54.976  1260  3400 D ActivityManager: ActivityManagerService,attachApplication,callingPid = 5203
05-18 11:01:55.038  1260  1278 I ActivityManager: Finished processing BOOT_COMPLETED for u0
05-18 11:01:55.038  1260  1278 V BroadcastQueue: Finished with ordered broadcast BroadcastRecord{fc80ae8 u0 android.intent.action.BOOT_COMPLETED}
05-18 11:01:55.040  1260  1278 V ActivityManager: startProcess: name=com.huawei.android.wfdft app=null knownToBeDead=true thread=null pid=-1
05-18 11:01:55.057  1260  1278 I ActivityManager: Start proc 5220:com.huawei.android.wfdft/u0a81 for broadcast com.huawei.android.wfdft/.WiFiDirectStateReceiver
05-18 11:01:55.077  5220  5220 D ActivityThread: ActivityThread,attachApplication
05-18 11:01:55.077  1260  3400 D ActivityManager: ActivityManagerService,attachApplication,callingPid = 5220
05-18 11:01:55.153  1260  1603 D WifiP2pService: InactiveState139285
05-18 11:01:55.154  1260  1603 E HwWifiP2pService: Unhandled message when=29737 what=139285 arg1=0 arg2=1
05-18 11:01:55.154  1260  1603 D WifiP2pService: P2pEnabledState when=29737 what=139285 arg1=0 arg2=1
05-18 11:01:55.154  1260  1603 D WifiP2pService: DefaultState{ when=0 what=139285 arg2=1 target=com.android.internal.util.StateMachine$SmHandler }
05-18 11:01:55.183  1260  1885 V BroadcastQueue: Finished with ordered broadcast BroadcastRecord{da592de u-1 android.net.wifi.p2p.CONNECTION_STATE_CHANGE}
05-18 11:01:55.183  1260  1603 D WifiP2pService: InactiveState139287
05-18 11:01:55.183  1260  1603 E HwWifiP2pService: Unhandled message when=29767 what=139287 arg1=0 arg2=1
05-18 11:01:55.183  1260  1603 D WifiP2pService: P2pEnabledState when=29767 what=139287 arg1=0 arg2=1
05-18 11:01:55.183  1260  1603 D WifiP2pService: DefaultState{ when=0 what=139287 arg2=1 target=com.android.internal.util.StateMachine$SmHandler }
05-18 11:01:55.187  1260  1885 I ActivityManager: Killing 2308:com.huawei.hilink.framework/u0a62 (adj 906): empty #25
05-18 11:01:55.200  1260  1543 V BroadcastQueue: Finished with ordered broadcast BroadcastRecord{4abbd4d u-1 android.net.wifi.SCAN_RESULTS}
05-18 11:01:55.223  1721  1721 W ContextImpl: Calling a method in the system process without a qualified user: android.app.ContextImpl.startService:1656 android.content.ContextWrapper.startService:644 android.content.ContextWrapper.startService:644 com.android.settings.wifi.AccessPointConnectedReceiver.onReceive:28 android.app.ActivityThread.handleReceiver:3695 
05-18 11:01:55.250  1260  1990 D ActivityManager: cleanUpApplicationRecord app: ProcessRecord{9f154c6 2308:com.huawei.hilink.framework/u0a62}, app.bad: false, restarting: false, allowRestart: true
05-18 11:01:55.263  1260  2100 V BroadcastQueue: Finished with ordered broadcast BroadcastRecord{6f5e657 u-1 android.net.wifi.STATE_CHANGE}
05-18 11:01:55.266  1260  2100 V BroadcastQueue: Finished with ordered broadcast BroadcastRecord{6ec44d0 u-1 android.net.wifi.supplicant.STATE_CHANGE}
05-18 11:01:55.274  1721  1721 W ContextImpl: Calling a method in the system process without a qualified user: android.app.ContextImpl.startService:1656 android.content.ContextWrapper.startService:644 android.content.ContextWrapper.startService:644 com.android.settings.wifi.AccessPointConnectedReceiver.onReceive:28 android.app.ActivityThread.handleReceiver:3695 
05-18 11:01:55.314  1260  1990 V BroadcastQueue: Finished with ordered broadcast BroadcastRecord{ecd26e0 u-1 android.net.wifi.STATE_CHANGE}
05-18 11:01:55.323  1721  1721 W ContextImpl: Calling a method in the system process without a qualified user: android.app.ContextImpl.startService:1656 android.content.ContextWrapper.startService:644 android.content.ContextWrapper.startService:644 com.android.settings.wifi.AccessPointConnectedReceiver.onReceive:28 android.app.ActivityThread.handleReceiver:3695 
05-18 11:01:55.330  1260  2100 V BroadcastQueue: Finished with ordered broadcast BroadcastRecord{41b5c72 u-1 android.net.wifi.STATE_CHANGE}
05-18 11:01:55.356  1721  1721 W ContextImpl: Calling a method in the system process without a qualified user: android.app.ContextImpl.startService:1656 android.content.ContextWrapper.startService:644 android.content.ContextWrapper.startService:644 com.android.settings.wifi.AccessPointConnectedReceiver.onReceive:28 android.app.ActivityThread.handleReceiver:3695 
05-18 11:01:55.364  1260  1885 V BroadcastQueue: Finished with ordered broadcast BroadcastRecord{9e8cc58 u-1 android.net.wifi.STATE_CHANGE}
05-18 11:01:55.376  1721  1721 W ContextImpl: Calling a method in the system process without a qualified user: android.app.ContextImpl.startService:1656 android.content.ContextWrapper.startService:644 android.content.ContextWrapper.startService:644 com.android.settings.wifi.AccessPointConnectedReceiver.onReceive:28 android.app.ActivityThread.handleReceiver:3695 
05-18 11:01:55.397  1260  2100 V BroadcastQueue: Finished with ordered broadcast BroadcastRecord{64a5604 u-1 android.net.wifi.STATE_CHANGE}
05-18 11:01:55.409  1721  1721 W ContextImpl: Calling a method in the system process without a qualified user: android.app.ContextImpl.startService:1656 android.content.ContextWrapper.startService:644 android.content.ContextWrapper.startService:644 com.android.settings.wifi.AccessPointConnectedReceiver.onReceive:28 android.app.ActivityThread.handleReceiver:3695 
05-18 11:01:55.420  1260  3400 I ActivityManager: Killing 3015:com.android.keychain/1000 (adj 906): empty #25
05-18 11:01:55.422  1260  1885 V BroadcastQueue: Finished with ordered broadcast BroadcastRecord{24156b8 u-1 android.net.wifi.STATE_CHANGE}
