05-18 11:03:15.494  1699  1699 W PanelView: updateAlaphaAndScaleForChild 0  com.android.systemui.statusbar.phone.NotificationsQuickSettingsContainer{f5dd039 V.E...... ......ID 0,0-2160,72 #7f140484 app:id/notification_container_parent}
05-18 11:03:15.494  1699  1699 I PhoneStatusBar: updateNotificationShade: total=4, active=4
05-18 11:03:15.494  1699  1699 W PhoneStatusBar: updateNotificationShade hasFaceDT: false; Detected:false
05-18 11:03:15.496  1260  1990 V WindowManager: removeIfPossible: Window{e134239 u0 DividerMenusView} callers=com.android.server.wm.WindowState.removeIfPossible:1914 com.android.server.wm.WindowManagerService.removeWindow:2031 com.android.server.wm.Session.remove:218 android.view.IWindowSession$Stub.onTransact:242 com.android.server.wm.Session.onTransact:161 
05-18 11:03:15.497  1260  1990 V WindowManager: postWindowRemoveCleanupLocked: Window{e134239 u0 DividerMenusView}
05-18 11:03:15.497  1260  1990 V WindowManager: Removing Window{e134239 u0 DividerMenusView} from WindowToken{d76c07e android.os.BinderProxy@10c1a00}
05-18 11:03:15.500  1260  1990 V WindowManager: removeIfPossible: Window{518d62c u0 DockedStackDivider} callers=com.android.server.wm.WindowState.removeIfPossible:1914 com.android.server.wm.WindowManagerService.removeWindow:2031 com.android.server.wm.Session.remove:218 android.view.IWindowSession$Stub.onTransact:242 com.android.server.wm.Session.onTransact:161 
05-18 11:03:15.501  1260  1990 V WindowManager: postWindowRemoveCleanupLocked: Window{518d62c u0 DockedStackDivider}
05-18 11:03:15.501  1260  1990 V WindowManager: Removing Window{518d62c u0 DockedStackDivider} from WindowToken{edcc8f5 android.os.BinderProxy@9aa89df}
05-18 11:03:15.507  1699  1699 W HwKeyguardDragHelper: AnimationBlocked
05-18 11:03:15.507   360   360 E         : pid 5899, opration oeminfo_read OK
05-18 11:03:15.507   360   360 E         : 
05-18 11:03:15.511   360   360 E         : pid 5899, opration oeminfo_read OK
05-18 11:03:15.511   360   360 E         : 
05-18 11:03:15.512  1699  2155 D OpenGLRenderer:   HWUI Binary is  enabled
05-18 11:03:15.508  5899  5899 W hwnffserver: type=1400 audit(0.0:2463): avc: denied { write } for name="socket" dev="tmpfs" ino=4592 scontext=u:r:hwnffserver:s0 tcontext=u:object_r:socket_device:s0 tclass=dir permissive=0
05-18 11:03:15.512  1699  2155 D OpenGLRenderer:   HWUI Binary is  enabled
05-18 11:03:15.512  5899  5899 E HWNFF   : HWNFF Daemon fireup
05-18 11:03:15.512  5899  5899 E HWNFF   : Daemon: Unable to bind socket
05-18 11:03:15.513  1260  1990 V WindowManager: removeIfPossible: Window{257e4fb u0 com.android.systemui} callers=com.android.server.wm.WindowState.removeIfPossible:1914 com.android.server.wm.WindowManagerService.removeWindow:2031 com.android.server.wm.Session.remove:218 android.view.IWindowSession$Stub.onTransact:242 com.android.server.wm.Session.onTransact:161 
05-18 11:03:15.514  1260  1990 V WindowManager: postWindowRemoveCleanupLocked: Window{257e4fb u0 com.android.systemui}
05-18 11:03:15.514  1260  1990 V WindowManager: Removing Window{257e4fb u0 com.android.systemui} from WindowToken{c532918 android.os.BinderProxy@bba668a}
05-18 11:03:15.516  1699  2155 D OpenGLRenderer:   HWUI Binary is  enabled
05-18 11:03:15.516  1260  1990 V WindowManager: removeIfPossible: Window{9e06156 u0 AssistPreviewPanel} callers=com.android.server.wm.WindowState.removeIfPossible:1914 com.android.server.wm.WindowManagerService.removeWindow:2031 com.android.server.wm.Session.remove:218 android.view.IWindowSession$Stub.onTransact:242 com.android.server.wm.Session.onTransact:161 
05-18 11:03:15.517  1260  1990 V WindowManager: postWindowRemoveCleanupLocked: Window{9e06156 u0 AssistPreviewPanel}
05-18 11:03:15.517  1260  1990 V WindowManager: Removing Window{9e06156 u0 AssistPreviewPanel} from WindowToken{b5d5d7 android.os.BinderProxy@67dff71}
05-18 11:03:15.519  1260  1990 V WindowManager: removeIfPossible: Window{fbddd4e u0 AssistPreviewPanel} callers=com.android.server.wm.WindowState.removeIfPossible:1914 com.android.server.wm.WindowManagerService.removeWindow:2031 com.android.server.wm.Session.remove:218 android.view.IWindowSession$Stub.onTransact:242 com.android.server.wm.Session.onTransact:161 
05-18 11:03:15.519  1260  1990 V WindowManager: postWindowRemoveCleanupLocked: Window{fbddd4e u0 AssistPreviewPanel}
05-18 11:03:15.519  1260  1990 V WindowManager: Removing Window{fbddd4e u0 AssistPreviewPanel} from WindowToken{5992e6f android.os.BinderProxy@de49049}
05-18 11:03:15.521  1699  2155 D OpenGLRenderer:   HWUI Binary is  enabled
05-18 11:03:15.530  4413  5902 D HwInnerWifiManagerImpl: SupplicantState = COMPLETED
05-18 11:03:15.530  4413  5902 D HwInnerWifiManagerImpl: isPhoneAP = false
05-18 11:03:15.556  1260  1534 I WindowManager: rotationForOrientationLw(orient=0, last=1); user=0 
05-18 11:03:15.557  1260  1534 D WindowManager: face_rotation:isIntelliServiceEnabled: setting swtich off for user 0
05-18 11:03:15.557  1260  1534 D HwPhoneWindowManager: face_rotation: not enabled,use sensor real
05-18 11:03:15.557  1260  1534 D HwPhoneWindowManager: face_rotation:real sensor rotation = -1
05-18 11:03:15.557  1260  1534 D HwPhoneWindowManager: face_rotation: rotation = 1
05-18 11:03:15.557  1260  1534 I WindowManager: Selected orientation 0, got rotation 1 which has compatible metrics
05-18 11:03:15.582  4108  4108 I KeymapLoader: s=1080 scale=3.3 self=3.3
05-18 11:03:15.583  4108  4108 I KeymapLoader: scaleRes:1.0
05-18 11:03:15.583  4108  4108 I KeymapLoader: skin scale=1.0 scaleRes=1.0
05-18 11:03:15.592  4108  4108 I wangchen: SysInfo.getSysParam: new resource orientation2
05-18 11:03:15.593  4108  4108 I KeymapLoader: w=2160 h=1080 ori=false appScale=3.3 s1=3.0
05-18 11:03:15.594  1437  1457 I OAM     : [check_file_size:505]/data/log/wifi/wifi_log_1 log file beyond size=10240Byte, creat new file
05-18 11:03:15.594  1437  1457 I OAM     : [rename_old_file:210]rename_old_file
05-18 11:03:15.594  1437  1457 I OAM     : 
05-18 11:03:15.740  1260  1260 I HwNormalizedSpline: DayMode:getBrightnessLevel lux =44.0, mDefaultBrightnessFromLux =38.13818
05-18 11:03:15.827  1437  1457 I OAM     : [check_file_size:505]/data/log/wifi/wifi_log_1 log file beyond size=10240Byte, creat new file
05-18 11:03:15.827  1437  1457 I OAM     : [rename_old_file:210]rename_old_file
05-18 11:03:15.827  1437  1457 I OAM     : 
05-18 11:03:16.077  1699  1699 I PhoneStatusBarView: mDelayedGetViewPositionOnScreen getLocationInWindow 0 0
05-18 11:03:16.077  1699  1699 I PhoneStatusBarView: mDelayedGetViewPositionOnScreen getLocationOnScreen 0 0
05-18 11:03:16.473   744   744 E wificond: Failed to get NL80211_RATE_INFO_NOISE
05-18 11:03:16.473   744   744 E wificond: Failed to get NL80211_RATE_INFO_SNR
05-18 11:03:16.473   744   744 E wificond: Failed to get NL80211_STA_INFO_CNAHLOAD
05-18 11:03:16.476  1260  1593 I chatty  : uid=1000(system) HwWifiCHRStateM expire 20 lines
05-18 11:03:16.478   744   744 E wificond: Failed to get NL80211_RATE_INFO_NOISE
05-18 11:03:16.478   744   744 E wificond: Failed to get NL80211_RATE_INFO_SNR
05-18 11:03:16.478   744   744 E wificond: Failed to get NL80211_STA_INFO_CNAHLOAD
05-18 11:03:16.479  1260  1661 I chatty  : uid=1000(system) HuaweiWifiWatch expire 34 lines
05-18 11:03:16.483   603  1243 W SocketListener: sending broadcast to Pid = 1260, Uid = 1000 
05-18 11:03:16.487  1260  1586 D NetdConnector: RCV <- {600 Iface linkstate wlan0 up}
05-18 11:03:16.495  1975  1975 D wpa_supplicant: nl80211: Event message available
05-18 11:03:16.496  1975  1975 D wpa_supplicant: nl80211: Drv Event 34 (NL80211_CMD_NEW_SCAN_RESULTS) received for wlan0
05-18 11:03:16.496  1975  1975 D wpa_supplicant: wlan0: nl80211: New scan results available
05-18 11:03:16.496  1975  1975 D wpa_supplicant: nl80211: Scan probed for SSID ''
05-18 11:03:16.496  1975  1975 D wpa_supplicant: nl80211: Scan included frequencies: 2412 2417 2422 2427 2432 2437 2442 2447 2452 2457 2462 2467 2472 5180 5200 5220 5240 5260 5280 5300 5320 5745 5765 5785 5805 5825
05-18 11:03:16.497  1975  1975 D wpa_supplicant: wlan0: Event SCAN_RESULTS (3) received
05-18 11:03:16.494  1260  1586 D NetdConnector: RCV <- {600 Iface linkstate wlan0 up}
05-18 11:03:16.497  1260  1422 D NetdConnector: RCV unsolicited event from native daemon, event = 600
05-18 11:03:16.497  1975  1975 D wpa_supplicant: nl80211: Received scan results (9 BSSes)
05-18 11:03:16.498  1975  1975 D wpa_supplicant: nl80211: Scan results indicate BSS status with dc:**:**:**:92:b6 as associated
05-18 11:03:16.500  1260  1601 I chatty  : uid=1000(system) WifiScanningSer expire 2 lines
05-18 11:03:16.502  1975  1975 D wpa_supplicant: wlan0: BSS: Start scan result update 3
05-18 11:03:16.503  1975  1975 D wpa_supplicant: BSS: last_scan_res_used=9/32
05-18 11:03:16.503  1975  1975 D wpa_supplicant: wlan0: New scan results available (own=0 ext=1)
05-18 11:03:16.504  1975  1975 D wpa_supplicant: wlan0: Do not use results from externally requested scan operation for network selection
05-18 11:03:16.504  1975  1975 D wpa_supplicant: p2p0: Updating scan results from sibling
05-18 11:03:16.504  1975  1975 D wpa_supplicant: nl80211: Received scan results (9 BSSes)
05-18 11:03:16.505  1975  1975 D wpa_supplicant: p2p0: BSS: Start scan result update 3
05-18 11:03:16.505  1975  1975 D wpa_supplicant: BSS: last_scan_res_used=9/32
05-18 11:03:16.505  1975  1975 D wpa_supplicant: p2p0: New scan results available (own=0 ext=1)
05-18 11:03:16.505  1975  1975 D wpa_supplicant: p2p0: Do not use results from externally requested scan operation for network selection
05-18 11:03:16.517  1721  1721 D ConnectSwitchReceiver: onReceive() begin
05-18 11:03:16.518  1721  1721 D ConnectSwitchReceiver: is not CMCC
05-18 11:03:16.519  1260  1990 V BroadcastQueue: Finished with ordered broadcast BroadcastRecord{ea63380 u-1 android.net.wifi.SCAN_RESULTS}
05-18 11:03:16.745  4413  5905 D HwInnerWifiManagerImpl: SupplicantState = COMPLETED
05-18 11:03:16.745  4413  5905 D HwInnerWifiManagerImpl: isPhoneAP = false
05-18 11:03:17.316  1260  1990 D ConnectivityService: reportNetworkConnectivity(100, false) by 10019
05-18 11:03:17.326   634  3483 D asd     : [asd_proc_hal_data],hal data soundness: L[0],R[0]
05-18 11:03:17.359   657   657 E WifiHAL : enter wifi_get_link_stats
05-18 11:03:17.363   744   744 E wificond: Failed to get NL80211_RATE_INFO_NOISE
05-18 11:03:17.363   744   744 E wificond: Failed to get NL80211_RATE_INFO_SNR
05-18 11:03:17.363   744   744 E wificond: Failed to get NL80211_STA_INFO_CNAHLOAD
05-18 11:03:17.601   668   668 I aptouch_daemon: filter_touch_detect, down, in: 1, out: 1
05-18 11:03:17.606  1260  1578 I chatty  : uid=1000(system) InputReader expire 42 lines
05-18 11:03:17.651   668   668 I aptouch_daemon: filter_touch_detect, all_touch_up
05-18 11:03:17.675  4230  4230 V AudioManager: playSoundEffect   effectType: 0
05-18 11:03:17.698  1260  1990 V WindowManager: No longer Stopped: AppWindowToken{87a1974 token=Token{6d52d47 ActivityRecord{971b086 u0 com.cambricon.productdisplay/.activity.MoreFunctionsAct t14}}}
05-18 11:03:17.703  1260  1990 D WindowManager: face_rotation:isIntelliServiceEnabled: setting swtich off for user 0
05-18 11:03:17.703  1260  1990 I WindowManager: rotationForOrientationLw(orient=1, last=1); user=0 
05-18 11:03:17.703  1260  1990 D WindowManager: face_rotation:isIntelliServiceEnabled: setting swtich off for user 0
05-18 11:03:17.703  1260  1990 D HwPhoneWindowManager: face_rotation: not enabled,use sensor real
05-18 11:03:17.703  1260  1990 D HwPhoneWindowManager: face_rotation:real sensor rotation = -1
05-18 11:03:17.703  1260  1990 D HwPhoneWindowManager: face_rotation: rotation = 1
05-18 11:03:17.703  1260  1990 I WindowManager: Selected orientation 1, got rotation 0 which has compatible metrics
05-18 11:03:17.703  1260  1990 I WindowManager: Rotation changed to 0 from 1, lastOrientation=1
05-18 11:03:17.704  1260  1260 I HwAftPolicyService: call aft hidl set orientation=0
05-18 11:03:17.705   656   656 E TS_Service: hwTsSetAftAlgoOrientation
05-18 11:03:17.705   656   656 I TS_HAL  : ts_set_aft_orientation:called
05-18 11:03:17.705   656   656 I aptouch_daemon, [--aptouch_interface_client--]: thp_execute_cmd_parms starting. cmd: aftouch.orientation
05-18 11:03:17.708   656   656 I aptouch_daemon, [--aptouch_interface_client--]: thp_get_cs, use vndbinder
05-18 11:03:17.709   661  1813 D SurfaceFlinger: setSecureScreenRecShotFlag, value = 4, mask = 4
05-18 11:03:17.710   668   754 I aptouch_daemon: get_cmd, =====>>find m_cmd=====>>aftouch.orientation
05-18 11:03:17.710   668   754 I aptouch_daemon: get_cmd, =====>>find m_cmd=====>>aftouch.orientation
05-18 11:03:17.710   668   754 I aptouch_daemon: aft_set_config, aft_set_config---2,0
05-18 11:03:17.710   668   754 I aptouch_daemon: thp_cmd_set_aftouch_config, aftouch_set_config: aft_cfg = 2, value = 0
05-18 11:03:17.713   668  5906 I aptouch_daemon: excute_long_cmd, ========>>aftouch.orientation excute done!
05-18 11:03:17.724  1260  1990 I ActivityManager: Config changes=480 {1.0 ?mcc?mnc [zh_CN_#Hans] ldltr sw360dp w360dp h696dp 480dpi nrml long hdr port finger -keyb/v/h -nav/h appBounds=Rect(0, 0 - 1080, 2160) nonFullScreen=0 suim:1 s.11}
05-18 11:03:17.747  1260  1990 I ActivityManager: Override config changes=480 {1.0 ?mcc?mnc [zh_CN_#Hans] ldltr sw360dp w360dp h696dp 480dpi nrml long hdr port finger -keyb/v/h -nav/h appBounds=Rect(0, 0 - 1080, 2160) nonFullScreen=0 suim:1 s.11} for displayId=0
05-18 11:03:17.760  1260  1990 V WindowManager: notifyAppResumed: wasStopped=true AppWindowToken{87a1974 token=Token{6d52d47 ActivityRecord{971b086 u0 com.cambricon.productdisplay/.activity.MoreFunctionsAct t14}}}
05-18 11:03:17.760  1260  1990 D WindowManager: stopFreezingDisplayLocked: Returning mWaitingForConfig=false, mAppsFreezingScreen=0, mWindowsFreezingScreen=1, mClientFreezingScreen=false, mOpeningApps.size()=1
05-18 11:03:17.762  1260  1990 V WindowManager: Checking 1 opening apps (frozen=true timeout=false)...
05-18 11:03:17.762  1260  1990 V WindowManager: Check opening app=AppWindowToken{87a1974 token=Token{6d52d47 ActivityRecord{971b086 u0 com.cambricon.productdisplay/.activity.MoreFunctionsAct t14}}}: allDrawn=false startingDisplayed=false startingMoved=false isRelaunching()=false
05-18 11:03:17.768  1260  1534 V WindowManager: Checking 1 opening apps (frozen=true timeout=false)...
05-18 11:03:17.768  1260  1534 V WindowManager: Check opening app=AppWindowToken{87a1974 token=Token{6d52d47 ActivityRecord{971b086 u0 com.cambricon.productdisplay/.activity.MoreFunctionsAct t14}}}: allDrawn=false startingDisplayed=false startingMoved=false isRelaunching()=false
05-18 11:03:17.770  2077  2517 D PhoneInterfaceManager: [PhoneIntfMgr] getTetherApnRequired: subId=0 phoneId=0
05-18 11:03:17.771  4108  4108 D Tinker.DefaultAppLike: onConfigurationChanged:{1.0 ?mcc?mnc [zh_CN_#Hans] ldltr sw360dp w360dp h696dp 480dpi nrml long hdr port finger -keyb/v/h -nav/h appBounds=Rect(0, 0 - 1080, 2160) nonFullScreen=0 suim:1 s.11}
05-18 11:03:17.771  4108  4108 I wangchen: ImeService.onConfigurationChanged: old portrait false, new config orientation 1, new res orientation 1
05-18 11:03:17.772  4108  4108 I IFontSizeSetting: imeService onConfigurationChanged
05-18 11:03:17.772  4108  4108 I wangchen: log.save[: false], has in db mode - false, is db mode - false
05-18 11:03:17.772  4108  4108 I IFontSizeSetting: log save:default:1 select:3 isforce:false bufferSize:16
05-18 11:03:17.773  1260  1534 V WindowManager: Checking 1 opening apps (frozen=true timeout=false)...
05-18 11:03:17.773  1260  1534 V WindowManager: Check opening app=AppWindowToken{87a1974 token=Token{6d52d47 ActivityRecord{971b086 u0 com.cambricon.productdisplay/.activity.MoreFunctionsAct t14}}}: allDrawn=false startingDisplayed=false startingMoved=false isRelaunching()=false
05-18 11:03:17.779  4108  4108 D HwRTBlurUtils: check blur style for HwPhoneWindow-InputMethod, themeResId : 0x02060019, context : android.view.ContextThemeWrapper@c5855b8, Nhwext : 0, get Blur : disable with , null
05-18 11:03:17.779  4108  4108 D HwRTBlurUtils: check blur style for HwPhoneWindow-InputMethod, themeResId : 0x02060019, context : android.view.ContextThemeWrapper@c5855b8, Nhwext : 0, get Blur : disable with , null
05-18 11:03:17.782  4108  4108 I wangchen: com.baidu.input.manager.m apply, has in db mode - false, is db mode - false
05-18 11:03:17.791   627   690 I GRALLOC : 	 shrFd=56,fmt=0x1,intFmt=0x200000001,btStrd=4352,size=9687040,pid=627 
05-18 11:03:17.791   627   690 I GRALLOC : 	 yuv=2,w=1080,h=2160,Stride u=0 v=0,offset u=0 v=0 
05-18 11:03:17.791   627   690 I GRALLOC : 	 iova_size=9687040,conUsg=0x0,proUsg=0x8000100,	 strd=1088,[afbc]HdrStrd=1088 PyldStrd=70656 Scrmbl=2,ionhnd = 4 
05-18 11:03:17.791   627   690 I GRALLOC : 	 shrFd=60,fmt=0x1,intFmt=0x200000001,btStrd=4352,size=9687040,pid=627 
05-18 11:03:17.791   627   690 I GRALLOC : 	 yuv=2,w=1080,h=2160,Stride u=0 v=0,offset u=0 v=0 
05-18 11:03:17.791   627   690 I GRALLOC : 	 iova_size=9687040,conUsg=0x0,proUsg=0x8000100,	 strd=1088,[afbc]HdrStrd=1088 PyldStrd=70656 Scrmbl=2,ionhnd = 5 
05-18 11:03:17.792   627   690 I GRALLOC : 	 shrFd=74,fmt=0x1,intFmt=0x200000001,btStrd=4352,size=9687040,pid=627 
05-18 11:03:17.792   627   690 I GRALLOC : 	 yuv=2,w=1080,h=2160,Stride u=0 v=0,offset u=0 v=0 
05-18 11:03:17.792   627   690 I GRALLOC : 	 iova_size=9687040,conUsg=0x0,proUsg=0x8000100,	 strd=1088,[afbc]HdrStrd=1088 PyldStrd=70656 Scrmbl=2,ionhnd = 6 
05-18 11:03:17.802  3346  3346 I HwEmailTag: EmailApplication->onConfigurationChanged
05-18 11:03:17.806  1699  2155 D OpenGLRenderer:   HWUI Binary is  enabled
05-18 11:03:17.806  1699  1699 D HwCust  : Create obj success use class android.view.HwCustRenderThreadMonitorImpl
05-18 11:03:17.808  1260  3400 V WindowManager: Adding Window{41ee47b u0 DividerMenusView} to WindowToken{ce6f298 android.os.BinderProxy@f47b40a}
05-18 11:03:17.808  1260  3400 V WindowManager: addWindow: New client android.os.BinderProxy@f47b40a: window=Window{41ee47b u0 DividerMenusView} Callers=com.android.server.wm.HwWindowManagerService.addWindow:573 com.android.server.wm.Session.addToDisplay:199 android.view.IWindowSession$Stub.onTransact:124 com.android.server.wm.Session.onTransact:161 android.os.Binder.execTransact:675 
05-18 11:03:17.809  5537  5537 D MSG_APP_Mms: onConfigurationChanged...
05-18 11:03:17.809  5537  5537 I MSG_APP_Mms: Broadcast ACTION_CONFIGURATION_CHANGED received.
05-18 11:03:17.810  1699  2155 D OpenGLRenderer:   HWUI Binary is  enabled
05-18 11:03:17.810  1699  1699 D HwCust  : Create obj success use class android.view.HwCustRenderThreadMonitorImpl
05-18 11:03:17.811  1260  3400 V HwPhoneWindowManager: updateSystemUiColorLw window=Window{9d958e0 u0 com.cambricon.productdisplay/com.cambricon.productdisplay.activity.MoreFunctionsAct},EmuiStyle=0,StatusBarColor=0xff256ce0,NavigationBarColor=0xff000000, mLastIsEmuiLightStyle=-1, mForceNotchStatusBar=false
05-18 11:03:17.812  1699  2143 I CommandQueue: updateBarBgColor
05-18 11:03:17.812  1699  2143 D CommandQueue: CommandQueue, setBarBackgroundColor
05-18 11:03:17.813  1260  3400 V WindowManager: Checking 1 opening apps (frozen=true timeout=false)...
05-18 11:03:17.813  1260  3400 V WindowManager: Check opening app=AppWindowToken{87a1974 token=Token{6d52d47 ActivityRecord{971b086 u0 com.cambricon.productdisplay/.activity.MoreFunctionsAct t14}}}: allDrawn=false startingDisplayed=false startingMoved=false isRelaunching()=false
05-18 11:03:17.814  1260  1885 V WindowManager: Adding Window{b506d6 u0 DockedStackDivider} to WindowToken{4ad4d57 android.os.BinderProxy@5cfcaf1}
05-18 11:03:17.814  1260  1885 V WindowManager: addWindow: New client android.os.BinderProxy@5cfcaf1: window=Window{b506d6 u0 DockedStackDivider} Callers=com.android.server.wm.HwWindowManagerService.addWindow:573 com.android.server.wm.Session.addToDisplay:199 android.view.IWindowSession$Stub.onTransact:124 com.android.server.wm.Session.onTransact:161 android.os.Binder.execTransact:675 
05-18 11:03:17.815  4230  4296 D mali_winsys: EGLint new_window_surface(egl_winsys_display *, void *, EGLSurface, EGLConfig, egl_winsys_surface **, egl_color_buffer_format *, EGLBoolean) returns 0x3000
05-18 11:03:17.817  1699  1699 D BarTransitions.HwNavigationBarView: applyModeBackground oldMode=Unknown mode -1 newMode=MODE_TRANSPARENT animate=false
05-18 11:03:17.819  1699  1699 E HwSplitScreenArrowView:  onAnimationUpdate() View=com.android.systemui.statusbar.policy.HwSplitScreenArrowView{2f01527 G.E...... ......ID 0,0-1080,2160} not attached to window manager
05-18 11:03:17.820  3243  3243 D LauncherOverlayService: onConfigurationChanged dm = DisplayMetrics{density=3.0, width=1080, height=2160, scaledDensity=3.0, xdpi=403.411, ydpi=403.411, densityDpi=480, noncompatWidthPixels=1080, noncompatHeightPixels=2160, noncompatDensity=3.0, noncompatDensityDpi=480, noncompatXdpi=403.411, noncompatYdpi=403.411}
05-18 11:03:17.820  3243  3243 D Workspace:   updateViewWidth mScreenW = 1080.0
05-18 11:03:17.820  3243  3243 E LauncherOverlayService: IllegalArgumentException, mWorkspace have not attach
05-18 11:03:17.821  3243  3243 I IntelligentPKM: receiver action:android.intent.action.CONFIGURATION_CHANGED
05-18 11:03:17.821  1699  2155 D OpenGLRenderer:   HWUI Binary is  enabled
05-18 11:03:17.821  1699  1699 D HwCust  : Create obj success use class android.view.HwCustRenderThreadMonitorImpl
05-18 11:03:17.822  1260  3400 V WindowManager: Adding Window{e85252d u0 com.android.systemui} to WindowToken{dd2ba62 android.os.BinderProxy@3a4a044}
05-18 11:03:17.823  4108  4108 I wangchen: com.baidu.input.manager.m apply, has in db mode - false, is db mode - false
05-18 11:03:17.823  1260  3400 V WindowManager: addWindow: New client android.os.BinderProxy@3a4a044: window=Window{e85252d u0 com.android.systemui} Callers=com.android.server.wm.HwWindowManagerService.addWindow:573 com.android.server.wm.Session.addToDisplay:199 android.view.IWindowSession$Stub.onTransact:124 com.android.server.wm.Session.onTransact:161 android.os.Binder.execTransact:675 
05-18 11:03:17.824  4108  4108 I wangchen: SysInfo.getSysParam: new resource orientation1
05-18 11:03:17.824  1699  1851 E PhoneStatusBar: Setting not found exception : accessibility_display_magnification_navbar_enabled
05-18 11:03:17.827  1699  2155 D OpenGLRenderer:   HWUI Binary is  enabled
05-18 11:03:17.827  1699  1699 D HwCust  : Create obj success use class android.view.HwCustRenderThreadMonitorImpl
05-18 11:03:17.829  1260  1885 V WindowManager: Adding Window{96d7cb0 u0 AssistPreviewPanel} to WindowToken{fbbe729 android.os.BinderProxy@14f67f3}
05-18 11:03:17.829  1260  1885 V WindowManager: addWindow: New client android.os.BinderProxy@14f67f3: window=Window{96d7cb0 u0 AssistPreviewPanel} Callers=com.android.server.wm.HwWindowManagerService.addWindow:573 com.android.server.wm.Session.addToDisplay:199 android.view.IWindowSession$Stub.onTransact:124 com.android.server.wm.Session.onTransact:161 android.os.Binder.execTransact:675 
05-18 11:03:17.830  1260  1885 D WindowManager: finishDrawingWindow: Window{9d958e0 u0 com.cambricon.productdisplay/com.cambricon.productdisplay.activity.MoreFunctionsAct} mDrawState=DRAW_PENDING
05-18 11:03:17.833  1260  1534 V WindowManager: Checking 1 opening apps (frozen=true timeout=false)...
05-18 11:03:17.833  1260  1534 V WindowManager: Check opening app=AppWindowToken{87a1974 token=Token{6d52d47 ActivityRecord{971b086 u0 com.cambricon.productdisplay/.activity.MoreFunctionsAct t14}}}: allDrawn=true startingDisplayed=false startingMoved=false isRelaunching()=false
05-18 11:03:17.833  4230  4230 W InputMethodManager: startInputReason = 1
05-18 11:03:17.837  4108  4108 I KeymapLoader: w=1080 h=2160 ori=true appScale=3.3 s1=3.0
05-18 11:03:17.842  4108  4108 I wangchen: SysInfo.getSysParam: new resource orientation1
05-18 11:03:17.842   661  1814 E BufferQueueProducer: [com.cambricon.productdisplay/com.cambricon.productdisplay.activity.MoreFunctionsAct#0] disconnect: not connected (req=1)
05-18 11:03:17.842  4230  4296 W libEGL  : EGLNativeWindowType 0x7a9552a010 disconnect failed
05-18 11:03:17.843  4230  4296 D mali_winsys: EGLint new_window_surface(egl_winsys_display *, void *, EGLSurface, EGLConfig, egl_winsys_surface **, egl_color_buffer_format *, EGLBoolean) returns 0x3000
05-18 11:03:17.849  1260  1885 D WindowManager: finishDrawingWindow: Window{9d958e0 u0 com.cambricon.productdisplay/com.cambricon.productdisplay.activity.MoreFunctionsAct} mDrawState=HAS_DRAWN
05-18 11:03:17.853  1699  1699 W HwKeyguardDragHelper: AnimationBlocked
05-18 11:03:17.854  4108  4108 I KeymapLoader: w=1080 h=2160 ori=true appScale=3.3 s1=3.0
05-18 11:03:17.859  3054  3054 I Calendar: CalendarApplication info: getLauncherType return type=1
05-18 11:03:17.863  1699  3141 D HwRecentsLockUtils: Search
05-18 11:03:17.864  2047  5897 E HsmCoreServiceImpl: onTransact in code is: 103
05-18 11:03:17.864  2047  5897 I MediaProcessHandler: playingUids: 
05-18 11:03:17.866  1260  1885 D ActivityManager: Skipping, home or recents stack task: TaskRecord{d0a2ca #13 A=com.huawei.android.launcher U=0 StackId=0 sz=1}
05-18 11:03:17.866  1260  1885 D ActivityManager: Skipping intent:act=android.intent.action.MAIN cat=[android.intent.category.HOME] flg=0x10800300 cmp=com.android.settings/.FallbackHome
05-18 11:03:17.867  1699  1699 D BarTransitions.HwNavigationBarView: applyModeBackground oldMode=Unknown mode -1 newMode=MODE_TRANSPARENT animate=false
05-18 11:03:17.872  1699  2155 D OpenGLRenderer:   HWUI Binary is  enabled
05-18 11:03:17.873  1699  1699 D HwCust  : Create obj success use class android.view.HwCustRenderThreadMonitorImpl
05-18 11:03:17.874  1260  1885 V WindowManager: Adding Window{3a5b3dc u0 AssistPreviewPanel} to WindowToken{282cce5 android.os.BinderProxy@aee904f}
05-18 11:03:17.874  1260  1885 V WindowManager: addWindow: New client android.os.BinderProxy@aee904f: window=Window{3a5b3dc u0 AssistPreviewPanel} Callers=com.android.server.wm.HwWindowManagerService.addWindow:573 com.android.server.wm.Session.addToDisplay:199 android.view.IWindowSession$Stub.onTransact:124 com.android.server.wm.Session.onTransact:161 android.os.Binder.execTransact:675 
05-18 11:03:17.881  2977  2977 I HwLauncher: Model  onReceive intent=Intent { act=android.intent.action.CONFIGURATION_CHANGED flg=0x70200010 }
05-18 11:03:17.881  2977  2977 I HwLauncher: Model  onReceive user=UserHandle{0}
05-18 11:03:17.882  2977  2977 I HwLauncher: Launcher.Settings  updateIconTitleSize fontSize = 11.5
05-18 11:03:17.876  1699  1699 W SystemUI_recent: type=1400 audit(0.0:2470): avc: granted { getattr } for path="/data/system_ce/0/recent_images/8_task_thumbnail.png" dev="sdd60" ino=5475 scontext=u:r:platform_app:s0:c512,c768 tcontext=u:object_r:system_data_file:s0 tclass=file
05-18 11:03:17.876  1699  1699 W SystemUI_recent: type=1400 audit(0.0:2471): avc: granted { getattr } for path="/data/system_ce/0/recent_images/8_task_thumbnail.png" dev="sdd60" ino=5475 scontext=u:r:platform_app:s0:c512,c768 tcontext=u:object_r:system_data_file:s0 tclass=file
05-18 11:03:17.882  1699  1853 V BitmapFactoryEx: nativeDecodeFileDescriptorEx
05-18 11:03:17.883  1699  1699 I HwFyuseView: Fyuse pic path is emtpty
05-18 11:03:17.876  1699  1699 W SystemUI_recent: type=1400 audit(0.0:2472): avc: granted { getattr } for path="/data/system_ce/0/recent_images/8_task_thumbnail.png" dev="sdd60" ino=5475 scontext=u:r:platform_app:s0:c512,c768 tcontext=u:object_r:system_data_file:s0 tclass=file
05-18 11:03:17.876  1699  1699 W SystemUI_recent: type=1400 audit(0.0:2473): avc: granted { read } for path="/data/system_ce/0/recent_images/8_task_thumbnail.png" dev="sdd60" ino=5475 scontext=u:r:platform_app:s0:c512,c768 tcontext=u:object_r:system_data_file:s0 tclass=file
05-18 11:03:17.876  1699  1699 W SystemUI_recent: type=1400 audit(0.0:2489): avc: granted { read } for path="/data/system_ce/0/recent_images/8_task_thumbnail.png" dev="sdd60" ino=5475 scontext=u:r:platform_app:s0:c512,c768 tcontext=u:object_r:system_data_file:s0 tclass=file
05-18 11:03:17.883  1699  1699 I HwFyuseView: Fyuse pic path is emtpty
05-18 11:03:17.883  1699  1699 I HwFyuseView: Fyuse pic path is emtpty
05-18 11:03:17.885  1699  1699 D WeatherHelper: City info empty
05-18 11:03:17.885  1699  1699 D WeatherHelper: City info empty
05-18 11:03:17.886  1699  1699 W ResourceType: No known package when getting value for resource number 0xffffffff
05-18 11:03:17.886  1699  1699 E DateLunarView: mDateString is: 518
05-18 11:03:17.887  1699  1699 D CubicBezierInterpolator: CubicBezierInterpolator  mControlPoint1x = 0.23, mControlPoint1y = 0.06, mControlPoint2x = 0.09, mControlPoint2y = 0.97
05-18 11:03:17.888  1699  1699 D CubicBezierInterpolator: CubicBezierInterpolator  mControlPoint1x = 0.6, mControlPoint1y = 0.9, mControlPoint2x = 0.8, mControlPoint2y = 1.0
05-18 11:03:17.888  1699  1699 D CubicBezierInterpolator: CubicBezierInterpolator  mControlPoint1x = 0.23, mControlPoint1y = 0.06, mControlPoint2x = 0.09, mControlPoint2y = 0.97
05-18 11:03:17.888  1699  1699 D CubicBezierInterpolator: CubicBezierInterpolator  mControlPoint1x = 0.6, mControlPoint1y = 0.9, mControlPoint2x = 0.8, mControlPoint2y = 1.0
05-18 11:03:17.889  1699  1699 D TimeKeeper: getTimeTickInfo:[mMillisUntilFinished:0, mHour:0, mMinute:0, mSecond:0]
05-18 11:03:17.889  1699  1699 E KeyguardUpdateMonitor: isSimPinSecure mSimDatas is null or empty 
05-18 11:03:17.889  1699  1699 D TimeKeeper: getTimeTickInfo:[mMillisUntilFinished:0, mHour:0, mMinute:0, mSecond:0]
05-18 11:03:17.889  1699  1699 W LockIcon: getState 1 <-> 0; fp running false
05-18 11:03:17.890  1699  1699 W LockIcon: getHintTextRes isMethodSecure: false  isUserTrustIsManaged false
05-18 11:03:17.890  4108  4108 I KeymapLoader: appScale=3.3 selfScale=3.3 3.3
05-18 11:03:17.890  1699  1699 W LockIcon: update state from 1 -->. 1
05-18 11:03:17.891  1699  1699 W HwKeyguardBottomArea: updateBatteryInfo : true  true
05-18 11:03:17.892  4108  4108 I wangchen: RootCssLoader.<init>: Global.portrait true, res orientation 1
05-18 11:03:17.894  1260  3400 V WindowManager: removeIfPossible: Window{69fef95 u0 DividerMenusView} callers=com.android.server.wm.WindowState.removeIfPossible:1914 com.android.server.wm.WindowManagerService.removeWindow:2031 com.android.server.wm.Session.remove:218 android.view.IWindowSession$Stub.onTransact:242 com.android.server.wm.Session.onTransact:161 
05-18 11:03:17.895  1260  3400 V WindowManager: postWindowRemoveCleanupLocked: Window{69fef95 u0 DividerMenusView}
05-18 11:03:17.895  1260  3400 V WindowManager: Removing Window{69fef95 u0 DividerMenusView} from WindowToken{f5698aa android.os.BinderProxy@32bf34c}
05-18 11:03:17.898  1260  3400 V WindowManager: removeIfPossible: Window{126c777 u0 DockedStackDivider} callers=com.android.server.wm.WindowState.removeIfPossible:1914 com.android.server.wm.WindowManagerService.removeWindow:2031 com.android.server.wm.Session.remove:218 android.view.IWindowSession$Stub.onTransact:242 com.android.server.wm.Session.onTransact:161 
05-18 11:03:17.898   661   848 E BufferQueueProducer: [com.cambricon.productdisplay/com.cambricon.productdisplay.activity.OffLineClassifiactionAct#0] disconnect: not connected (req=1)
05-18 11:03:17.898  4230  4296 W libEGL  : EGLNativeWindowType 0x7a9c2be010 disconnect failed
05-18 11:03:17.899  4230  4296 D OpenGLRenderer: endAllActiveAnimators on 0x7a95495800 (RippleDrawable) with handle 0x7aaf7ec8a0
05-18 11:03:17.899  1260  3400 V WindowManager: postWindowRemoveCleanupLocked: Window{126c777 u0 DockedStackDivider}
05-18 11:03:17.899  1260  3400 V WindowManager: Removing Window{126c777 u0 DockedStackDivider} from WindowToken{b535fe4 android.os.BinderProxy@dd9576}
05-18 11:03:17.901  1699  2155 D OpenGLRenderer:   HWUI Binary is  enabled
05-18 11:03:17.901  1699  2155 D OpenGLRenderer:   HWUI Binary is  enabled
05-18 11:03:17.901  1699  1699 D TintManager: statusBarIconTint=#99000000,navigationBarIconTint=#FF000000
05-18 11:03:17.927   661  1813 E BufferQueueProducer: [StatusBar#0] disconnect: not connected (req=1)
05-18 11:03:17.927  1699  2155 W libEGL  : EGLNativeWindowType 0x7a91342010 disconnect failed
05-18 11:03:17.928  1699  1699 W HwKeyguardDragHelper: AnimationBlocked
05-18 11:03:17.928  1699  2155 D mali_winsys: EGLint new_window_surface(egl_winsys_display *, void *, EGLSurface, EGLConfig, egl_winsys_surface **, egl_color_buffer_format *, EGLBoolean) returns 0x3000
05-18 11:03:17.937  1260  1885 D WindowManager: finishDrawingWindow: Window{bfd4e8b u0 StatusBar} mDrawState=DRAW_PENDING
05-18 11:03:17.939  1260  1885 V WindowManager: removeIfPossible: Window{5b66413 u0 com.android.systemui} callers=com.android.server.wm.WindowState.removeIfPossible:1914 com.android.server.wm.WindowManagerService.removeWindow:2031 com.android.server.wm.Session.remove:218 android.view.IWindowSession$Stub.onTransact:242 com.android.server.wm.Session.onTransact:161 
05-18 11:03:17.940  1260  1885 V WindowManager: postWindowRemoveCleanupLocked: Window{5b66413 u0 com.android.systemui}
05-18 11:03:17.940  1260  1885 V WindowManager: Removing Window{5b66413 u0 com.android.systemui} from WindowToken{ad89650 android.os.BinderProxy@7059302}
05-18 11:03:17.942  1699  2155 D OpenGLRenderer:   HWUI Binary is  enabled
05-18 11:03:17.944  1260  1534 I WindowManager: orientation change is complete, call stopFreezingDisplayLocked
05-18 11:03:17.944  1260  1534 I WindowManager: Screen frozen for +240ms due to Window{bfd4e8b u0 StatusBar}
05-18 11:03:17.946  4413  5907 D HwInnerWifiManagerImpl: SupplicantState = COMPLETED
05-18 11:03:17.946  4413  5907 D HwInnerWifiManagerImpl: isPhoneAP = false
05-18 11:03:17.953  1260  1885 V WindowManager: removeIfPossible: Window{d0cc0b2 u0 AssistPreviewPanel} callers=com.android.server.wm.WindowState.removeIfPossible:1914 com.android.server.wm.WindowManagerService.removeWindow:2031 com.android.server.wm.Session.remove:218 android.view.IWindowSession$Stub.onTransact:242 com.android.server.wm.Session.onTransact:161 
05-18 11:03:17.954  1260  1885 V WindowManager: postWindowRemoveCleanupLocked: Window{d0cc0b2 u0 AssistPreviewPanel}
05-18 11:03:17.954  1260  1885 V WindowManager: Removing Window{d0cc0b2 u0 AssistPreviewPanel} from WindowToken{cd07803 android.os.BinderProxy@40512bd}
05-18 11:03:17.958  1260  1885 V WindowManager: removeIfPossible: Window{96d7cb0 u0 AssistPreviewPanel} callers=com.android.server.wm.WindowState.removeIfPossible:1914 com.android.server.wm.WindowManagerService.removeWindow:2031 com.android.server.wm.Session.remove:218 android.view.IWindowSession$Stub.onTransact:242 com.android.server.wm.Session.onTransact:161 
05-18 11:03:17.959  1260  1885 V WindowManager: postWindowRemoveCleanupLocked: Window{96d7cb0 u0 AssistPreviewPanel}
05-18 11:03:17.959  1260  1885 V WindowManager: Removing Window{96d7cb0 u0 AssistPreviewPanel} from WindowToken{fbbe729 android.os.BinderProxy@14f67f3}
05-18 11:03:17.961  1699  2155 D OpenGLRenderer:   HWUI Binary is  enabled
05-18 11:03:17.971  1699  1699 W HwKeyguardDragHelper: AnimationBlocked
05-18 11:03:17.972  1260  1885 D WindowManager: finishDrawingWindow: Window{bfd4e8b u0 StatusBar} mDrawState=HAS_DRAWN
05-18 11:03:17.994  1260  1442 I HwNormalizedSpline: DayMode:getBrightnessLevel lux =44.0, mDefaultBrightnessFromLux =38.13818
05-18 11:03:18.019   668   668 I aptouch_daemon: filter_touch_detect, down, in: 1, out: 1
05-18 11:03:18.084   668   668 I aptouch_daemon: filter_touch_detect, all_touch_up
05-18 11:03:18.122  4108  4108 I wangchen: com.baidu.input.manager.m apply, has in db mode - false, is db mode - false
05-18 11:03:18.122  4108  4108 I KeymapLoader: s=0 scale=3.3 self=3.3
05-18 11:03:18.124  4108  4108 I KeymapLoader: scaleRes:1.0
05-18 11:03:18.124  4108  4108 I KeymapLoader: skin scale=1.0 scaleRes=1.0
05-18 11:03:18.133  4108  4108 I wangchen: SysInfo.getSysParam: new resource orientation1
05-18 11:03:18.134  4108  4108 I KeymapLoader: w=1080 h=2160 ori=true appScale=3.3 s1=3.0
05-18 11:03:18.176  1260  1534 I WindowManager: rotationForOrientationLw(orient=1, last=0); user=0 
05-18 11:03:18.177  1260  1534 D WindowManager: face_rotation:isIntelliServiceEnabled: setting swtich off for user 0
05-18 11:03:18.177  1260  1534 D HwPhoneWindowManager: face_rotation: not enabled,use sensor real
05-18 11:03:18.177  1260  1534 D HwPhoneWindowManager: face_rotation:real sensor rotation = -1
05-18 11:03:18.177  1260  1534 D HwPhoneWindowManager: face_rotation: rotation = 0
05-18 11:03:18.177  1260  1534 I WindowManager: Selected orientation 1, got rotation 0 which has compatible metrics
05-18 11:03:18.366   634   634 I audio_hw_primary: do_out_standby standby: 0, stream_type: 0,  out_device: 0x2
05-18 11:03:18.380   634   634 I audio_hw_primary: select_devices++ mode[0]
05-18 11:03:18.381   634   634 I audio_hw_primary: input_source_id 0, output_device_id 0
05-18 11:03:18.381   634   634 I audio_hw_primary: select_devices() devices 0x2 input src 0 output route none input route none in_device 0
05-18 11:03:18.381   634   634 I spk_dev_interface: spk_dev_power_off: use new smartpakit version
05-18 11:03:18.381   634   634 I smartpakit: pdata->device = 2, output_device = 0, pdata->mode = 0, mode = 0
05-18 11:03:18.381   634   634 I smartpakit: smartpa_algo_control: enter smartpa_algo_control,cmd = 16
05-18 11:03:18.387   634   634 I dsp_codec_ctl: codec_adsp_send_sync_cmd:ioctl ret=0
05-18 11:03:18.388   634   634 I smartpakit: smartpakit dev_fade_out success
05-18 11:03:18.435   634   634 I smartpakit: pakit power off l(3) succ
05-18 11:03:18.435   634   634 I smartpakit: smartpa_algo_control: enter smartpa_algo_control,cmd = 19
05-18 11:03:18.435   634   634 I spk_dev_interface_V2: enable_smartpa_algo: enable 0, pa_num 1, algo_in 0
05-18 11:03:18.435   634   634 I spk_dev_interface_V2: enable_smartpa_algo: set smartpa_algo IF_CLOSE
05-18 11:03:18.436   634   634 I dsp_codec_ctl: codec_adsp_send_sync_cmd:ioctl ret=0
05-18 11:03:18.436   634   634 I dsp_common: dsp_common_control_algo:set device = 0
05-18 11:03:18.445   634   634 I audio_pop: pop change S4 OL SWITCH SWITCH dir 0
05-18 11:03:18.446   634   634 I audio_pop: pop change S4 OR SWITCH SWITCH dir 0
05-18 11:03:18.453   634   634 I audio_pop: pop change PLAY48K SWITCH SWITCH dir 0
05-18 11:03:18.454   634   634 I dsp_common: dsp_common_control_algo:set device = 0
05-18 11:03:18.454   634   634 I spk_dev_interface: spk_dev_power_on: use new smartpakit version
05-18 11:03:18.454   634   634 I smartpakit: pdata->device = 2, output_device = 0, pdata->mode = 0, mode = 0
05-18 11:03:18.454   634   634 I audio_hw_primary: select_devices--
05-18 11:03:19.136   668   668 I aptouch_daemon: filter_touch_detect, down, in: 1, out: 1
05-18 11:03:19.153  4413  5908 D HwInnerWifiManagerImpl: SupplicantState = COMPLETED
05-18 11:03:19.153  4413  5908 D HwInnerWifiManagerImpl: isPhoneAP = false
05-18 11:03:19.221  4230  4230 D ActivityThread: Remove activity client record, r= ActivityRecord{784fc17 token=android.os.BinderProxy@182d998 {com.cambricon.productdisplay/com.cambricon.productdisplay.activity.OffLineClassifiactionAct}} token= android.os.BinderProxy@182d998
05-18 11:03:19.227   668   668 I aptouch_daemon: filter_touch_detect, all_touch_up
05-18 11:03:19.231  1260  3400 V WindowManager: removeIfPossible: Window{ef684c7 u0 com.cambricon.productdisplay/com.cambricon.productdisplay.activity.OffLineClassifiactionAct} callers=com.android.server.wm.WindowState.removeIfPossible:1914 com.android.server.wm.WindowManagerService.removeWindow:2031 com.android.server.wm.Session.remove:218 android.view.IWindowSession$Stub.onTransact:242 com.android.server.wm.Session.onTransact:161 
05-18 11:03:19.232  1260  3400 I WindowManager: Destroying surface Surface(name=com.cambricon.productdisplay/com.cambricon.productdisplay.activity.OffLineClassifiactionAct) called by com.android.server.wm.WindowStateAnimator.destroySurface:2066 com.android.server.wm.WindowStateAnimator.destroySurfaceLocked:879 com.android.server.wm.HwWindowStateAnimator.destroySurfaceLocked:1006 com.android.server.wm.WindowState.removeImmediately:1899 com.android.server.wm.WindowState.removeIfPossible:2051 com.android.server.wm.WindowState.removeIfPossible:1914 com.android.server.wm.WindowManagerService.removeWindow:2031 com.android.server.wm.Session.remove:218 
05-18 11:03:19.233  1260  3400 V WindowManager: postWindowRemoveCleanupLocked: Window{ef684c7 u0 com.cambricon.productdisplay/com.cambricon.productdisplay.activity.OffLineClassifiactionAct}
05-18 11:03:19.233  1260  3400 V WindowManager: Removing Window{ef684c7 u0 com.cambricon.productdisplay/com.cambricon.productdisplay.activity.OffLineClassifiactionAct} from AppWindowToken{d8cd171 token=Token{1f20318 ActivityRecord{621e6fb u0 com.cambricon.productdisplay/.activity.OffLineClassifiactionAct t14}}}
05-18 11:03:19.239  1260  1885 V WindowManager: removeAppToken: AppWindowToken{d8cd171 token=Token{1f20318 ActivityRecord{621e6fb u0 com.cambricon.productdisplay/.activity.OffLineClassifiactionAct t14}}} delayed=false Callers=com.android.server.wm.DisplayContent.removeAppToken:994 com.android.server.wm.AppWindowContainerController.removeContainer:355 com.android.server.am.ActivityRecord.removeWindowContainer:1041 com.android.server.am.ActivityStack.removeActivityFromHistoryLocked:4493 
05-18 11:03:19.244  4230  4230 V AudioManager: playSoundEffect   effectType: 0
05-18 11:03:19.250  1260  1885 I ActivityManager: START u0 {cmp=com.cambricon.productdisplay/.activity.OffLineClassifiactionAct (has extras)} from uid 10109
05-18 11:03:19.253  1260  1885 I ActivityManager: ActivityRecord info: ActivityInfo{c43308a com.cambricon.productdisplay.activity.OffLineClassifiactionAct}
05-18 11:03:19.260  2065  3009 I PGServer: android calls fast hibernateApps
05-18 11:03:19.260  2065  3009 I AppFastHibernation: fast hibernate duration: 1500 reason: start activity
05-18 11:03:19.261  1260  1885 V WindowManager: addAppToken: AppWindowToken{4bfec99 token=Token{2f171e0 ActivityRecord{42233e3 u0 com.cambricon.productdisplay/.activity.OffLineClassifiactionAct t14}}} controller={TaskWindowContainerController taskId=14} at 2147483647
05-18 11:03:19.261   748   826 I Pged-IPgedBinderService: ****action is 1, pid num is 2***
05-18 11:03:19.261   748   826 I Pged-Freezer: freezePids
05-18 11:03:19.261   748   826 I Pged-Freezer: Freeze process: 3617
05-18 11:03:19.262  2065  2247 D PgedBinderAdapter: frz ok, pid: [3617]
05-18 11:03:19.266  1260  1885 V WindowManager: No longer Stopped: AppWindowToken{4bfec99 token=Token{2f171e0 ActivityRecord{42233e3 u0 com.cambricon.productdisplay/.activity.OffLineClassifiactionAct t14}}}
05-18 11:03:19.266  1260  1885 D WindowManager: face_rotation:isIntelliServiceEnabled: setting swtich off for user 0
05-18 11:03:19.266  1260  1885 I WindowManager: rotationForOrientationLw(orient=0, last=0); user=0 
05-18 11:03:19.266  1260  1885 D WindowManager: face_rotation:isIntelliServiceEnabled: setting swtich off for user 0
05-18 11:03:19.266  1260  1885 D HwPhoneWindowManager: face_rotation: not enabled,use sensor real
05-18 11:03:19.266  1260  1885 D HwPhoneWindowManager: face_rotation:real sensor rotation = -1
05-18 11:03:19.266  1260  1885 D HwPhoneWindowManager: face_rotation: rotation = 0
05-18 11:03:19.266  1260  1885 I WindowManager: Selected orientation 0, got rotation 1 which has compatible metrics
05-18 11:03:19.266  1260  1885 I WindowManager: Rotation changed to 1 from 0, lastOrientation=0
05-18 11:03:19.266  1260  1885 I chatty  : uid=1000(system) Binder:1260_4 expire 9 lines
05-18 11:03:19.266  1260  1260 I HwAftPolicyService: call aft hidl set orientation=1
05-18 11:03:19.267   656   656 E TS_Service: hwTsSetAftAlgoOrientation
05-18 11:03:19.267   656   656 I TS_HAL  : ts_set_aft_orientation:called
05-18 11:03:19.267   656   656 I aptouch_daemon, [--aptouch_interface_client--]: thp_execute_cmd_parms starting. cmd: aftouch.orientation
05-18 11:03:19.267   656   656 I aptouch_daemon, [--aptouch_interface_client--]: thp_get_cs, use vndbinder
05-18 11:03:19.268   668   754 I aptouch_daemon: get_cmd, =====>>find m_cmd=====>>aftouch.orientation
05-18 11:03:19.268   668   754 I aptouch_daemon: get_cmd, =====>>find m_cmd=====>>aftouch.orientation
05-18 11:03:19.268   668   754 I aptouch_daemon: aft_set_config, aft_set_config---2,1
05-18 11:03:19.268   668   754 I aptouch_daemon: thp_cmd_set_aftouch_config, aftouch_set_config: aft_cfg = 2, value = 1
05-18 11:03:19.268   668  5909 I aptouch_daemon: excute_long_cmd, ========>>aftouch.orientation excute done!
05-18 11:03:19.268   661  1814 D SurfaceFlinger: setSecureScreenRecShotFlag, value = 4, mask = 4
05-18 11:03:19.290  1260  1885 I ActivityManager: Config changes=480 {1.0 ?mcc?mnc [zh_CN_#Hans] ldltr sw360dp w720dp h336dp 480dpi nrml long hdr land finger -keyb/v/h -nav/h appBounds=Rect(0, 0 - 2160, 1080) nonFullScreen=0 suim:1 s.12}
05-18 11:03:19.298  1260  1885 I ActivityManager: Override config changes=480 {1.0 ?mcc?mnc [zh_CN_#Hans] ldltr sw360dp w720dp h336dp 480dpi nrml long hdr land finger -keyb/v/h -nav/h appBounds=Rect(0, 0 - 2160, 1080) nonFullScreen=0 suim:1 s.12} for displayId=0
05-18 11:03:19.301  1260  1885 V WindowManager: No longer Stopped: AppWindowToken{4bfec99 token=Token{2f171e0 ActivityRecord{42233e3 u0 com.cambricon.productdisplay/.activity.OffLineClassifiactionAct t14}}}
05-18 11:03:19.306  3346  3346 I HwEmailTag: EmailApplication->onConfigurationChanged
05-18 11:03:19.320  1260  1885 I HwWindowManagerService: setFocusedApp token: Token{2f171e0 ActivityRecord{42233e3 u0 com.cambricon.productdisplay/.activity.OffLineClassifiactionAct t14}} requestedOrientation: 0
05-18 11:03:19.322  1260  1885 V WindowManager: Checking 1 opening apps (frozen=true timeout=false)...
05-18 11:03:19.322  1260  1885 V WindowManager: Check opening app=AppWindowToken{4bfec99 token=Token{2f171e0 ActivityRecord{42233e3 u0 com.cambricon.productdisplay/.activity.OffLineClassifiactionAct t14}}}: allDrawn=false startingDisplayed=false startingMoved=false isRelaunching()=false
05-18 11:03:19.325  2077  2354 D PhoneInterfaceManager: [PhoneIntfMgr] getTetherApnRequired: subId=0 phoneId=0
05-18 11:03:19.329  1260  1534 V WindowManager: Checking 1 opening apps (frozen=true timeout=false)...
05-18 11:03:19.330  1260  1534 V WindowManager: Check opening app=AppWindowToken{4bfec99 token=Token{2f171e0 ActivityRecord{42233e3 u0 com.cambricon.productdisplay/.activity.OffLineClassifiactionAct t14}}}: allDrawn=false startingDisplayed=false startingMoved=false isRelaunching()=false
05-18 11:03:19.332  1699  2155 D OpenGLRenderer:   HWUI Binary is  enabled
05-18 11:03:19.332  1699  1699 D HwCust  : Create obj success use class android.view.HwCustRenderThreadMonitorImpl
05-18 11:03:19.332  4230  4230 D HwCust  : Create obj success use class android.app.HwCustActivityImpl
05-18 11:03:19.333  1260  2261 V WindowManager: Adding Window{5ba2b3f u0 DividerMenusView} to WindowToken{b2bcc0c android.os.BinderProxy@7248b5e}
05-18 11:03:19.333  4230  4230 D HwCust  : Create obj success use class android.app.HwCustHwWallpaperManagerImpl
05-18 11:03:19.333  1260  2261 V WindowManager: addWindow: New client android.os.BinderProxy@7248b5e: window=Window{5ba2b3f u0 DividerMenusView} Callers=com.android.server.wm.HwWindowManagerService.addWindow:573 com.android.server.wm.Session.addToDisplay:199 android.view.IWindowSession$Stub.onTransact:124 com.android.server.wm.Session.onTransact:161 android.os.Binder.execTransact:675 
05-18 11:03:19.335  1699  2155 D OpenGLRenderer:   HWUI Binary is  enabled
05-18 11:03:19.335  4230  4230 V ActivityThread: ActivityThread,callActivityOnCreate
05-18 11:03:19.335  1699  1699 D HwCust  : Create obj success use class android.view.HwCustRenderThreadMonitorImpl
05-18 11:03:19.336  1260  5069 V WindowManager: Adding Window{929ff6a u0 DockedStackDivider} to WindowToken{8b03c5b android.os.BinderProxy@719b955}
05-18 11:03:19.336  1260  5069 V WindowManager: addWindow: New client android.os.BinderProxy@719b955: window=Window{929ff6a u0 DockedStackDivider} Callers=com.android.server.wm.HwWindowManagerService.addWindow:573 com.android.server.wm.Session.addToDisplay:199 android.view.IWindowSession$Stub.onTransact:124 com.android.server.wm.Session.onTransact:161 android.os.Binder.execTransact:675 
05-18 11:03:19.337  1260  1534 V WindowManager: Checking 1 opening apps (frozen=true timeout=false)...
05-18 11:03:19.337  1260  1534 V WindowManager: Check opening app=AppWindowToken{4bfec99 token=Token{2f171e0 ActivityRecord{42233e3 u0 com.cambricon.productdisplay/.activity.OffLineClassifiactionAct t14}}}: allDrawn=false startingDisplayed=false startingMoved=false isRelaunching()=false
05-18 11:03:19.339  1699  1699 D BarTransitions.HwNavigationBarView: applyModeBackground oldMode=Unknown mode -1 newMode=MODE_TRANSPARENT animate=false
05-18 11:03:19.341  1699  1699 E HwSplitScreenArrowView:  onAnimationUpdate() View=com.android.systemui.statusbar.policy.HwSplitScreenArrowView{ce3d96f G.E...... ......ID 0,0-2160,1080} not attached to window manager
05-18 11:03:19.342  1699  2155 D OpenGLRenderer:   HWUI Binary is  enabled
05-18 11:03:19.342  1699  1699 D HwCust  : Create obj success use class android.view.HwCustRenderThreadMonitorImpl
05-18 11:03:19.343  1260  5069 V WindowManager: Adding Window{995d1 u0 com.android.systemui} to WindowToken{60a836 android.os.BinderProxy@ecf9cf8}
05-18 11:03:19.344  1260  5069 V WindowManager: addWindow: New client android.os.BinderProxy@ecf9cf8: window=Window{995d1 u0 com.android.systemui} Callers=com.android.server.wm.HwWindowManagerService.addWindow:573 com.android.server.wm.Session.addToDisplay:199 android.view.IWindowSession$Stub.onTransact:124 com.android.server.wm.Session.onTransact:161 android.os.Binder.execTransact:675 
