05-18 11:01:37.307  2047  2047 I HwServerApplication: sendHwSystemServerStartBroadcast
05-18 11:01:37.315  2047  2064 W ContextImpl: Calling a method in the system process without a qualified user: android.app.ContextImpl.startService:1656 android.content.ContextWrapper.startService:644 com.huawei.systemserver.geofence.GeofenceProviderService$HwGeofenceProvider.onGeofenceHardwareChange:57 com.android.location.provider.GeofenceProvider$1.setGeofenceHardware:42 android.location.IGeofenceProvider$Stub.onTransact:55 
05-18 11:01:37.337  1260  1543 I chatty  : uid=1000(system) Binder:1260_3 expire 3 lines
05-18 11:01:37.394   603  1243 W SocketListener: sending broadcast to Pid = 1260, Uid = 1000 
05-18 11:01:37.395  1260  1422 I chatty  : uid=1000(system) android.fg expire 1 line
05-18 11:01:37.431  2077  2077 D SystemConfig: Removed unavailable feature android.hardware.sensor.barometer
05-18 11:01:37.431  2077  2077 D SystemConfig: Removed unavailable feature android.hardware.sensor.stepdetector
05-18 11:01:37.431  2077  2077 W SystemConfig: No directory /system/emui/base/sysconfig, skipping
05-18 11:01:37.431  2077  2077 W SystemConfig: No directory /system/emui/china/sysconfig, skipping
05-18 11:01:37.432  2077  2077 W SystemConfig: No directory /system/emui/china_honor/sysconfig, skipping
05-18 11:01:37.432  2077  2077 W SystemConfig: No directory /system/emui/china_honor/permissions, skipping
05-18 11:01:37.432  2077  2077 W SystemConfig: No directory /vendor/etc/sysconfig, skipping
05-18 11:01:37.435  2077  2077 D SystemConfig: Removed unavailable feature android.hardware.sensor.barometer
05-18 11:01:37.437  2077  2077 D SystemConfig: Removed unavailable feature android.hardware.sensor.stepdetector
05-18 11:01:37.440  2077  2077 W SystemConfig: No directory /odm/etc/sysconfig, skipping
05-18 11:01:37.441  2077  2077 W SystemConfig: No directory /product/etc/sysconfig, skipping
05-18 11:01:37.444  2077  2077 W SystemConfig: No directory /hw_odm/sysconfig, skipping
05-18 11:01:37.445  2077  2077 W SystemConfig: No directory /hw_odm/permissions, skipping
05-18 11:01:37.445  2077  2077 W SystemConfig: No directory /hw_oem/sysconfig, skipping
05-18 11:01:37.445  2077  2077 W SystemConfig: No directory /hw_oem/permissions, skipping
05-18 11:01:37.445  2077  2077 W SystemConfig: No directory /data/cust/sysconfig, skipping
05-18 11:01:37.446  2077  2077 W SystemConfig: No directory /version/region_comm/china/sysconfig, skipping
05-18 11:01:37.446  2077  2077 W SystemConfig: No directory /cust_spec/sysconfig, skipping
05-18 11:01:37.467  1260  1606 I chatty  : uid=1000(system) ConnectivitySer expire 18 lines
05-18 11:01:37.504  1260  1351 I chatty  : uid=1000(system) android.ui expire 2 lines
05-18 11:01:37.594  2077  2426 E ActivityThread: Failed to find provider info for com.android.contacts
05-18 11:01:37.604  2032  2032 W ContextImpl: Calling a method in the system process without a qualified user: android.app.ContextImpl.startService:1656 android.content.ContextWrapper.startService:644 android.content.ContextWrapper.startService:644 com.huawei.aqv.AQVReceiver.onReceive:25 android.app.ActivityThread.handleReceiver:3695 
05-18 11:01:37.630  2077  2077 V Telephony-TtyManager: updateTtyMode 0 -> 0
05-18 11:01:37.633  2077  2077 I Telephony-TtyManager: updateUiTtyMode -1 -> 0
05-18 11:01:37.634  2077  2077 V Telephony-TtyManager: updateTtyMode 0 -> 0
05-18 11:01:37.636  2077  2077 I Telephony-TtyManager: updateUiTtyMode -1 -> 0
05-18 11:01:37.636  2077  2077 D Telephony-TelephonyGlobals: TelecomAccountRegistry.getInstance(mContext).setupOnBoot()
05-18 11:01:37.636  2077  2077 D Telephony-TelecomAccountRegistry: setupOnBoot
05-18 11:01:37.637  2436  2436 D ActivityThread: ActivityThread,attachApplication
05-18 11:01:37.858  1699  2382 E ActivityThread: Failed to find provider info for com.android.contacts
05-18 11:01:37.887  2077  2077 V Telephony-TtyManager: got setTtyMode response
05-18 11:01:37.888  2077  2077 V Telephony-TtyManager: got setTtyMode response
05-18 11:01:37.889  2077  2077 D Telephony-TelecomAccountRegistry: onServiceStateChanged0 newState : 1, mServiceState : 3
05-18 11:01:37.889  2077  2077 D Telephony-TelecomAccountRegistry: onServiceStateChanged1 newState : 1, mServiceState : 1
05-18 11:01:37.926  1699  1851 E ActivityThread: Failed to find provider info for media
05-18 11:01:37.931  2436  2483 E ActivityThread: Failed to find provider info for com.android.contacts
05-18 11:01:37.956  2436  2488 E ActivityThread: Failed to find provider info for com.android.contacts
05-18 11:01:38.094  2077  2077 D Telephony-TelecomAccountRegistry: onServiceStateChanged0 newState : 3, mServiceState : 1
05-18 11:01:38.132  2077  2077 D Telephony-TelecomAccountRegistry: onServiceStateChanged1 newState : 3, mServiceState : 3
05-18 11:01:38.177  2077  2077 V Telephony-TtyManager: got queryTTYMode response
05-18 11:01:38.178  2077  2077 D Telephony-TtyManager: setting TTY mode to 0 succeeded
05-18 11:01:38.178  2077  2077 V Telephony-TtyManager: got queryTTYMode response
05-18 11:01:38.178  2077  2077 D Telephony-TtyManager: setting TTY mode to 0 succeeded
05-18 11:01:38.242  2077  2077 D Telephony-TelecomAccountRegistry: onSubscriptionsChanged call setupAccounts
05-18 11:01:38.243  2077  2077 D Telephony-TelecomAccountRegistry: Found 2 phones.  Attempting to register.
05-18 11:01:38.243  2077  2077 D Telephony-TelecomAccountRegistry: Phone with subscription id 0
05-18 11:01:38.243  2077  2077 D Telephony-TelecomAccountRegistry: Phone with subscription id 1
05-18 11:01:38.257  2077  2077 I Telephony-TelecomAccountRegistry: Registered phoneAccount: [[ ] PhoneAccount: ComponentInfo{com.android.phone/com.android.services.telephony.TelephonyConnectionService}, [****], UserHandle{0} Capabilities: CallProvider MultiUser PlaceEmerg SimSub  Audio Routes: BESW Schemes: tel voicemail  Extras: null GroupId: [****]] with handle: ComponentInfo{com.android.phone/com.android.services.telephony.TelephonyConnectionService}, [****], UserHandle{0}
05-18 11:01:38.258  1260  1534 I chatty  : uid=1000(system) android.anim expire 3 lines
05-18 11:01:38.260  2077  2077 I Telephony-PstnIncomingCallNotifier: Registering: Handler (com.android.internal.telephony.GsmCdmaPhone) {95edf1b}
05-18 11:01:38.260  2077  2077 D Telephony-PstnPhoneCapabilitiesNotifier: Registering: Handler (com.android.internal.telephony.GsmCdmaPhone) {95edf1b}
05-18 11:01:38.296  1260  1584 I chatty  : uid=1000(system) CryptdConnector expire 4 lines
05-18 11:01:38.339  1699  1699 V KeyguardStatusView: refresh statusview showing:true
05-18 11:01:38.341  1699  1699 V KeyguardDisplayManager: show
05-18 11:01:38.384  1260  2261 I chatty  : uid=1000(system) Binder:1260_B expire 17 lines
05-18 11:01:38.163  1260  1567 I chatty  : uid=1000(system) AlarmManager expire 1 line
05-18 11:01:38.165  1260  1350 I chatty  : uid=1000(system) ActivityManager expire 38 lines
05-18 11:01:38.167  1260  1260 I chatty  : uid=1000 system_server expire 40 lines
05-18 11:01:38.181  1260  1613 I chatty  : uid=1000(system) onProviders.ECP expire 2 lines
05-18 11:01:38.182  2077  2077 I Telephony-PstnPhoneCapabilitiesNotifier: handleVideoCapabilitesChanged. Video capability - false
05-18 11:01:38.191  2539  2539 D ActivityThread: ActivityThread,attachApplication
05-18 11:01:38.191  1260  1277 I chatty  : uid=1000(system) Binder:1260_1 expire 16 lines
05-18 11:01:38.200  2077  2077 D Telephony-TelecomAccountRegistry: onServiceStateChanged0 newState : 1, mServiceState : 3
05-18 11:01:38.203  2436  2483 E ActivityThread: Failed to find provider info for com.android.contacts
05-18 11:01:38.208  1260  1990 I chatty  : uid=1000(system) Binder:1260_6 expire 15 lines
05-18 11:01:38.213  2077  2077 D Telephony-TelecomAccountRegistry: onServiceStateChanged1 newState : 1, mServiceState : 1
05-18 11:01:38.239  1699  1854 E ActivityThread: Failed to find provider info for com.huawei.vdrive.mirrorlinktogo
05-18 11:01:38.292  2539  2562 E ActivityThread: Failed to find provider info for com.android.calendar.Recess
05-18 11:01:38.304  1260  1590 I chatty  : uid=1000(system) WifiService expire 1 line
05-18 11:01:38.349  2077  2077 I Telephony-PstnPhoneCapabilitiesNotifier: handleVideoCapabilitesChanged. Video capability - true
05-18 11:01:38.361  2077  2077 D Telephony-TelecomAccountRegistry: onServiceStateChanged0 newState : 1, mServiceState : 1
05-18 11:01:38.367  2077  2077 D Telephony-TelecomAccountRegistry: onServiceStateChanged1 newState : 1, mServiceState : 1
05-18 11:01:38.392  2077  2077 D Telephony-TelecomAccountRegistry: onServiceStateChanged1 newState : 1, mServiceState : 1
05-18 11:01:38.422  1260  1534 I chatty  : uid=1000(system) android.anim expire 3 lines
05-18 11:01:38.423  1699  1699 W SettingsEx: SettingsEx.Systemex.getString deprecated use Settings.System.getString instead ;callers=com.android.systemui.apksimcardadapter.DisableCloudAppReceiver.getString:311 com.android.systemui.apksimcardadapter.DisableCloudAppReceiver.onReceive:86 android.app.ActivityThread.handleReceiver:3695 
05-18 11:01:38.441  1260  1425 I chatty  : uid=1000(system) android.display expire 37 lines
05-18 11:01:38.442  1260  1351 I chatty  : uid=1000(system) android.ui expire 8 lines
05-18 11:01:38.469  2573  2573 D ActivityThread: ActivityThread,attachApplication
05-18 11:01:38.544  1260  1543 I chatty  : uid=1000(system) Binder:1260_3 expire 6 lines
05-18 11:01:38.554  2436  2593 E ActivityThread: Failed to find provider info for com.android.contacts
05-18 11:01:38.557  1699  1699 W SettingsEx: SettingsEx.Systemex.getString deprecated use Settings.System.getString instead ;callers=com.android.systemui.apksimcardadapter.DisableCloudAppReceiver.getString:311 com.android.systemui.apksimcardadapter.DisableCloudAppReceiver.onReceive:86 android.app.ActivityThread.handleReceiver:3695 
05-18 11:01:38.627  1699  1699 W SettingsEx: SettingsEx.Systemex.getString deprecated use Settings.System.getString instead ;callers=com.android.systemui.apksimcardadapter.DisableCloudAppReceiver.getString:311 com.android.systemui.apksimcardadapter.DisableCloudAppReceiver.onReceive:86 android.app.ActivityThread.handleReceiver:3695 
05-18 11:01:38.645  1699  1699 W SettingsEx: SettingsEx.Systemex.getString deprecated use Settings.System.getString instead ;callers=com.android.systemui.apksimcardadapter.DisableCloudAppReceiver.getString:311 com.android.systemui.apksimcardadapter.DisableCloudAppReceiver.onReceive:86 android.app.ActivityThread.handleReceiver:3695 
05-18 11:01:38.683  2614  2614 D ActivityThread: ActivityThread,attachApplication
05-18 11:01:38.686  2065  2605 E ActivityThread: Failed to find provider info for com.huawei.android.launcher.settings
05-18 11:01:38.693  1260  1422 I chatty  : uid=1000(system) android.fg expire 4 lines
05-18 11:01:38.693  2436  2479 E ActivityThread: Failed to find provider info for com.android.contacts
05-18 11:01:38.699  1721  1721 W ContextImpl: Calling a method in the system process without a qualified user: android.app.ContextImpl.startService:1656 android.content.ContextWrapper.startService:644 android.content.ContextWrapper.startService:644 com.android.settings.deviceinfo.UsbReceiver.startUsbService:282 com.android.settings.deviceinfo.UsbReceiver.onUsbStateReceive:159 
05-18 11:01:38.703  1721  1721 W ContextImpl: Calling a method in the system process without a qualified user: android.app.ContextImpl.startService:1656 android.content.ContextWrapper.startService:644 android.content.ContextWrapper.startService:644 com.android.settings.deviceinfo.UsbReceiver.startUsbService:282 com.android.settings.deviceinfo.UsbReceiver.onUsbStateReceive:216 
05-18 11:01:38.704  2436  2483 E ActivityThread: Failed to find provider info for com.android.contacts
05-18 11:01:38.916   417  2654 D vold    : cryptsd unlock key auth start
05-18 11:01:38.917  1260  1626 I chatty  : uid=1000(system) SdCryptdConnect expire 1 line
05-18 11:01:38.919   417  2654 D vold    : cryptsd key exist
05-18 11:01:38.949   417  2654 D vold    : sig = ed3bc67d3145a4c6
05-18 11:01:38.949   417  2654 D vold    : s_key_sig = ed3bc67d3145a4c6
05-18 11:01:38.949   417  2654 D vold    : cryptsd init key done
05-18 11:01:38.949   417  2654 D vold    : cryptsd unlock key auth done
05-18 11:01:38.949   417  2654 E vold    : read sd cid failed, path=
05-18 11:01:38.949   417  2654 E vold    : get sd cid failed in crypsd detect device
05-18 11:01:38.949   417  2654 E vold    : crypted detect device failed
05-18 11:01:38.975   417   417 D vold    : creat cryptsd key after userdata mounted
05-18 11:01:38.975   417   417 D vold    : creat cryptsd key done
05-18 11:01:39.027  1260  1423 I chatty  : uid=1000(system) android.io expire 1 line
05-18 11:01:39.031   417   425 D VoldCmdListener: volume user_started 0
05-18 11:01:39.032   417   425 D vold    : Linking /storage/emulated/0 to /mnt/user/0/primary
05-18 11:01:39.032  1260  1583 I chatty  : uid=1000(system) VoldConnector expire 1 line
05-18 11:01:39.037  1260  1580 I chatty  : uid=1000(system) StorageManagerS expire 1 line
05-18 11:01:39.052  1260  1442 I chatty  : uid=1000(system) PowerManagerSer expire 1 line
05-18 11:01:39.052  1260  2665 I chatty  : uid=1000(system) HwUsbHDBManager expire 1 line
05-18 11:01:39.052  2077  2077 D MccTable: updateMccMncConfiguration mccmnc='46003' fromServiceState=true
05-18 11:01:39.052  2077  2077 D MccTable: updateMccMncConfiguration defaultMccMnc=
05-18 11:01:39.053  2077  2077 D MccTable: updateMccMncConfiguration: mcc=460, mnc=3
05-18 11:01:39.053  2077  2077 D MccTable: getLocaleFromMcc(zh, cn, 460
05-18 11:01:39.053  2077  2077 D MccTable: getLocaleForLanguageCountry: skipping already persisted
05-18 11:01:39.053  2077  2077 D MccTable: WIFI_COUNTRY_CODE set to cn
05-18 11:01:39.053  1260  2099 I chatty  : uid=1000(system) Binder:1260_8 expire 1 line
05-18 11:01:39.095  2673  2673 D ActivityThread: ActivityThread,attachApplication
05-18 11:01:39.096  1260  1885 I chatty  : uid=1000(system) Binder:1260_4 expire 6 lines
05-18 11:01:39.103  1260  1988 I chatty  : uid=1000(system) Binder:1260_5 expire 6 lines
05-18 11:01:39.118  1260  2664 I chatty  : uid=1000(system) backup expire 1 line
05-18 11:01:39.124  2077  2077 D Telephony-TelecomAccountRegistry: onServiceStateChanged0 newState : 1, mServiceState : 1
05-18 11:01:39.177  1989  1989 W ContextImpl: Calling a method in the system process without a qualified user: android.app.ContextImpl.startService:1656 android.content.ContextWrapper.startService:644 android.content.ContextWrapper.startService:644 com.huawei.systemmanager.service.MainReceiver.handleBootComplete:57 com.huawei.systemmanager.service.MainReceiver.onReceive:37 
05-18 11:01:39.179  1989  1989 W ContextImpl: Calling a method in the system process without a qualified user: android.app.ContextImpl.startService:1656 android.content.ContextWrapper.startService:644 android.content.ContextWrapper.startService:644 com.huawei.systemmanager.service.MainReceiver.handleBootComplete:62 com.huawei.systemmanager.service.MainReceiver.onReceive:37 
05-18 11:01:39.213  2699  2699 D ActivityThread: ActivityThread,attachApplication
05-18 11:01:39.256  2717  2717 D ActivityThread: ActivityThread,attachApplication
05-18 11:01:39.271  2733  2733 D ActivityThread: ActivityThread,attachApplication
05-18 11:01:39.288  2748  2748 D ActivityThread: ActivityThread,attachApplication
05-18 11:01:39.300  2761  2761 D ActivityThread: ActivityThread,attachApplication
05-18 11:01:39.306  1260  1346 I chatty  : uid=1000(system) android.bg expire 3 lines
05-18 11:01:39.312  2774  2774 D ActivityThread: ActivityThread,attachApplication
05-18 11:01:39.317  2789  2789 D ActivityThread: ActivityThread,attachApplication
05-18 11:01:39.330  2802  2802 D ActivityThread: ActivityThread,attachApplication
05-18 11:01:39.340  2815  2815 D ActivityThread: ActivityThread,attachApplication
05-18 11:01:39.342  1260  1278 I chatty  : uid=1000(system) Binder:1260_2 expire 1 line
05-18 11:01:39.345  1260  1603 I chatty  : uid=1000(system) WifiP2pService expire 5 lines
05-18 11:01:39.345  1260  1606 I chatty  : uid=1000(system) ConnectivitySer expire 4 lines
05-18 11:01:39.346  1260  1586 I chatty  : uid=1000(system) NetdConnector expire 4 lines
05-18 11:01:39.348  1260  2010 I chatty  : uid=1000(system) LocationThread expire 3 lines
05-18 11:01:39.356  2699  2699 W ContextImpl: Calling a method in the system process without a qualified user: android.app.ContextImpl.startService:1656 android.content.ContextWrapper.startService:644 com.huawei.systemmanager.SystemManagerApplication.startMainService:354 com.huawei.systemmanager.SystemManagerApplication.startServices:201 com.huawei.systemmanager.SystemManagerApplication.onCreate:138 
05-18 11:01:39.381  1260  2100 I chatty  : uid=1000(system) Binder:1260_9 expire 1 line
05-18 11:01:39.389  2860  2860 D ActivityThread: ActivityThread,attachApplication
05-18 11:01:39.397  1260  2097 I chatty  : uid=1000(system) Binder:1260_7 expire 9 lines
05-18 11:01:39.404  2699  2699 W ContextImpl: Calling a method in the system process without a qualified user: android.app.ContextImpl.startService:1656 android.content.ContextWrapper.startService:644 com.huawei.systemmanager.SystemManagerApplication.startPermissionService:279 com.huawei.systemmanager.SystemManagerApplication.startServices:202 com.huawei.systemmanager.SystemManagerApplication.onCreate:138 
05-18 11:01:39.415  1260  1351 I chatty  : uid=1000(system) android.ui expire 3 lines
05-18 11:01:39.415  1260  2824 I chatty  : uid=1000(system) Binder:1260_D expire 5 lines
05-18 11:01:39.423  1260  1885 I chatty  : uid=1000(system) Binder:1260_4 expire 5 lines
05-18 11:01:39.423  1260  1591 I chatty  : uid=1000(system) WifiStateMachin expire 3 lines
05-18 11:01:39.425  1260  2820 I chatty  : uid=1000(system) Binder:1260_C expire 7 lines
05-18 11:01:39.428  2886  2886 D ActivityThread: ActivityThread,attachApplication
05-18 11:01:39.433  2699  2699 W ContextImpl: Calling a method in the system process without a qualified user: android.app.ContextImpl.startService:1656 android.content.ContextWrapper.startService:644 com.huawei.systemmanager.SystemManagerApplication.startBgStaticsService:300 com.huawei.systemmanager.SystemManagerApplication.startServices:207 com.huawei.systemmanager.SystemManagerApplication.onCreate:138 
05-18 11:01:39.433  1260  1278 I chatty  : uid=1000(system) Binder:1260_2 expire 1 line
05-18 11:01:39.433  1260  1601 I chatty  : uid=1000(system) WifiScanningSer expire 1 line
05-18 11:01:39.444  2699  2699 W ContextImpl: Calling a method in the system process without a qualified user: android.app.ContextImpl.startService:1656 android.content.ContextWrapper.startService:644 com.huawei.systemmanager.SystemManagerApplication.startDeviceStorageMonitorService:307 com.huawei.systemmanager.SystemManagerApplication.startServices:209 com.huawei.systemmanager.SystemManagerApplication.onCreate:138 
05-18 11:01:39.444  1260  1260 I chatty  : uid=1000 system_server expire 47 lines
05-18 11:01:39.453  2699  2699 W ContextImpl: Calling a method in the system process without a qualified user: android.app.ContextImpl.startService:1656 android.content.ContextWrapper.startService:644 com.huawei.systemmanager.SystemManagerApplication.startSpaceCleanService:328 com.huawei.systemmanager.SystemManagerApplication.startServices:213 com.huawei.systemmanager.SystemManagerApplication.onCreate:138 
05-18 11:01:39.453  1260  1603 I chatty  : uid=1000(system) WifiP2pService expire 21 lines
05-18 11:01:39.454  2699  2699 W ContextImpl: Calling a method in the system process without a qualified user: android.app.ContextImpl.startService:1656 android.content.ContextWrapper.startService:644 com.huawei.systemmanager.SystemManagerApplication.startSmartControlResidentService:338 com.huawei.systemmanager.SystemManagerApplication.startServices:216 com.huawei.systemmanager.SystemManagerApplication.onCreate:138 
05-18 11:01:39.462  1260  1425 I chatty  : uid=1000(system) android.display expire 3 lines
05-18 11:01:39.464  2699  2699 W ContextImpl: Calling a method in the system process without a qualified user: android.app.ContextImpl.startService:1656 android.content.ContextWrapper.startService:644 com.huawei.systemmanager.SystemManagerApplication.startAntivirusService:343 com.huawei.systemmanager.SystemManagerApplication.startServices:217 com.huawei.systemmanager.SystemManagerApplication.onCreate:138 
05-18 11:01:39.469  1260  1589 I chatty  : uid=1000(system) tworkPolicy.uid expire 1 line
05-18 11:01:39.475  2699  2699 W ContextImpl: Calling a method in the system process without a qualified user: android.app.ContextImpl.startService:1656 android.content.ContextWrapper.startService:644 com.huawei.systemmanager.SystemManagerApplication.startCoreService:238 com.huawei.systemmanager.SystemManagerApplication.startServices:219 com.huawei.systemmanager.SystemManagerApplication.onCreate:138 
05-18 11:01:39.477  1721  1721 D ActivityThread: Remove activity client record, r= ActivityRecord{de4e42e token=android.os.BinderProxy@2711018 {com.android.settings/com.android.settings.FallbackHome}} token= android.os.BinderProxy@2711018
05-18 11:01:39.477  1260  1586 I chatty  : uid=1000(system) NetdConnector expire 28 lines
05-18 11:01:39.481  2901  2901 D ActivityThread: ActivityThread,attachApplication
05-18 11:01:39.481  1260  2100 I chatty  : uid=1000(system) Binder:1260_9 expire 2 lines
05-18 11:01:39.486  2934  2934 D ActivityThread: ActivityThread,attachApplication
05-18 11:01:39.488  1260  2099 I chatty  : uid=1000(system) Binder:1260_8 expire 8 lines
05-18 11:01:39.493  2789  2960 W ContextImpl: Calling a method in the system process without a qualified user: android.app.ContextImpl.startService:1656 android.content.ContextWrapper.startService:644 com.android.supl.SuplApplication$1.run:36 <bottom of call stack> <bottom of call stack> 
05-18 11:01:39.509  2789  2960 W ContextImpl: Calling a method in the system process without a qualified user: android.app.ContextImpl.startService:1656 android.content.ContextWrapper.startService:644 com.android.supl.SuplApplication$1.run:40 <bottom of call stack> <bottom of call stack> 
05-18 11:01:39.525   603  1243 W SocketListener: sending broadcast to Pid = 1260, Uid = 1000 
05-18 11:01:39.527  1260  1422 I chatty  : uid=1000(system) android.fg expire 8 lines
05-18 11:01:39.528  1260  1350 I chatty  : uid=1000(system) ActivityManager expire 6 lines
05-18 11:01:39.565  1260  1346 I chatty  : uid=1000(system) android.bg expire 3 lines
05-18 11:01:39.568   744   744 W wificond: Scan is not started. Ignore abort request
05-18 11:01:39.571  1260  2883 I chatty  : uid=1000(system) Binder:1260_11 expire 4 lines
05-18 11:01:39.573  2977  2977 D ActivityThread: ActivityThread,attachApplication
05-18 11:01:39.611  1260  2835 I chatty  : uid=1000(system) Binder:1260_E expire 10 lines
05-18 11:01:39.619  2699  2699 W ContextImpl: Calling a method in the system process without a qualified user: android.app.ContextImpl.bindService:1736 android.content.ContextWrapper.bindService:678 com.huawei.systemmanager.hsmstat.HsmStatProxy.bindService:263 com.huawei.systemmanager.hsmstat.HsmStatProxy.-wrap0:0 com.huawei.systemmanager.hsmstat.HsmStatProxy$1.handleMessage:65 
05-18 11:01:39.637  1260  2255 I chatty  : uid=1000(system) Binder:1260_A expire 8 lines
05-18 11:01:39.638  1260  1988 I chatty  : uid=1000(system) Binder:1260_5 expire 6 lines
05-18 11:01:39.639  1989  2284 I HwNetworkPolicyManager: getHwUidPolicy uid = 10067 policy = 0
05-18 11:01:39.661  2998  2998 D ActivityThread: ActivityThread,attachApplication
05-18 11:01:39.661   603  1243 W SocketListener: sending broadcast to Pid = 1260, Uid = 1000 
05-18 11:01:39.661   603  1243 I chatty  : uid=0(root) /system/bin/netd identical 1 line
05-18 11:01:39.661   603  1243 W SocketListener: sending broadcast to Pid = 1260, Uid = 1000 
05-18 11:01:39.664  3024  3024 D ActivityThread: ActivityThread,attachApplication
05-18 11:01:39.669  1260  2261 I chatty  : uid=1000(system) Binder:1260_B expire 6 lines
05-18 11:01:39.671  3015  3015 D ActivityThread: ActivityThread,attachApplication
05-18 11:01:39.680  3054  3054 D ActivityThread: ActivityThread,attachApplication
05-18 11:01:39.691   744   744 E wificond: Failed to get NL80211_RATE_INFO_NOISE
05-18 11:01:39.692   744   744 E wificond: Failed to get NL80211_RATE_INFO_SNR
05-18 11:01:39.692   744   744 E wificond: Failed to get NL80211_STA_INFO_CNAHLOAD
05-18 11:01:39.693  1260  1990 I chatty  : uid=1000(system) Binder:1260_6 expire 2 lines
05-18 11:01:39.719   603  1243 W SocketListener: sending broadcast to Pid = 1260, Uid = 1000 
05-18 11:01:39.723  1260  1277 I chatty  : uid=1000(system) Binder:1260_1 expire 2 lines
05-18 11:01:39.772  1260  1442 I chatty  : uid=1000(system) PowerManagerSer expire 1 line
05-18 11:01:39.772  1260  1606 I chatty  : uid=1000(system) ConnectivitySer expire 18 lines
05-18 11:01:39.792   744   744 E wificond: Failed to get NL80211_RATE_INFO_NOISE
05-18 11:01:39.792   744   744 E wificond: Failed to get NL80211_RATE_INFO_SNR
05-18 11:01:39.792   744   744 E wificond: Failed to get NL80211_STA_INFO_CNAHLOAD
05-18 11:01:39.812  1260  1596 I chatty  : uid=1000(system) IpManager.wlan0 expire 5 lines
05-18 11:01:39.827   603  1243 W SocketListener: sending broadcast to Pid = 1260, Uid = 1000 
05-18 11:01:39.828   603  1243 W SocketListener: sending broadcast to Pid = 1260, Uid = 1000 
05-18 11:01:39.867  1721  1721 W ContextImpl: Calling a method in the system process without a qualified user: android.app.ContextImpl.startService:1656 android.content.ContextWrapper.startService:644 android.content.ContextWrapper.startService:644 com.android.settings.deviceinfo.UsbReceiver.startUsbService:282 com.android.settings.deviceinfo.UsbReceiver.onUsbStateReceive:159 
05-18 11:01:39.876  1721  1721 W ContextImpl: Calling a method in the system process without a qualified user: android.app.ContextImpl.startService:1656 android.content.ContextWrapper.startService:644 android.content.ContextWrapper.startService:644 com.android.settings.deviceinfo.UsbReceiver.startUsbService:282 com.android.settings.deviceinfo.UsbReceiver.onUsbStateReceive:216 
05-18 11:01:39.880  2977  2977 V ActivityThread: ActivityThread,callActivityOnCreate
05-18 11:01:39.893  2733  2745 W ContextImpl: Calling a method in the system process without a qualified user: android.app.ContextImpl.bindService:1736 android.content.ContextWrapper.bindService:678 com.huawei.nb.dataservice.dsclient.RemoteServiceConnection.open:90 com.huawei.nb.dataservice.dsclient.DataServiceProxy.connect:105 com.huawei.nb.dataservice.rsclient.internal.RemoteRuleService.start:27 
05-18 11:01:39.910  1260  3134 I chatty  : uid=1000(system) DhcpClient expire 6 lines
05-18 11:01:39.967  3143  3143 D ActivityThread: ActivityThread,attachApplication
05-18 11:01:39.969  2733  2836 W ContextImpl: Calling a method in the system process without a qualified user: android.app.ContextImpl.bindService:1736 android.content.ContextWrapper.bindService:678 com.huawei.nb.dataservice.dsclient.RemoteServiceConnection.open:90 com.huawei.nb.dataservice.dsclient.DataServiceProxy.connect:105 com.huawei.nb.dataservice.rsclient.internal.RemoteRuleService.start:27 
05-18 11:01:39.984  3175  3175 D ActivityThread: ActivityThread,attachApplication
05-18 11:01:39.991  3194  3194 D ActivityThread: ActivityThread,attachApplication
05-18 11:01:40.026  1260  1534 I chatty  : uid=1000(system) android.anim expire 1 line
05-18 11:01:40.049  1721  1721 W ContextImpl: Calling a method in the system process without a qualified user: android.app.ContextImpl.startService:1656 android.content.ContextWrapper.startService:644 android.content.ContextWrapper.startService:644 com.android.settings.deviceinfo.UsbReceiver.startUsbService:282 com.android.settings.deviceinfo.UsbReceiver.onUsbStateReceive:159 
05-18 11:01:40.053  1260  2665 I chatty  : uid=1000(system) HwUsbHDBManager expire 1 line
05-18 11:01:40.057  2733  2836 W ContextImpl: Calling a method in the system process without a qualified user: android.app.ContextImpl.bindService:1736 android.content.ContextWrapper.bindService:678 com.huawei.nb.dataservice.dsclient.RemoteServiceConnection.open:90 com.huawei.nb.dataservice.dsclient.DataServiceProxy.connect:105 com.huawei.nb.dataservice.rsclient.internal.RemoteRuleService.start:27 
05-18 11:01:40.058  1721  1721 W ContextImpl: Calling a method in the system process without a qualified user: android.app.ContextImpl.startService:1656 android.content.ContextWrapper.startService:644 android.content.ContextWrapper.startService:644 com.android.settings.deviceinfo.UsbReceiver.startUsbService:282 com.android.settings.deviceinfo.UsbReceiver.onUsbStateReceive:216 
05-18 11:01:40.086  3227  3227 D ActivityThread: ActivityThread,attachApplication
05-18 11:01:40.101  1260  1628 I chatty  : uid=1000(system) HwSmartDisplayS expire 1 line
05-18 11:01:40.103  3243  3243 D ActivityThread: ActivityThread,attachApplication
05-18 11:01:40.115   603  1243 W SocketListener: sending broadcast to Pid = 1260, Uid = 1000 
05-18 11:01:40.123  1260  2875 I chatty  : uid=1000(system) Binder:1260_F expire 2 lines
05-18 11:01:40.125   744   744 E wificond: Failed to get NL80211_RATE_INFO_NOISE
05-18 11:01:40.126   744   744 E wificond: Failed to get NL80211_RATE_INFO_SNR
05-18 11:01:40.126   744   744 E wificond: Failed to get NL80211_STA_INFO_CNAHLOAD
05-18 11:01:40.132  2977  2977 D ActivityThread: add activity client record, r= ActivityRecord{f73fa3e token=android.os.BinderProxy@91d595c {com.huawei.android.launcher/com.huawei.android.launcher.unihome.UniHomeLauncher}} token= android.os.BinderProxy@91d595c
05-18 11:01:40.146  1260  1591 I chatty  : uid=1000(system) WifiStateMachin expire 3 lines
05-18 11:01:40.146   744   744 E wificond: Failed to get NL80211_RATE_INFO_NOISE
05-18 11:01:40.146   744   744 E wificond: Failed to get NL80211_RATE_INFO_SNR
05-18 11:01:40.146   744   744 E wificond: Failed to get NL80211_STA_INFO_CNAHLOAD
05-18 11:01:40.148  1260  1586 I chatty  : uid=1000(system) NetdConnector expire 30 lines
05-18 11:01:40.149  1260  1260 I chatty  : uid=1000 system_server expire 20 lines
05-18 11:01:40.150  1260  1606 I chatty  : uid=1000(system) ConnectivitySer expire 55 lines
05-18 11:01:40.160  1260  1988 I chatty  : uid=1000(system) Binder:1260_5 expire 19 lines
05-18 11:01:40.199  1260  2824 I chatty  : uid=1000(system) Binder:1260_D expire 2 lines
05-18 11:01:40.212  1260  2261 I chatty  : uid=1000(system) Binder:1260_B expire 8 lines
05-18 11:01:40.234  1260  1278 I chatty  : uid=1000(system) Binder:1260_2 expire 8 lines
05-18 11:01:40.273  3289  3289 D ActivityThread: ActivityThread,attachApplication
05-18 11:01:40.274  1260  1990 I chatty  : uid=1000(system) Binder:1260_6 expire 23 lines
05-18 11:01:40.288  1260  2885 I chatty  : uid=1000(system) Binder:1260_12 expire 8 lines
05-18 11:01:40.292  1260  1885 I chatty  : uid=1000(system) Binder:1260_4 expire 3 lines
05-18 11:01:40.292  1260  1425 I chatty  : uid=1000(system) android.display expire 2 lines
05-18 11:01:40.355  1260  2820 I chatty  : uid=1000(system) Binder:1260_C expire 1 line
05-18 11:01:40.358  1260  3105 I chatty  : uid=1000(system) NetworkMonitorN expire 2 lines
05-18 11:01:40.379   744   744 E wificond: Failed to get NL80211_RATE_INFO_NOISE
05-18 11:01:40.379   744   744 E wificond: Failed to get NL80211_RATE_INFO_SNR
05-18 11:01:40.379   744   744 E wificond: Failed to get NL80211_STA_INFO_CNAHLOAD
05-18 11:01:40.380  1989  1989 W ContextImpl: Calling a method in the system process without a qualified user: android.app.ContextImpl.startService:1656 android.content.ContextWrapper.startService:644 com.huawei.systemmanager.rainbow.client.background.service.CloudBroadcastHandlerService$1.onReceive:69 android.app.LoadedApk$ReceiverDispatcher$Args.lambda$-android_app_LoadedApk$ReceiverDispatcher$Args_57741:1423 android.app.-$Lambda$FilBqgnXJrN9Mgyks1XHeAxzSTk.$m$0:4 
05-18 11:01:40.384  1260  1588 I chatty  : uid=1000(system) NetworkPolicy expire 2 lines
05-18 11:01:40.396   744   744 E wificond: Failed to get NL80211_RATE_INFO_NOISE
05-18 11:01:40.396   744   744 E wificond: Failed to get NL80211_RATE_INFO_SNR
05-18 11:01:40.396   744   744 E wificond: Failed to get NL80211_STA_INFO_CNAHLOAD
05-18 11:01:40.441  3346  3346 D ActivityThread: ActivityThread,attachApplication
05-18 11:01:40.472  1260  2160 I chatty  : uid=1000 system_server expire 2 lines
05-18 11:01:40.495  2032  2032 W ContextImpl: Calling a method in the system process without a qualified user: android.app.ContextImpl.bindService:1736 android.content.ContextWrapper.bindService:678 com.huawei.android.chr.hisi.HisiModemInfoCollector.<init>:213 com.huawei.android.chr.ModemInfoCollectorFactory.make:24 com.huawei.android.chr.HwChrApplication.onCreate:62 
05-18 11:01:40.509  3384  3384 D ActivityThread: ActivityThread,attachApplication
05-18 11:01:40.558  1260  1277 I chatty  : uid=1000(system) Binder:1260_1 expire 4 lines
05-18 11:01:40.563  2032  2032 W ContextImpl: Calling a method in the system process without a qualified user: android.app.ContextImpl.bindService:1736 android.content.ContextWrapper.bindService:678 com.huawei.android.chr.statistics.TelStatusManager.<init>:62 com.huawei.android.chr.statistics.TelStatusManager.make:48 com.huawei.android.chr.HwChrApplication.onCreate:63 
05-18 11:01:40.583  2032  2032 W ContextImpl: Calling a method in the system process without a qualified user: android.app.ContextImpl.bindService:1736 com.huawei.mdlog.MdlogManager.<init>:38 com.huawei.mdlog.MdlogManager.make:46 com.huawei.android.chr.HwChrApplication.onCreate:64 android.app.Instrumentation.callApplicationOnCreate:1122 
05-18 11:01:40.594  2032  2032 W ContextImpl: Calling a method in the system process without a qualified user: android.app.ContextImpl.bindService:1736 android.content.ContextWrapper.bindService:678 com.huawei.android.chr.hisi.rilchrtunnel.RilMsgTunnelManager.<init>:102 com.huawei.android.chr.hisi.rilchrtunnel.RilMsgTunnelManager.make:126 com.huawei.android.chr.HwChrApplication.onCreate:66 
05-18 11:01:40.664  1260  1534 I chatty  : uid=1000(system) android.anim expire 2 lines
05-18 11:01:40.667  2032  2032 W ContextImpl: Calling a method in the system process without a qualified user: android.app.ContextImpl.bindService:1736 android.content.ContextWrapper.bindService:678 com.huawei.android.chr.logcollectservice.ChrLogManager.<init>:63 com.huawei.android.chr.logcollectservice.ChrLogManager.make:38 com.huawei.android.chr.HwChrApplication.onCreate:68 
05-18 11:01:40.684  1699  1699 V KeyguardDisplayManager: hide
05-18 11:01:40.690  2032  2032 W ContextImpl: Calling a method in the system process without a qualified user: android.app.ContextImpl.startService:1656 android.content.ContextWrapper.startService:644 android.content.ContextWrapper.startService:644 com.huawei.mdlog.MdlogBootReceiver.onReceive:40 android.app.ActivityThread.handleReceiver:3695 
05-18 11:01:40.695  1260  3400 I chatty  : uid=1000(system) Binder:1260_14 expire 1 line
05-18 11:01:40.697  2065  2065 W ContextImpl: Calling a method in the system process without a qualified user: android.app.ContextImpl.startService:1656 android.content.ContextWrapper.startService:644 android.content.ContextWrapper.startService:644 com.huawei.android.hwaps.AutoRunReceiver.onReceive:43 android.app.ActivityThread.handleReceiver:3695 
05-18 11:01:40.703  1260  2883 I chatty  : uid=1000(system) Binder:1260_11 expire 16 lines
05-18 11:01:40.718  1699  3141 I CommandQueue: updateBarBgColor
05-18 11:01:40.718  1699  3141 D CommandQueue: CommandQueue, setBarBackgroundColor
05-18 11:01:40.783  1260  1350 I chatty  : uid=1000(system) ActivityManager expire 2 lines
05-18 11:01:40.826   603  1243 W SocketListener: sending broadcast to Pid = 1260, Uid = 1000 
05-18 11:01:40.831  1260  1422 I chatty  : uid=1000(system) android.fg expire 1 line
05-18 11:01:40.848  1260  1603 I chatty  : uid=1000(system) WifiP2pService expire 5 lines
05-18 11:01:41.054  1260  2665 I chatty  : uid=1000(system) HwUsbHDBManager expire 1 line
05-18 11:01:41.176  2032  2032 W ContextImpl: Calling a method in the system process without a qualified user: android.app.ContextImpl.startService:1656 android.content.ContextWrapper.startService:644 com.huawei.lcagent.client.LogCollectManager.bindToService:332 com.huawei.lcagent.client.LogCollectManager.<init>:43 com.huawei.mdlog.MdlogService.onCreate:407 
05-18 11:01:41.177  2032  2032 W ContextImpl: Calling a method in the system process without a qualified user: android.app.ContextImpl.bindService:1736 android.content.ContextWrapper.bindService:678 com.huawei.lcagent.client.LogCollectManager.bindToService:336 com.huawei.lcagent.client.LogCollectManager.<init>:43 com.huawei.mdlog.MdlogService.onCreate:407 
05-18 11:01:41.217  2032  2032 W ContextImpl: Calling a method in the system process without a qualified user: android.app.ContextImpl.startService:1656 android.content.ContextWrapper.startService:644 com.huawei.bd.BDApplication.startBDService:15 com.huawei.bd.BDApplication.onCreate:10 android.app.Instrumentation.callApplicationOnCreate:1122 
05-18 11:01:41.244  2047  2047 W ContextImpl: Calling a method in the system process without a qualified user: android.app.ContextImpl.startService:1656 android.content.ContextWrapper.startService:644 android.content.ContextWrapper.startService:644 com.huawei.ca.service.AutoBootReceiver.onReceive:29 android.app.ActivityThread.handleReceiver:3695 
05-18 11:01:41.259  2032  2032 W ContextImpl: Calling a method in the system process without a qualified user: android.app.ContextImpl.startService:1656 android.content.ContextWrapper.startService:644 com.huawei.lcagent.client.LogCollectManager.bindToService:332 com.huawei.lcagent.client.LogCollectManager.<init>:37 com.huawei.android.chr.ProtocolLogManager.init:141 
05-18 11:01:41.259  2032  2032 W ContextImpl: Calling a method in the system process without a qualified user: android.app.ContextImpl.bindService:1736 android.content.ContextWrapper.bindService:678 com.huawei.lcagent.client.LogCollectManager.bindToService:336 com.huawei.lcagent.client.LogCollectManager.<init>:37 com.huawei.android.chr.ProtocolLogManager.init:141 
05-18 11:01:41.403  1260  2097 I chatty  : uid=1000(system) Binder:1260_7 expire 20 lines
05-18 11:01:41.557  2032  2032 W SettingsEx: SettingsEx.Systemex.getString deprecated use Settings.System.getString instead ;callers=com.huawei.android.chr.dataservice.ChrDataServiceTracker.initChrReportAppPackage:991 com.huawei.android.chr.dataservice.ChrDataServiceTracker.<init>:194 com.huawei.android.chr.dataservice.ChrDataService.<init>:188 
05-18 11:01:41.562  3536  3536 D ActivityThread: ActivityThread,attachApplication
05-18 11:01:41.605  1260  2883 I chatty  : uid=1000(system) Binder:1260_11 expire 16 lines
05-18 11:01:41.609  1260  1586 I chatty  : uid=1000(system) NetdConnector expire 14 lines
05-18 11:01:41.613  1260  2885 I chatty  : uid=1000(system) Binder:1260_12 expire 21 lines
05-18 11:01:41.657  1260  3400 I chatty  : uid=1000(system) Binder:1260_14 expire 10 lines
05-18 11:01:41.658  3556  3556 D ActivityThread: ActivityThread,attachApplication
05-18 11:01:41.659  1260  1885 I chatty  : uid=1000(system) Binder:1260_4 expire 7 lines
05-18 11:01:41.670  1260  1350 I chatty  : uid=1000(system) ActivityManager expire 27 lines
05-18 11:01:41.714  2032  2032 W ContextImpl: Calling a method in the system process without a qualified user: android.app.ContextImpl.startService:1656 android.content.ContextWrapper.startService:644 com.huawei.lcagent.client.LogCollectManager.bindToService:332 com.huawei.lcagent.client.LogCollectManager.<init>:43 com.huawei.android.chr.hifi.ChrHifi.<init>:80 
05-18 11:01:41.715  2032  2032 W ContextImpl: Calling a method in the system process without a qualified user: android.app.ContextImpl.bindService:1736 android.content.ContextWrapper.bindService:678 com.huawei.lcagent.client.LogCollectManager.bindToService:336 com.huawei.lcagent.client.LogCollectManager.<init>:43 com.huawei.android.chr.hifi.ChrHifi.<init>:80 
05-18 11:01:41.921  2032  2032 W ContextImpl: Calling a method in the system process without a qualified user: android.app.ContextImpl.startService:1656 android.content.ContextWrapper.startService:644 android.content.ContextWrapper.startService:644 com.huawei.lcagent.service.LogBroadcastReceiver.onReceive:57 android.app.ActivityThread.handleReceiver:3695 
05-18 11:01:41.922  2032  2032 W ContextImpl: Calling a method in the system process without a qualified user: android.app.ContextImpl.startService:1656 android.content.ContextWrapper.startService:644 android.content.ContextWrapper.startService:644 com.huawei.lcagent.service.LogBroadcastReceiver.onReceive:61 android.app.ActivityThread.handleReceiver:3695 
05-18 11:01:41.926  1260  2820 I chatty  : uid=1000(system) Binder:1260_C expire 9 lines
05-18 11:01:42.017  3617  3617 D ActivityThread: ActivityThread,attachApplication
05-18 11:01:42.018  1260  1277 I chatty  : uid=1000(system) Binder:1260_1 expire 14 lines
05-18 11:01:42.057  1260  2665 I chatty  : uid=1000(system) HwUsbHDBManager expire 2 lines
05-18 11:01:42.068  2047  2047 I BootBroadcastReceiver: startFindMyPhoneService return findmyphone is 0
05-18 11:01:42.309  3652  3652 D ActivityThread: ActivityThread,attachApplication
05-18 11:01:42.390  3671  3671 D ActivityThread: ActivityThread,attachApplication
05-18 11:01:42.594  1260  3134 I chatty  : uid=1000(system) DhcpClient expire 4 lines
05-18 11:01:42.611  3700  3700 D ActivityThread: ActivityThread,attachApplication
05-18 11:01:42.784  2733  3495 W ContextImpl: Calling a method in the system process without a qualified user: android.app.ContextImpl.bindService:1736 android.content.ContextWrapper.bindService:678 com.huawei.nb.dataservice.dsclient.RemoteServiceConnection.open:90 com.huawei.nb.dataservice.dsclient.DataServiceProxy.connect:105 com.huawei.nb.dataservice.rsclient.internal.RemoteRuleService.start:27 
05-18 11:01:42.810   744   744 E wificond: Failed to get NL80211_RATE_INFO_NOISE
05-18 11:01:42.811   744   744 E wificond: Failed to get NL80211_RATE_INFO_SNR
05-18 11:01:42.811   744   744 E wificond: Failed to get NL80211_STA_INFO_CNAHLOAD
05-18 11:01:42.830  3730  3730 D ActivityThread: ActivityThread,attachApplication
05-18 11:01:42.964  3758  3758 D ActivityThread: ActivityThread,attachApplication
05-18 11:01:43.032  1260  1260 I chatty  : uid=1000 system_server expire 23 lines
05-18 11:01:43.057  1260  1351 I chatty  : uid=1000(system) android.ui expire 1 line
05-18 11:01:43.074  3771  3771 D ActivityThread: ActivityThread,attachApplication
05-18 11:01:43.131  3790  3790 D ActivityThread: ActivityThread,attachApplication
05-18 11:01:43.239  3843  3843 D ActivityThread: ActivityThread,attachApplication
05-18 11:01:43.305  1260  1606 I chatty  : uid=1000(system) ConnectivitySer expire 10 lines
05-18 11:01:43.403  2699  3890 W ContextImpl: Calling a method in the system process without a qualified user: android.app.ContextImpl.startService:1656 android.content.ContextWrapper.startService:644 tmsdk.common.TMSDKContext.start:153 tmsdk.common.TMSDKContext.access$000:0 tmsdk.common.TMSDKContext$1.run:0 
05-18 11:01:43.484  3902  3902 D ActivityThread: ActivityThread,attachApplication
05-18 11:01:43.618   417   425 D VoldCmdListener: sdlock poll
05-18 11:01:43.618   417   425 I         : poll
05-18 11:01:43.619   417   425 E         : failed to get lockable path
05-18 11:01:43.621  1260  1624 I chatty  : uid=1000(system) HwSdLockService expire 1 line
05-18 11:01:43.685  1260  3944 I chatty  : uid=1000 system_server expire 6 lines
05-18 11:01:43.697  1260  1589 I chatty  : uid=1000(system) tworkPolicy.uid expire 1 line
05-18 11:01:43.735  1989  1989 W ContextImpl: Calling a method in the system process without a qualified user: android.app.ContextImpl.startService:1656 android.content.ContextWrapper.startService:644 android.content.ContextWrapper.startService:644 com.huawei.systemmanager.service.MainReceiver.onReceive:43 android.app.ActivityThread.handleReceiver:3695 
05-18 11:01:43.753  1260  1580 I chatty  : uid=1000(system) StorageManagerS expire 2 lines
05-18 11:01:43.753   417   425 D VoldCmdListener: volume bootcompleted
05-18 11:01:43.753   417   425 I         : receive bootcompleted and report_sd_error()  startup_notified=0 kMajorBlockSd=0 kMinorBlockSd=0.
05-18 11:01:43.754  1260  1583 I chatty  : uid=1000(system) VoldConnector expire 1 line
05-18 11:01:43.829  1260  3969 I chatty  : uid=1000(system) AsyncQueryWorke expire 3 lines
05-18 11:01:43.891  3975  3975 D ActivityThread: ActivityThread,attachApplication
05-18 11:01:43.903  1260  3224 I chatty  : uid=1000(system) Binder:1260_13 expire 7 lines
05-18 11:01:43.927  1260  1422 I chatty  : uid=1000(system) android.fg expire 3 lines
05-18 11:01:43.965  1721  1721 W ContextImpl: Calling a method in the system process without a qualified user: android.app.ContextImpl.sendBroadcast:1074 android.content.ContextWrapper.sendBroadcast:431 com.android.settings.deviceinfo.UsbSettingsService$5.onClick:688 com.android.settings.deviceinfo.UsbSettingsService$DialogItemListener.onClick:725 com.android.internal.app.AlertController$AlertParams$3.onItemClick:1168 
05-18 11:01:43.985  1260  2875 I chatty  : uid=1000(system) Binder:1260_F expire 4 lines
05-18 11:01:44.067  1721  1721 W ContextImpl: Calling a method in the system process without a qualified user: android.app.ContextImpl.startService:1656 android.content.ContextWrapper.startService:644 android.content.ContextWrapper.startService:644 com.android.settings.deviceinfo.UsbReceiver.startUsbService:282 com.android.settings.deviceinfo.UsbReceiver.onUsbStateReceive:159 
05-18 11:01:44.070  1721  1721 W ContextImpl: Calling a method in the system process without a qualified user: android.app.ContextImpl.startService:1656 android.content.ContextWrapper.startService:644 android.content.ContextWrapper.startService:644 com.android.settings.deviceinfo.UsbReceiver.startUsbService:282 com.android.settings.deviceinfo.UsbReceiver.onUsbStateReceive:206 
05-18 11:01:44.084  1260  1988 I chatty  : uid=1000(system) Binder:1260_5 expire 7 lines
05-18 11:01:44.153  4021  4021 D ActivityThread: ActivityThread,attachApplication
05-18 11:01:44.257  1260  1534 I chatty  : uid=1000(system) android.anim expire 5 lines
05-18 11:01:44.295  4041  4041 D ActivityThread: ActivityThread,attachApplication
05-18 11:01:44.497  1721  1721 W ContextImpl: Calling a method in the system process without a qualified user: android.app.ContextImpl.startService:1656 android.content.ContextWrapper.startService:644 android.content.ContextWrapper.startService:644 com.android.settings.deviceinfo.UsbReceiver.startUsbService:282 com.android.settings.deviceinfo.UsbReceiver.onUsbStateReceive:159 
05-18 11:01:44.500  1721  1721 W ContextImpl: Calling a method in the system process without a qualified user: android.app.ContextImpl.startService:1656 android.content.ContextWrapper.startService:644 android.content.ContextWrapper.startService:644 com.android.settings.deviceinfo.UsbReceiver.startUsbService:282 com.android.settings.deviceinfo.UsbReceiver.onUsbStateReceive:206 
05-18 11:01:44.605  1721  1721 W ContextImpl: Calling a method in the system process without a qualified user: android.app.ContextImpl.startService:1656 android.content.ContextWrapper.startService:644 android.content.ContextWrapper.startService:644 com.android.settings.deviceinfo.UsbReceiver.startUsbService:282 com.android.settings.deviceinfo.UsbReceiver.onUsbStateReceive:159 
05-18 11:01:44.606  1721  1721 W ContextImpl: Calling a method in the system process without a qualified user: android.app.ContextImpl.startService:1656 android.content.ContextWrapper.startService:644 android.content.ContextWrapper.startService:644 com.android.settings.deviceinfo.UsbReceiver.startUsbService:282 com.android.settings.deviceinfo.UsbReceiver.onUsbStateReceive:206 
05-18 11:01:44.888  4077  4077 D ActivityThread: ActivityThread,attachApplication
05-18 11:01:44.946  1260  4099 I chatty  : uid=1000 system_server expire 4 lines
05-18 11:01:45.050  4108  4108 D ActivityThread: ActivityThread,attachApplication
05-18 11:01:45.110  4125  4125 D ActivityThread: ActivityThread,attachApplication
05-18 11:01:45.196  4125  4125 I         : RegisterNatives OK!
05-18 11:01:45.403  1721  1721 W ContextImpl: Calling a method in the system process without a qualified user: android.app.ContextImpl.startService:1656 android.content.ContextWrapper.startService:644 android.content.ContextWrapper.startService:644 com.android.settings.applications.BlackListReceiver.onReceive:27 android.app.ActivityThread.handleReceiver:3695 
05-18 11:01:45.486  1260  2885 I chatty  : uid=1000(system) Binder:1260_12 expire 30 lines
05-18 11:01:45.553  1699  1699 W SettingsEx: SettingsEx.Systemex.getString deprecated use Settings.System.getString instead ;callers=com.android.systemui.apksimcardadapter.DisableCloudAppReceiver.getString:311 com.android.systemui.apksimcardadapter.DisableCloudAppReceiver.onReceive:86 android.app.ActivityThread.handleReceiver:3695 
05-18 11:01:45.556  1260  2875 I chatty  : uid=1000(system) Binder:1260_F expire 31 lines
05-18 11:01:45.603  4167  4167 D ActivityThread: ActivityThread,attachApplication
05-18 11:01:45.783  1260  2883 I chatty  : uid=1000(system) Binder:1260_11 expire 11 lines
05-18 11:01:45.829   744   744 E wificond: Failed to get NL80211_RATE_INFO_NOISE
05-18 11:01:45.829   744   744 E wificond: Failed to get NL80211_RATE_INFO_SNR
05-18 11:01:45.829   744   744 E wificond: Failed to get NL80211_STA_INFO_CNAHLOAD
05-18 11:01:46.106  1260  3224 I chatty  : uid=1000(system) Binder:1260_13 expire 11 lines
05-18 11:01:46.215  1260  1534 I chatty  : uid=1000(system) android.anim expire 14 lines
