--------- beginning of system
05-18 11:01:28.780   417   417 E vold    : Vold 3.0 (the awakening) firing up
05-18 11:01:28.780   417   417 V vold    : Detected support for: exfat ext4 f2fs vfat
05-18 11:01:28.784   417   417 D vold    : s_cryptsd_enable is 1
05-18 11:01:28.784   417   417 W vold    : VolumeBase::setState(): Volume emulated State changing Unmounted->Unmounted
05-18 11:01:28.786   417   424 V vold    : handleBlockEvent(): action = 1, major = 8, minor = 0, devname = sda, devtype = disk
05-18 11:01:28.786   417   424 V vold    : handleBlockEvent(): action = 1, major = 8, minor = 16, devname = sdb, devtype = disk
05-18 11:01:28.787   417   424 V vold    : handleBlockEvent(): action = 1, major = 8, minor = 32, devname = sdc, devtype = disk
05-18 11:01:28.787   417   424 V vold    : handleBlockEvent(): action = 1, major = 8, minor = 33, devname = sdc1, devtype = partition
05-18 11:01:28.787   417   424 V vold    : handleBlockEvent(): action = 1, major = 8, minor = 34, devname = sdc2, devtype = partition
05-18 11:01:28.787   417   424 V vold    : handleBlockEvent(): action = 1, major = 8, minor = 35, devname = sdc3, devtype = partition
05-18 11:01:28.787   417   424 V vold    : handleBlockEvent(): action = 1, major = 8, minor = 48, devname = sdd, devtype = disk
05-18 11:01:28.787   417   424 V vold    : handleBlockEvent(): action = 1, major = 8, minor = 49, devname = sdd1, devtype = partition
05-18 11:01:28.787   417   424 V vold    : handleBlockEvent(): action = 1, major = 8, minor = 50, devname = sdd2, devtype = partition
05-18 11:01:28.787   417   424 V vold    : handleBlockEvent(): action = 1, major = 8, minor = 51, devname = sdd3, devtype = partition
05-18 11:01:28.787   417   424 V vold    : handleBlockEvent(): action = 1, major = 8, minor = 52, devname = sdd4, devtype = partition
05-18 11:01:28.787   417   424 V vold    : handleBlockEvent(): action = 1, major = 8, minor = 53, devname = sdd5, devtype = partition
05-18 11:01:28.787   417   424 V vold    : handleBlockEvent(): action = 1, major = 8, minor = 54, devname = sdd6, devtype = partition
05-18 11:01:28.787   417   424 V vold    : handleBlockEvent(): action = 1, major = 8, minor = 55, devname = sdd7, devtype = partition
05-18 11:01:28.787   417   424 V vold    : handleBlockEvent(): action = 1, major = 8, minor = 56, devname = sdd8, devtype = partition
05-18 11:01:28.787   417   424 V vold    : handleBlockEvent(): action = 1, major = 8, minor = 57, devname = sdd9, devtype = partition
05-18 11:01:28.791   417   424 V vold    : handleBlockEvent(): action = 1, major = 8, minor = 58, devname = sdd10, devtype = partition
05-18 11:01:28.791   417   424 V vold    : handleBlockEvent(): action = 1, major = 8, minor = 59, devname = sdd11, devtype = partition
05-18 11:01:28.791   417   424 V vold    : handleBlockEvent(): action = 1, major = 8, minor = 60, devname = sdd12, devtype = partition
05-18 11:01:28.791   417   424 V vold    : handleBlockEvent(): action = 1, major = 8, minor = 61, devname = sdd13, devtype = partition
05-18 11:01:28.791   417   424 V vold    : handleBlockEvent(): action = 1, major = 8, minor = 62, devname = sdd14, devtype = partition
05-18 11:01:28.791   417   424 V vold    : handleBlockEvent(): action = 1, major = 8, minor = 63, devname = sdd15, devtype = partition
05-18 11:01:28.791   417   424 V vold    : handleBlockEvent(): action = 1, major = 259, minor = 0, devname = sdd16, devtype = partition
05-18 11:01:28.792   417   424 V vold    : handleBlockEvent(): action = 1, major = 259, minor = 1, devname = sdd17, devtype = partition
05-18 11:01:28.792   417   424 V vold    : handleBlockEvent(): action = 1, major = 259, minor = 2, devname = sdd18, devtype = partition
05-18 11:01:28.792   417   424 V vold    : handleBlockEvent(): action = 1, major = 259, minor = 3, devname = sdd19, devtype = partition
05-18 11:01:28.792   417   424 V vold    : handleBlockEvent(): action = 1, major = 259, minor = 4, devname = sdd20, devtype = partition
05-18 11:01:28.792   417   424 V vold    : handleBlockEvent(): action = 1, major = 259, minor = 5, devname = sdd21, devtype = partition
05-18 11:01:28.792   417   424 V vold    : handleBlockEvent(): action = 1, major = 259, minor = 6, devname = sdd22, devtype = partition
05-18 11:01:28.792   417   424 V vold    : handleBlockEvent(): action = 1, major = 259, minor = 7, devname = sdd23, devtype = partition
05-18 11:01:28.792   417   424 V vold    : handleBlockEvent(): action = 1, major = 259, minor = 8, devname = sdd24, devtype = partition
05-18 11:01:28.792   417   424 V vold    : handleBlockEvent(): action = 1, major = 259, minor = 9, devname = sdd25, devtype = partition
05-18 11:01:28.792   417   424 V vold    : handleBlockEvent(): action = 1, major = 259, minor = 10, devname = sdd26, devtype = partition
05-18 11:01:28.792   417   424 V vold    : handleBlockEvent(): action = 1, major = 259, minor = 11, devname = sdd27, devtype = partition
05-18 11:01:28.792   417   424 V vold    : handleBlockEvent(): action = 1, major = 259, minor = 12, devname = sdd28, devtype = partition
05-18 11:01:28.792   417   424 V vold    : handleBlockEvent(): action = 1, major = 259, minor = 13, devname = sdd29, devtype = partition
05-18 11:01:28.792   417   424 V vold    : handleBlockEvent(): action = 1, major = 259, minor = 14, devname = sdd30, devtype = partition
05-18 11:01:28.792   417   424 V vold    : handleBlockEvent(): action = 1, major = 259, minor = 15, devname = sdd31, devtype = partition
05-18 11:01:28.792   417   424 V vold    : handleBlockEvent(): action = 1, major = 259, minor = 16, devname = sdd32, devtype = partition
05-18 11:01:28.792   417   424 V vold    : handleBlockEvent(): action = 1, major = 259, minor = 17, devname = sdd33, devtype = partition
05-18 11:01:28.792   417   424 V vold    : handleBlockEvent(): action = 1, major = 259, minor = 18, devname = sdd34, devtype = partition
05-18 11:01:28.792   417   424 V vold    : handleBlockEvent(): action = 1, major = 259, minor = 19, devname = sdd35, devtype = partition
05-18 11:01:28.792   417   424 V vold    : handleBlockEvent(): action = 1, major = 259, minor = 20, devname = sdd36, devtype = partition
05-18 11:01:28.792   417   424 V vold    : handleBlockEvent(): action = 1, major = 259, minor = 21, devname = sdd37, devtype = partition
05-18 11:01:28.792   417   424 V vold    : handleBlockEvent(): action = 1, major = 259, minor = 22, devname = sdd38, devtype = partition
05-18 11:01:28.792   417   424 V vold    : handleBlockEvent(): action = 1, major = 259, minor = 23, devname = sdd39, devtype = partition
05-18 11:01:28.792   417   424 V vold    : handleBlockEvent(): action = 1, major = 259, minor = 24, devname = sdd40, devtype = partition
05-18 11:01:28.792   417   424 V vold    : handleBlockEvent(): action = 1, major = 259, minor = 25, devname = sdd41, devtype = partition
05-18 11:01:28.792   417   424 V vold    : handleBlockEvent(): action = 1, major = 259, minor = 26, devname = sdd42, devtype = partition
05-18 11:01:28.793   417   424 V vold    : handleBlockEvent(): action = 1, major = 259, minor = 27, devname = sdd43, devtype = partition
05-18 11:01:28.793   417   424 V vold    : handleBlockEvent(): action = 1, major = 259, minor = 28, devname = sdd44, devtype = partition
05-18 11:01:28.793   417   424 V vold    : handleBlockEvent(): action = 1, major = 259, minor = 29, devname = sdd45, devtype = partition
05-18 11:01:28.793   417   424 V vold    : handleBlockEvent(): action = 1, major = 259, minor = 30, devname = sdd46, devtype = partition
05-18 11:01:28.793   417   424 V vold    : handleBlockEvent(): action = 1, major = 259, minor = 31, devname = sdd47, devtype = partition
05-18 11:01:28.793   417   424 V vold    : handleBlockEvent(): action = 1, major = 259, minor = 32, devname = sdd48, devtype = partition
05-18 11:01:28.793   417   424 V vold    : handleBlockEvent(): action = 1, major = 259, minor = 33, devname = sdd49, devtype = partition
05-18 11:01:28.793   417   424 V vold    : handleBlockEvent(): action = 1, major = 259, minor = 34, devname = sdd50, devtype = partition
05-18 11:01:28.793   417   424 V vold    : handleBlockEvent(): action = 1, major = 259, minor = 35, devname = sdd51, devtype = partition
05-18 11:01:28.793   417   424 V vold    : handleBlockEvent(): action = 1, major = 259, minor = 36, devname = sdd52, devtype = partition
05-18 11:01:28.793   417   424 V vold    : handleBlockEvent(): action = 1, major = 259, minor = 37, devname = sdd53, devtype = partition
05-18 11:01:28.793   417   424 V vold    : handleBlockEvent(): action = 1, major = 259, minor = 38, devname = sdd54, devtype = partition
05-18 11:01:28.793   417   424 V vold    : handleBlockEvent(): action = 1, major = 259, minor = 39, devname = sdd55, devtype = partition
05-18 11:01:28.793   417   424 V vold    : handleBlockEvent(): action = 1, major = 259, minor = 40, devname = sdd56, devtype = partition
05-18 11:01:28.793   417   424 V vold    : handleBlockEvent(): action = 1, major = 259, minor = 41, devname = sdd57, devtype = partition
05-18 11:01:28.793   417   424 V vold    : handleBlockEvent(): action = 1, major = 259, minor = 42, devname = sdd58, devtype = partition
05-18 11:01:28.793   417   424 V vold    : handleBlockEvent(): action = 1, major = 259, minor = 43, devname = sdd59, devtype = partition
05-18 11:01:28.793   417   424 V vold    : handleBlockEvent(): action = 1, major = 259, minor = 44, devname = sdd60, devtype = partition
05-18 11:01:28.793   417   424 V vold    : handleBlockEvent(): action = 1, major = 1, minor = 0, devname = ram0, devtype = disk
05-18 11:01:28.793   417   424 V vold    : handleBlockEvent(): action = 1, major = 1, minor = 1, devname = ram1, devtype = disk
05-18 11:01:28.793   417   424 V vold    : handleBlockEvent(): action = 1, major = 1, minor = 2, devname = ram2, devtype = disk
05-18 11:01:28.793   417   424 V vold    : handleBlockEvent(): action = 1, major = 1, minor = 3, devname = ram3, devtype = disk
05-18 11:01:28.793   417   424 V vold    : handleBlockEvent(): action = 1, major = 7, minor = 0, devname = loop0, devtype = disk
05-18 11:01:28.793   417   424 V vold    : handleBlockEvent(): action = 1, major = 7, minor = 1, devname = loop1, devtype = disk
05-18 11:01:28.793   417   424 V vold    : handleBlockEvent(): action = 1, major = 7, minor = 2, devname = loop2, devtype = disk
05-18 11:01:28.793   417   424 V vold    : handleBlockEvent(): action = 1, major = 7, minor = 3, devname = loop3, devtype = disk
05-18 11:01:28.794   417   424 V vold    : handleBlockEvent(): action = 1, major = 7, minor = 4, devname = loop4, devtype = disk
05-18 11:01:28.794   417   424 V vold    : handleBlockEvent(): action = 1, major = 7, minor = 5, devname = loop5, devtype = disk
05-18 11:01:28.794   417   424 V vold    : handleBlockEvent(): action = 1, major = 7, minor = 6, devname = loop6, devtype = disk
05-18 11:01:28.794   417   424 V vold    : handleBlockEvent(): action = 1, major = 7, minor = 7, devname = loop7, devtype = disk
05-18 11:01:28.794   417   424 V vold    : handleBlockEvent(): action = 1, major = 254, minor = 0, devname = zram0, devtype = disk
05-18 11:01:28.794   417   424 V vold    : handleBlockEvent(): action = 1, major = 8, minor = 0, devname = sda, devtype = disk
05-18 11:01:28.794   417   424 V vold    : handleBlockEvent(): action = 1, major = 8, minor = 16, devname = sdb, devtype = disk
05-18 11:01:28.794   417   424 V vold    : handleBlockEvent(): action = 1, major = 8, minor = 32, devname = sdc, devtype = disk
05-18 11:01:28.794   417   424 V vold    : handleBlockEvent(): action = 1, major = 8, minor = 33, devname = sdc1, devtype = partition
05-18 11:01:28.794   417   424 V vold    : handleBlockEvent(): action = 1, major = 8, minor = 34, devname = sdc2, devtype = partition
05-18 11:01:28.794   417   424 V vold    : handleBlockEvent(): action = 1, major = 8, minor = 35, devname = sdc3, devtype = partition
05-18 11:01:28.794   417   424 V vold    : handleBlockEvent(): action = 1, major = 8, minor = 48, devname = sdd, devtype = disk
05-18 11:01:28.794   417   424 V vold    : handleBlockEvent(): action = 1, major = 8, minor = 49, devname = sdd1, devtype = partition
05-18 11:01:28.794   417   424 V vold    : handleBlockEvent(): action = 1, major = 8, minor = 50, devname = sdd2, devtype = partition
05-18 11:01:28.794   417   424 V vold    : handleBlockEvent(): action = 1, major = 8, minor = 51, devname = sdd3, devtype = partition
05-18 11:01:28.794   417   424 V vold    : handleBlockEvent(): action = 1, major = 8, minor = 52, devname = sdd4, devtype = partition
05-18 11:01:28.794   417   424 V vold    : handleBlockEvent(): action = 1, major = 8, minor = 53, devname = sdd5, devtype = partition
05-18 11:01:28.794   417   424 V vold    : handleBlockEvent(): action = 1, major = 8, minor = 54, devname = sdd6, devtype = partition
05-18 11:01:28.794   417   424 V vold    : handleBlockEvent(): action = 1, major = 8, minor = 55, devname = sdd7, devtype = partition
05-18 11:01:28.794   417   424 V vold    : handleBlockEvent(): action = 1, major = 8, minor = 56, devname = sdd8, devtype = partition
05-18 11:01:28.794   417   424 V vold    : handleBlockEvent(): action = 1, major = 8, minor = 57, devname = sdd9, devtype = partition
05-18 11:01:28.794   417   424 V vold    : handleBlockEvent(): action = 1, major = 8, minor = 58, devname = sdd10, devtype = partition
05-18 11:01:28.794   417   424 V vold    : handleBlockEvent(): action = 1, major = 8, minor = 59, devname = sdd11, devtype = partition
05-18 11:01:28.794   417   424 V vold    : handleBlockEvent(): action = 1, major = 8, minor = 60, devname = sdd12, devtype = partition
05-18 11:01:28.794   417   424 V vold    : handleBlockEvent(): action = 1, major = 8, minor = 61, devname = sdd13, devtype = partition
05-18 11:01:28.794   417   424 V vold    : handleBlockEvent(): action = 1, major = 8, minor = 62, devname = sdd14, devtype = partition
05-18 11:01:28.795   417   424 V vold    : handleBlockEvent(): action = 1, major = 8, minor = 63, devname = sdd15, devtype = partition
05-18 11:01:28.795   417   424 V vold    : handleBlockEvent(): action = 1, major = 259, minor = 0, devname = sdd16, devtype = partition
05-18 11:01:28.795   417   424 V vold    : handleBlockEvent(): action = 1, major = 259, minor = 1, devname = sdd17, devtype = partition
05-18 11:01:28.795   417   424 V vold    : handleBlockEvent(): action = 1, major = 259, minor = 2, devname = sdd18, devtype = partition
05-18 11:01:28.795   417   424 V vold    : handleBlockEvent(): action = 1, major = 259, minor = 3, devname = sdd19, devtype = partition
05-18 11:01:28.795   417   424 V vold    : handleBlockEvent(): action = 1, major = 259, minor = 4, devname = sdd20, devtype = partition
05-18 11:01:28.795   417   424 V vold    : handleBlockEvent(): action = 1, major = 259, minor = 5, devname = sdd21, devtype = partition
05-18 11:01:28.795   417   424 V vold    : handleBlockEvent(): action = 1, major = 259, minor = 6, devname = sdd22, devtype = partition
05-18 11:01:28.795   417   424 V vold    : handleBlockEvent(): action = 1, major = 259, minor = 7, devname = sdd23, devtype = partition
05-18 11:01:28.795   417   424 V vold    : handleBlockEvent(): action = 1, major = 259, minor = 8, devname = sdd24, devtype = partition
05-18 11:01:28.795   417   424 V vold    : handleBlockEvent(): action = 1, major = 259, minor = 9, devname = sdd25, devtype = partition
05-18 11:01:28.795   417   424 V vold    : handleBlockEvent(): action = 1, major = 259, minor = 10, devname = sdd26, devtype = partition
05-18 11:01:28.795   417   424 V vold    : handleBlockEvent(): action = 1, major = 259, minor = 11, devname = sdd27, devtype = partition
05-18 11:01:28.795   417   424 V vold    : handleBlockEvent(): action = 1, major = 259, minor = 12, devname = sdd28, devtype = partition
05-18 11:01:28.795   417   424 V vold    : handleBlockEvent(): action = 1, major = 259, minor = 13, devname = sdd29, devtype = partition
05-18 11:01:28.795   417   424 V vold    : handleBlockEvent(): action = 1, major = 259, minor = 14, devname = sdd30, devtype = partition
05-18 11:01:28.795   417   424 V vold    : handleBlockEvent(): action = 1, major = 259, minor = 15, devname = sdd31, devtype = partition
05-18 11:01:28.795   417   424 V vold    : handleBlockEvent(): action = 1, major = 259, minor = 16, devname = sdd32, devtype = partition
05-18 11:01:28.795   417   424 V vold    : handleBlockEvent(): action = 1, major = 259, minor = 17, devname = sdd33, devtype = partition
05-18 11:01:28.795   417   424 V vold    : handleBlockEvent(): action = 1, major = 259, minor = 18, devname = sdd34, devtype = partition
05-18 11:01:28.795   417   424 V vold    : handleBlockEvent(): action = 1, major = 259, minor = 19, devname = sdd35, devtype = partition
05-18 11:01:28.795   417   424 V vold    : handleBlockEvent(): action = 1, major = 259, minor = 20, devname = sdd36, devtype = partition
05-18 11:01:28.795   417   424 V vold    : handleBlockEvent(): action = 1, major = 259, minor = 21, devname = sdd37, devtype = partition
05-18 11:01:28.795   417   424 V vold    : handleBlockEvent(): action = 1, major = 259, minor = 22, devname = sdd38, devtype = partition
05-18 11:01:28.795   417   424 V vold    : handleBlockEvent(): action = 1, major = 259, minor = 23, devname = sdd39, devtype = partition
05-18 11:01:28.795   417   424 V vold    : handleBlockEvent(): action = 1, major = 259, minor = 24, devname = sdd40, devtype = partition
05-18 11:01:28.795   417   424 V vold    : handleBlockEvent(): action = 1, major = 259, minor = 25, devname = sdd41, devtype = partition
05-18 11:01:28.795   417   424 V vold    : handleBlockEvent(): action = 1, major = 259, minor = 26, devname = sdd42, devtype = partition
05-18 11:01:28.795   417   424 V vold    : handleBlockEvent(): action = 1, major = 259, minor = 27, devname = sdd43, devtype = partition
05-18 11:01:28.796   417   424 V vold    : handleBlockEvent(): action = 1, major = 259, minor = 28, devname = sdd44, devtype = partition
05-18 11:01:28.796   417   424 V vold    : handleBlockEvent(): action = 1, major = 259, minor = 29, devname = sdd45, devtype = partition
05-18 11:01:28.796   417   424 V vold    : handleBlockEvent(): action = 1, major = 259, minor = 30, devname = sdd46, devtype = partition
05-18 11:01:28.796   417   424 V vold    : handleBlockEvent(): action = 1, major = 259, minor = 31, devname = sdd47, devtype = partition
05-18 11:01:28.796   417   424 V vold    : handleBlockEvent(): action = 1, major = 259, minor = 32, devname = sdd48, devtype = partition
05-18 11:01:28.796   417   424 V vold    : handleBlockEvent(): action = 1, major = 259, minor = 33, devname = sdd49, devtype = partition
05-18 11:01:28.796   417   424 V vold    : handleBlockEvent(): action = 1, major = 259, minor = 34, devname = sdd50, devtype = partition
05-18 11:01:28.796   417   424 V vold    : handleBlockEvent(): action = 1, major = 259, minor = 35, devname = sdd51, devtype = partition
05-18 11:01:28.796   417   424 V vold    : handleBlockEvent(): action = 1, major = 259, minor = 36, devname = sdd52, devtype = partition
05-18 11:01:28.796   417   424 V vold    : handleBlockEvent(): action = 1, major = 259, minor = 37, devname = sdd53, devtype = partition
05-18 11:01:28.796   417   424 V vold    : handleBlockEvent(): action = 1, major = 259, minor = 38, devname = sdd54, devtype = partition
05-18 11:01:28.796   417   424 V vold    : handleBlockEvent(): action = 1, major = 259, minor = 39, devname = sdd55, devtype = partition
05-18 11:01:28.796   417   424 V vold    : handleBlockEvent(): action = 1, major = 259, minor = 40, devname = sdd56, devtype = partition
05-18 11:01:28.796   417   424 V vold    : handleBlockEvent(): action = 1, major = 259, minor = 41, devname = sdd57, devtype = partition
05-18 11:01:28.796   417   424 V vold    : handleBlockEvent(): action = 1, major = 259, minor = 42, devname = sdd58, devtype = partition
05-18 11:01:28.796   417   424 V vold    : handleBlockEvent(): action = 1, major = 259, minor = 43, devname = sdd59, devtype = partition
05-18 11:01:28.796   417   424 V vold    : handleBlockEvent(): action = 1, major = 259, minor = 44, devname = sdd60, devtype = partition
05-18 11:01:28.796   417   424 V vold    : handleBlockEvent(): action = 1, major = 1, minor = 0, devname = ram0, devtype = disk
05-18 11:01:28.796   417   424 V vold    : handleBlockEvent(): action = 1, major = 1, minor = 1, devname = ram1, devtype = disk
05-18 11:01:28.796   417   424 V vold    : handleBlockEvent(): action = 1, major = 1, minor = 2, devname = ram2, devtype = disk
05-18 11:01:28.796   417   424 V vold    : handleBlockEvent(): action = 1, major = 1, minor = 3, devname = ram3, devtype = disk
05-18 11:01:28.796   417   424 V vold    : handleBlockEvent(): action = 1, major = 7, minor = 0, devname = loop0, devtype = disk
05-18 11:01:28.796   417   424 V vold    : handleBlockEvent(): action = 1, major = 7, minor = 1, devname = loop1, devtype = disk
05-18 11:01:28.796   417   424 V vold    : handleBlockEvent(): action = 1, major = 7, minor = 2, devname = loop2, devtype = disk
05-18 11:01:28.796   417   424 V vold    : handleBlockEvent(): action = 1, major = 7, minor = 3, devname = loop3, devtype = disk
05-18 11:01:28.796   417   424 V vold    : handleBlockEvent(): action = 1, major = 7, minor = 4, devname = loop4, devtype = disk
05-18 11:01:28.796   417   424 V vold    : handleBlockEvent(): action = 1, major = 7, minor = 5, devname = loop5, devtype = disk
05-18 11:01:28.797   417   424 V vold    : handleBlockEvent(): action = 1, major = 7, minor = 6, devname = loop6, devtype = disk
05-18 11:01:28.797   417   424 V vold    : handleBlockEvent(): action = 1, major = 7, minor = 7, devname = loop7, devtype = disk
05-18 11:01:28.797   417   424 V vold    : handleBlockEvent(): action = 1, major = 254, minor = 0, devname = zram0, devtype = disk
05-18 11:01:30.860   715   715 I installd: installd firing up
05-18 11:01:30.936   657   657 I vendor.huawei.hardware.wifi@1.1-service: Wifi Hal 1.1 is starting up...
05-18 11:01:30.960   744   744 I wificond: wificond is starting up...
05-18 11:01:30.962   744   744 W wificond: enter wifi_stop_supplicant ...
05-18 11:01:30.962   744   744 W wificond: supplicant prop is null, wait at most 2 seconds for completion
05-18 11:01:31.121   742   849 I /system/bin/storaged: storaged: Start
05-18 11:01:31.523   417   424 E NetlinkEvent: NetlinkEvent::FindParam(): Parameter 'MMC_LOCK' not found
05-18 11:01:32.016  1260  1260 I chatty  : uid=1000 system_server expire 155 lines
05-18 11:01:32.203  1260  1335 I chatty  : uid=1000 system_server expire 19 lines
05-18 11:01:32.508  1260  1425 I chatty  : uid=1000(system) android.display expire 12 lines
05-18 11:01:33.128  1260  1501 I chatty  : uid=1000 system_server expire 2 lines
05-18 11:01:33.128  1260  1498 I chatty  : uid=1000 system_server expire 3 lines
05-18 11:01:33.128  1260  1499 I chatty  : uid=1000 system_server expire 2 lines
05-18 11:01:33.128  1260  1502 I chatty  : uid=1000 system_server expire 2 lines
05-18 11:01:33.129  1260  1500 I chatty  : uid=1000 system_server expire 2 lines
05-18 11:01:33.129  1260  1503 I chatty  : uid=1000 system_server expire 2 lines
05-18 11:01:33.133  1260  1505 I chatty  : uid=1000 system_server expire 1 line
05-18 11:01:33.133  1260  1504 I chatty  : uid=1000 system_server expire 1 line
05-18 11:01:33.133  1260  1506 I chatty  : uid=1000 system_server expire 1 line
05-18 11:01:33.139  1260  1508 I chatty  : uid=1000 system_server expire 1 line
05-18 11:01:33.139  1260  1510 I chatty  : uid=1000 system_server expire 1 line
05-18 11:01:33.140  1260  1509 I chatty  : uid=1000 system_server expire 1 line
05-18 11:01:33.142  1260  1511 I chatty  : uid=1000 system_server expire 1 line
05-18 11:01:33.143  1260  1507 I chatty  : uid=1000 system_server expire 2 lines
05-18 11:01:33.149  1260  1514 I chatty  : uid=1000 system_server expire 5 lines
05-18 11:01:33.149  1260  1515 I chatty  : uid=1000 system_server expire 3 lines
05-18 11:01:33.150  1260  1513 I chatty  : uid=1000 system_server expire 3 lines
05-18 11:01:33.150  1260  1517 I chatty  : uid=1000 system_server expire 2 lines
05-18 11:01:33.152  1260  1518 I chatty  : uid=1000 system_server expire 1 line
05-18 11:01:33.152  1260  1519 I chatty  : uid=1000 system_server expire 1 line
05-18 11:01:33.152  1260  1520 I chatty  : uid=1000 system_server expire 1 line
05-18 11:01:33.153  1260  1516 I chatty  : uid=1000 system_server expire 1 line
05-18 11:01:33.156  1260  1512 I chatty  : uid=1000 system_server expire 2 lines
05-18 11:01:33.160  1260  1522 I chatty  : uid=1000 system_server expire 1 line
05-18 11:01:33.160  1260  1523 I chatty  : uid=1000 system_server expire 1 line
05-18 11:01:33.160  1260  1521 I chatty  : uid=1000 system_server expire 1 line
05-18 11:01:33.199  1260  1530 I chatty  : uid=1000 system_server expire 20 lines
05-18 11:01:33.469  1260  1544 I chatty  : uid=1000 system_server expire 3 lines
05-18 11:01:33.482  1260  1536 I chatty  : uid=1000 system_server expire 4 lines
05-18 11:01:33.783  1260  1531 I chatty  : uid=1000 system_server expire 1 line
05-18 11:01:34.530  1260  1260 I chatty  : uid=1000 system_server expire 203 lines
05-18 11:01:34.615  1260  1425 I chatty  : uid=1000(system) android.display expire 19 lines
05-18 11:01:34.640  1260  1351 I chatty  : uid=1000(system) android.ui expire 3 lines
05-18 11:01:34.698  1260  1346 I chatty  : uid=1000(system) android.bg expire 2 lines
05-18 11:01:34.747  1260  1583 I chatty  : uid=1000(system) VoldConnector expire 3 lines
05-18 11:01:34.747  1260  1584 I chatty  : uid=1000(system) CryptdConnector expire 2 lines
05-18 11:01:34.749  1260  1580 I chatty  : uid=1000(system) StorageManagerS expire 13 lines
05-18 11:01:34.753   417   425 D VoldCmdListener: asec list
05-18 11:01:34.756  1260  1535 I chatty  : uid=1000 system_server expire 10 lines
05-18 11:01:34.821   417   425 D VoldCmdListener: asec list
05-18 11:01:34.824  1260  1577 I chatty  : uid=1000(system) InputDispatcher expire 10 lines
05-18 11:01:34.898  1260  1586 I chatty  : uid=1000(system) NetdConnector expire 6 lines
05-18 11:01:35.066  1260  1596 I chatty  : uid=1000(system) IpManager.wlan0 expire 2 lines
05-18 11:01:35.126  1260  1603 I chatty  : uid=1000(system) WifiP2pService expire 1 line
05-18 11:01:35.175  1260  1610 I chatty  : uid=1000(system) notification ma expire 2 lines
05-18 11:01:35.272  1260  1619 I chatty  : uid=1000(system) nt.EventHandler expire 2 lines
05-18 11:01:35.285  1260  1456 I chatty  : uid=1000(system) HwBinder:1260_1 expire 1 line
05-18 11:01:35.297  1260  1606 I chatty  : uid=1000(system) ConnectivitySer expire 1 line
05-18 11:01:35.320  1260  1626 I chatty  : uid=1000(system) SdCryptdConnect expire 1 line
05-18 11:01:35.362  1260  1260 I chatty  : uid=1000 system_server expire 154 lines
05-18 11:01:35.452   657   657 I vendor.huawei.hardware.wifi@1.1-service: Wifi HAL started
05-18 11:01:35.479  1260  1657 I chatty  : uid=1000(system) StatisticsCHRMs expire 4 lines
05-18 11:01:35.497  1260  1606 I chatty  : uid=1000(system) ConnectivitySer expire 2 lines
05-18 11:01:35.498  1260  1668 I chatty  : uid=1000(system) EthernetService expire 1 line
05-18 11:01:35.499  1260  1586 I chatty  : uid=1000(system) NetdConnector expire 58 lines
05-18 11:01:35.512  1260  1671 I chatty  : uid=1000 system_server expire 3 lines
05-18 11:01:35.598  1260  1678 I chatty  : uid=1000(system) EyeProtectionCo expire 6 lines
05-18 11:01:35.607  1260  1442 I chatty  : uid=1000(system) PowerManagerSer expire 6 lines
05-18 11:01:35.618  1260  1682 I chatty  : uid=1000 system_server expire 1 line
05-18 11:01:35.658  1260  1425 I chatty  : uid=1000(system) android.display expire 4 lines
05-18 11:01:35.709  1260  1350 I chatty  : uid=1000(system) ActivityManager expire 3 lines
05-18 11:01:35.747  1260  1580 I chatty  : uid=1000(system) StorageManagerS expire 5 lines
05-18 11:01:35.748  1260  1347 I chatty  : uid=1000(system) HwActivityManag expire 3 lines
05-18 11:01:35.748   417   425 D VoldCmdListener: volume reset
05-18 11:01:35.749   417   425 W vold    : VolumeBase::setState(): Volume emulated State changing Unmounted->Removed
05-18 11:01:35.749   417   425 W SocketListener: sending broadcast to Pid = 1260, Uid = 1000 
05-18 11:01:35.749   417   425 I chatty  : uid=0(root) /system/bin/vold identical 1 line
05-18 11:01:35.749   417   425 W SocketListener: sending broadcast to Pid = 1260, Uid = 1000 
05-18 11:01:35.749   417   425 W SocketListener: sending broadcast to Pid = 1260, Uid = 1000 
05-18 11:01:35.749   417   425 W SocketListener: sending broadcast to Pid = 1260, Uid = 1000 
05-18 11:01:35.749   417   425 W SocketListener: sending broadcast to Pid = 1260, Uid = 1000 
05-18 11:01:35.749   417   425 W vold    : VolumeBase::setState(): Volume emulated State changing Removed->Unmounted
05-18 11:01:35.749   417   425 W SocketListener: sending broadcast to Pid = 1260, Uid = 1000 
05-18 11:01:35.749   417   425 W SocketListener: sending broadcast to Pid = 1260, Uid = 1000 
05-18 11:01:35.749  1260  1583 I chatty  : uid=1000(system) VoldConnector expire 11 lines
05-18 11:01:35.749  1260  1260 I chatty  : uid=1000 system_server expire 74 lines
05-18 11:01:35.750  1260  1422 I chatty  : uid=1000(system) android.fg expire 11 lines
05-18 11:01:35.751  1260  1580 I chatty  : uid=1000(system) StorageManagerS expire 5 lines
05-18 11:01:35.752   417   425 D VoldCmdListener: volume user_added 0 0
05-18 11:01:35.757  1686  1686 D ActivityThread: ActivityThread,attachApplication
05-18 11:01:35.759  1260  1278 I chatty  : uid=1000(system) Binder:1260_2 expire 5 lines
05-18 11:01:35.765   417   425 D VoldCmdListener: volume mount emulated 3 -1 -1
05-18 11:01:35.765   417   425 D VoldCmdListener: blockedUserId -1
05-18 11:01:35.765   417   425 W vold    : VolumeBase::setState(): Volume emulated State changing Unmounted->Checking
05-18 11:01:35.765   417   425 W SocketListener: sending broadcast to Pid = 1260, Uid = 1000 
05-18 11:01:35.765   417   425 I chatty  : uid=0(root) /system/bin/vold identical 4 lines
05-18 11:01:35.765   417   425 W SocketListener: sending broadcast to Pid = 1260, Uid = 1000 
05-18 11:01:35.765   417   425 W vold    : EmulatedVolume::doMount(): mFuseDefault is /mnt/runtime/default/emulated
05-18 11:01:35.765   417   425 W vold    : EmulatedVolume::doMount(): mFuseRead is /mnt/runtime/read/emulated
05-18 11:01:35.765   417   425 W vold    : EmulatedVolume::doMount(): mFuseWrite is /mnt/runtime/write/emulated
05-18 11:01:35.765   417   425 W vold    : EmulatedVolume::doMount(): mRawPath is /data/media
05-18 11:01:35.766   417   425 D vold    : EmulatedVolume::doMount(), Successfully to mount internal SD card
05-18 11:01:35.766   417   425 W vold    : VolumeBase::setState(): Volume emulated State changing Checking->Mounted
05-18 11:01:35.766   417   425 W SocketListener: sending broadcast to Pid = 1260, Uid = 1000 
05-18 11:01:35.766   417   425 W SocketListener: sending broadcast to Pid = 1260, Uid = 1000 
05-18 11:01:35.766   417   425 W vold    : emulated user change requires state unmounted or unmountable
05-18 11:01:35.771  1699  1699 D ActivityThread: ActivityThread,attachApplication
05-18 11:01:35.780  1260  1531 I chatty  : uid=1000 system_server expire 7 lines
05-18 11:01:35.780  1260  1456 I chatty  : uid=1000(system) HwBinder:1260_1 expire 1 line
05-18 11:01:35.781  1260  1442 I chatty  : uid=1000(system) PowerManagerSer expire 4 lines
05-18 11:01:35.785  1260  1350 I chatty  : uid=1000(system) ActivityManager expire 3 lines
05-18 11:01:35.787  1260  1616 I chatty  : uid=1000(system) AudioService expire 1 line
05-18 11:01:35.792  1260  1586 I chatty  : uid=1000(system) NetdConnector expire 80 lines
05-18 11:01:35.809  1260  1588 I chatty  : uid=1000(system) NetworkPolicy expire 20 lines
05-18 11:01:35.809  1721  1721 D ActivityThread: ActivityThread,attachApplication
05-18 11:01:35.993  1699  1699 I HwGeneralManager: isSupportTrikey is:false
05-18 11:01:36.001  1699  1854 E ActivityThread: Failed to find provider info for com.huawei.vdrive.mirrorlinktogo
05-18 11:01:36.046  1260  1277 I chatty  : uid=1000(system) Binder:1260_1 expire 6 lines
05-18 11:01:36.095  1260  1885 I chatty  : uid=1000(system) Binder:1260_4 expire 5 lines
05-18 11:01:36.180   603  1243 W SocketListener: sending broadcast to Pid = 1260, Uid = 1000 
05-18 11:01:36.183   657   657 E vendor.huawei.hardware.wifi@1.1-service: Failed to set DFS flag; DFS channels may be unavailable.
05-18 11:01:36.191   744   744 I wificond: create scanner for interface with index: 27
05-18 11:01:36.191   744   744 I wificond: subscribe scan result for interface with index: 27
05-18 11:01:36.194  1260  1591 I chatty  : uid=1000(system) WifiStateMachin expire 3 lines
05-18 11:01:36.209   744   744 W wificond: enter StartSupplicant ...
05-18 11:01:36.212   744   744 W wificond: wifi_start_supplicant try to wait start
05-18 11:01:36.228  1260  1587 I chatty  : uid=1000(system) NetworkStats expire 4 lines
05-18 11:01:36.234  1260  1987 I chatty  : uid=1000(system) watchdog expire 1 line
05-18 11:01:36.250  1260  1996 I chatty  : uid=1000 system_server expire 5 lines
05-18 11:01:36.260  1260  1260 I chatty  : uid=1000 system_server expire 77 lines
05-18 11:01:36.266  1989  1989 D ActivityThread: ActivityThread,attachApplication
05-18 11:01:36.266  1260  1885 I chatty  : uid=1000(system) Binder:1260_4 expire 22 lines
05-18 11:01:36.283  1260  1606 I chatty  : uid=1000(system) ConnectivitySer expire 1 line
05-18 11:01:36.287   603  1243 W SocketListener: sending broadcast to Pid = 1260, Uid = 1000 
05-18 11:01:36.287   603  1243 W SocketListener: sending broadcast to Pid = 1260, Uid = 1000 
05-18 11:01:36.287  1260  1586 I chatty  : uid=1000(system) NetdConnector expire 25 lines
05-18 11:01:36.288  1260  1422 I chatty  : uid=1000(system) android.fg expire 7 lines
05-18 11:01:36.327  1260  2010 I chatty  : uid=1000(system) LocationThread expire 11 lines
05-18 11:01:36.355  2032  2032 D ActivityThread: ActivityThread,attachApplication
05-18 11:01:36.369  2047  2047 D ActivityThread: ActivityThread,attachApplication
05-18 11:01:36.378  2065  2065 D ActivityThread: ActivityThread,attachApplication
05-18 11:01:36.392   603  1243 W SocketListener: sending broadcast to Pid = 1260, Uid = 1000 
05-18 11:01:36.393   603  1243 I chatty  : uid=0(root) /system/bin/netd identical 2 lines
05-18 11:01:36.393   603  1243 W SocketListener: sending broadcast to Pid = 1260, Uid = 1000 
05-18 11:01:36.394   603  1243 W SocketListener: sending broadcast to Pid = 1260, Uid = 1000 
05-18 11:01:36.400  2077  2077 D ActivityThread: ActivityThread,attachApplication
05-18 11:01:36.415  1260  1591 I chatty  : uid=1000(system) WifiStateMachin expire 2 lines
05-18 11:01:36.561  1260  1277 I chatty  : uid=1000(system) Binder:1260_1 expire 9 lines
05-18 11:01:36.564  1260  1990 I chatty  : uid=1000(system) Binder:1260_6 expire 4 lines
05-18 11:01:36.567  1260  1988 I chatty  : uid=1000(system) Binder:1260_5 expire 7 lines
05-18 11:01:36.574  1260  1442 I chatty  : uid=1000(system) PowerManagerSer expire 3 lines
05-18 11:01:36.575  1260  1587 I chatty  : uid=1000(system) NetworkStats expire 11 lines
05-18 11:01:36.604  1721  1721 V ActivityThread: ActivityThread,callActivityOnCreate
05-18 11:01:36.618  1260  1593 I chatty  : uid=1000(system) HwWifiCHRStateM expire 4 lines
05-18 11:01:36.622  1721  1721 D ActivityThread: add activity client record, r= ActivityRecord{de4e42e token=android.os.BinderProxy@2711018 {com.android.settings/com.android.settings.FallbackHome}} token= android.os.BinderProxy@2711018
05-18 11:01:36.622  1260  1367 I chatty  : uid=1000(system) batterystats-sy expire 2 lines
05-18 11:01:36.665  1260  1351 I chatty  : uid=1000(system) android.ui expire 3 lines
05-18 11:01:36.668  1260  1278 I chatty  : uid=1000(system) Binder:1260_2 expire 18 lines
05-18 11:01:36.668  1989  1989 W ContextImpl: Calling a method in the system process without a qualified user: android.app.ContextImpl.startService:1656 android.content.ContextWrapper.startService:644 com.huawei.systemmanager.SystemManagerApplication.startMainService:354 com.huawei.systemmanager.SystemManagerApplication.startServices:201 com.huawei.systemmanager.SystemManagerApplication.onCreate:138 
05-18 11:01:36.672  1989  1989 W ContextImpl: Calling a method in the system process without a qualified user: android.app.ContextImpl.startService:1656 android.content.ContextWrapper.startService:644 com.huawei.systemmanager.SystemManagerApplication.startPermissionService:279 com.huawei.systemmanager.SystemManagerApplication.startServices:202 com.huawei.systemmanager.SystemManagerApplication.onCreate:138 
05-18 11:01:36.676  1989  1989 W ContextImpl: Calling a method in the system process without a qualified user: android.app.ContextImpl.startService:1656 android.content.ContextWrapper.startService:644 com.huawei.systemmanager.SystemManagerApplication.startBgStaticsService:300 com.huawei.systemmanager.SystemManagerApplication.startServices:207 com.huawei.systemmanager.SystemManagerApplication.onCreate:138 
05-18 11:01:36.687  2032  2032 W ContextImpl: Calling a method in the system process without a qualified user: android.app.ContextImpl.startService:1656 android.content.ContextWrapper.startService:644 com.huawei.lcagent.service.HiViewApplication.startLogService:15 com.huawei.lcagent.service.HiViewApplication.onCreate:10 android.app.Instrumentation.callApplicationOnCreate:1122 
05-18 11:01:36.688  1260  1613 I chatty  : uid=1000(system) onProviders.ECP expire 2 lines
05-18 11:01:36.694  1989  1989 W ContextImpl: Calling a method in the system process without a qualified user: android.app.ContextImpl.startService:1656 android.content.ContextWrapper.startService:644 com.huawei.systemmanager.SystemManagerApplication.startDeviceStorageMonitorService:307 com.huawei.systemmanager.SystemManagerApplication.startServices:209 com.huawei.systemmanager.SystemManagerApplication.onCreate:138 
05-18 11:01:36.698  2065  2065 W ContextImpl: Calling a method in the system process without a qualified user: android.app.ContextImpl.startService:1656 android.content.ContextWrapper.startService:644 com.huawei.powergenie.core.PGApp.onCreate:46 android.app.Instrumentation.callApplicationOnCreate:1122 android.app.ActivityThread.handleBindApplication:6517 
05-18 11:01:36.699  1989  1989 W ContextImpl: Calling a method in the system process without a qualified user: android.app.ContextImpl.startService:1656 android.content.ContextWrapper.startService:644 com.huawei.systemmanager.SystemManagerApplication.startSpaceCleanService:328 com.huawei.systemmanager.SystemManagerApplication.startServices:213 com.huawei.systemmanager.SystemManagerApplication.onCreate:138 
05-18 11:01:36.700  2047  2047 I HwServerApplication: startNonHardAccelPkgsService...
05-18 11:01:36.700  1260  1350 I chatty  : uid=1000(system) ActivityManager expire 3 lines
05-18 11:01:36.701  1989  1989 W ContextImpl: Calling a method in the system process without a qualified user: android.app.ContextImpl.startService:1656 android.content.ContextWrapper.startService:644 com.huawei.systemmanager.SystemManagerApplication.startSmartControlResidentService:338 com.huawei.systemmanager.SystemManagerApplication.startServices:216 com.huawei.systemmanager.SystemManagerApplication.onCreate:138 
05-18 11:01:36.704  1989  1989 W ContextImpl: Calling a method in the system process without a qualified user: android.app.ContextImpl.startService:1656 android.content.ContextWrapper.startService:644 com.huawei.systemmanager.SystemManagerApplication.startAntivirusService:343 com.huawei.systemmanager.SystemManagerApplication.startServices:217 com.huawei.systemmanager.SystemManagerApplication.onCreate:138 
05-18 11:01:36.707  2047  2047 I HwServerApplication: start HwUsbHdbEnterService
05-18 11:01:36.709  2047  2047 I HwServerApplication: startAntiTheftService
05-18 11:01:36.709  1989  1989 W ContextImpl: Calling a method in the system process without a qualified user: android.app.ContextImpl.startService:1656 android.content.ContextWrapper.startService:644 com.huawei.systemmanager.SystemManagerApplication.startCoreService:238 com.huawei.systemmanager.SystemManagerApplication.startServices:219 com.huawei.systemmanager.SystemManagerApplication.onCreate:138 
05-18 11:01:36.719  2047  2047 I HwServerApplication: start HwSaveDataEnterService
05-18 11:01:36.720  2047  2047 I HwServerApplication: start JankShieldService
05-18 11:01:36.722  2047  2047 W ContextImpl: Calling a method in the system process without a qualified user: android.app.ContextImpl.startService:1656 android.content.ContextWrapper.startService:644 com.huawei.systemserver.HwServerApplication.startJankShieldService:240 com.huawei.systemserver.HwServerApplication.startBootstrapServices:95 com.huawei.systemserver.HwServerApplication.startServices:80 
05-18 11:01:36.729  2047  2047 I HwServerApplication: setupSensorObserver
05-18 11:01:36.744  2032  2183 W ContextImpl: Calling a method in the system process without a qualified user: android.app.ContextImpl.sendBroadcast:1095 android.content.ContextWrapper.sendBroadcast:436 com.huawei.lcagent.service.LogCollectService.startAqvServiceByBroadcast:358 com.huawei.lcagent.service.LogCollectService.initialize:184 com.huawei.lcagent.service.LogCollectService.-wrap4:0 
05-18 11:01:36.745  2047  2047 I HwServerApplication: startCoverManagerService
05-18 11:01:36.753  2047  2047 W WindowManager_cover: initTouchArea cover win not set!
05-18 11:01:36.773  1260  2194 I chatty  : uid=1000(system) BluetoothRouteM expire 1 line
05-18 11:01:36.785  1260  2201 I chatty  : uid=1000(system) uteStateMachine expire 1 line
05-18 11:01:36.800  1260  2205 I chatty  : uid=1000(system) CallAudioModeSt expire 1 line
05-18 11:01:36.815  1260  2211 I chatty  : uid=1000 system_server expire 1 line
05-18 11:01:36.834  1260  1543 I chatty  : uid=1000(system) Binder:1260_3 expire 3 lines
05-18 11:01:36.838  2065  2168 W ContextImpl: Calling a method in the system process without a qualified user: android.app.ContextImpl.bindService:1736 android.content.ContextWrapper.bindService:678 com.huawei.android.location.activityrecognition.HwActivityRecognition.bindService:1088 com.huawei.android.location.activityrecognition.HwActivityRecognition.connectService:116 com.huawei.powergenie.core.contextaware.MotionDetection.connectionHwArService:109 
05-18 11:01:36.848  1260  2100 I chatty  : uid=1000(system) Binder:1260_9 expire 1 line
05-18 11:01:36.922  1260  2097 I chatty  : uid=1000(system) Binder:1260_7 expire 4 lines
05-18 11:01:36.961  1989  2238 W ContextImpl: Calling a method in the system process without a qualified user: android.app.ContextImpl.sendBroadcast:1095 android.content.ContextWrapper.sendBroadcast:436 com.huawei.harassmentinterception.strategy.IntellEngineController.openSmsEngine:25 com.huawei.harassmentinterception.strategy.StrategyManager.updateStrategy:181 com.huawei.harassmentinterception.strategy.StrategyManager.updateStrategyFromDb:134 
05-18 11:01:37.002  1260  1678 I chatty  : uid=1000(system) EyeProtectionCo expire 8 lines
05-18 11:01:37.003  1260  1346 I chatty  : uid=1000(system) android.bg expire 2 lines
05-18 11:01:37.011  1260  1586 I chatty  : uid=1000(system) NetdConnector expire 3 lines
05-18 11:01:37.017  1260  2100 I chatty  : uid=1000(system) Binder:1260_9 expire 29 lines
05-18 11:01:37.031  1260  1678 I chatty  : uid=1000(system) EyeProtectionCo expire 7 lines
05-18 11:01:37.034  1260  1260 I chatty  : uid=1000 system_server expire 67 lines
05-18 11:01:37.039   744   744 I wificond: New interface event callback registered
05-18 11:01:37.074  1260  2271 I chatty  : uid=1000 system_server expire 1 line
05-18 11:01:37.075  1260  2272 I chatty  : uid=1000 system_server expire 1 line
05-18 11:01:37.077  2256  2256 D ActivityThread: ActivityThread,attachApplication
05-18 11:01:37.079  1260  1988 I chatty  : uid=1000(system) Binder:1260_5 expire 1 line
05-18 11:01:37.117  1260  2287 I chatty  : uid=1000 system_server expire 4 lines
05-18 11:01:37.129  1989  1989 W ContextImpl: Calling a method in the system process without a qualified user: android.app.ContextImpl.bindService:1736 android.content.ContextWrapper.bindService:678 com.huawei.systemmanager.hsmstat.HsmStatProxy.bindService:263 com.huawei.systemmanager.hsmstat.HsmStatProxy.-wrap0:0 com.huawei.systemmanager.hsmstat.HsmStatProxy$1.handleMessage:65 
05-18 11:01:37.167  1260  2261 I chatty  : uid=1000(system) Binder:1260_B expire 28 lines
05-18 11:01:37.168  1260  1350 I chatty  : uid=1000(system) ActivityManager expire 10 lines
05-18 11:01:37.198  1260  1990 I chatty  : uid=1000(system) Binder:1260_6 expire 24 lines
05-18 11:01:37.245  2308  2308 D ActivityThread: ActivityThread,attachApplication
05-18 11:01:37.256  2047  2047 I HwServerApplication: Start  the sar control service
05-18 11:01:37.258  2047  2047 W ContextImpl: Calling a method in the system process without a qualified user: android.app.ContextImpl.startService:1656 android.content.ContextWrapper.startService:644 com.huawei.systemserver.HwServerApplication.startSarControlService:304 com.huawei.systemserver.HwServerApplication.startCoreServices:114 com.huawei.systemserver.HwServerApplication.startServices:81 
05-18 11:01:37.259  2047  2047 I HwServerApplication: Not support huawei PKI!
05-18 11:01:37.260  2047  2047 D FaceRecognizeService: NEW FaceRecognizeService
05-18 11:01:37.264  2047  2047 V FaceRecognizeService: mDeamon was null, reconnect to facerecognition
05-18 11:01:37.265  2047  2047 E FaceRecognizeService: Failed to get biometric interface
05-18 11:01:37.265  2047  2047 E FaceRecognizeService: android.os.RemoteException: HwBinder Error: (-2147483648)
05-18 11:01:37.265  2047  2047 E FaceRecognizeService: 	at android.os.HwBinder.getService(Native Method)
05-18 11:01:37.265  2047  2047 E FaceRecognizeService: 	at vendor.huawei.hardware.biometrics.hwfacerecognize.V1_0.IBiometricsFaceRecognize.getService(IBiometricsFaceRecognize.java:44)
05-18 11:01:37.265  2047  2047 E FaceRecognizeService: 	at com.huawei.systemserver.facerecognition.FaceRecognizeService.getFaceRecognizeDaemon(FaceRecognizeService.java:985)
05-18 11:01:37.265  2047  2047 E FaceRecognizeService: 	at com.huawei.systemserver.facerecognition.FaceRecognizeService.<init>(FaceRecognizeService.java:129)
05-18 11:01:37.265  2047  2047 E FaceRecognizeService: 	at com.huawei.systemserver.HwServerApplication.startFaceRecognizeService(HwServerApplication.java:332)
05-18 11:01:37.265  2047  2047 E FaceRecognizeService: 	at com.huawei.systemserver.HwServerApplication.startCoreServices(HwServerApplication.java:120)
05-18 11:01:37.265  2047  2047 E FaceRecognizeService: 	at com.huawei.systemserver.HwServerApplication.startServices(HwServerApplication.java:81)
05-18 11:01:37.265  2047  2047 E FaceRecognizeService: 	at com.huawei.systemserver.HwServerApplication.onCreate(HwServerApplication.java:71)
05-18 11:01:37.265  2047  2047 E FaceRecognizeService: 	at android.app.Instrumentation.callApplicationOnCreate(Instrumentation.java:1122)
05-18 11:01:37.265  2047  2047 E FaceRecognizeService: 	at android.app.ActivityThread.handleBindApplication(ActivityThread.java:6517)
05-18 11:01:37.265  2047  2047 E FaceRecognizeService: 	at android.app.ActivityThread.-wrap2(Unknown Source:0)
05-18 11:01:37.265  2047  2047 E FaceRecognizeService: 	at android.app.ActivityThread$H.handleMessage(ActivityThread.java:1963)
05-18 11:01:37.265  2047  2047 E FaceRecognizeService: 	at android.os.Handler.dispatchMessage(Handler.java:108)
05-18 11:01:37.265  2047  2047 E FaceRecognizeService: 	at android.os.Looper.loop(Looper.java:166)
05-18 11:01:37.265  2047  2047 E FaceRecognizeService: 	at android.app.ActivityThread.main(ActivityThread.java:7425)
05-18 11:01:37.265  2047  2047 E FaceRecognizeService: 	at java.lang.reflect.Method.invoke(Native Method)
05-18 11:01:37.265  2047  2047 E FaceRecognizeService: 	at com.android.internal.os.Zygote$MethodAndArgsCaller.run(Zygote.java:245)
05-18 11:01:37.265  2047  2047 E FaceRecognizeService: 	at com.android.internal.os.ZygoteInit.main(ZygoteInit.java:921)
05-18 11:01:37.266  2047  2047 E FaceRecognizeService: face recognition HIDL not available
05-18 11:01:37.266  2047  2324 E AuthenticationService: sendCmdToHal result: 0
05-18 11:01:37.267  2047  2047 I HwServerApplication: start HsmCoreService
05-18 11:01:37.270  2047  2047 I MediaProcessHandler: restoreObservers map={}
05-18 11:01:37.276  2047  2047 I HwServerApplication: start HwCoreAppHelperService
05-18 11:01:37.276  2047  2324 E AuthenticationService: sendCmdToHal result: 0
05-18 11:01:37.277  2047  2047 I HwServerApplication: start BootanimService
05-18 11:01:37.281  2047  2047 I HwServerApplication: startHwIrSelfLearningManagerService hasSystemFeature FEATURE_CONSUMER_IR = true
05-18 11:01:37.282  2047  2324 E AuthenticationService: sendCmdToHal result: 0
05-18 11:01:37.297  2327  2327 D ActivityThread: ActivityThread,attachApplication
05-18 11:01:37.297  1260  1277 I chatty  : uid=1000(system) Binder:1260_1 expire 19 lines
05-18 11:01:37.301  2047  2047 I HwServerApplication: Start the ihealth step counter service
05-18 11:01:37.303  2047  2047 I HwServerApplication: start HwAftPolicyService
05-18 11:01:37.303  2047  2047 W ContextImpl: Calling a method in the system process without a qualified user: android.app.ContextImpl.startService:1656 android.content.ContextWrapper.startService:644 com.huawei.systemserver.HwServerApplication.startAftPolicyService:283 com.huawei.systemserver.HwServerApplication.startOtherServices:135 com.huawei.systemserver.HwServerApplication.startServices:82 
05-18 11:01:37.304  2047  2047 I HwServerApplication: Start  the hotpatch service
05-18 11:01:37.305  2047  2047 I HwServerApplication: start GameAssistantService
05-18 11:01:37.305  2047  2047 D HwGameAssistantService: Init HwGameAssistantService.
