05-18 11:07:34.458  1261  3855 V ActivityManager_MU: Waiting to start provider ContentProviderRecord{a02545 u0 com.android.providers.contacts/.CallLogProvider} launchingApp=ProcessRecord{baa5b6d 2246:android.process.acore/u0a4} caller pid= 1261
05-18 11:07:34.477  1261  2097 V ActivityManager: startProcess: name=com.android.carrierconfig app=null knownToBeDead=true thread=null pid=-1
05-18 11:07:34.498  1261  2097 I ActivityManager: Start proc 3857:com.android.carrierconfig/u0a7 for service com.android.carrierconfig/.DefaultCarrierConfigService
05-18 11:07:34.503  1261  3855 V ActivityManager: Successfully start provider ContentProviderRecord{a02545 u0 com.android.providers.contacts/.CallLogProvider} launchingApp=ProcessRecord{baa5b6d 2246:android.process.acore/u0a4} caller pid= 1261
05-18 11:07:34.516  1261  1261 D Telecom-MissedCallNotifierImpl: onQueryComplete()...
05-18 11:07:34.524  3857  3857 D ActivityThread: ActivityThread,attachApplication
05-18 11:07:34.525  1261  2820 D ActivityManager: ActivityManagerService,attachApplication,callingPid = 3857
05-18 11:07:34.543  1261  1261 I HwAudioService: check HiRes Icon false
05-18 11:07:34.544  1261  1261 I HwAudioService: broadcastHiresIntent : false
05-18 11:07:34.629  1261  2097 V ActivityManager: startProcess: name=com.google.android.webview:sandboxed_process0 app=null knownToBeDead=true thread=null pid=-1
05-18 11:07:34.683  1261  1261 I HwAudioService: check HiRes Icon false
05-18 11:07:34.732  1261  2097 W ActivityManager: Slow operation: 102ms so far, now at startProcess: returned from zygote!
05-18 11:07:34.733  1261  2097 W ActivityManager: Slow operation: 103ms so far, now at startProcess: done updating battery stats
05-18 11:07:34.733  1261  2097 W ActivityManager: Slow operation: 103ms so far, now at startProcess: building log message
05-18 11:07:34.733  1261  2097 I ActivityManager: Start proc 3899:com.google.android.webview:sandboxed_process0/u0i0 for webview_service com.android.email/org.chromium.content.app.SandboxedProcessService0
05-18 11:07:34.733  1261  2097 W ActivityManager: Slow operation: 103ms so far, now at startProcess: starting to update pids map
05-18 11:07:34.733  1261  2097 W ActivityManager: Slow operation: 103ms so far, now at startProcess: done updating pids map
05-18 11:07:34.734  1261  2097 W ActivityManager: Slow operation: 105ms so far, now at startProcess: done starting proc!
05-18 11:07:34.737  1261  1419 W Looper  : Dispatch took 108ms on android.ui, h=Handler (com.android.server.am.ActivityManagerService$UiHandler) {3c7fcca} cb=null msg=53
05-18 11:07:34.746  1261  2277 V ActivityManager: startProcess: name=com.google.android.gms app=null knownToBeDead=true thread=null pid=-1
05-18 11:07:34.766  3899  3899 D ActivityThread: ActivityThread,attachApplication
05-18 11:07:34.766  1261  2277 I ActivityManager: Start proc 3912:com.google.android.gms/u0a19 for service com.google.android.gms/.security.snet.SafetyNetClientService
05-18 11:07:34.784  1261  2097 D ActivityManager: ActivityManagerService,attachApplication,callingPid = 3899
05-18 11:07:34.790  1261  1261 I HwAudioService: broadcastHiresIntent : false
05-18 11:07:34.791  3912  3912 D ActivityThread: ActivityThread,attachApplication
05-18 11:07:34.793  1261  2865 D ActivityManager: ActivityManagerService,attachApplication,callingPid = 3912
05-18 11:07:34.822  1261  2808 D HwAlarmManagerService: DeskClock not receive boot broadcast,remove alarm anyway
05-18 11:07:34.823  1261  2808 W HwAlarmManagerService: error, mHwWakeupBoot is empty, return directly
05-18 11:07:34.823  1261  2808 D HwAlarmManagerService: remove RTC alarm time Locked
05-18 11:07:34.823  1261  2808 D HwAlarmManagerService: remove shutdownAlarm : none
05-18 11:07:34.858  1261  2097 V ActivityManager: startProcess: name=com.android.managedprovisioning app=null knownToBeDead=true thread=null pid=-1
05-18 11:07:34.896  1261  2097 I ActivityManager: Start proc 3951:com.android.managedprovisioning/u0a37 for broadcast com.android.managedprovisioning/.preprovisioning.BootReminder
05-18 11:07:34.917  3951  3951 D ActivityThread: ActivityThread,attachApplication
05-18 11:07:34.919  1261  2076 D ActivityManager: ActivityManagerService,attachApplication,callingPid = 3951
05-18 11:07:34.931  1261  2854 D ConnectivityService: listenForNetwork for uid/pid:10014/3520 NetworkRequest [ LISTEN id=8, [ Capabilities: INTERNET&NOT_RESTRICTED&TRUSTED] ]
05-18 11:07:34.932  1261  1601 D ConnectivityService: rematching NetworkAgentInfo [WIFI () - 100]
05-18 11:07:34.932  1261  1601 D ConnectivityService:  network has: [ Transports: WIFI Capabilities: NOT_METERED&INTERNET&NOT_RESTRICTED&TRUSTED&NOT_VPN&VALIDATED&FOREGROUND LinkUpBandwidth>=1048576Kbps LinkDnBandwidth>=1048576Kbps SignalStrength: -56]
05-18 11:07:34.932  1261  1601 D ConnectivityService: Network NetworkAgentInfo [WIFI () - 100] was already satisfying request 1. No change.
05-18 11:07:34.932  1261  1601 D ConnectivityService: Network NetworkAgentInfo [WIFI () - 100] was already satisfying request 4. No change.
05-18 11:07:34.932  1261  1601 D ConnectivityService: Network NetworkAgentInfo [WIFI () - 100] was already satisfying request 3. No change.
05-18 11:07:34.996  1261  2865 D ConnectivityService: listenForNetwork for uid/pid:10014/3520 NetworkRequest [ LISTEN id=9, [ Capabilities: INTERNET&NOT_RESTRICTED&TRUSTED] ]
05-18 11:07:34.996  1261  1601 D ConnectivityService: rematching NetworkAgentInfo [WIFI () - 100]
05-18 11:07:34.996  1261  1601 D ConnectivityService:  network has: [ Transports: WIFI Capabilities: NOT_METERED&INTERNET&NOT_RESTRICTED&TRUSTED&NOT_VPN&VALIDATED&FOREGROUND LinkUpBandwidth>=1048576Kbps LinkDnBandwidth>=1048576Kbps SignalStrength: -56]
05-18 11:07:34.996  1261  1601 D ConnectivityService: Network NetworkAgentInfo [WIFI () - 100] was already satisfying request 1. No change.
05-18 11:07:34.996  1261  1601 D ConnectivityService: Network NetworkAgentInfo [WIFI () - 100] was already satisfying request 4. No change.
05-18 11:07:34.996  1261  1601 D ConnectivityService: Network NetworkAgentInfo [WIFI () - 100] was already satisfying request 3. No change.
05-18 11:07:35.148  1261  2865 V ActivityManager: startProcess: name=com.android.mms app=null knownToBeDead=true thread=null pid=-1
05-18 11:07:35.152  1261  2670 E HwUsbHDBManager: open Socket lock failed
05-18 11:07:35.175  1261  2865 I ActivityManager: Start proc 3983:com.android.mms/u0a38 for broadcast com.android.mms/.transaction.MmsSystemEventReceiver
05-18 11:07:35.195  3983  3983 D ActivityThread: ActivityThread,attachApplication
05-18 11:07:35.198  1261  2865 D ActivityManager: ActivityManagerService,attachApplication,callingPid = 3983
05-18 11:07:35.619  1261  2808 D CountryDetector: isValidCountryIso: CN
05-18 11:07:35.729  1261  2854 V ActivityManager: startProcess: name=com.android.packageinstaller app=null knownToBeDead=true thread=null pid=-1
05-18 11:07:35.755  1261  2854 I ActivityManager: Start proc 4042:com.android.packageinstaller/u0a39 for broadcast com.android.packageinstaller/.TemporaryFileManager
05-18 11:07:35.777  4042  4042 D ActivityThread: ActivityThread,attachApplication
05-18 11:07:35.778  1261  2808 D ActivityManager: ActivityManagerService,attachApplication,callingPid = 4042
05-18 11:07:35.836  1261  1418 W BroadcastQueue: Permission Denial: broadcasting Intent { act=android.intent.action.ACTION_DEFAULT_DATA_SUBSCRIPTION_CHANGED flg=0x21000010 (has extras) } from null (pid=-1, uid=-1) requires com.android.contacts.huawei.permission.REFRESH_DRAFT due to registered receiver BroadcastFilter{fdd34e0 u0 ReceiverList{42722e3 3983 com.android.mms/10038/u0 remote:cf9cb12}}
05-18 11:07:35.886  1261  4066 V HwNotificationManagerService: HwCfgLoadingRunnable: Starts 
05-18 11:07:35.892  1261  2854 V ActivityManager: startProcess: name=com.huawei.cryptosms.service app=null knownToBeDead=true thread=null pid=-1
05-18 11:07:35.914  1261  2854 I ActivityManager: Start proc 4067:com.huawei.cryptosms.service/1000 for service com.huawei.cryptosms.service/.CryptoService
05-18 11:07:35.941  4067  4067 D ActivityThread: ActivityThread,attachApplication
05-18 11:07:35.942  1261  2097 D ActivityManager: ActivityManagerService,attachApplication,callingPid = 4067
05-18 11:07:35.973  1261  4066 D RankingHelper: RankingHelper: setSysMgrCfgMap: get default channel cfg size:36
05-18 11:07:35.973  1261  4066 V HwNotificationManagerService: HwCfgLoadingRunnable: get cfg size:40
05-18 11:07:35.974  1261  4066 V HwNotificationManagerService: HwCfgLoadingRunnable: Ends. 
05-18 11:07:36.034  4067  4067 I         : RegisterNatives OK!
05-18 11:07:36.153  1261  2670 E HwUsbHDBManager: open Socket lock failed
--------- beginning of main
05-18 11:07:36.156  2883  4089 I MediaScanner: MediaScanner scanDirectories flag = true means internal!
05-18 11:07:36.187  1719  1719 W ContextImpl: Calling a method in the system process without a qualified user: android.app.ContextImpl.startService:1656 android.content.ContextWrapper.startService:644 android.content.ContextWrapper.startService:644 com.android.settings.applications.BlackListReceiver.onReceive:27 android.app.ActivityThread.handleReceiver:3695 
05-18 11:07:36.198  1719  2605 I chatty  : uid=1000(system) AsyncTask #1 expire 51 lines
05-18 11:07:36.232  1261  1661 I chatty  : uid=1000(system) wifipro_portal_ expire 3 lines
05-18 11:07:36.236  2071  2071 I HwCust  : Constructor found for class com.android.stk.HwCustStkAppServiceImpl
05-18 11:07:36.236  2071  2071 D HwCust  : Create obj success use class com.android.stk.HwCustStkAppServiceImpl
05-18 11:07:36.255  1693  1693 W SettingsEx: SettingsEx.Systemex.getString deprecated use Settings.System.getString instead ;callers=com.android.systemui.apksimcardadapter.DisableCloudAppReceiver.getString:311 com.android.systemui.apksimcardadapter.DisableCloudAppReceiver.onReceive:86 android.app.ActivityThread.handleReceiver:3695 
05-18 11:07:36.260  1261  2097 V ActivityManager: startProcess: name=com.android.vending app=null knownToBeDead=true thread=null pid=-1
05-18 11:07:36.281  4097  4097 I cutils-trace: atrace_init_once, trace_marker_path = /sys/kernel/debug/tracing/trace_marker
05-18 11:07:36.284  4097  4097 I DisplayEffectService: Display effect start ......
05-18 11:07:36.286  4097  4097 I ServiceManagement: Removing namespace from process name vendor.huawei.hardware.graphics.displayeffect@1.0-service to displayeffect@1.
05-18 11:07:36.288  4097  4097 E vendor.huawei.hardware.graphics.displayeffect@1.0-service: Could not register service vendor.huawei.hardware.graphics.displayeffect@1.0::IEffect/default (-2147483648).
05-18 11:07:36.289  4099  4099 I cutils-trace: atrace_init_once, trace_marker_path = /sys/kernel/debug/tracing/trace_marker
05-18 11:07:36.293  4099  4099 I vndksupport: sphal namespace is not configured for this process. Loading /vendor/lib64/hw/jpeg.kirin970.so from the current namespace instead.
05-18 11:07:36.294  4099  4099 I JpegDecode: JpegDecodeHal start ....
05-18 11:07:36.297  4099  4099 I ServiceManagement: Removing namespace from process name vendor.huawei.hardware.jpegdec@1.0-service to jpegdec@1.0-ser.
05-18 11:07:36.299  4099  4099 E vendor.huawei.hardware.jpegdec@1.0-service: Could not register service vendor.huawei.hardware.jpegdec@1.0::IJpegDecode/default (-2147483648).
05-18 11:07:36.299  1261  2097 I ActivityManager: Start proc 4101:com.android.vending/u0a23 for broadcast com.android.vending/com.google.android.finsky.receivers.BootCompletedReceiver
05-18 11:07:36.302  4101  4101 I         : power log dlsym ok
05-18 11:07:36.309  4101  4101 I zygote64: Reinit property: dalvik.vm.checkjni= false
05-18 11:07:36.325  4101  4101 D ActivityThread: ActivityThread,attachApplication
05-18 11:07:36.327  1261  2808 D ActivityManager: ActivityManagerService,attachApplication,callingPid = 4101
05-18 11:07:36.356  2883  4089 D MediaScanner: delete nomedia File when scanDirectories
05-18 11:07:36.359  4101  4101 D HwFLClassLoader: get used feature list :/feature/used-list failed!
05-18 11:07:36.359  4101  4101 D HwFLClassLoader: USE_FEATURE_LIST had not init! 
05-18 11:07:36.362  2883  4089 E MediaScanner: processDirectory begin path is '/system/emui/base/media'
05-18 11:07:36.363  2883  4089 E MediaScanner: processDirectory end path is '/system/emui/base/media'
05-18 11:07:36.365  2883  4089 E MediaScanner: processDirectory begin path is '/data/hw_init/system/emui/base/media'
05-18 11:07:36.365  2883  4089 W MediaScanner: Error opening directory '/data/hw_init/system/emui/base/media/', skipping: No such file or directory.
05-18 11:07:36.365  2883  4089 E MediaScanner: processDirectory end path is '/data/hw_init/system/emui/base/media'
05-18 11:07:36.367  2883  4089 E MediaScanner: processDirectory begin path is '/system/emui/china/media'
05-18 11:07:36.367  2883  4089 E MediaScanner: processDirectory end path is '/system/emui/china/media'
05-18 11:07:36.369  2883  4089 E MediaScanner: processDirectory begin path is '/data/hw_init/system/emui/china/media'
05-18 11:07:36.369  2883  4089 W MediaScanner: Error opening directory '/data/hw_init/system/emui/china/media/', skipping: No such file or directory.
05-18 11:07:36.369  2883  4089 E MediaScanner: processDirectory end path is '/data/hw_init/system/emui/china/media'
05-18 11:07:36.370  2883  4089 E MediaScanner: processDirectory begin path is '/system/emui/china_honor/media'
05-18 11:07:36.370  2883  4089 W MediaScanner: Error opening directory '/system/emui/china_honor/media/', skipping: No such file or directory.
05-18 11:07:36.370  2883  4089 E MediaScanner: processDirectory end path is '/system/emui/china_honor/media'
05-18 11:07:36.372  2883  4089 E MediaScanner: processDirectory begin path is '/data/hw_init/system/emui/china_honor/media'
05-18 11:07:36.372  2883  4089 W MediaScanner: Error opening directory '/data/hw_init/system/emui/china_honor/media/', skipping: No such file or directory.
05-18 11:07:36.372  2883  4089 E MediaScanner: processDirectory end path is '/data/hw_init/system/emui/china_honor/media'
05-18 11:07:36.373  2883  4089 E MediaScanner: processDirectory begin path is '/vendor/media'
05-18 11:07:36.374  2883  4089 E MediaScanner: processDirectory end path is '/vendor/media'
05-18 11:07:36.375  2883  4089 E MediaScanner: processDirectory begin path is '/data/hw_init/vendor/media'
05-18 11:07:36.375  2883  4089 W MediaScanner: Error opening directory '/data/hw_init/vendor/media/', skipping: No such file or directory.
05-18 11:07:36.375  2883  4089 E MediaScanner: processDirectory end path is '/data/hw_init/vendor/media'
05-18 11:07:36.376  2883  4089 E MediaScanner: processDirectory begin path is '/odm/media'
05-18 11:07:36.377  2883  4089 W MediaScanner: Error opening directory '/odm/media/', skipping: No such file or directory.
05-18 11:07:36.377  2883  4089 E MediaScanner: processDirectory end path is '/odm/media'
05-18 11:07:36.378  2883  4089 E MediaScanner: processDirectory begin path is '/data/hw_init/odm/media'
05-18 11:07:36.378  2883  4089 W MediaScanner: Error opening directory '/data/hw_init/odm/media/', skipping: No such file or directory.
05-18 11:07:36.378  2883  4089 E MediaScanner: processDirectory end path is '/data/hw_init/odm/media'
05-18 11:07:36.379  2883  4089 E MediaScanner: processDirectory begin path is '/product/media'
05-18 11:07:36.380  2883  4089 W MediaScanner: Error opening directory '/product/media/', skipping: No such file or directory.
05-18 11:07:36.380  2883  4089 E MediaScanner: processDirectory end path is '/product/media'
05-18 11:07:36.383  2883  4089 E MediaScanner: processDirectory begin path is '/data/hw_init/product/media'
05-18 11:07:36.383  2883  4089 W MediaScanner: Error opening directory '/data/hw_init/product/media/', skipping: No such file or directory.
05-18 11:07:36.383  2883  4089 E MediaScanner: processDirectory end path is '/data/hw_init/product/media'
05-18 11:07:36.385  2883  4089 E MediaScanner: processDirectory begin path is '/odm/hw_odm/BKL-AL00/media'
05-18 11:07:36.385  2883  4089 W MediaScanner: Error opening directory '/odm/hw_odm/BKL-AL00/media/', skipping: No such file or directory.
05-18 11:07:36.385  2883  4089 E MediaScanner: processDirectory end path is '/odm/hw_odm/BKL-AL00/media'
05-18 11:07:36.387  2883  4089 E MediaScanner: processDirectory begin path is '/data/hw_init/odm/hw_odm/BKL-AL00/media'
05-18 11:07:36.387  2883  4089 W MediaScanner: Error opening directory '/data/hw_init/odm/hw_odm/BKL-AL00/media/', skipping: No such file or directory.
05-18 11:07:36.387  2883  4089 E MediaScanner: processDirectory end path is '/data/hw_init/odm/hw_odm/BKL-AL00/media'
05-18 11:07:36.388  2883  4089 E MediaScanner: processDirectory begin path is '/product/hw_oem/BKL-AL00/media'
05-18 11:07:36.389  2883  4089 E MediaScanner: processDirectory end path is '/product/hw_oem/BKL-AL00/media'
05-18 11:07:36.391  2883  4089 E MediaScanner: processDirectory begin path is '/data/hw_init/product/hw_oem/BKL-AL00/media'
05-18 11:07:36.391  2883  4089 W MediaScanner: Error opening directory '/data/hw_init/product/hw_oem/BKL-AL00/media/', skipping: No such file or directory.
05-18 11:07:36.391  2883  4089 E MediaScanner: processDirectory end path is '/data/hw_init/product/hw_oem/BKL-AL00/media'
05-18 11:07:36.392  2883  4089 E MediaScanner: processDirectory begin path is '/cust/all/cn/media'
05-18 11:07:36.393  2883  4089 W MediaScanner: Error opening directory '/cust/all/cn/media/', skipping: No such file or directory.
05-18 11:07:36.393  2883  4089 E MediaScanner: processDirectory end path is '/cust/all/cn/media'
05-18 11:07:36.394  2883  4089 E MediaScanner: processDirectory begin path is '/data/hw_init/cust/all/cn/media'
05-18 11:07:36.394  2883  4089 W MediaScanner: Error opening directory '/data/hw_init/cust/all/cn/media/', skipping: No such file or directory.
05-18 11:07:36.395  2883  4089 E MediaScanner: processDirectory end path is '/data/hw_init/cust/all/cn/media'
05-18 11:07:36.396  2883  4089 E MediaScanner: processDirectory begin path is '/version/region_comm/china/media'
05-18 11:07:36.396  2883  4089 W MediaScanner: Error opening directory '/version/region_comm/china/media/', skipping: No such file or directory.
05-18 11:07:36.396  2883  4089 E MediaScanner: processDirectory end path is '/version/region_comm/china/media'
05-18 11:07:36.397  4067  4067 E libteec : teec_init open session OK
05-18 11:07:36.398  2883  4089 E MediaScanner: processDirectory begin path is '/data/hw_init/version/region_comm/china/media'
05-18 11:07:36.398  2883  4089 W MediaScanner: Error opening directory '/data/hw_init/version/region_comm/china/media/', skipping: No such file or directory.
05-18 11:07:36.398  2883  4089 E MediaScanner: processDirectory end path is '/data/hw_init/version/region_comm/china/media'
05-18 11:07:36.400  2883  4089 E MediaScanner: processDirectory begin path is '/version/special_cust/BKL-AL00/all/cn/media'
05-18 11:07:36.400  2883  4089 W MediaScanner: Error opening directory '/version/special_cust/BKL-AL00/all/cn/media/', skipping: No such file or directory.
05-18 11:07:36.400  2883  4089 E MediaScanner: processDirectory end path is '/version/special_cust/BKL-AL00/all/cn/media'
05-18 11:07:36.402  2883  4089 E MediaScanner: processDirectory begin path is '/data/hw_init/version/special_cust/BKL-AL00/all/cn/media'
05-18 11:07:36.402  2883  4089 W MediaScanner: Error opening directory '/data/hw_init/version/special_cust/BKL-AL00/all/cn/media/', skipping: No such file or directory.
05-18 11:07:36.402  2883  4089 E MediaScanner: processDirectory end path is '/data/hw_init/version/special_cust/BKL-AL00/all/cn/media'
05-18 11:07:36.404  2883  4089 E MediaScanner: processDirectory begin path is '/system/media'
05-18 11:07:36.405  4067  4067 E HwCryptoMessageService: MutiCardFactory error:isMtkGeminiSupport() method:FeatureOption.MTK_GEMINI_SUPPORT, exception = java.lang.ClassNotFoundException: com.mediatek.common.featureoption.FeatureOption
05-18 11:07:36.414  4067  4067 E HwCryptoMessageService: ConfigInfo error:getSimIMSI(int subid) method get imsi FAILED that subid = 0
05-18 11:07:36.416  4067  4067 E HwCryptoMessageService: ConfigInfo error:getSimIMSI(int subid) method get imsi FAILED that subid = 0
05-18 11:07:36.419  2057  2408 I chatty  : uid=1000(system) actions handler expire 1 line
05-18 11:07:36.419  4067  4067 E HwCryptoMessageService: ConfigInfo error:getSimIMSI(int subid) method get imsi FAILED that subid = 0
05-18 11:07:36.421   731  1031 I MetadataRetrieverClient: setDataSource local Path=/system/media/audio/alarms/Hawaii.ogg
05-18 11:07:36.421  4067  4067 E HwCryptoMessageService: ConfigInfo error:getSimIMSI(int subid) method get imsi FAILED that subid = 0
05-18 11:07:36.423  4067  4067 E HwCryptoMessageService: ConfigInfo error:getSimIMSI(int subid) method get imsi FAILED that subid = 0
05-18 11:07:36.423  4067  4067 E HwCryptoMessageService: ConfigInfo error:setSubConfig(int subid, SubConfig sc) method bad parameter for imsi is null
05-18 11:07:36.426  4067  4067 E HwCryptoMessageService: ConfigInfo error:getSimIMSI(int subid) method get imsi FAILED that subid = 1
05-18 11:07:36.426   731  1031 D StagefrightMetadataRetriever: FileSource remote
05-18 11:07:36.428  4067  4067 E HwCryptoMessageService: ConfigInfo error:getSimIMSI(int subid) method get imsi FAILED that subid = 1
05-18 11:07:36.429  4067  4067 E HwCryptoMessageService: ConfigInfo error:getSimIMSI(int subid) method get imsi FAILED that subid = 1
05-18 11:07:36.431   360   360 E         : pid 1678, opration nvm_read OK
05-18 11:07:36.431   360   360 E         : 
05-18 11:07:36.433  4067  4067 E HwCryptoMessageService: ConfigInfo error:getSimIMSI(int subid) method get imsi FAILED that subid = 1
05-18 11:07:36.434  1678  1678 W libc    : Set property "ctl.stop" to "kmsglogcat"
05-18 11:07:36.435  1678  1678 W libc    : Set property "ctl.stop" to "chargelogcat"
05-18 11:07:36.435   731  1031 E StagefrightMetadataRetriever: IDataSource(FileSource): 0xef59ca80 24 0 232654
05-18 11:07:36.435  4101  4101 E MemoryLeakMonitorManager: MemoryLeakMonitor.jar is not exist!
05-18 11:07:36.435  1678  1678 W libc    : Set property "ctl.stop" to "isplogcat"
05-18 11:07:36.435   731  1031 I MediaExtractor: Create (null)
05-18 11:07:36.436  1678  1678 W libc    : Set property "ctl.stop" to "app_recovery"
05-18 11:07:36.437  1678  1678 W libc    : Set property "ctl.stop" to "shex"
05-18 11:07:36.437  4067  4067 E HwCryptoMessageService: ConfigInfo error:getSimIMSI(int subid) method get imsi FAILED that subid = 1
05-18 11:07:36.438  4067  4067 E HwCryptoMessageService: ConfigInfo error:setSubConfig(int subid, SubConfig sc) method bad parameter for imsi is null
05-18 11:07:36.438  1678  1678 W libc    : Set property "ctl.stop" to "shlogd"
05-18 11:07:36.440  1678  1678 W libc    : Set property "ctl.stop" to "applogcat"
05-18 11:07:36.441  1678  1678 W libc    : Set property "ctl.stop" to "rillogcat"
05-18 11:07:36.442  1678  1678 W libc    : Set property "ctl.stop" to "eventslogcat"
05-18 11:07:36.443  1678  1678 W libc    : Set property "ctl.stop" to "kmsgcat_cp"
05-18 11:07:36.444  1678  1678 W libc    : Set property "ctl.stop" to "inputlogcat"
05-18 11:07:36.444  1678  1678 W libc    : Set property "ctl.stop" to "sleeplogcat"
05-18 11:07:36.445  1678  1678 W libc    : Set property "ctl.stop" to "hilogcat"
05-18 11:07:36.446  1678  1678 W libc    : Set property "ctl.stop" to "logcat_service"
05-18 11:07:36.450  4067  4067 E HwCryptoMessageService: null error:File not found: 
05-18 11:07:36.452   729  2487 V HwExtendedExtractor: HwExtendedExtractor::Sniff   in...
05-18 11:07:36.452   729  2487 V HwExtendedExtractor: HwExtendedExtractor::Sniff   out...
05-18 11:07:36.452   729  2487 I MediaExtractor: content 'application/ogg' with conf 0.20
05-18 11:07:36.457   729  2487 I MediaExtractorService: makeExtractor ((null)), uid = 1013
05-18 11:07:36.471  4120  4120 W hwnffserver: type=1400 audit(0.0:2165): avc: denied { write } for name="socket" dev="tmpfs" ino=3471 scontext=u:r:hwnffserver:s0 tcontext=u:object_r:socket_device:s0 tclass=dir permissive=0
05-18 11:07:36.471   360   360 E         : pid 4120, opration oeminfo_read OK
05-18 11:07:36.471   360   360 E         : 
05-18 11:07:36.472   731  1031 I MetadataRetrieverClient: setDataSource local Path=/system/media/audio/alarms/Meet.ogg
05-18 11:07:36.472  3983  3983 E CryptoMessageManager: bindService success
05-18 11:07:36.474  3983  3983 D CryptoMessageServiceProxy: start ConnectCallBack connectSuccess method
05-18 11:07:36.474  3983  3983 D CryptoMessageServiceProxy: start method tryConnect
05-18 11:07:36.474   731  1031 D StagefrightMetadataRetriever: FileSource remote
05-18 11:07:36.474  3983  4065 D CryptoMessageServiceProxy: Binder linttodeath is success
05-18 11:07:36.475  4067  4067 I HwCust  : Constructor found for class android.net.HwCustConnectivityManagerImpl
05-18 11:07:36.475  4067  4067 D HwCust  : Create obj success use class android.net.HwCustConnectivityManagerImpl
05-18 11:07:36.475   360   360 E         : pid 4120, opration oeminfo_read OK
05-18 11:07:36.475   360   360 E         : 
05-18 11:07:36.475   731  1031 E StagefrightMetadataRetriever: IDataSource(FileSource): 0xef5c0180 24 0 1052885
05-18 11:07:36.476   731  1031 I MediaExtractor: Create (null)
05-18 11:07:36.476  3983  4065 D CryptoMessageServiceProxy: registerCallback() method register callback success, count is: 0
05-18 11:07:36.476  4120  4120 E HWNFF   : HWNFF Daemon fireup
05-18 11:07:36.477  4120  4120 E HWNFF   : Daemon: Unable to bind socket
05-18 11:07:36.477  4067  4067 E HwCryptoMessageService: ConfigInfo error:getSimIMSI(int subid) method get imsi FAILED that subid = 0
05-18 11:07:36.479  4067  4067 E HwCryptoMessageService: ConfigInfo error:getSimIMSI(int subid) method get imsi FAILED that subid = 1
05-18 11:07:36.482   729  4122 V HwExtendedExtractor: HwExtendedExtractor::Sniff   in...
05-18 11:07:36.483   729  4122 V HwExtendedExtractor: HwExtendedExtractor::Sniff   out...
05-18 11:07:36.483   729  4122 I MediaExtractor: content 'application/ogg' with conf 0.20
05-18 11:07:36.489   729  4122 I MediaExtractorService: makeExtractor ((null)), uid = 1013
05-18 11:07:36.492  3246  3334 W PlaceRecognitionService: reached max time for work,just do work done!
05-18 11:07:36.494  3246  3334 I PlaceRecognitionService: work done startId : 7
05-18 11:07:36.494  3246  3334 I PlaceRecognitionService: call Job Finished | jobId: 7
05-18 11:07:36.496  1261  2808 D JobServiceContext: doCallback of : JobStatus{daf0a17 #u0a27/7 com.huawei.intelligent/com.huawei.placerecognition.service.PlaceRecognitionService u=0 s=10027 TIME=none:+14m54s964ms PERSISTED READY} v:VERB_EXECUTING
05-18 11:07:36.498   731  1031 I MetadataRetrieverClient: setDataSource local Path=/system/media/audio/alarms/Sakura_Drop.ogg
05-18 11:07:36.500   731  1031 D StagefrightMetadataRetriever: FileSource remote
05-18 11:07:36.501   731  1031 E StagefrightMetadataRetriever: IDataSource(FileSource): 0xef59c0e0 24 0 395895
05-18 11:07:36.501  3246  3246 I PlaceRecognitionService: onDestroy
05-18 11:07:36.501   731  1031 I MediaExtractor: Create (null)
05-18 11:07:36.502  3246  3334 D GaoDeLocationManagerAdapter: destroyLocation
05-18 11:07:36.511   729   729 V HwExtendedExtractor: HwExtendedExtractor::Sniff   in...
05-18 11:07:36.511   729   729 V HwExtendedExtractor: HwExtendedExtractor::Sniff   out...
05-18 11:07:36.511   729   729 I MediaExtractor: content 'application/ogg' with conf 0.20
05-18 11:07:36.515   729   729 I MediaExtractorService: makeExtractor ((null)), uid = 1013
05-18 11:07:36.524   731   731 I MetadataRetrieverClient: setDataSource local Path=/system/media/audio/notifications/Cave.ogg
05-18 11:07:36.525   731   731 D StagefrightMetadataRetriever: FileSource remote
05-18 11:07:36.526   731   731 E StagefrightMetadataRetriever: IDataSource(FileSource): 0xf0f17b00 24 0 74922
05-18 11:07:36.526   731   731 I MediaExtractor: Create (null)
05-18 11:07:36.531   729  4122 V HwExtendedExtractor: HwExtendedExtractor::Sniff   in...
05-18 11:07:36.532   729  4122 V HwExtendedExtractor: HwExtendedExtractor::Sniff   out...
05-18 11:07:36.532   729  4122 I MediaExtractor: content 'application/ogg' with conf 0.20
05-18 11:07:36.534   729  4122 I MediaExtractorService: makeExtractor ((null)), uid = 1013
05-18 11:07:36.542   731   731 I MetadataRetrieverClient: setDataSource local Path=/system/media/audio/notifications/Echo.ogg
05-18 11:07:36.543   731   731 D StagefrightMetadataRetriever: FileSource remote
05-18 11:07:36.543   731   731 E StagefrightMetadataRetriever: IDataSource(FileSource): 0xf0f17ae0 24 0 54873
05-18 11:07:36.544   731   731 I MediaExtractor: Create (null)
05-18 11:07:36.550   729  4122 V HwExtendedExtractor: HwExtendedExtractor::Sniff   in...
05-18 11:07:36.550   729  4122 V HwExtendedExtractor: HwExtendedExtractor::Sniff   out...
05-18 11:07:36.550   729  4122 I MediaExtractor: content 'application/ogg' with conf 0.20
05-18 11:07:36.553   729  4122 I MediaExtractorService: makeExtractor ((null)), uid = 1013
05-18 11:07:36.560   731   731 I MetadataRetrieverClient: setDataSource local Path=/system/media/audio/notifications/Fountain.ogg
05-18 11:07:36.561   731   731 D StagefrightMetadataRetriever: FileSource remote
05-18 11:07:36.562   731   731 E StagefrightMetadataRetriever: IDataSource(FileSource): 0xef5c01c0 24 0 60901
05-18 11:07:36.562   731   731 I MediaExtractor: Create (null)
05-18 11:07:36.568   729  4122 V HwExtendedExtractor: HwExtendedExtractor::Sniff   in...
05-18 11:07:36.568   729  4122 V HwExtendedExtractor: HwExtendedExtractor::Sniff   out...
05-18 11:07:36.568   729  4122 I MediaExtractor: content 'application/ogg' with conf 0.20
05-18 11:07:36.571   729  4122 I MediaExtractorService: makeExtractor ((null)), uid = 1013
05-18 11:07:36.579   731   731 I MetadataRetrieverClient: setDataSource local Path=/system/media/audio/notifications/Huawei_Cascade.ogg
05-18 11:07:36.580   731   731 D StagefrightMetadataRetriever: FileSource remote
05-18 11:07:36.581   731   731 E StagefrightMetadataRetriever: IDataSource(FileSource): 0xf0f17ac0 24 0 43156
05-18 11:07:36.581   731   731 I MediaExtractor: Create (null)
05-18 11:07:36.586   729  4124 V HwExtendedExtractor: HwExtendedExtractor::Sniff   in...
05-18 11:07:36.586   729  4124 V HwExtendedExtractor: HwExtendedExtractor::Sniff   out...
05-18 11:07:36.586   729  4124 I MediaExtractor: content 'application/ogg' with conf 0.20
05-18 11:07:36.589   729  4124 I MediaExtractorService: makeExtractor ((null)), uid = 1013
05-18 11:07:36.596   731   731 I MetadataRetrieverClient: setDataSource local Path=/system/media/audio/notifications/Jump.ogg
05-18 11:07:36.598   731   731 D StagefrightMetadataRetriever: FileSource remote
05-18 11:07:36.598   731   731 E StagefrightMetadataRetriever: IDataSource(FileSource): 0xf0f17aa0 24 0 60444
05-18 11:07:36.599   731   731 I MediaExtractor: Create (null)
05-18 11:07:36.604   729  4124 V HwExtendedExtractor: HwExtendedExtractor::Sniff   in...
05-18 11:07:36.605   729  4124 V HwExtendedExtractor: HwExtendedExtractor::Sniff   out...
05-18 11:07:36.605   729  4124 I MediaExtractor: content 'application/ogg' with conf 0.20
05-18 11:07:36.608   729  4124 I MediaExtractorService: makeExtractor ((null)), uid = 1013
05-18 11:07:36.618   731   731 I MetadataRetrieverClient: setDataSource local Path=/system/media/audio/notifications/Leaf.ogg
05-18 11:07:36.620   731   731 D StagefrightMetadataRetriever: FileSource remote
05-18 11:07:36.621   731   731 E StagefrightMetadataRetriever: IDataSource(FileSource): 0xf0f17b20 24 0 41323
05-18 11:07:36.621   731   731 I MediaExtractor: Create (null)
05-18 11:07:36.626   729  1020 V HwExtendedExtractor: HwExtendedExtractor::Sniff   in...
05-18 11:07:36.627   729  1020 V HwExtendedExtractor: HwExtendedExtractor::Sniff   out...
05-18 11:07:36.627   729  1020 I MediaExtractor: content 'application/ogg' with conf 0.20
05-18 11:07:36.631   729  1020 I MediaExtractorService: makeExtractor ((null)), uid = 1013
05-18 11:07:36.640   731  1031 I MetadataRetrieverClient: setDataSource local Path=/system/media/audio/notifications/Peking_Opera_Drum.ogg
05-18 11:07:36.641   731  1031 D StagefrightMetadataRetriever: FileSource remote
05-18 11:07:36.642   731  1031 E StagefrightMetadataRetriever: IDataSource(FileSource): 0xf0f17ae0 24 0 71318
05-18 11:07:36.642   731  1031 I MediaExtractor: Create (null)
05-18 11:07:36.648   729  1020 V HwExtendedExtractor: HwExtendedExtractor::Sniff   in...
05-18 11:07:36.648   729  1020 V HwExtendedExtractor: HwExtendedExtractor::Sniff   out...
05-18 11:07:36.648   729  1020 I MediaExtractor: content 'application/ogg' with conf 0.20
05-18 11:07:36.652   729  1020 I MediaExtractorService: makeExtractor ((null)), uid = 1013
05-18 11:07:36.664   731  1031 I MetadataRetrieverClient: setDataSource local Path=/system/media/audio/notifications/PingPong.ogg
05-18 11:07:36.668   731  1031 D StagefrightMetadataRetriever: FileSource remote
05-18 11:07:36.669   731  1031 E StagefrightMetadataRetriever: IDataSource(FileSource): 0xf0f17b00 24 0 14638
05-18 11:07:36.670   731  1031 I MediaExtractor: Create (null)
05-18 11:07:36.672   729  4124 V HwExtendedExtractor: HwExtendedExtractor::Sniff   in...
05-18 11:07:36.672   729  4124 V HwExtendedExtractor: HwExtendedExtractor::Sniff   out...
05-18 11:07:36.672   729  4124 I MediaExtractor: content 'application/ogg' with conf 0.20
05-18 11:07:36.675   729  4124 I MediaExtractorService: makeExtractor ((null)), uid = 1013
05-18 11:07:36.685   731  1031 I MetadataRetrieverClient: setDataSource local Path=/system/media/audio/notifications/Twinkle.ogg
05-18 11:07:36.686   731  1031 D StagefrightMetadataRetriever: FileSource remote
05-18 11:07:36.687   731  1031 E StagefrightMetadataRetriever: IDataSource(FileSource): 0xf0f17ac0 24 0 28771
05-18 11:07:36.688   731  1031 I MediaExtractor: Create (null)
05-18 11:07:36.692   729  4124 V HwExtendedExtractor: HwExtendedExtractor::Sniff   in...
05-18 11:07:36.692   729  4124 V HwExtendedExtractor: HwExtendedExtractor::Sniff   out...
05-18 11:07:36.692   729  4124 I MediaExtractor: content 'application/ogg' with conf 0.20
05-18 11:07:36.695   729  4124 I MediaExtractorService: makeExtractor ((null)), uid = 1013
05-18 11:07:36.703   731  1031 I MetadataRetrieverClient: setDataSource local Path=/system/media/audio/ringtones/Bounce.ogg
05-18 11:07:36.705   731  1031 D StagefrightMetadataRetriever: FileSource remote
05-18 11:07:36.705   731  1031 E StagefrightMetadataRetriever: IDataSource(FileSource): 0xef5c0180 24 0 115868
05-18 11:07:36.706   731  1031 I MediaExtractor: Create (null)
05-18 11:07:36.715   729  4124 V HwExtendedExtractor: HwExtendedExtractor::Sniff   in...
05-18 11:07:36.716   729  4124 V HwExtendedExtractor: HwExtendedExtractor::Sniff   out...
05-18 11:07:36.716   729  4124 I MediaExtractor: content 'application/ogg' with conf 0.20
05-18 11:07:36.720   729  4124 I MediaExtractorService: makeExtractor ((null)), uid = 1013
05-18 11:07:36.730   731  1031 I MetadataRetrieverClient: setDataSource local Path=/system/media/audio/ringtones/Dream_It_Possible.ogg
05-18 11:07:36.731   731  1031 D StagefrightMetadataRetriever: FileSource remote
05-18 11:07:36.732   731  1031 E StagefrightMetadataRetriever: IDataSource(FileSource): 0xef5c0160 24 0 1004877
05-18 11:07:36.733   731  1031 I MediaExtractor: Create (null)
05-18 11:07:36.741   729  2487 V HwExtendedExtractor: HwExtendedExtractor::Sniff   in...
05-18 11:07:36.742   729  2487 V HwExtendedExtractor: HwExtendedExtractor::Sniff   out...
05-18 11:07:36.742   729  2487 I MediaExtractor: content 'application/ogg' with conf 0.20
05-18 11:07:36.748   729  2487 I MediaExtractorService: makeExtractor ((null)), uid = 1013
05-18 11:07:36.756   731  1031 I MetadataRetrieverClient: setDataSource local Path=/system/media/audio/ringtones/Flipped.ogg
05-18 11:07:36.758   731  1031 D StagefrightMetadataRetriever: FileSource remote
05-18 11:07:36.759   731  1031 E StagefrightMetadataRetriever: IDataSource(FileSource): 0xf0f17b20 24 0 653205
05-18 11:07:36.759   731  1031 I MediaExtractor: Create (null)
05-18 11:07:36.768   729  4128 V HwExtendedExtractor: HwExtendedExtractor::Sniff   in...
05-18 11:07:36.769   729  4128 V HwExtendedExtractor: HwExtendedExtractor::Sniff   out...
05-18 11:07:36.769   729  4128 I MediaExtractor: content 'application/ogg' with conf 0.20
05-18 11:07:36.774   729  4128 I MediaExtractorService: makeExtractor ((null)), uid = 1013
05-18 11:07:36.788   731  1031 I MetadataRetrieverClient: setDataSource local Path=/system/media/audio/ringtones/Flow.ogg
05-18 11:07:36.790   731  1031 D StagefrightMetadataRetriever: FileSource remote
05-18 11:07:36.791   731  1031 E StagefrightMetadataRetriever: IDataSource(FileSource): 0xf0f17ac0 24 0 310521
05-18 11:07:36.792   731  1031 I MediaExtractor: Create (null)
05-18 11:07:36.802   729  4124 V HwExtendedExtractor: HwExtendedExtractor::Sniff   in...
05-18 11:07:36.803   729  4124 V HwExtendedExtractor: HwExtendedExtractor::Sniff   out...
05-18 11:07:36.803   729  4124 I MediaExtractor: content 'application/ogg' with conf 0.20
05-18 11:07:36.806   729  4124 I MediaExtractorService: makeExtractor ((null)), uid = 1013
05-18 11:07:36.814   731  1031 I MetadataRetrieverClient: setDataSource local Path=/system/media/audio/ringtones/Free.ogg
05-18 11:07:36.816   731  1031 D StagefrightMetadataRetriever: FileSource remote
05-18 11:07:36.816   731  1031 E StagefrightMetadataRetriever: IDataSource(FileSource): 0xf0f17b00 24 0 296107
05-18 11:07:36.816   731  1031 I MediaExtractor: Create (null)
05-18 11:07:36.826   729  4122 V HwExtendedExtractor: HwExtendedExtractor::Sniff   in...
05-18 11:07:36.827   729  4122 V HwExtendedExtractor: HwExtendedExtractor::Sniff   out...
05-18 11:07:36.827   729  4122 I MediaExtractor: content 'application/ogg' with conf 0.20
05-18 11:07:36.830   729  4122 I MediaExtractorService: makeExtractor ((null)), uid = 1013
05-18 11:07:36.843   731  1031 I MetadataRetrieverClient: setDataSource local Path=/system/media/audio/ringtones/Harp.ogg
05-18 11:07:36.844   731  1031 D StagefrightMetadataRetriever: FileSource remote
05-18 11:07:36.845   731  1031 E StagefrightMetadataRetriever: IDataSource(FileSource): 0xef5c0180 24 0 256051
05-18 11:07:36.846   731  1031 I MediaExtractor: Create (null)
05-18 11:07:36.855   729  4122 V HwExtendedExtractor: HwExtendedExtractor::Sniff   in...
05-18 11:07:36.855   729  4122 V HwExtendedExtractor: HwExtendedExtractor::Sniff   out...
05-18 11:07:36.856   729  4122 I MediaExtractor: content 'application/ogg' with conf 0.20
05-18 11:07:36.859   657   657 E WifiHAL : enter wifi_get_link_stats
05-18 11:07:36.859   729  4122 I MediaExtractorService: makeExtractor ((null)), uid = 1013
05-18 11:07:36.869   731  1031 I MetadataRetrieverClient: setDataSource local Path=/system/media/audio/ringtones/Impromptu.ogg
05-18 11:07:36.871   731  1031 D StagefrightMetadataRetriever: FileSource remote
05-18 11:07:36.871   734   734 E wificond: Failed to get NL80211_RATE_INFO_NOISE
05-18 11:07:36.872   734   734 E wificond: Failed to get NL80211_RATE_INFO_SNR
05-18 11:07:36.872   734   734 E wificond: Failed to get NL80211_STA_INFO_CNAHLOAD
05-18 11:07:36.872  1261  1586 I chatty  : uid=1000(system) WifiStateMachin expire 5 lines
05-18 11:07:36.872  1261  1588 I chatty  : uid=1000(system) HwWifiCHRStateM expire 9 lines
05-18 11:07:36.874   731  1031 E StagefrightMetadataRetriever: IDataSource(FileSource): 0xf0f17b20 24 0 269226
05-18 11:07:36.875   731  1031 I MediaExtractor: Create (null)
05-18 11:07:36.885   729   729 V HwExtendedExtractor: HwExtendedExtractor::Sniff   in...
05-18 11:07:36.885   729   729 V HwExtendedExtractor: HwExtendedExtractor::Sniff   out...
05-18 11:07:36.885   729   729 I MediaExtractor: content 'application/ogg' with conf 0.20
05-18 11:07:36.889   729   729 I MediaExtractorService: makeExtractor ((null)), uid = 1013
05-18 11:07:36.896   731  1031 I MetadataRetrieverClient: setDataSource local Path=/system/media/audio/ringtones/Menuet.ogg
05-18 11:07:36.898   731  1031 D StagefrightMetadataRetriever: FileSource remote
05-18 11:07:36.899   731  1031 E StagefrightMetadataRetriever: IDataSource(FileSource): 0xf0f17ac0 24 0 216485
05-18 11:07:36.899   731  1031 I MediaExtractor: Create (null)
05-18 11:07:36.915   729  4128 V HwExtendedExtractor: HwExtendedExtractor::Sniff   in...
05-18 11:07:36.915   729  4128 V HwExtendedExtractor: HwExtendedExtractor::Sniff   out...
05-18 11:07:36.915   729  4128 I MediaExtractor: content 'application/ogg' with conf 0.20
05-18 11:07:36.919   729  4128 I MediaExtractorService: makeExtractor ((null)), uid = 1013
05-18 11:07:36.933  4101  4101 W Finsky  : [1] com.google.android.finsky.FinskyApp.i(1558): No account configured on this device.
05-18 11:07:36.938   731  1031 I MetadataRetrieverClient: setDataSource local Path=/system/media/audio/ringtones/Polonaise.ogg
05-18 11:07:36.939   731  1031 D StagefrightMetadataRetriever: FileSource remote
05-18 11:07:36.940   731  1031 E StagefrightMetadataRetriever: IDataSource(FileSource): 0xf0f17b00 24 0 413269
05-18 11:07:36.940   731  1031 I MediaExtractor: Create (null)
05-18 11:07:36.949   729   729 V HwExtendedExtractor: HwExtendedExtractor::Sniff   in...
05-18 11:07:36.950   729   729 V HwExtendedExtractor: HwExtendedExtractor::Sniff   out...
05-18 11:07:36.950   729   729 I MediaExtractor: content 'application/ogg' with conf 0.20
05-18 11:07:36.955   729   729 I MediaExtractorService: makeExtractor ((null)), uid = 1013
05-18 11:07:36.970   731  1031 I MetadataRetrieverClient: setDataSource local Path=/system/media/audio/ringtones/Ripple.ogg
05-18 11:07:36.971   731  1031 D StagefrightMetadataRetriever: FileSource remote
05-18 11:07:36.972   731  1031 E StagefrightMetadataRetriever: IDataSource(FileSource): 0xef5c0160 24 0 205769
05-18 11:07:36.973   731  1031 I MediaExtractor: Create (null)
05-18 11:07:36.978  2883  2903 I zygote64: Do partial code cache collection, code=29KB, data=29KB
05-18 11:07:36.979  2883  2903 I zygote64: After code cache collection, code=29KB, data=29KB
05-18 11:07:36.979  2883  2903 I zygote64: Increasing code cache capacity to 128KB
05-18 11:07:36.979  2883  2903 I zygote64: Compiler allocated 4MB to compile android.database.Cursor com.android.providers.media.MediaProvider.query(android.net.Uri, java.lang.String[], java.lang.String, java.lang.String[], java.lang.String)
05-18 11:07:36.985   729  4123 V HwExtendedExtractor: HwExtendedExtractor::Sniff   in...
05-18 11:07:36.985   729  4123 V HwExtendedExtractor: HwExtendedExtractor::Sniff   out...
05-18 11:07:36.985   729  4123 I MediaExtractor: content 'application/ogg' with conf 0.20
05-18 11:07:36.988   729  4123 I MediaExtractorService: makeExtractor ((null)), uid = 1013
05-18 11:07:36.996   731   731 I MetadataRetrieverClient: setDataSource local Path=/system/media/audio/ringtones/Suite.ogg
05-18 11:07:36.997   731   731 D StagefrightMetadataRetriever: FileSource remote
05-18 11:07:36.998   731   731 E StagefrightMetadataRetriever: IDataSource(FileSource): 0xef5c0180 24 0 440963
05-18 11:07:36.998   731   731 I MediaExtractor: Create (null)
05-18 11:07:37.003  4101  4101 W Finsky  : [1] com.google.android.finsky.FinskyApp.i(1558): No account configured on this device.
05-18 11:07:37.004  4101  4101 W Finsky  : [1] com.google.android.finsky.FinskyApp.i(1558): No account configured on this device.
05-18 11:07:37.008   729   729 V HwExtendedExtractor: HwExtendedExtractor::Sniff   in...
05-18 11:07:37.009   729   729 V HwExtendedExtractor: HwExtendedExtractor::Sniff   out...
05-18 11:07:37.009   729   729 I MediaExtractor: content 'application/ogg' with conf 0.20
05-18 11:07:37.013   729   729 I MediaExtractorService: makeExtractor ((null)), uid = 1013
05-18 11:07:37.021   731   731 I MetadataRetrieverClient: setDataSource local Path=/system/media/audio/ringtones/Wind_Dance.ogg
05-18 11:07:37.023   731   731 D StagefrightMetadataRetriever: FileSource remote
05-18 11:07:37.023   731   731 E StagefrightMetadataRetriever: IDataSource(FileSource): 0xef5c01c0 24 0 237352
05-18 11:07:37.024   731   731 I MediaExtractor: Create (null)
05-18 11:07:37.033   729  4123 V HwExtendedExtractor: HwExtendedExtractor::Sniff   in...
05-18 11:07:37.034   729  4123 V HwExtendedExtractor: HwExtendedExtractor::Sniff   out...
05-18 11:07:37.034   729  4123 I MediaExtractor: content 'application/ogg' with conf 0.20
05-18 11:07:37.037  4101  4101 W Finsky  : [1] com.google.android.finsky.FinskyApp.i(1558): No account configured on this device.
05-18 11:07:37.038   729  4123 I MediaExtractorService: makeExtractor ((null)), uid = 1013
05-18 11:07:37.046   731   731 I MetadataRetrieverClient: setDataSource local Path=/system/media/audio/ui/Dock.ogg
05-18 11:07:37.047   731   731 D StagefrightMetadataRetriever: FileSource remote
05-18 11:07:37.048   731   731 E StagefrightMetadataRetriever: IDataSource(FileSource): 0xf0f17aa0 24 0 6327
05-18 11:07:37.049   731   731 I MediaExtractor: Create (null)
05-18 11:07:37.051   729  4123 V HwExtendedExtractor: HwExtendedExtractor::Sniff   in...
05-18 11:07:37.052   729  4123 V HwExtendedExtractor: HwExtendedExtractor::Sniff   out...
05-18 11:07:37.052   729  4123 I MediaExtractor: content 'application/ogg' with conf 0.20
05-18 11:07:37.054   729  4123 I MediaExtractorService: makeExtractor ((null)), uid = 1013
05-18 11:07:37.062   731   731 I MetadataRetrieverClient: setDataSource local Path=/system/media/audio/ui/KeypressInvalid.ogg
05-18 11:07:37.063   731   731 D StagefrightMetadataRetriever: FileSource remote
05-18 11:07:37.064   731   731 E StagefrightMetadataRetriever: IDataSource(FileSource): 0xef5c0160 24 0 9847
05-18 11:07:37.064   731   731 I MediaExtractor: Create (null)
05-18 11:07:37.065   729  4128 V HwExtendedExtractor: HwExtendedExtractor::Sniff   in...
05-18 11:07:37.066   729  4128 V HwExtendedExtractor: HwExtendedExtractor::Sniff   out...
05-18 11:07:37.066   729  4128 I MediaExtractor: content 'application/ogg' with conf 0.20
05-18 11:07:37.069   729  4128 I MediaExtractorService: makeExtractor ((null)), uid = 1013
05-18 11:07:37.076   731   731 I MetadataRetrieverClient: setDataSource local Path=/system/media/audio/ui/Trusted.ogg
05-18 11:07:37.077   731   731 D StagefrightMetadataRetriever: FileSource remote
05-18 11:07:37.078   731   731 E StagefrightMetadataRetriever: IDataSource(FileSource): 0xf0f17e00 24 0 5713
05-18 11:07:37.078   731   731 I MediaExtractor: Create (null)
05-18 11:07:37.079   729  4122 V HwExtendedExtractor: HwExtendedExtractor::Sniff   in...
05-18 11:07:37.079   729  4122 V HwExtendedExtractor: HwExtendedExtractor::Sniff   out...
05-18 11:07:37.079   729  4122 I MediaExtractor: content 'application/ogg' with conf 0.20
05-18 11:07:37.080  4101  4101 W Finsky  : [1] com.google.android.finsky.FinskyApp.i(1558): No account configured on this device.
05-18 11:07:37.080  1261  1587 I chatty  : uid=1000(system) HwWifiStatStore expire 2 lines
05-18 11:07:37.082  4101  4101 W Finsky  : [1] com.google.android.finsky.FinskyApp.i(1558): No account configured on this device.
05-18 11:07:37.082   729  4122 I MediaExtractorService: makeExtractor ((null)), uid = 1013
05-18 11:07:37.090   731  1031 I MetadataRetrieverClient: setDataSource local Path=/system/media/audio/ui/Undock.ogg
05-18 11:07:37.091  4101  4101 W Finsky  : [1] com.google.android.finsky.FinskyApp.i(1558): No account configured on this device.
05-18 11:07:37.091   731  1031 D StagefrightMetadataRetriever: FileSource remote
05-18 11:07:37.092   731  1031 E StagefrightMetadataRetriever: IDataSource(FileSource): 0xf0f17b20 24 0 8240
05-18 11:07:37.092   731  1031 I MediaExtractor: Create (null)
05-18 11:07:37.095   729  2487 V HwExtendedExtractor: HwExtendedExtractor::Sniff   in...
05-18 11:07:37.095   729  2487 V HwExtendedExtractor: HwExtendedExtractor::Sniff   out...
05-18 11:07:37.096   729  2487 I MediaExtractor: content 'application/ogg' with conf 0.20
05-18 11:07:37.099   729  2487 I MediaExtractorService: makeExtractor ((null)), uid = 1013
05-18 11:07:37.107   731  1031 I MetadataRetrieverClient: setDataSource local Path=/system/media/audio/ui/VideoStop.ogg
05-18 11:07:37.108   731  1031 D StagefrightMetadataRetriever: FileSource remote
05-18 11:07:37.109   731  1031 E StagefrightMetadataRetriever: IDataSource(FileSource): 0xf0f17ac0 24 0 12438
05-18 11:07:37.110   731  1031 I MediaExtractor: Create (null)
05-18 11:07:37.113   729  2487 V HwExtendedExtractor: HwExtendedExtractor::Sniff   in...
05-18 11:07:37.113   729  2487 V HwExtendedExtractor: HwExtendedExtractor::Sniff   out...
05-18 11:07:37.113   729  2487 I MediaExtractor: content 'application/ogg' with conf 0.20
05-18 11:07:37.116   729  2487 I MediaExtractorService: makeExtractor ((null)), uid = 1013
05-18 11:07:37.125   731  1031 I MetadataRetrieverClient: setDataSource local Path=/system/media/audio/ui/WirelessChargingStarted.ogg
05-18 11:07:37.126   731  1031 D StagefrightMetadataRetriever: FileSource remote
05-18 11:07:37.127   731  1031 E StagefrightMetadataRetriever: IDataSource(FileSource): 0xf0f17b00 24 0 12025
05-18 11:07:37.128   731  1031 I MediaExtractor: Create (null)
05-18 11:07:37.128  4101  4101 W Finsky  : [1] com.google.android.finsky.FinskyApp.i(1558): No account configured on this device.
05-18 11:07:37.130  4101  4101 W Finsky  : [1] com.google.android.finsky.FinskyApp.i(1558): No account configured on this device.
05-18 11:07:37.131   729  4122 V HwExtendedExtractor: HwExtendedExtractor::Sniff   in...
05-18 11:07:37.131   729  4122 V HwExtendedExtractor: HwExtendedExtractor::Sniff   out...
05-18 11:07:37.131   729  4122 I MediaExtractor: content 'application/ogg' with conf 0.20
05-18 11:07:37.134   729  4122 I MediaExtractorService: makeExtractor ((null)), uid = 1013
