--------- beginning of system
05-18 11:07:19.897   438   438 E vold    : Vold 3.0 (the awakening) firing up
05-18 11:07:19.897   438   438 V vold    : Detected support for: exfat ext4 f2fs vfat
05-18 11:07:19.901   438   438 D vold    : s_cryptsd_enable is 1
05-18 11:07:19.901   438   438 W vold    : VolumeBase::setState(): Volume emulated State changing Unmounted->Unmounted
05-18 11:07:19.904   438   445 V vold    : handleBlockEvent(): action = 1, major = 8, minor = 0, devname = sda, devtype = disk
05-18 11:07:19.904   438   445 V vold    : handleBlockEvent(): action = 1, major = 8, minor = 16, devname = sdb, devtype = disk
05-18 11:07:19.904   438   445 V vold    : handleBlockEvent(): action = 1, major = 8, minor = 32, devname = sdc, devtype = disk
05-18 11:07:19.904   438   445 V vold    : handleBlockEvent(): action = 1, major = 8, minor = 33, devname = sdc1, devtype = partition
05-18 11:07:19.904   438   445 V vold    : handleBlockEvent(): action = 1, major = 8, minor = 34, devname = sdc2, devtype = partition
05-18 11:07:19.904   438   445 V vold    : handleBlockEvent(): action = 1, major = 8, minor = 35, devname = sdc3, devtype = partition
05-18 11:07:19.904   438   445 V vold    : handleBlockEvent(): action = 1, major = 8, minor = 48, devname = sdd, devtype = disk
05-18 11:07:19.904   438   445 V vold    : handleBlockEvent(): action = 1, major = 8, minor = 49, devname = sdd1, devtype = partition
05-18 11:07:19.904   438   445 V vold    : handleBlockEvent(): action = 1, major = 8, minor = 50, devname = sdd2, devtype = partition
05-18 11:07:19.904   438   445 V vold    : handleBlockEvent(): action = 1, major = 8, minor = 51, devname = sdd3, devtype = partition
05-18 11:07:19.904   438   445 V vold    : handleBlockEvent(): action = 1, major = 8, minor = 52, devname = sdd4, devtype = partition
05-18 11:07:19.904   438   445 V vold    : handleBlockEvent(): action = 1, major = 8, minor = 53, devname = sdd5, devtype = partition
05-18 11:07:19.904   438   445 V vold    : handleBlockEvent(): action = 1, major = 8, minor = 54, devname = sdd6, devtype = partition
05-18 11:07:19.905   438   445 V vold    : handleBlockEvent(): action = 1, major = 8, minor = 55, devname = sdd7, devtype = partition
05-18 11:07:19.905   438   445 V vold    : handleBlockEvent(): action = 1, major = 8, minor = 56, devname = sdd8, devtype = partition
05-18 11:07:19.905   438   445 V vold    : handleBlockEvent(): action = 1, major = 8, minor = 57, devname = sdd9, devtype = partition
05-18 11:07:19.905   438   445 V vold    : handleBlockEvent(): action = 1, major = 8, minor = 58, devname = sdd10, devtype = partition
05-18 11:07:19.905   438   445 V vold    : handleBlockEvent(): action = 1, major = 8, minor = 59, devname = sdd11, devtype = partition
05-18 11:07:19.905   438   445 V vold    : handleBlockEvent(): action = 1, major = 8, minor = 60, devname = sdd12, devtype = partition
05-18 11:07:19.905   438   445 V vold    : handleBlockEvent(): action = 1, major = 8, minor = 61, devname = sdd13, devtype = partition
05-18 11:07:19.905   438   445 V vold    : handleBlockEvent(): action = 1, major = 8, minor = 62, devname = sdd14, devtype = partition
05-18 11:07:19.905   438   445 V vold    : handleBlockEvent(): action = 1, major = 8, minor = 63, devname = sdd15, devtype = partition
05-18 11:07:19.905   438   445 V vold    : handleBlockEvent(): action = 1, major = 259, minor = 0, devname = sdd16, devtype = partition
05-18 11:07:19.905   438   445 V vold    : handleBlockEvent(): action = 1, major = 259, minor = 1, devname = sdd17, devtype = partition
05-18 11:07:19.905   438   445 V vold    : handleBlockEvent(): action = 1, major = 259, minor = 2, devname = sdd18, devtype = partition
05-18 11:07:19.905   438   445 V vold    : handleBlockEvent(): action = 1, major = 259, minor = 3, devname = sdd19, devtype = partition
05-18 11:07:19.905   438   445 V vold    : handleBlockEvent(): action = 1, major = 259, minor = 4, devname = sdd20, devtype = partition
05-18 11:07:19.905   438   445 V vold    : handleBlockEvent(): action = 1, major = 259, minor = 5, devname = sdd21, devtype = partition
05-18 11:07:19.905   438   445 V vold    : handleBlockEvent(): action = 1, major = 259, minor = 6, devname = sdd22, devtype = partition
05-18 11:07:19.905   438   445 V vold    : handleBlockEvent(): action = 1, major = 259, minor = 7, devname = sdd23, devtype = partition
05-18 11:07:19.905   438   445 V vold    : handleBlockEvent(): action = 1, major = 259, minor = 8, devname = sdd24, devtype = partition
05-18 11:07:19.905   438   445 V vold    : handleBlockEvent(): action = 1, major = 259, minor = 9, devname = sdd25, devtype = partition
05-18 11:07:19.905   438   445 V vold    : handleBlockEvent(): action = 1, major = 259, minor = 10, devname = sdd26, devtype = partition
05-18 11:07:19.905   438   445 V vold    : handleBlockEvent(): action = 1, major = 259, minor = 11, devname = sdd27, devtype = partition
05-18 11:07:19.905   438   445 V vold    : handleBlockEvent(): action = 1, major = 259, minor = 12, devname = sdd28, devtype = partition
05-18 11:07:19.905   438   445 V vold    : handleBlockEvent(): action = 1, major = 259, minor = 13, devname = sdd29, devtype = partition
05-18 11:07:19.905   438   445 V vold    : handleBlockEvent(): action = 1, major = 259, minor = 14, devname = sdd30, devtype = partition
05-18 11:07:19.905   438   445 V vold    : handleBlockEvent(): action = 1, major = 259, minor = 15, devname = sdd31, devtype = partition
05-18 11:07:19.905   438   445 V vold    : handleBlockEvent(): action = 1, major = 259, minor = 16, devname = sdd32, devtype = partition
05-18 11:07:19.905   438   445 V vold    : handleBlockEvent(): action = 1, major = 259, minor = 17, devname = sdd33, devtype = partition
05-18 11:07:19.905   438   445 V vold    : handleBlockEvent(): action = 1, major = 259, minor = 18, devname = sdd34, devtype = partition
05-18 11:07:19.906   438   445 V vold    : handleBlockEvent(): action = 1, major = 259, minor = 19, devname = sdd35, devtype = partition
05-18 11:07:19.906   438   445 V vold    : handleBlockEvent(): action = 1, major = 259, minor = 20, devname = sdd36, devtype = partition
05-18 11:07:19.906   438   445 V vold    : handleBlockEvent(): action = 1, major = 259, minor = 21, devname = sdd37, devtype = partition
05-18 11:07:19.906   438   445 V vold    : handleBlockEvent(): action = 1, major = 259, minor = 22, devname = sdd38, devtype = partition
05-18 11:07:19.906   438   445 V vold    : handleBlockEvent(): action = 1, major = 259, minor = 23, devname = sdd39, devtype = partition
05-18 11:07:19.906   438   445 V vold    : handleBlockEvent(): action = 1, major = 259, minor = 24, devname = sdd40, devtype = partition
05-18 11:07:19.906   438   445 V vold    : handleBlockEvent(): action = 1, major = 259, minor = 25, devname = sdd41, devtype = partition
05-18 11:07:19.906   438   445 V vold    : handleBlockEvent(): action = 1, major = 259, minor = 26, devname = sdd42, devtype = partition
05-18 11:07:19.906   438   445 V vold    : handleBlockEvent(): action = 1, major = 259, minor = 27, devname = sdd43, devtype = partition
05-18 11:07:19.906   438   445 V vold    : handleBlockEvent(): action = 1, major = 259, minor = 28, devname = sdd44, devtype = partition
05-18 11:07:19.906   438   445 V vold    : handleBlockEvent(): action = 1, major = 259, minor = 29, devname = sdd45, devtype = partition
05-18 11:07:19.906   438   445 V vold    : handleBlockEvent(): action = 1, major = 259, minor = 30, devname = sdd46, devtype = partition
05-18 11:07:19.906   438   445 V vold    : handleBlockEvent(): action = 1, major = 259, minor = 31, devname = sdd47, devtype = partition
05-18 11:07:19.906   438   445 V vold    : handleBlockEvent(): action = 1, major = 259, minor = 32, devname = sdd48, devtype = partition
05-18 11:07:19.906   438   445 V vold    : handleBlockEvent(): action = 1, major = 259, minor = 33, devname = sdd49, devtype = partition
05-18 11:07:19.906   438   445 V vold    : handleBlockEvent(): action = 1, major = 259, minor = 34, devname = sdd50, devtype = partition
05-18 11:07:19.906   438   445 V vold    : handleBlockEvent(): action = 1, major = 259, minor = 35, devname = sdd51, devtype = partition
05-18 11:07:19.906   438   445 V vold    : handleBlockEvent(): action = 1, major = 259, minor = 36, devname = sdd52, devtype = partition
05-18 11:07:19.906   438   445 V vold    : handleBlockEvent(): action = 1, major = 259, minor = 37, devname = sdd53, devtype = partition
05-18 11:07:19.906   438   445 V vold    : handleBlockEvent(): action = 1, major = 259, minor = 38, devname = sdd54, devtype = partition
05-18 11:07:19.906   438   445 V vold    : handleBlockEvent(): action = 1, major = 259, minor = 39, devname = sdd55, devtype = partition
05-18 11:07:19.906   438   445 V vold    : handleBlockEvent(): action = 1, major = 259, minor = 40, devname = sdd56, devtype = partition
05-18 11:07:19.906   438   445 V vold    : handleBlockEvent(): action = 1, major = 259, minor = 41, devname = sdd57, devtype = partition
05-18 11:07:19.906   438   445 V vold    : handleBlockEvent(): action = 1, major = 259, minor = 42, devname = sdd58, devtype = partition
05-18 11:07:19.906   438   445 V vold    : handleBlockEvent(): action = 1, major = 259, minor = 43, devname = sdd59, devtype = partition
05-18 11:07:19.906   438   445 V vold    : handleBlockEvent(): action = 1, major = 259, minor = 44, devname = sdd60, devtype = partition
05-18 11:07:19.907   438   445 V vold    : handleBlockEvent(): action = 1, major = 1, minor = 0, devname = ram0, devtype = disk
05-18 11:07:19.907   438   445 V vold    : handleBlockEvent(): action = 1, major = 1, minor = 1, devname = ram1, devtype = disk
05-18 11:07:19.907   438   445 V vold    : handleBlockEvent(): action = 1, major = 1, minor = 2, devname = ram2, devtype = disk
05-18 11:07:19.907   438   445 V vold    : handleBlockEvent(): action = 1, major = 1, minor = 3, devname = ram3, devtype = disk
05-18 11:07:19.907   438   445 V vold    : handleBlockEvent(): action = 1, major = 7, minor = 0, devname = loop0, devtype = disk
05-18 11:07:19.907   438   445 V vold    : handleBlockEvent(): action = 1, major = 7, minor = 1, devname = loop1, devtype = disk
05-18 11:07:19.907   438   445 V vold    : handleBlockEvent(): action = 1, major = 7, minor = 2, devname = loop2, devtype = disk
05-18 11:07:19.907   438   445 V vold    : handleBlockEvent(): action = 1, major = 7, minor = 3, devname = loop3, devtype = disk
05-18 11:07:19.907   438   445 V vold    : handleBlockEvent(): action = 1, major = 7, minor = 4, devname = loop4, devtype = disk
05-18 11:07:19.907   438   445 V vold    : handleBlockEvent(): action = 1, major = 7, minor = 5, devname = loop5, devtype = disk
05-18 11:07:19.908   438   445 V vold    : handleBlockEvent(): action = 1, major = 7, minor = 6, devname = loop6, devtype = disk
05-18 11:07:19.908   438   445 V vold    : handleBlockEvent(): action = 1, major = 7, minor = 7, devname = loop7, devtype = disk
05-18 11:07:19.908   438   445 V vold    : handleBlockEvent(): action = 1, major = 254, minor = 0, devname = zram0, devtype = disk
05-18 11:07:19.909   438   445 V vold    : handleBlockEvent(): action = 1, major = 8, minor = 0, devname = sda, devtype = disk
05-18 11:07:19.909   438   445 V vold    : handleBlockEvent(): action = 1, major = 8, minor = 16, devname = sdb, devtype = disk
05-18 11:07:19.909   438   445 V vold    : handleBlockEvent(): action = 1, major = 8, minor = 32, devname = sdc, devtype = disk
05-18 11:07:19.910   438   445 V vold    : handleBlockEvent(): action = 1, major = 8, minor = 33, devname = sdc1, devtype = partition
05-18 11:07:19.910   438   445 V vold    : handleBlockEvent(): action = 1, major = 8, minor = 34, devname = sdc2, devtype = partition
05-18 11:07:19.910   438   445 V vold    : handleBlockEvent(): action = 1, major = 8, minor = 35, devname = sdc3, devtype = partition
05-18 11:07:19.910   438   445 V vold    : handleBlockEvent(): action = 1, major = 8, minor = 48, devname = sdd, devtype = disk
05-18 11:07:19.910   438   445 V vold    : handleBlockEvent(): action = 1, major = 8, minor = 49, devname = sdd1, devtype = partition
05-18 11:07:19.910   438   445 V vold    : handleBlockEvent(): action = 1, major = 8, minor = 50, devname = sdd2, devtype = partition
05-18 11:07:19.910   438   445 V vold    : handleBlockEvent(): action = 1, major = 8, minor = 51, devname = sdd3, devtype = partition
05-18 11:07:19.910   438   445 V vold    : handleBlockEvent(): action = 1, major = 8, minor = 52, devname = sdd4, devtype = partition
05-18 11:07:19.910   438   445 V vold    : handleBlockEvent(): action = 1, major = 8, minor = 53, devname = sdd5, devtype = partition
05-18 11:07:19.910   438   445 V vold    : handleBlockEvent(): action = 1, major = 8, minor = 54, devname = sdd6, devtype = partition
05-18 11:07:19.910   438   445 V vold    : handleBlockEvent(): action = 1, major = 8, minor = 55, devname = sdd7, devtype = partition
05-18 11:07:19.910   438   445 V vold    : handleBlockEvent(): action = 1, major = 8, minor = 56, devname = sdd8, devtype = partition
05-18 11:07:19.910   438   445 V vold    : handleBlockEvent(): action = 1, major = 8, minor = 57, devname = sdd9, devtype = partition
05-18 11:07:19.910   438   445 V vold    : handleBlockEvent(): action = 1, major = 8, minor = 58, devname = sdd10, devtype = partition
05-18 11:07:19.910   438   445 V vold    : handleBlockEvent(): action = 1, major = 8, minor = 59, devname = sdd11, devtype = partition
05-18 11:07:19.910   438   445 V vold    : handleBlockEvent(): action = 1, major = 8, minor = 60, devname = sdd12, devtype = partition
05-18 11:07:19.910   438   445 V vold    : handleBlockEvent(): action = 1, major = 8, minor = 61, devname = sdd13, devtype = partition
05-18 11:07:19.910   438   445 V vold    : handleBlockEvent(): action = 1, major = 8, minor = 62, devname = sdd14, devtype = partition
05-18 11:07:19.910   438   445 V vold    : handleBlockEvent(): action = 1, major = 8, minor = 63, devname = sdd15, devtype = partition
05-18 11:07:19.910   438   445 V vold    : handleBlockEvent(): action = 1, major = 259, minor = 0, devname = sdd16, devtype = partition
05-18 11:07:19.910   438   445 V vold    : handleBlockEvent(): action = 1, major = 259, minor = 1, devname = sdd17, devtype = partition
05-18 11:07:19.910   438   445 V vold    : handleBlockEvent(): action = 1, major = 259, minor = 2, devname = sdd18, devtype = partition
05-18 11:07:19.910   438   445 V vold    : handleBlockEvent(): action = 1, major = 259, minor = 3, devname = sdd19, devtype = partition
05-18 11:07:19.910   438   445 V vold    : handleBlockEvent(): action = 1, major = 259, minor = 4, devname = sdd20, devtype = partition
05-18 11:07:19.910   438   445 V vold    : handleBlockEvent(): action = 1, major = 259, minor = 5, devname = sdd21, devtype = partition
05-18 11:07:19.911   438   445 V vold    : handleBlockEvent(): action = 1, major = 259, minor = 6, devname = sdd22, devtype = partition
05-18 11:07:19.911   438   445 V vold    : handleBlockEvent(): action = 1, major = 259, minor = 7, devname = sdd23, devtype = partition
05-18 11:07:19.911   438   445 V vold    : handleBlockEvent(): action = 1, major = 259, minor = 8, devname = sdd24, devtype = partition
05-18 11:07:19.911   438   445 V vold    : handleBlockEvent(): action = 1, major = 259, minor = 9, devname = sdd25, devtype = partition
05-18 11:07:19.911   438   445 V vold    : handleBlockEvent(): action = 1, major = 259, minor = 10, devname = sdd26, devtype = partition
05-18 11:07:19.911   438   445 V vold    : handleBlockEvent(): action = 1, major = 259, minor = 11, devname = sdd27, devtype = partition
05-18 11:07:19.911   438   445 V vold    : handleBlockEvent(): action = 1, major = 259, minor = 12, devname = sdd28, devtype = partition
05-18 11:07:19.911   438   445 V vold    : handleBlockEvent(): action = 1, major = 259, minor = 13, devname = sdd29, devtype = partition
05-18 11:07:19.911   438   445 V vold    : handleBlockEvent(): action = 1, major = 259, minor = 14, devname = sdd30, devtype = partition
05-18 11:07:19.911   438   445 V vold    : handleBlockEvent(): action = 1, major = 259, minor = 15, devname = sdd31, devtype = partition
05-18 11:07:19.911   438   445 V vold    : handleBlockEvent(): action = 1, major = 259, minor = 16, devname = sdd32, devtype = partition
05-18 11:07:19.911   438   445 V vold    : handleBlockEvent(): action = 1, major = 259, minor = 17, devname = sdd33, devtype = partition
05-18 11:07:19.911   438   445 V vold    : handleBlockEvent(): action = 1, major = 259, minor = 18, devname = sdd34, devtype = partition
05-18 11:07:19.911   438   445 V vold    : handleBlockEvent(): action = 1, major = 259, minor = 19, devname = sdd35, devtype = partition
05-18 11:07:19.911   438   445 V vold    : handleBlockEvent(): action = 1, major = 259, minor = 20, devname = sdd36, devtype = partition
05-18 11:07:19.911   438   445 V vold    : handleBlockEvent(): action = 1, major = 259, minor = 21, devname = sdd37, devtype = partition
05-18 11:07:19.911   438   445 V vold    : handleBlockEvent(): action = 1, major = 259, minor = 22, devname = sdd38, devtype = partition
05-18 11:07:19.911   438   445 V vold    : handleBlockEvent(): action = 1, major = 259, minor = 23, devname = sdd39, devtype = partition
05-18 11:07:19.911   438   445 V vold    : handleBlockEvent(): action = 1, major = 259, minor = 24, devname = sdd40, devtype = partition
05-18 11:07:19.911   438   445 V vold    : handleBlockEvent(): action = 1, major = 259, minor = 25, devname = sdd41, devtype = partition
05-18 11:07:19.911   438   445 V vold    : handleBlockEvent(): action = 1, major = 259, minor = 26, devname = sdd42, devtype = partition
05-18 11:07:19.911   438   445 V vold    : handleBlockEvent(): action = 1, major = 259, minor = 27, devname = sdd43, devtype = partition
05-18 11:07:19.911   438   445 V vold    : handleBlockEvent(): action = 1, major = 259, minor = 28, devname = sdd44, devtype = partition
05-18 11:07:19.911   438   445 V vold    : handleBlockEvent(): action = 1, major = 259, minor = 29, devname = sdd45, devtype = partition
05-18 11:07:19.911   438   445 V vold    : handleBlockEvent(): action = 1, major = 259, minor = 30, devname = sdd46, devtype = partition
05-18 11:07:19.911   438   445 V vold    : handleBlockEvent(): action = 1, major = 259, minor = 31, devname = sdd47, devtype = partition
05-18 11:07:19.911   438   445 V vold    : handleBlockEvent(): action = 1, major = 259, minor = 32, devname = sdd48, devtype = partition
05-18 11:07:19.911   438   445 V vold    : handleBlockEvent(): action = 1, major = 259, minor = 33, devname = sdd49, devtype = partition
05-18 11:07:19.911   438   445 V vold    : handleBlockEvent(): action = 1, major = 259, minor = 34, devname = sdd50, devtype = partition
05-18 11:07:19.911   438   445 V vold    : handleBlockEvent(): action = 1, major = 259, minor = 35, devname = sdd51, devtype = partition
05-18 11:07:19.911   438   445 V vold    : handleBlockEvent(): action = 1, major = 259, minor = 36, devname = sdd52, devtype = partition
05-18 11:07:19.912   438   445 V vold    : handleBlockEvent(): action = 1, major = 259, minor = 37, devname = sdd53, devtype = partition
05-18 11:07:19.912   438   445 V vold    : handleBlockEvent(): action = 1, major = 259, minor = 38, devname = sdd54, devtype = partition
05-18 11:07:19.912   438   445 V vold    : handleBlockEvent(): action = 1, major = 259, minor = 39, devname = sdd55, devtype = partition
05-18 11:07:19.912   438   445 V vold    : handleBlockEvent(): action = 1, major = 259, minor = 40, devname = sdd56, devtype = partition
05-18 11:07:19.912   438   445 V vold    : handleBlockEvent(): action = 1, major = 259, minor = 41, devname = sdd57, devtype = partition
05-18 11:07:19.912   438   445 V vold    : handleBlockEvent(): action = 1, major = 259, minor = 42, devname = sdd58, devtype = partition
05-18 11:07:19.912   438   445 V vold    : handleBlockEvent(): action = 1, major = 259, minor = 43, devname = sdd59, devtype = partition
05-18 11:07:19.912   438   445 V vold    : handleBlockEvent(): action = 1, major = 259, minor = 44, devname = sdd60, devtype = partition
05-18 11:07:19.912   438   445 V vold    : handleBlockEvent(): action = 1, major = 1, minor = 0, devname = ram0, devtype = disk
05-18 11:07:19.912   438   445 V vold    : handleBlockEvent(): action = 1, major = 1, minor = 1, devname = ram1, devtype = disk
05-18 11:07:19.912   438   445 V vold    : handleBlockEvent(): action = 1, major = 1, minor = 2, devname = ram2, devtype = disk
05-18 11:07:19.912   438   445 V vold    : handleBlockEvent(): action = 1, major = 1, minor = 3, devname = ram3, devtype = disk
05-18 11:07:19.912   438   445 V vold    : handleBlockEvent(): action = 1, major = 7, minor = 0, devname = loop0, devtype = disk
05-18 11:07:19.912   438   445 V vold    : handleBlockEvent(): action = 1, major = 7, minor = 1, devname = loop1, devtype = disk
05-18 11:07:19.912   438   445 V vold    : handleBlockEvent(): action = 1, major = 7, minor = 2, devname = loop2, devtype = disk
05-18 11:07:19.912   438   445 V vold    : handleBlockEvent(): action = 1, major = 7, minor = 3, devname = loop3, devtype = disk
05-18 11:07:19.913   438   445 V vold    : handleBlockEvent(): action = 1, major = 7, minor = 4, devname = loop4, devtype = disk
05-18 11:07:19.913   438   445 V vold    : handleBlockEvent(): action = 1, major = 7, minor = 5, devname = loop5, devtype = disk
05-18 11:07:19.913   438   445 V vold    : handleBlockEvent(): action = 1, major = 7, minor = 6, devname = loop6, devtype = disk
05-18 11:07:19.913   438   445 V vold    : handleBlockEvent(): action = 1, major = 7, minor = 7, devname = loop7, devtype = disk
05-18 11:07:19.913   438   445 V vold    : handleBlockEvent(): action = 1, major = 254, minor = 0, devname = zram0, devtype = disk
05-18 11:07:21.805   657   657 I vendor.huawei.hardware.wifi@1.1-service: Wifi Hal 1.1 is starting up...
05-18 11:07:21.899   726   726 I installd: installd firing up
05-18 11:07:22.015   734   734 I wificond: wificond is starting up...
05-18 11:07:22.016   734   734 W wificond: enter wifi_stop_supplicant ...
05-18 11:07:22.016   734   734 W wificond: supplicant prop is null, wait at most 2 seconds for completion
05-18 11:07:22.333   732   877 I /system/bin/storaged: storaged: Start
05-18 11:07:22.555   438   445 E NetlinkEvent: NetlinkEvent::FindParam(): Parameter 'MMC_LOCK' not found
05-18 11:07:23.152  1261  1261 I chatty  : uid=1000 system_server expire 169 lines
05-18 11:07:23.343  1261  1332 I chatty  : uid=1000 system_server expire 19 lines
05-18 11:07:23.649  1261  1447 I chatty  : uid=1000(system) android.display expire 21 lines
05-18 11:07:24.281  1261  1497 I chatty  : uid=1000 system_server expire 3 lines
05-18 11:07:24.281  1261  1495 I chatty  : uid=1000 system_server expire 3 lines
05-18 11:07:24.282  1261  1496 I chatty  : uid=1000 system_server expire 2 lines
05-18 11:07:24.282  1261  1494 I chatty  : uid=1000 system_server expire 2 lines
05-18 11:07:24.283  1261  1498 I chatty  : uid=1000 system_server expire 2 lines
05-18 11:07:24.285  1261  1499 I chatty  : uid=1000 system_server expire 1 line
05-18 11:07:24.286  1261  1500 I chatty  : uid=1000 system_server expire 1 line
05-18 11:07:24.286  1261  1502 I chatty  : uid=1000 system_server expire 1 line
05-18 11:07:24.287  1261  1501 I chatty  : uid=1000 system_server expire 1 line
05-18 11:07:24.293  1261  1505 I chatty  : uid=1000 system_server expire 1 line
05-18 11:07:24.293  1261  1506 I chatty  : uid=1000 system_server expire 1 line
05-18 11:07:24.293  1261  1504 I chatty  : uid=1000 system_server expire 1 line
05-18 11:07:24.296  1261  1507 I chatty  : uid=1000 system_server expire 1 line
05-18 11:07:24.298  1261  1503 I chatty  : uid=1000 system_server expire 2 lines
05-18 11:07:24.303  1261  1513 I chatty  : uid=1000 system_server expire 3 lines
05-18 11:07:24.304  1261  1511 I chatty  : uid=1000 system_server expire 4 lines
05-18 11:07:24.305  1261  1510 I chatty  : uid=1000 system_server expire 2 lines
05-18 11:07:24.306  1261  1512 I chatty  : uid=1000 system_server expire 3 lines
05-18 11:07:24.307  1261  1509 I chatty  : uid=1000 system_server expire 3 lines
05-18 11:07:24.307  1261  1514 I chatty  : uid=1000 system_server expire 1 line
05-18 11:07:24.307  1261  1515 I chatty  : uid=1000 system_server expire 1 line
05-18 11:07:24.308  1261  1508 I chatty  : uid=1000 system_server expire 1 line
05-18 11:07:24.308  1261  1516 I chatty  : uid=1000 system_server expire 1 line
05-18 11:07:24.315  1261  1518 I chatty  : uid=1000 system_server expire 1 line
05-18 11:07:24.315  1261  1517 I chatty  : uid=1000 system_server expire 1 line
05-18 11:07:24.315  1261  1519 I chatty  : uid=1000 system_server expire 1 line
05-18 11:07:24.582  1261  1539 I chatty  : uid=1000 system_server expire 3 lines
05-18 11:07:24.596  1261  1532 I chatty  : uid=1000 system_server expire 4 lines
05-18 11:07:24.959  1261  1527 I chatty  : uid=1000 system_server expire 1 line
05-18 11:07:25.709  1261  1419 I chatty  : uid=1000(system) android.ui expire 3 lines
05-18 11:07:25.735  1261  1261 I chatty  : uid=1000 system_server expire 207 lines
05-18 11:07:25.778  1261  1415 I chatty  : uid=1000(system) android.bg expire 1 line
05-18 11:07:25.782  1261  1447 I chatty  : uid=1000(system) android.display expire 10 lines
05-18 11:07:25.829  1261  1578 I chatty  : uid=1000(system) VoldConnector expire 3 lines
05-18 11:07:25.829  1261  1579 I chatty  : uid=1000(system) CryptdConnector expire 2 lines
05-18 11:07:25.830  1261  1575 I chatty  : uid=1000(system) StorageManagerS expire 13 lines
05-18 11:07:25.834   438   446 D VoldCmdListener: asec list
05-18 11:07:25.835  1261  1572 I chatty  : uid=1000(system) InputDispatcher expire 10 lines
05-18 11:07:25.899   438   446 D VoldCmdListener: asec list
05-18 11:07:25.901  1261  1531 I chatty  : uid=1000 system_server expire 10 lines
05-18 11:07:25.988  1261  1581 I chatty  : uid=1000(system) NetdConnector expire 6 lines
05-18 11:07:26.152  1261  1591 I chatty  : uid=1000(system) IpManager.wlan0 expire 2 lines
05-18 11:07:26.213  1261  1598 I chatty  : uid=1000(system) WifiP2pService expire 1 line
05-18 11:07:26.271  1261  1605 I chatty  : uid=1000(system) notification ma expire 2 lines
05-18 11:07:26.369  1261  1614 I chatty  : uid=1000(system) nt.EventHandler expire 2 lines
05-18 11:07:26.383  1261  1464 I chatty  : uid=1000(system) HwBinder:1261_1 expire 1 line
05-18 11:07:26.396  1261  1601 I chatty  : uid=1000(system) ConnectivitySer expire 1 line
05-18 11:07:26.420  1261  1622 I chatty  : uid=1000(system) SdCryptdConnect expire 1 line
05-18 11:07:26.457  1261  1261 I chatty  : uid=1000 system_server expire 142 lines
05-18 11:07:26.541   657   657 I vendor.huawei.hardware.wifi@1.1-service: Wifi HAL started
05-18 11:07:26.566  1261  1653 I chatty  : uid=1000(system) StatisticsCHRMs expire 4 lines
05-18 11:07:26.583  1261  1601 I chatty  : uid=1000(system) ConnectivitySer expire 2 lines
05-18 11:07:26.584  1261  1664 I chatty  : uid=1000(system) EthernetService expire 1 line
05-18 11:07:26.585  1261  1581 I chatty  : uid=1000(system) NetdConnector expire 58 lines
05-18 11:07:26.596  1261  1665 I chatty  : uid=1000 system_server expire 3 lines
05-18 11:07:26.688  1261  1672 I chatty  : uid=1000(system) EyeProtectionCo expire 6 lines
05-18 11:07:26.697  1261  1452 I chatty  : uid=1000(system) PowerManagerSer expire 6 lines
05-18 11:07:26.707  1261  1676 I chatty  : uid=1000 system_server expire 1 line
05-18 11:07:26.747  1261  1447 I chatty  : uid=1000(system) android.display expire 4 lines
05-18 11:07:26.801  1261  1418 I chatty  : uid=1000(system) ActivityManager expire 3 lines
05-18 11:07:26.841  1261  1575 I chatty  : uid=1000(system) StorageManagerS expire 7 lines
05-18 11:07:26.841  1261  1416 I chatty  : uid=1000(system) HwActivityManag expire 3 lines
05-18 11:07:26.842   438   446 D VoldCmdListener: volume reset
05-18 11:07:26.842   438   446 W vold    : VolumeBase::setState(): Volume emulated State changing Unmounted->Removed
05-18 11:07:26.843   438   446 W SocketListener: sending broadcast to Pid = 1261, Uid = 1000 
05-18 11:07:26.843   438   446 W SocketListener: sending broadcast to Pid = 1261, Uid = 1000 
05-18 11:07:26.843   438   446 W SocketListener: sending broadcast to Pid = 1261, Uid = 1000 
05-18 11:07:26.843   438   446 I chatty  : uid=0(root) /system/bin/vold identical 2 lines
05-18 11:07:26.843   438   446 W SocketListener: sending broadcast to Pid = 1261, Uid = 1000 
05-18 11:07:26.843   438   446 W vold    : VolumeBase::setState(): Volume emulated State changing Removed->Unmounted
05-18 11:07:26.843   438   446 W SocketListener: sending broadcast to Pid = 1261, Uid = 1000 
05-18 11:07:26.843   438   446 W SocketListener: sending broadcast to Pid = 1261, Uid = 1000 
05-18 11:07:26.845  1261  1578 I chatty  : uid=1000(system) VoldConnector expire 6 lines
05-18 11:07:26.845  1261  1445 I chatty  : uid=1000(system) android.fg expire 5 lines
05-18 11:07:26.848  1680  1680 D ActivityThread: ActivityThread,attachApplication
05-18 11:07:26.849   438   446 D VoldCmdListener: volume user_added 0 0
05-18 11:07:26.850  1261  1288 I chatty  : uid=1000(system) Binder:1261_2 expire 4 lines
05-18 11:07:26.856  1261  1575 I chatty  : uid=1000(system) StorageManagerS expire 3 lines
05-18 11:07:26.857   438   446 D VoldCmdListener: volume mount emulated 3 -1 -1
05-18 11:07:26.857   438   446 D VoldCmdListener: blockedUserId -1
05-18 11:07:26.857   438   446 W vold    : VolumeBase::setState(): Volume emulated State changing Unmounted->Checking
05-18 11:07:26.857   438   446 W SocketListener: sending broadcast to Pid = 1261, Uid = 1000 
05-18 11:07:26.857   438   446 I chatty  : uid=0(root) /system/bin/vold identical 4 lines
05-18 11:07:26.857   438   446 W SocketListener: sending broadcast to Pid = 1261, Uid = 1000 
05-18 11:07:26.857   438   446 W vold    : EmulatedVolume::doMount(): mFuseDefault is /mnt/runtime/default/emulated
05-18 11:07:26.857   438   446 W vold    : EmulatedVolume::doMount(): mFuseRead is /mnt/runtime/read/emulated
05-18 11:07:26.857   438   446 W vold    : EmulatedVolume::doMount(): mFuseWrite is /mnt/runtime/write/emulated
05-18 11:07:26.857   438   446 W vold    : EmulatedVolume::doMount(): mRawPath is /data/media
05-18 11:07:26.858  1261  1578 I chatty  : uid=1000(system) VoldConnector expire 5 lines
05-18 11:07:26.858   438   446 D vold    : EmulatedVolume::doMount(), Successfully to mount internal SD card
05-18 11:07:26.858   438   446 W vold    : VolumeBase::setState(): Volume emulated State changing Checking->Mounted
05-18 11:07:26.858   438   446 W SocketListener: sending broadcast to Pid = 1261, Uid = 1000 
05-18 11:07:26.858   438   446 W SocketListener: sending broadcast to Pid = 1261, Uid = 1000 
05-18 11:07:26.858   438   446 W vold    : emulated user change requires state unmounted or unmountable
05-18 11:07:26.860  1261  1445 I chatty  : uid=1000(system) android.fg expire 6 lines
05-18 11:07:26.864  1693  1693 D ActivityThread: ActivityThread,attachApplication
05-18 11:07:26.864  1261  1261 I chatty  : uid=1000 system_server expire 68 lines
05-18 11:07:26.871  1261  1452 I chatty  : uid=1000(system) PowerManagerSer expire 4 lines
05-18 11:07:26.872  1261  1527 I chatty  : uid=1000 system_server expire 7 lines
05-18 11:07:26.873  1261  1464 I chatty  : uid=1000(system) HwBinder:1261_1 expire 1 line
05-18 11:07:26.877  1261  1418 I chatty  : uid=1000(system) ActivityManager expire 3 lines
05-18 11:07:26.878  1261  1611 I chatty  : uid=1000(system) AudioService expire 1 line
05-18 11:07:26.881  1261  1581 I chatty  : uid=1000(system) NetdConnector expire 80 lines
05-18 11:07:26.898  1261  1583 I chatty  : uid=1000(system) NetworkPolicy expire 20 lines
05-18 11:07:26.900  1719  1719 D ActivityThread: ActivityThread,attachApplication
05-18 11:07:27.071  1693  1693 I HwGeneralManager: isSupportTrikey is:false
05-18 11:07:27.090  1693  1844 E ActivityThread: Failed to find provider info for com.huawei.vdrive.mirrorlinktogo
05-18 11:07:27.098  1261  1287 I chatty  : uid=1000(system) Binder:1261_1 expire 21 lines
05-18 11:07:27.120  1261  1835 I chatty  : uid=1000(system) Binder:1261_4 expire 3 lines
05-18 11:07:27.181  1261  1560 I chatty  : uid=1000(system) Binder:1261_3 expire 5 lines
05-18 11:07:27.269   603  1241 W SocketListener: sending broadcast to Pid = 1261, Uid = 1000 
05-18 11:07:27.271   657   657 E vendor.huawei.hardware.wifi@1.1-service: Failed to set DFS flag; DFS channels may be unavailable.
05-18 11:07:27.279   734   734 I wificond: create scanner for interface with index: 27
05-18 11:07:27.279   734   734 I wificond: subscribe scan result for interface with index: 27
05-18 11:07:27.281  1261  1586 I chatty  : uid=1000(system) WifiStateMachin expire 3 lines
05-18 11:07:27.301   734   734 W wificond: enter StartSupplicant ...
05-18 11:07:27.305   734   734 W wificond: wifi_start_supplicant try to wait start
05-18 11:07:27.329  1261  1582 I chatty  : uid=1000(system) NetworkStats expire 4 lines
05-18 11:07:27.330  1261  1984 I chatty  : uid=1000(system) watchdog expire 1 line
05-18 11:07:27.352  1261  1994 I chatty  : uid=1000 system_server expire 2 lines
05-18 11:07:27.359  1985  1985 D ActivityThread: ActivityThread,attachApplication
05-18 11:07:27.372  1261  1261 D HwMultiNlpPolicy: getDataSubscription mDataSub: 0
05-18 11:07:27.373  1261  1261 I SystemServer: MakeCountryDetectionServiceReady
05-18 11:07:27.374  1261  1261 I SystemServer: MakeNetworkTimeUpdateReady
05-18 11:07:27.375  1261  1261 D ConnectivityService: requestNetwork for uid/pid:1000/1261 NetworkRequest [ TRACK_DEFAULT id=4, [ Capabilities: INTERNET&NOT_RESTRICTED&TRUSTED&NOT_VPN] ]
05-18 11:07:27.375  1261  1261 I SystemServer: MakeCommonTimeManagementServiceReady
05-18 11:07:27.376  1261  1261 I SystemServer: MakeInputManagerServiceReady
05-18 11:07:27.376  1261  1601 D ConnectivityService: sending new Min Network Score(0): NetworkRequest [ TRACK_DEFAULT id=4, [ Capabilities: INTERNET&NOT_RESTRICTED&TRUSTED&NOT_VPN] ]
05-18 11:07:27.383  1261  1261 I SystemServer: MakeTelephonyRegistryReady
05-18 11:07:27.383  1261  1261 I SystemServer: MakeMediaRouterServiceReady
05-18 11:07:27.383  1261  1261 I SystemServer: MakeMmsServiceReady
05-18 11:07:27.383  1261  1261 I MmsServiceBroker: systemRunning: do no bindMmsserivce when boot up
05-18 11:07:27.383  1261  1261 I SystemServer: MakeNetworkScoreServiceReady
05-18 11:07:27.383  1261  1261 I SystemServer: IncidentDaemonReady
05-18 11:07:27.395   603  1241 W SocketListener: sending broadcast to Pid = 1261, Uid = 1000 
05-18 11:07:27.396   603  1241 W SocketListener: sending broadcast to Pid = 1261, Uid = 1000 
05-18 11:07:27.396  1261  1581 D NetdConnector: RCV <- {600 Iface linkstate wlan0 up}
05-18 11:07:27.396  1261  1581 D NetdConnector: RCV <- {600 Iface linkstate wlan0 up}
05-18 11:07:27.397  1261  1445 D NetdConnector: RCV unsolicited event from native daemon, event = 600
05-18 11:07:27.397  1261  1581 D NetdConnector: RCV <- {600 Iface linkstate wlan0 up}
05-18 11:07:27.397  1261  1581 D NetdConnector: RCV <- {600 Iface linkstate wlan0 up}
05-18 11:07:27.399  1261  1445 D NetdConnector: RCV unsolicited event from native daemon, event = 600
05-18 11:07:27.401  1261  1261 I SystemServiceManager: Calling onStartUser u0
05-18 11:07:27.424  1261  2005 W HwLocationProviderProxy-network: Odd, no component found for service com.android.location.service.v3.NetworkLocationProvider
05-18 11:07:27.427  1261  1261 I [SPMN]  : insert SECURE -- name = voice_interaction_service, package = android, user = 0, value = com.huawei.vassistant/com.huawei.ziri.service.FakeVoiceInteractionService
05-18 11:07:27.427  1261  1261 I [SPMN]  : insert SECURE -- name = voice_recognition_service, package = android, user = 0, value = com.huawei.vassistant/com.huawei.ziri.service.FakeRecognitionService
05-18 11:07:27.434  1261  1261 I ActivityManager: Start proc 2028:com.huawei.hiview/1000 for added application com.huawei.hiview
05-18 11:07:27.445  1261  1261 I ActivityManager: Start proc 2036:com.huawei.systemserver/1000 for added application com.huawei.systemserver
05-18 11:07:27.451  2028  2028 D ActivityThread: ActivityThread,attachApplication
05-18 11:07:27.456  2036  2036 D ActivityThread: ActivityThread,attachApplication
05-18 11:07:27.457  1261  1261 I ActivityManager: Start proc 2057:com.huawei.powergenie/1000 for added application com.huawei.powergenie
05-18 11:07:27.466  2057  2057 D ActivityThread: ActivityThread,attachApplication
05-18 11:07:27.467  1261  1261 I ActivityManager: Start proc 2071:com.android.phone/1001 for added application com.android.phone
05-18 11:07:27.470  1261  1261 W AntiTheftManager: AntiTheft is null!
05-18 11:07:27.472  1261  1261 I ActivityManager: START u0 {act=android.intent.action.MAIN cat=[android.intent.category.HOME] flg=0x10000300 cmp=com.android.settings/.FallbackHome} from uid 0
05-18 11:07:27.474   603  1241 W SocketListener: sending broadcast to Pid = 1261, Uid = 1000 
05-18 11:07:27.474   603  1241 I chatty  : uid=0(root) /system/bin/netd identical 2 lines
05-18 11:07:27.474   603  1241 W SocketListener: sending broadcast to Pid = 1261, Uid = 1000 
05-18 11:07:27.474  1261  1581 D NetdConnector: RCV <- {600 Iface linkstate p2p0 up}
05-18 11:07:27.475  1261  1581 D NetdConnector: RCV <- {600 Iface linkstate p2p0 up}
05-18 11:07:27.475   603  1241 W SocketListener: sending broadcast to Pid = 1261, Uid = 1000 
05-18 11:07:27.475  1261  1445 D NetdConnector: RCV unsolicited event from native daemon, event = 600
05-18 11:07:27.475  1261  1581 D NetdConnector: RCV <- {616 Route updated ****/64 dev p2p0}
05-18 11:07:27.475  1261  1581 D NetdConnector: RCV <- {616 Route updated ****/64 dev p2p0}
05-18 11:07:27.476  1261  1445 D NetdConnector: RCV unsolicited event from native daemon, event = 616
05-18 11:07:27.476  1261  1581 D NetdConnector: RCV <- {600 Iface linkstate p2p0 up}
05-18 11:07:27.477  1261  1261 I ActivityManager: ActivityRecord info: ActivityInfo{4815b54 com.android.settings.FallbackHome}
05-18 11:07:27.477  1261  1581 D NetdConnector: RCV <- {600 Iface linkstate p2p0 up}
05-18 11:07:27.478  1261  1581 I chatty  : uid=1000(system) NetdConnector identical 1 line
05-18 11:07:27.478  1261  1581 D NetdConnector: RCV <- {600 Iface linkstate p2p0 up}
05-18 11:07:27.478  1261  1445 D NetdConnector: RCV unsolicited event from native daemon, event = 600
05-18 11:07:27.479  1261  1445 D NetdConnector: RCV unsolicited event from native daemon, event = 600
05-18 11:07:27.481  1261  1581 D NetdConnector: RCV <- {614 Address updated ****************fe66/64 p2p0 196 253}
05-18 11:07:27.482  1261  1581 D NetdConnector: RCV <- {614 Address updated ****************fe66/64 p2p0 196 253}
05-18 11:07:27.484  2071  2071 D ActivityThread: ActivityThread,attachApplication
05-18 11:07:27.484  1261  1445 D NetdConnector: RCV unsolicited event from native daemon, event = 614
05-18 11:07:27.491  1261  1261 I ActivityManager: Loaded persisted task ids for user 0
05-18 11:07:27.508  1261  1586 W Looper  : Dispatch took 974ms on WifiStateMachine, h=Handler (com.android.internal.util.StateMachine$SmHandler) {dd4e819}#WifiStateMachine cb=null msg=131144
05-18 11:07:27.537  1261  1994 D HwWallpaperService: saveBlurWallpaperBitmapLocked begin
05-18 11:07:27.575  1261  1994 D HwWallpaperService: saveBlurWallpaperBitmapLocked takenTime = 38
05-18 11:07:27.575  1261  1994 D HwWallpaperService: onEvent createBlurBitmap Blur takenTime = 223
05-18 11:07:27.640  1261  1261 V WindowManager: addAppToken: AppWindowToken{22a7d3e token=Token{e00f9f9 ActivityRecord{b42d8c0 u0 com.android.settings/.FallbackHome t1}}} controller={TaskWindowContainerController taskId=1} at 2147483647
05-18 11:07:27.642  1261  1261 V WindowManager: No longer Stopped: AppWindowToken{22a7d3e token=Token{e00f9f9 ActivityRecord{b42d8c0 u0 com.android.settings/.FallbackHome t1}}}
05-18 11:07:27.642  1261  1261 V WindowManager: No longer Stopped: AppWindowToken{22a7d3e token=Token{e00f9f9 ActivityRecord{b42d8c0 u0 com.android.settings/.FallbackHome t1}}}
05-18 11:07:27.647  1261  1261 V WindowManager: Checking 0 opening apps (frozen=false timeout=false)...
05-18 11:07:27.649  1261  1287 D ActivityManager: ActivityManagerService,attachApplication,callingPid = 2028
05-18 11:07:27.651  1261  1835 D ActivityManager: ActivityManagerService,attachApplication,callingPid = 2036
05-18 11:07:27.654  1261  2070 D ActivityManager: ActivityManagerService,attachApplication,callingPid = 2057
05-18 11:07:27.656  1261  2076 D ActivityManager: ActivityManagerService,attachApplication,callingPid = 2071
05-18 11:07:27.660  1261  1261 I TrustSpaceManagerService: TrustSpaceManagerService init begin
05-18 11:07:27.661  1261  1261 D TrustSpaceSettings: Previous settings file not find
05-18 11:07:27.661  1261  1452 D HwPowerManagerService: setColorTemperatureAccordingToSetting
05-18 11:07:27.661  1261  1452 I HwPowerManagerService: setColorTemperatureAccordingToSetting new from displayengine.
05-18 11:07:27.661  1261  1452 W HwPowerManagerService: ColorTemperature read from setting failed, and set default values
05-18 11:07:27.665  1261  1582 D NetdConnector: SND -> {43 bandwidth gettetherstats}
05-18 11:07:27.665  1261  1261 D TrustSpaceManagerService: Cloned Profile is not exist
05-18 11:07:27.665  1261  1261 I TrustSpaceManagerService: Enable TrustSpace App: true
05-18 11:07:27.666  1261  1581 D NetdConnector: RCV <- {200 43 Tethering stats list completed}
05-18 11:07:27.667  1261  1581 D NetdConnector: RCV <- {200 43 Tethering stats list completed}
05-18 11:07:27.667  1261  1582 W NetworkStatsFactory: mStatsXtProcUid: /proc/net/comm/stats does not exist!
05-18 11:07:27.667  1261  1582 D HwNetworkStatsService: hwRecordUidAndProcSnapshotLocked currentTime = 1526612847664
05-18 11:07:27.668  1261  1582 I NetworkStatsFactory: javaReadNetworkStatsUidAndProcDetail. cost time = 0
05-18 11:07:27.686  1261  1261 I TrustSpaceManagerService: TrustSpaceManagerService init end
05-18 11:07:27.686  1261  1261 E HwActivityManagerService: SecurityProfileInternal not find !
05-18 11:07:27.688  1261  2005 W HwGeocoderProxy: Odd, no component found for service com.android.location.service.GeocodeProvider
05-18 11:07:27.688  1719  1719 V ActivityThread: ActivityThread,callActivityOnCreate
05-18 11:07:27.690  1261  1261 D SystemServerInitThreadPool: Shutdown successful
05-18 11:07:27.692  1261  1261 W WindowManager_cover: CoverManagerService not started yet
05-18 11:07:27.692  1261  2005 D LocationManagerService: FLP HAL not supported
05-18 11:07:27.692  1261  1261 W WindowManager_cover: CoverManagerService not started yet
05-18 11:07:27.694  1261  1261 I chatty  : uid=1000 system_server identical 5 lines
05-18 11:07:27.695  1261  1261 W WindowManager_cover: CoverManagerService not started yet
05-18 11:07:27.701  1261  1588 W ContextImpl: Calling a method in the system process without a qualified user: android.app.ContextImpl.startService:1656 com.huawei.ncdft.HwNcDftConnManager.bindToService:82 com.huawei.ncdft.HwNcDftConnManager.reportToDft:135 com.huawei.ncdft.HwWifiDFTConnManager.reportWifiDFTEvent:69 com.android.server.wifi.HwWifiCHRStateManagerImpl.handleNotifyNcSTATDftEvent:2822 
05-18 11:07:27.703  1261  1588 W ContextImpl: Calling a method in the system process without a qualified user: android.app.ContextImpl.bindService:1736 com.huawei.ncdft.HwNcDftConnManager.bindToService:90 com.huawei.ncdft.HwNcDftConnManager.reportToDft:135 com.huawei.ncdft.HwWifiDFTConnManager.reportWifiDFTEvent:69 com.android.server.wifi.HwWifiCHRStateManagerImpl.handleNotifyNcSTATDftEvent:2822 
05-18 11:07:27.704  1261  1588 W ContextImpl: Calling a method in the system process without a qualified user: android.app.ContextImpl.startService:1656 com.huawei.ncdft.HwNcDftConnManager.bindToService:82 com.huawei.ncdft.HwNcDftConnManager.reportToDft:135 com.huawei.ncdft.HwWifiDFTConnManager.reportWifiDFTEvent:69 com.android.server.wifi.HwWifiCHRStateManagerImpl.handleNotifyNcSTATDftEvent:3041 
05-18 11:07:27.704  1261  1588 W ContextImpl: Calling a method in the system process without a qualified user: android.app.ContextImpl.bindService:1736 com.huawei.ncdft.HwNcDftConnManager.bindToService:90 com.huawei.ncdft.HwNcDftConnManager.reportToDft:135 com.huawei.ncdft.HwWifiDFTConnManager.reportWifiDFTEvent:69 com.android.server.wifi.HwWifiCHRStateManagerImpl.handleNotifyNcSTATDftEvent:3041 
05-18 11:07:27.704  1261  1586 I HwAlarmManagerService: hwSetAlarm listenerTag: WifiConnectivityManager Schedule Watchdog Timer
05-18 11:07:27.704  1719  1719 D ActivityThread: add activity client record, r= ActivityRecord{c11390e token=android.os.BinderProxy@e2e85f8 {com.android.settings/com.android.settings.FallbackHome}} token= android.os.BinderProxy@e2e85f8
05-18 11:07:27.710  1261  1434 E BatteryStatsService: no controller energy info supplied
05-18 11:07:27.712  1261  1434 W KernelMemoryBandwidthStats: No kernel memory bandwidth stats available
05-18 11:07:27.715  1261  2005 D LocationManagerService: Hardware Activity-Recognition not supported.
05-18 11:07:27.715  1261  2005 W ActivityRecognitionProxy: Odd, no component found for service com.android.location.service.ActivityRecognitionProvider
05-18 11:07:27.722  1985  1985 W ContextImpl: Calling a method in the system process without a qualified user: android.app.ContextImpl.startService:1656 android.content.ContextWrapper.startService:644 com.huawei.systemmanager.SystemManagerApplication.startMainService:354 com.huawei.systemmanager.SystemManagerApplication.startServices:201 com.huawei.systemmanager.SystemManagerApplication.onCreate:138 
05-18 11:07:27.725  1985  1985 W ContextImpl: Calling a method in the system process without a qualified user: android.app.ContextImpl.startService:1656 android.content.ContextWrapper.startService:644 com.huawei.systemmanager.SystemManagerApplication.startPermissionService:279 com.huawei.systemmanager.SystemManagerApplication.startServices:202 com.huawei.systemmanager.SystemManagerApplication.onCreate:138 
05-18 11:07:27.725  1261  2097 I HwAlarmManagerService: hwSetAlarm listenerTag: GraphicsStatsService
05-18 11:07:27.727  1261  2005 W ContextImpl: Calling a method in the system process without a qualified user: android.app.ContextImpl.startService:1656 com.huawei.ncdft.HwNcDftConnManager.bindToService:82 com.huawei.ncdft.HwNcDftConnManager.reportGnssApkName:176 com.android.server.location.HwGpsLogServices.updateApkName:220 com.android.server.LocationManagerService.requestLocationUpdatesLocked:2414 
05-18 11:07:27.729  1261  2005 W ContextImpl: Calling a method in the system process without a qualified user: android.app.ContextImpl.bindService:1736 com.huawei.ncdft.HwNcDftConnManager.bindToService:90 com.huawei.ncdft.HwNcDftConnManager.reportGnssApkName:176 com.android.server.location.HwGpsLogServices.updateApkName:220 com.android.server.LocationManagerService.requestLocationUpdatesLocked:2414 
05-18 11:07:27.731  1261  2097 V WindowManager: Adding Window{a739c2f u0 com.android.settings/com.android.settings.FallbackHome} to AppWindowToken{22a7d3e token=Token{e00f9f9 ActivityRecord{b42d8c0 u0 com.android.settings/.FallbackHome t1}}}
05-18 11:07:27.733  1261  2097 V WindowManager: addWindow: New client android.os.BinderProxy@807a510: window=Window{a739c2f u0 com.android.settings/com.android.settings.FallbackHome} Callers=com.android.server.wm.HwWindowManagerService.addWindow:573 com.android.server.wm.Session.addToDisplay:199 android.view.IWindowSession$Stub.onTransact:124 com.android.server.wm.Session.onTransact:161 android.os.Binder.execTransact:675 
05-18 11:07:27.733  1985  1985 W ContextImpl: Calling a method in the system process without a qualified user: android.app.ContextImpl.startService:1656 android.content.ContextWrapper.startService:644 com.huawei.systemmanager.SystemManagerApplication.startBgStaticsService:300 com.huawei.systemmanager.SystemManagerApplication.startServices:207 com.huawei.systemmanager.SystemManagerApplication.onCreate:138 
05-18 11:07:27.746  1261  1287 V HwPhoneWindowManager: updateSystemUiColorLw window=Window{a739c2f u0 com.android.settings/com.android.settings.FallbackHome},EmuiStyle=0,StatusBarColor=0x0,NavigationBarColor=0x0, mLastIsEmuiLightStyle=-1, mForceNotchStatusBar=false
05-18 11:07:27.747  1985  1985 W ContextImpl: Calling a method in the system process without a qualified user: android.app.ContextImpl.startService:1656 android.content.ContextWrapper.startService:644 com.huawei.systemmanager.SystemManagerApplication.startDeviceStorageMonitorService:307 com.huawei.systemmanager.SystemManagerApplication.startServices:209 com.huawei.systemmanager.SystemManagerApplication.onCreate:138 
05-18 11:07:27.750  1261  2097 D SecInputMethodManagerService: startInputOrWindowGainedFocus, mCurMethodId is null, reset
05-18 11:07:27.751  1985  1985 W ContextImpl: Calling a method in the system process without a qualified user: android.app.ContextImpl.startService:1656 android.content.ContextWrapper.startService:644 com.huawei.systemmanager.SystemManagerApplication.startSpaceCleanService:328 com.huawei.systemmanager.SystemManagerApplication.startServices:213 com.huawei.systemmanager.SystemManagerApplication.onCreate:138 
05-18 11:07:27.752  1261  2097 V WindowManager: Adding Window{a4e227 u0 DividerMenusView} to WindowToken{4465cd4 android.os.BinderProxy@94dace6}
05-18 11:07:27.752  1985  1985 W ContextImpl: Calling a method in the system process without a qualified user: android.app.ContextImpl.startService:1656 android.content.ContextWrapper.startService:644 com.huawei.systemmanager.SystemManagerApplication.startSmartControlResidentService:338 com.huawei.systemmanager.SystemManagerApplication.startServices:216 com.huawei.systemmanager.SystemManagerApplication.onCreate:138 
