05-18 11:07:31.280  1261  1601 D NetdConnector: SND -> {60 bandwidth gettetherstats}
05-18 11:07:31.284  1261  1581 D NetdConnector: RCV <- {200 60 Tethering stats list completed}
05-18 11:07:31.284  1261  1581 D NetdConnector: RCV <- {200 60 Tethering stats list completed}
05-18 11:07:31.284  3246  3246 D ActivityThread: ActivityThread,attachApplication
05-18 11:07:31.285  1261  1586 I HwAlarmManagerService: hwSetAlarm listenerTag: WifiConnectivityManager Schedule Periodic Scan Timer
05-18 11:07:31.286  1261  1447 V WindowManager: Checking 0 opening apps (frozen=false timeout=false)...
05-18 11:07:31.286  1261  1601 W NetworkStatsFactory: mStatsXtProcUid: /proc/net/comm/stats does not exist!
05-18 11:07:31.286  1261  1601 D HwNetworkStatsService: hwRecordUidAndProcSnapshotLocked currentTime = 1526612851279
05-18 11:07:31.287  1261  1601 I NetworkStatsFactory: javaReadNetworkStatsUidAndProcDetail. cost time = 0
05-18 11:07:31.287  1261  1447 V WindowManager: Checking 0 opening apps (frozen=false timeout=false)...
05-18 11:07:31.288  1261  2277 D ActivityManager: ActivityManagerService,attachApplication,callingPid = 3246
05-18 11:07:31.290  1261  1601 D ConnectivityService: notifyType IP_CHANGED for NetworkAgentInfo [WIFI () - 100]
05-18 11:07:31.295  1261  1601 D NetdConnector: SND -> {61 bandwidth gettetherstats}
05-18 11:07:31.296  1261  1581 D NetdConnector: RCV <- {200 61 Tethering stats list completed}
05-18 11:07:31.297  1261  1581 D NetdConnector: RCV <- {200 61 Tethering stats list completed}
05-18 11:07:31.299  1261  1601 W NetworkStatsFactory: mStatsXtProcUid: /proc/net/comm/stats does not exist!
05-18 11:07:31.299  1261  1601 D HwNetworkStatsService: hwRecordUidAndProcSnapshotLocked currentTime = 1526612851294
05-18 11:07:31.299  1261  1601 I NetworkStatsFactory: javaReadNetworkStatsUidAndProcDetail. cost time = 0
05-18 11:07:31.307  1261  2820 V BroadcastQueue: Finished with ordered broadcast BroadcastRecord{be54e58 u-1 android.hardware.usb.action.USB_STATE}
05-18 11:07:31.314  1261  1601 D ConnectivityService: scheduleUnvalidatedPrompt 100
05-18 11:07:31.314  1261  1601 D ConnectivityService: updateSignalStrengthThresholds: CONNECT, sending [] to NetworkAgentInfo [WIFI () - 100]
05-18 11:07:31.314  1261  1601 D ConnectivityService: rematching NetworkAgentInfo [WIFI () - 100]
05-18 11:07:31.314  1261  1601 D ConnectivityService:  network has: [ Transports: WIFI Capabilities: NOT_METERED&INTERNET&NOT_RESTRICTED&TRUSTED&NOT_VPN&FOREGROUND LinkUpBandwidth>=1048576Kbps LinkDnBandwidth>=1048576Kbps SignalStrength: -56]
05-18 11:07:31.314  1261  1601 D ConnectivityService: currentScore = 0, newScore = 60
05-18 11:07:31.314  1261  1601 D ConnectivityService: rematch for NetworkAgentInfo [WIFI () - 100]
05-18 11:07:31.314  1261  1601 D ConnectivityService:    accepting network in place of null
05-18 11:07:31.314  1261  1601 D ConnectivityService: sending new Min Network Score(60): NetworkRequest [ REQUEST id=1, [ Capabilities: INTERNET&NOT_RESTRICTED&TRUSTED&NOT_VPN] ]
05-18 11:07:31.316  1261  2092 V WindowManager: notifyAppStopped: AppWindowToken{7a6b685 token=Token{6e6bffc ActivityRecord{cd9b8ef u0 com.huawei.android.launcher/.unihome.UniHomeLauncher t18}}}
05-18 11:07:31.316  1261  2092 E WindowManager: win=Window{1e9bbaf u0 com.huawei.android.launcher/com.huawei.android.launcher.unihome.UniHomeLauncher} destroySurfaces: appStopped=true win.mWindowRemovalAllowed=false win.mRemoveOnExit=false
05-18 11:07:31.316  1261  2092 I WindowManager: Destroying surface Surface(name=com.huawei.android.launcher/com.huawei.android.launcher.unihome.UniHomeLauncher) called by com.android.server.wm.WindowStateAnimator.destroySurface:2066 com.android.server.wm.WindowStateAnimator.destroySurfaceLocked:879 com.android.server.wm.HwWindowStateAnimator.destroySurfaceLocked:1006 com.android.server.wm.WindowState.destroyOrSaveSurfaceUnchecked:2990 com.android.server.wm.WindowState.destroySurface:2951 com.android.server.wm.AppWindowToken.destroySurfaces:664 com.android.server.wm.AppWindowToken.destroySurfaces:648 com.android.server.wm.AppWindowToken.notifyAppStopped:692 
05-18 11:07:31.318  1261  1601 D ConnectivityService: currentScore = 0, newScore = 60
05-18 11:07:31.318  1261  1601 D ConnectivityService: rematch for NetworkAgentInfo [WIFI () - 100]
05-18 11:07:31.318  1261  1601 D ConnectivityService:    accepting network in place of null
05-18 11:07:31.318  1261  1601 D ConnectivityService: sending new Min Network Score(60): NetworkRequest [ TRACK_DEFAULT id=4, [ Capabilities: INTERNET&NOT_RESTRICTED&TRUSTED&NOT_VPN] ]
05-18 11:07:31.318  1261  1601 D ConnectivityService: currentScore = 0, newScore = 60
05-18 11:07:31.318  1261  1601 D ConnectivityService: rematch for NetworkAgentInfo [WIFI () - 100]
05-18 11:07:31.318  1261  1601 D ConnectivityService:    accepting network in place of null
05-18 11:07:31.318  1261  1601 D ConnectivityService: sending new Min Network Score(60): NetworkRequest [ TRACK_DEFAULT id=3, [ Capabilities: INTERNET&NOT_RESTRICTED&TRUSTED&NOT_VPN] ]
05-18 11:07:31.319  1261  1601 D ConnectivityService: Switching to new default network: NetworkAgentInfo{ ni{[type: WIFI[], state: CONNECTED/CONNECTED, reason: (unspecified), extra: "cambricon", failover: false, available: true, roaming: false, metered: false]}  network{100}  nethandle{429513165534}  nc{[ Transports: WIFI Capabilities: NOT_METERED&INTERNET&NOT_RESTRICTED&TRUSTED&NOT_VPN&FOREGROUND LinkUpBandwidth>=1048576Kbps LinkDnBandwidth>=1048576Kbps SignalStrength: -56]}  Score{60}  everValidated{false}  lastValidated{false}  created{true} lingering{false} explicitlySelected{false} acceptUnvalidated{false} everCaptivePortalDetected{false} lastCaptivePortalDetected{false} }
05-18 11:07:31.319  1261  1601 D NetdConnector: SND -> {62 idletimer add wlan0 15 1}
05-18 11:07:31.344  2028  2028 W ContextImpl: Calling a method in the system process without a qualified user: android.app.ContextImpl.bindService:1736 android.content.ContextWrapper.bindService:678 com.huawei.android.chr.hisi.HisiModemInfoCollector.<init>:213 com.huawei.android.chr.ModemInfoCollectorFactory.make:24 com.huawei.android.chr.HwChrApplication.onCreate:62 
05-18 11:07:31.386  1261  2808 V ActivityManager: Successfully start provider ContentProviderRecord{8993e31 u0 com.huawei.intelligent/.main.database.IntelligentProvider} launchingApp=ProcessRecord{dcf71a7 3246:com.huawei.intelligent:intelligentService/u0a27} caller pid= 3211
05-18 11:07:31.400  1261  2158 W HwBootFail: bootStageValue = STAGE_ZYGOTE_START2063597566
05-18 11:07:31.400  1261  2158 I HwBootFail: bootSceneEnd :102
05-18 11:07:31.409  2028  2028 W ContextImpl: Calling a method in the system process without a qualified user: android.app.ContextImpl.bindService:1736 android.content.ContextWrapper.bindService:678 com.huawei.android.chr.statistics.TelStatusManager.<init>:62 com.huawei.android.chr.statistics.TelStatusManager.make:48 com.huawei.android.chr.HwChrApplication.onCreate:63 
05-18 11:07:31.440  2028  2028 W ContextImpl: Calling a method in the system process without a qualified user: android.app.ContextImpl.bindService:1736 com.huawei.mdlog.MdlogManager.<init>:38 com.huawei.mdlog.MdlogManager.make:46 com.huawei.android.chr.HwChrApplication.onCreate:64 android.app.Instrumentation.callApplicationOnCreate:1122 
05-18 11:07:31.441  1261  1261 D BackupTransportManager: Bound to transport: com.google.android.gms/.backup.BackupTransportService
05-18 11:07:31.449  2028  2028 W ContextImpl: Calling a method in the system process without a qualified user: android.app.ContextImpl.bindService:1736 android.content.ContextWrapper.bindService:678 com.huawei.android.chr.hisi.rilchrtunnel.RilMsgTunnelManager.<init>:102 com.huawei.android.chr.hisi.rilchrtunnel.RilMsgTunnelManager.make:126 com.huawei.android.chr.HwChrApplication.onCreate:66 
05-18 11:07:31.452  1261  2097 D JobServiceContext: Scheduling time out for 'com.huawei.placerecognition.service.PlaceRecognitionService' jId: 7, in 18 s
05-18 11:07:31.454  1261  1261 D BackupTransportManager: Bound to transport: com.google.android.gms/.backup.component.D2dTransportService
05-18 11:07:31.464  1261  1261 D JobServiceContext: handleServiceBound for cfbc472 #u0a27/7 com.huawei.intelligent/com.huawei.placerecognition.service.PlaceRecognitionService
05-18 11:07:31.464  1261  1261 D JobServiceContext: Job cancelled while waiting for bind to complete. JobStatus{cfbc472 #u0a27/7 com.huawei.intelligent/com.huawei.placerecognition.service.PlaceRecognitionService u=0 s=10027 TIME=none:+14m59s987ms PERSISTED READY}
05-18 11:07:31.469  1261  1261 D JobServiceContext: Scheduling time out for 'com.huawei.placerecognition.service.PlaceRecognitionService' jId: 7, in 18 s
05-18 11:07:31.473  1261  1261 D JobServiceContext: handleServiceBound for daf0a17 #u0a27/7 com.huawei.intelligent/com.huawei.placerecognition.service.PlaceRecognitionService
05-18 11:07:31.473  1261  1261 D JobServiceContext: Scheduling time out for 'com.huawei.placerecognition.service.PlaceRecognitionService' jId: 7, in 8 s
05-18 11:07:31.474  1261  2092 D JobServiceContext: doCallback of : JobStatus{daf0a17 #u0a27/7 com.huawei.intelligent/com.huawei.placerecognition.service.PlaceRecognitionService u=0 s=10027 TIME=none:+14m59s986ms PERSISTED READY} v:VERB_STARTING
05-18 11:07:31.474  1261  2092 D JobServiceContext: Scheduling time out for 'com.huawei.placerecognition.service.PlaceRecognitionService' jId: 7, in 600 s
05-18 11:07:31.475  1261  1581 D NetdConnector: RCV <- {200 62 Add success}
05-18 11:07:31.476  1261  1581 D NetdConnector: RCV <- {200 62 Add success}
05-18 11:07:31.477  1261  1601 D NetdConnector: SND -> {63 network default set 100}
05-18 11:07:31.479  1261  1581 D NetdConnector: RCV <- {200 63 success}
05-18 11:07:31.479  1261  1581 D NetdConnector: RCV <- {200 63 success}
05-18 11:07:31.479  1261  1601 D ConnectivityService: Setting tx/rx TCP buffers to 524288,1048576,2097152,262144,524288,1048576
05-18 11:07:31.495  1261  1601 D ConnectivityService: Sending CONNECTED broadcast for type 1 NetworkAgentInfo [WIFI () - 100] isDefaultNetwork=true
05-18 11:07:31.495  1261  1601 D ConnectivityService: sendStickyBroadcast: action=android.net.conn.CONNECTIVITY_CHANGE
05-18 11:07:31.500  1261  1601 D ConnectivityService: notifyType PRECHECK for NetworkAgentInfo [WIFI () - 100]
05-18 11:07:31.500  1261  1601 D HwConnectivityService: hintUserSwitchToMobileWhileWifiDisconnected, state=CONNECTED  type =1
05-18 11:07:31.500  1261  1601 D HwConnectivityService: mLastWifiState =CONNECTING
05-18 11:07:31.503  1261  1261 I GcmHeartBeatFixer: China market version, just return...
05-18 11:07:31.513  1985  1985 W ContextImpl: Calling a method in the system process without a qualified user: android.app.ContextImpl.startService:1656 android.content.ContextWrapper.startService:644 com.huawei.systemmanager.rainbow.client.background.service.CloudBroadcastHandlerService$1.onReceive:69 android.app.LoadedApk$ReceiverDispatcher$Args.lambda$-android_app_LoadedApk$ReceiverDispatcher$Args_57741:1423 android.app.-$Lambda$FilBqgnXJrN9Mgyks1XHeAxzSTk.$m$0:4 
05-18 11:07:31.517  1261  1261 D HwMultiNlpPolicy: receive broadcast intent, action: android.net.conn.CONNECTIVITY_CHANGE
05-18 11:07:31.519  1261  1583 D HwNetworkStatsService: hwMaybeUidAndProcPersistLocked currentTime = 1526612851519
05-18 11:07:31.520  1261  1583 D NetdConnector: SND -> {64 bandwidth setglobalalert 2097152}
05-18 11:07:31.520  1261  1261 D HwMultiNlpPolicy: isWifiNetworkConnected: true
05-18 11:07:31.521  1261  1581 D NetdConnector: RCV <- {200 64 Bandwidth command succeeeded}
05-18 11:07:31.521  1261  1581 D NetdConnector: RCV <- {200 64 Bandwidth command succeeeded}
05-18 11:07:31.528  2028  2028 W ContextImpl: Calling a method in the system process without a qualified user: android.app.ContextImpl.bindService:1736 android.content.ContextWrapper.bindService:678 com.huawei.android.chr.logcollectservice.ChrLogManager.<init>:63 com.huawei.android.chr.logcollectservice.ChrLogManager.make:38 com.huawei.android.chr.HwChrApplication.onCreate:68 
05-18 11:07:31.537  2028  2028 W ContextImpl: Calling a method in the system process without a qualified user: android.app.ContextImpl.startService:1656 android.content.ContextWrapper.startService:644 android.content.ContextWrapper.startService:644 com.huawei.mdlog.MdlogBootReceiver.onReceive:40 android.app.ActivityThread.handleReceiver:3695 
05-18 11:07:31.544  2057  2057 W ContextImpl: Calling a method in the system process without a qualified user: android.app.ContextImpl.startService:1656 android.content.ContextWrapper.startService:644 android.content.ContextWrapper.startService:644 com.huawei.android.hwaps.AutoRunReceiver.onReceive:43 android.app.ActivityThread.handleReceiver:3695 
05-18 11:07:31.582  1261  2810 V ActivityManager: Successfully start provider ContentProviderRecord{d3e0da3 u0 com.huawei.hidisk/com.huawei.android.hicloud.common.provider.HicloudLoginProvider} launchingApp=ProcessRecord{142a8d2 3132:com.huawei.hidisk/1001} caller pid= 2246
05-18 11:07:31.650  1261  2810 W AppOps  : Finishing op nesting under-run: uid 1041 pkg audioserver code 40 time=0 duration=0 nesting=0
05-18 11:07:31.656  1261  1418 W BroadcastQueue: Permission Denial: broadcasting Intent { act=android.net.conn.CONNECTIVITY_CHANGE flg=0x4000010 (has extras) } from null (pid=-1, uid=-1) requires com.huawei.android.totemweather.permission.ACCESS_WEATHERCLOCK_PROVIDER due to registered receiver BroadcastFilter{50405fc u0 ReceiverList{3a856ef 2965 com.huawei.android.launcher/10067/u0 remote:a6657ce}}
05-18 11:07:31.756  1261  2076 I ActivityManager: Need to start process com.google.process.gapps for provider ContentProviderInfo{name=com.google.contacts.gal.provider className=com.google.android.syncadapters.contacts.ProxyGalProvider}, callerApp: ProcessRecord{baa5b6d 2246:android.process.acore/u0a4}
05-18 11:07:31.757  1261  2076 V ActivityManager: startProcess: name=com.google.process.gapps app=null knownToBeDead=false thread=null pid=-1
05-18 11:07:31.773  1261  2076 I ActivityManager: Start proc 3411:com.google.process.gapps/u0a57 for content provider com.google.android.syncadapters.contacts/.ProxyGalProvider
05-18 11:07:31.774  1261  2076 V ActivityManager_MU: Waiting to start provider ContentProviderRecord{52e62c u0 com.google.android.syncadapters.contacts/.ProxyGalProvider} launchingApp=ProcessRecord{442d9df 3411:com.google.process.gapps/u0a57} caller pid= 2246
05-18 11:07:31.804  1261  2810 I ActivityManager: Need to start process com.android.gallery3d for provider ContentProviderInfo{name=com.huawei.gallery.provider className=com.huawei.gallery.provider.GalleryProvider}, callerApp: ProcessRecord{142a8d2 3132:com.huawei.hidisk/1001}
05-18 11:07:31.804  1261  2810 V ActivityManager: startProcess: name=com.android.gallery3d app=null knownToBeDead=false thread=null pid=-1
05-18 11:07:31.809  3411  3411 D ActivityThread: ActivityThread,attachApplication
05-18 11:07:31.817  1261  2810 I ActivityManager: Start proc 3431:com.android.gallery3d/u0a18 for content provider com.android.gallery3d/com.huawei.gallery.provider.GalleryProvider
05-18 11:07:31.818  1261  2810 V ActivityManager_MU: Waiting to start provider ContentProviderRecord{7d3cf71 u0 com.android.gallery3d/com.huawei.gallery.provider.GalleryProvider} launchingApp=ProcessRecord{91e3918 3431:com.android.gallery3d/u0a18} caller pid= 3132
05-18 11:07:31.819  1261  2865 D ActivityManager: ActivityManagerService,attachApplication,callingPid = 3411
05-18 11:07:31.829  3431  3431 D ActivityThread: ActivityThread,attachApplication
05-18 11:07:31.830  1261  2865 D ActivityManager: ActivityManagerService,attachApplication,callingPid = 3431
05-18 11:07:31.838   603  1241 W SocketListener: sending broadcast to Pid = 1261, Uid = 1000 
05-18 11:07:31.839  1261  1581 D NetdConnector: RCV <- {614 Address updated ****************fe66/64 wlan0 128 253}
05-18 11:07:31.840  1261  1581 D NetdConnector: RCV <- {614 Address updated ****************fe66/64 wlan0 128 253}
05-18 11:07:31.841  1261  1445 D NetdConnector: RCV unsolicited event from native daemon, event = 614
05-18 11:07:31.924  2028  2028 W ContextImpl: Calling a method in the system process without a qualified user: android.app.ContextImpl.startService:1656 android.content.ContextWrapper.startService:644 com.huawei.lcagent.client.LogCollectManager.bindToService:332 com.huawei.lcagent.client.LogCollectManager.<init>:43 com.huawei.mdlog.MdlogService.onCreate:407 
05-18 11:07:31.924  1261  2810 V ActivityManager: Successfully start provider ContentProviderRecord{7d3cf71 u0 com.android.gallery3d/com.huawei.gallery.provider.GalleryProvider} launchingApp=ProcessRecord{91e3918 3431:com.android.gallery3d/u0a18} caller pid= 3132
05-18 11:07:31.926  2028  2028 W ContextImpl: Calling a method in the system process without a qualified user: android.app.ContextImpl.bindService:1736 android.content.ContextWrapper.bindService:678 com.huawei.lcagent.client.LogCollectManager.bindToService:336 com.huawei.lcagent.client.LogCollectManager.<init>:43 com.huawei.mdlog.MdlogService.onCreate:407 
05-18 11:07:32.050  1261  1418 W BroadcastQueue: Permission Denial: broadcasting Intent { act=android.net.conn.CONNECTIVITY_CHANGE flg=0x4000010 (has extras) } from null (pid=-1, uid=-1) requires com.huawei.cg.permission.SERVICE due to registered receiver BroadcastFilter{937ab3e u0 ReceiverList{d6e1ff9 3132 com.huawei.hidisk/1001/u0 remote:934d6c0}}
05-18 11:07:32.050  1261  1418 W BroadcastQueue: Permission Denial: broadcasting Intent { act=android.intent.action.BATTERY_CHANGED flg=0x60000010 (has extras) } from null (pid=-1, uid=-1) requires com.huawei.cg.permission.SERVICE due to registered receiver BroadcastFilter{937ab3e u0 ReceiverList{d6e1ff9 3132 com.huawei.hidisk/1001/u0 remote:934d6c0}}
05-18 11:07:32.064  1261  2076 V ActivityManager: Successfully start provider ContentProviderRecord{52e62c u0 com.google.android.syncadapters.contacts/.ProxyGalProvider} launchingApp=ProcessRecord{442d9df 3411:com.google.process.gapps/u0a57} caller pid= 2246
05-18 11:07:32.072  1261  2097 I ActivityManager: Need to start process com.android.exchange for provider ContentProviderInfo{name=com.android.exchange.directory.provider className=com.android.exchange.provider.ExchangeDirectoryProvider}, callerApp: ProcessRecord{baa5b6d 2246:android.process.acore/u0a4}
05-18 11:07:32.072  1261  2097 V ActivityManager: startProcess: name=com.android.exchange app=null knownToBeDead=false thread=null pid=-1
05-18 11:07:32.080  1261  2097 I ActivityManager: Start proc 3487:com.android.exchange/u0a16 for content provider com.android.exchange/.provider.ExchangeDirectoryProvider
05-18 11:07:32.081  1261  2097 V ActivityManager_MU: Waiting to start provider ContentProviderRecord{e19f969 u0 com.android.exchange/.provider.ExchangeDirectoryProvider} launchingApp=ProcessRecord{f8b6ff0 3487:com.android.exchange/u0a16} caller pid= 2246
05-18 11:07:32.091  3487  3487 D ActivityThread: ActivityThread,attachApplication
05-18 11:07:32.091  1261  2808 D ActivityManager: ActivityManagerService,attachApplication,callingPid = 3487
05-18 11:07:32.091  2028  2028 W ContextImpl: Calling a method in the system process without a qualified user: android.app.ContextImpl.startService:1656 android.content.ContextWrapper.startService:644 com.huawei.bd.BDApplication.startBDService:15 com.huawei.bd.BDApplication.onCreate:10 android.app.Instrumentation.callApplicationOnCreate:1122 
05-18 11:07:32.128  2036  2036 W ContextImpl: Calling a method in the system process without a qualified user: android.app.ContextImpl.startService:1656 android.content.ContextWrapper.startService:644 android.content.ContextWrapper.startService:644 com.huawei.ca.service.AutoBootReceiver.onReceive:29 android.app.ActivityThread.handleReceiver:3695 
05-18 11:07:32.147  1261  2670 E HwUsbHDBManager: open Socket lock failed
05-18 11:07:32.155  2028  2028 W ContextImpl: Calling a method in the system process without a qualified user: android.app.ContextImpl.startService:1656 android.content.ContextWrapper.startService:644 com.huawei.lcagent.client.LogCollectManager.bindToService:332 com.huawei.lcagent.client.LogCollectManager.<init>:37 com.huawei.android.chr.ProtocolLogManager.init:141 
05-18 11:07:32.156  2028  2028 W ContextImpl: Calling a method in the system process without a qualified user: android.app.ContextImpl.bindService:1736 android.content.ContextWrapper.bindService:678 com.huawei.lcagent.client.LogCollectManager.bindToService:336 com.huawei.lcagent.client.LogCollectManager.<init>:37 com.huawei.android.chr.ProtocolLogManager.init:141 
05-18 11:07:32.302  1261  2097 V ActivityManager: Successfully start provider ContentProviderRecord{e19f969 u0 com.android.exchange/.provider.ExchangeDirectoryProvider} launchingApp=ProcessRecord{f8b6ff0 3487:com.android.exchange/u0a16} caller pid= 2246
05-18 11:07:32.318  2028  2028 W SettingsEx: SettingsEx.Systemex.getString deprecated use Settings.System.getString instead ;callers=com.huawei.android.chr.dataservice.ChrDataServiceTracker.initChrReportAppPackage:991 com.huawei.android.chr.dataservice.ChrDataServiceTracker.<init>:194 com.huawei.android.chr.dataservice.ChrDataService.<init>:188 
05-18 11:07:32.320  1261  2808 D HwNetworkManagementService: code == CODE_SET_CHR_REPORT_APP_LIST
05-18 11:07:32.320  1261  2808 D NetdConnector: SND -> {65 chr appuid set 0 0}
05-18 11:07:32.321  1261  1581 D NetdConnector: RCV <- {200 65 set appuid succeeded}
05-18 11:07:32.321  1261  1581 D NetdConnector: RCV <- {200 65 set appuid succeeded}
05-18 11:07:32.321  1261  2808 D HwNetworkManagementService: chr appuid set:200 65 set appuid succeeded
05-18 11:07:32.323  1261  2865 D HwNetworkManagementService: code == CODE_SET_CHR_REPORT_APP_LIST
05-18 11:07:32.323  1261  2865 D NetdConnector: SND -> {66 chr appuid set 1 0}
05-18 11:07:32.323  1261  1581 D NetdConnector: RCV <- {200 66 set appuid succeeded}
05-18 11:07:32.324  1261  1581 D NetdConnector: RCV <- {200 66 set appuid succeeded}
05-18 11:07:32.324  1261  2865 D HwNetworkManagementService: chr appuid set:200 66 set appuid succeeded
05-18 11:07:32.325  1261  2865 D HwNetworkManagementService: code == CODE_SET_CHR_REPORT_APP_LIST
05-18 11:07:32.325  1261  2865 D NetdConnector: SND -> {67 chr appuid set 2 0}
05-18 11:07:32.325  1261  1581 D NetdConnector: RCV <- {200 67 set appuid succeeded}
05-18 11:07:32.326  1261  1581 D NetdConnector: RCV <- {200 67 set appuid succeeded}
05-18 11:07:32.326  1261  2865 D HwNetworkManagementService: chr appuid set:200 67 set appuid succeeded
05-18 11:07:32.328  1261  2810 I ActivityManager: Need to start process com.android.email for provider ContentProviderInfo{name=com.android.email.provider;com.android.email.notifier className=com.android.email.provider.EmailProvider}, callerApp: ProcessRecord{f8b6ff0 3487:com.android.exchange/u0a16}
05-18 11:07:32.328  1261  2810 V ActivityManager: startProcess: name=com.android.email app=null knownToBeDead=false thread=null pid=-1
05-18 11:07:32.328  1261  2808 D HwNetworkManagementService: code == CODE_SET_CHR_REPORT_APP_LIST
05-18 11:07:32.328  1261  2808 D NetdConnector: SND -> {68 chr appuid set 3 0}
05-18 11:07:32.329  1261  1581 D NetdConnector: RCV <- {200 68 set appuid succeeded}
05-18 11:07:32.329  1261  1581 D NetdConnector: RCV <- {200 68 set appuid succeeded}
05-18 11:07:32.329  1261  2808 D HwNetworkManagementService: chr appuid set:200 68 set appuid succeeded
05-18 11:07:32.332  1261  2097 D HwNetworkManagementService: code == CODE_SET_CHR_REPORT_APP_LIST
05-18 11:07:32.333  1261  2097 D NetdConnector: SND -> {69 chr appuid set 4 0}
05-18 11:07:32.333  1261  1581 D NetdConnector: RCV <- {200 69 set appuid succeeded}
05-18 11:07:32.334  1261  1581 D NetdConnector: RCV <- {200 69 set appuid succeeded}
05-18 11:07:32.334  1261  2097 D HwNetworkManagementService: chr appuid set:200 69 set appuid succeeded
05-18 11:07:32.336  1261  2097 D HwNetworkManagementService: code == CODE_SET_CHR_REPORT_APP_LIST
05-18 11:07:32.336  1261  2097 D NetdConnector: SND -> {70 chr appuid set 5 0}
05-18 11:07:32.337  1261  1581 D NetdConnector: RCV <- {200 70 set appuid succeeded}
05-18 11:07:32.337  1261  1581 D NetdConnector: RCV <- {200 70 set appuid succeeded}
05-18 11:07:32.337  1261  2097 D HwNetworkManagementService: chr appuid set:200 70 set appuid succeeded
05-18 11:07:32.338  1261  2810 I ActivityManager: Start proc 3520:com.android.email/u0a14 for content provider com.android.email/.provider.EmailProvider
05-18 11:07:32.339  1261  2810 V ActivityManager_MU: Waiting to start provider ContentProviderRecord{f30b044 u0 com.android.email/.provider.EmailProvider} launchingApp=ProcessRecord{bc59af1 3520:com.android.email/u0a14} caller pid= 3487
05-18 11:07:32.350  3520  3520 D ActivityThread: ActivityThread,attachApplication
05-18 11:07:32.351  1261  2808 D ActivityManager: ActivityManagerService,attachApplication,callingPid = 3520
05-18 11:07:32.356  1261  2076 D HwNetworkManagementService: code == CODE_SET_CHR_REPORT_APP_LIST
05-18 11:07:32.357  1261  2076 D NetdConnector: SND -> {71 chr appuid set 6 10014}
05-18 11:07:32.357  1261  1581 D NetdConnector: RCV <- {200 71 set appuid succeeded}
05-18 11:07:32.358  1261  1581 D NetdConnector: RCV <- {200 71 set appuid succeeded}
05-18 11:07:32.358  1261  2076 D HwNetworkManagementService: chr appuid set:200 71 set appuid succeeded
05-18 11:07:32.358  1261  2076 D HwNetworkManagementService: code == CODE_SET_CHR_REPORT_APP_LIST
05-18 11:07:32.359  1261  2076 D NetdConnector: SND -> {72 chr appuid set 7 0}
05-18 11:07:32.359  1261  1581 D NetdConnector: RCV <- {200 72 set appuid succeeded}
05-18 11:07:32.360  1261  1581 D NetdConnector: RCV <- {200 72 set appuid succeeded}
05-18 11:07:32.360  1261  2076 D HwNetworkManagementService: chr appuid set:200 72 set appuid succeeded
05-18 11:07:32.360  1261  2076 D HwNetworkManagementService: code == CODE_SET_CHR_REPORT_APP_LIST
05-18 11:07:32.361  1261  2076 D NetdConnector: SND -> {73 chr appuid set 8 0}
05-18 11:07:32.361  1261  1581 D NetdConnector: RCV <- {200 73 set appuid succeeded}
05-18 11:07:32.362  1261  1581 D NetdConnector: RCV <- {200 73 set appuid succeeded}
05-18 11:07:32.362  1261  2076 D HwNetworkManagementService: chr appuid set:200 73 set appuid succeeded
05-18 11:07:32.374  1261  2076 D HwNetworkManagementService: code == CODE_SET_CHR_REPORT_APP_LIST
05-18 11:07:32.375  1261  2076 D NetdConnector: SND -> {74 chr appuid set 9 0}
05-18 11:07:32.375  1261  1581 D NetdConnector: RCV <- {200 74 set appuid succeeded}
05-18 11:07:32.375  1261  1581 D NetdConnector: RCV <- {200 74 set appuid succeeded}
05-18 11:07:32.375  1261  2076 D HwNetworkManagementService: chr appuid set:200 74 set appuid succeeded
05-18 11:07:32.393  2028  2028 W ContextImpl: Calling a method in the system process without a qualified user: android.app.ContextImpl.startService:1656 android.content.ContextWrapper.startService:644 com.huawei.lcagent.client.LogCollectManager.bindToService:332 com.huawei.lcagent.client.LogCollectManager.<init>:43 com.huawei.android.chr.hifi.ChrHifi.<init>:80 
05-18 11:07:32.394  2028  2028 W ContextImpl: Calling a method in the system process without a qualified user: android.app.ContextImpl.bindService:1736 android.content.ContextWrapper.bindService:678 com.huawei.lcagent.client.LogCollectManager.bindToService:336 com.huawei.lcagent.client.LogCollectManager.<init>:43 com.huawei.android.chr.hifi.ChrHifi.<init>:80 
05-18 11:07:32.428  1261  2810 V ActivityManager: Successfully start provider ContentProviderRecord{f30b044 u0 com.android.email/.provider.EmailProvider} launchingApp=ProcessRecord{bc59af1 3520:com.android.email/u0a14} caller pid= 3487
05-18 11:07:32.435  1261  2810 D ConnectivityService: listenForNetwork for uid/pid:10014/3520 NetworkRequest [ LISTEN id=7, [ Transports: CELLULAR|WIFI Capabilities: NOT_RESTRICTED&TRUSTED&NOT_VPN] ]
05-18 11:07:32.435  1261  1601 D ConnectivityService: rematching NetworkAgentInfo [WIFI () - 100]
05-18 11:07:32.435  1261  1601 D ConnectivityService:  network has: [ Transports: WIFI Capabilities: NOT_METERED&INTERNET&NOT_RESTRICTED&TRUSTED&NOT_VPN&FOREGROUND LinkUpBandwidth>=1048576Kbps LinkDnBandwidth>=1048576Kbps SignalStrength: -56]
05-18 11:07:32.435  1261  1601 D ConnectivityService: Network NetworkAgentInfo [WIFI () - 100] was already satisfying request 1. No change.
05-18 11:07:32.435  1261  1601 D ConnectivityService: Network NetworkAgentInfo [WIFI () - 100] was already satisfying request 4. No change.
05-18 11:07:32.435  1261  1601 D ConnectivityService: Network NetworkAgentInfo [WIFI () - 100] was already satisfying request 3. No change.
05-18 11:07:32.456  2028  2028 W ContextImpl: Calling a method in the system process without a qualified user: android.app.ContextImpl.startService:1656 android.content.ContextWrapper.startService:644 android.content.ContextWrapper.startService:644 com.huawei.lcagent.service.LogBroadcastReceiver.onReceive:57 android.app.ActivityThread.handleReceiver:3695 
05-18 11:07:32.458  2028  2028 W ContextImpl: Calling a method in the system process without a qualified user: android.app.ContextImpl.startService:1656 android.content.ContextWrapper.startService:644 android.content.ContextWrapper.startService:644 com.huawei.lcagent.service.LogBroadcastReceiver.onReceive:61 android.app.ActivityThread.handleReceiver:3695 
05-18 11:07:32.459  1261  2820 W ActivityManager: Unable to start service Intent { cmp=com.huawei.logtool/.grablog.ReceiverService (has extras) } U=0: not found
05-18 11:07:32.469  1261  3014 W ContextImpl: Calling a method in the system process without a qualified user: android.app.ContextImpl.sendBroadcast:1095 com.android.server.HwNetworkPropertyChecker.sendCheckResultWhenConnected:589 com.android.server.HwNetworkPropertyChecker.isCheckingCompleted:613 com.android.server.HwNetworkMonitor.getRespCodeByWifiPro:57 com.android.server.connectivity.NetworkMonitor$EvaluatingState.processMessage:646 
05-18 11:07:32.471  1261  3014 W ContextImpl: Calling a method in the system process without a qualified user: android.app.ContextImpl.sendBroadcast:1095 com.android.server.HwNetworkPropertyChecker.sendCheckResultWhenConnected:589 com.android.server.HwNetworkPropertyChecker.isCheckingCompleted:619 com.android.server.HwNetworkMonitor.getRespCodeByWifiPro:57 com.android.server.connectivity.NetworkMonitor$EvaluatingState.processMessage:646 
05-18 11:07:32.480  1261  2820 I ActivityManager: Need to start process com.huawei.parentcontrol for provider ContentProviderInfo{name=com.huawei.parentcontrol className=com.huawei.parentcontrol.provider.ContentProviders}, callerApp: ProcessRecord{a213601 2965:com.huawei.android.launcher/u0a67}
05-18 11:07:32.480  1261  2820 V ActivityManager: startProcess: name=com.huawei.parentcontrol app=null knownToBeDead=false thread=null pid=-1
05-18 11:07:32.480  1261  1601 D ConnectivityService: NetworkAgentInfo [WIFI () - 100] validation passed
05-18 11:07:32.480  1261  1601 D ConnectivityService: rematching NetworkAgentInfo [WIFI () - 100]
05-18 11:07:32.480  1261  1601 D ConnectivityService:  network has: [ Transports: WIFI Capabilities: NOT_METERED&INTERNET&NOT_RESTRICTED&TRUSTED&NOT_VPN&VALIDATED&FOREGROUND LinkUpBandwidth>=1048576Kbps LinkDnBandwidth>=1048576Kbps SignalStrength: -56]
05-18 11:07:32.480  1261  1601 D ConnectivityService: Network NetworkAgentInfo [WIFI () - 100] was already satisfying request 1. No change.
05-18 11:07:32.480  1261  1601 D ConnectivityService: Network NetworkAgentInfo [WIFI () - 100] was already satisfying request 4. No change.
05-18 11:07:32.480  1261  1601 D ConnectivityService: Network NetworkAgentInfo [WIFI () - 100] was already satisfying request 3. No change.
05-18 11:07:32.480  1261  1601 D ConnectivityService: notifyType CAP_CHANGED for NetworkAgentInfo [WIFI () - 100]
05-18 11:07:32.481  1261  1601 D ConnectivityService: sending new Min Network Score(100): NetworkRequest [ REQUEST id=1, [ Capabilities: INTERNET&NOT_RESTRICTED&TRUSTED&NOT_VPN] ]
05-18 11:07:32.481  1261  1601 D ConnectivityService: sending new Min Network Score(100): NetworkRequest [ TRACK_DEFAULT id=3, [ Capabilities: INTERNET&NOT_RESTRICTED&TRUSTED&NOT_VPN] ]
05-18 11:07:32.482  1261  1601 D ConnectivityService: sending new Min Network Score(100): NetworkRequest [ TRACK_DEFAULT id=4, [ Capabilities: INTERNET&NOT_RESTRICTED&TRUSTED&NOT_VPN] ]
05-18 11:07:32.483  1261  1601 D ConnectivityService: sendStickyBroadcast: action=android.net.conn.INET_CONDITION_ACTION
05-18 11:07:32.502  1261  2820 I ActivityManager: Start proc 3565:com.huawei.parentcontrol/u0a69 for content provider com.huawei.parentcontrol/.provider.ContentProviders
05-18 11:07:32.503  1261  2820 V ActivityManager_MU: Waiting to start provider ContentProviderRecord{c2eb22f u0 com.huawei.parentcontrol/.provider.ContentProviders} launchingApp=ProcessRecord{e6c180e 3565:com.huawei.parentcontrol/u0a69} caller pid= 2965
05-18 11:07:32.520  3565  3565 D ActivityThread: ActivityThread,attachApplication
05-18 11:07:32.521  1261  2810 D ActivityManager: ActivityManagerService,attachApplication,callingPid = 3565
05-18 11:07:32.529  1261  1586 I HwAlarmManagerService: hwSetAlarm listenerTag: WriteBufferAlarm
05-18 11:07:32.533  1261  2076 W ProcBatteryStats: timer is running , not start, name: com.android.phone, uid: 1001, tag: RILJ
05-18 11:07:32.548  1261  2097 W ProcBatteryStats: timer is not running , not stop, name: com.android.phone, uid: 1001, tag: RILJ
05-18 11:07:32.550   734   734 E wificond: Failed to get NL80211_RATE_INFO_NOISE
05-18 11:07:32.550   734   734 E wificond: Failed to get NL80211_RATE_INFO_SNR
05-18 11:07:32.550   734   734 E wificond: Failed to get NL80211_STA_INFO_CNAHLOAD
05-18 11:07:32.553   734   734 E wificond: Failed to get NL80211_RATE_INFO_NOISE
05-18 11:07:32.553   734   734 E wificond: Failed to get NL80211_RATE_INFO_SNR
05-18 11:07:32.553   734   734 E wificond: Failed to get NL80211_STA_INFO_CNAHLOAD
05-18 11:07:32.620  2036  2036 I BootBroadcastReceiver: startFindMyPhoneService return findmyphone is 0
05-18 11:07:32.623  1261  2820 V ActivityManager: Successfully start provider ContentProviderRecord{c2eb22f u0 com.huawei.parentcontrol/.provider.ContentProviders} launchingApp=ProcessRecord{e6c180e 3565:com.huawei.parentcontrol/u0a69} caller pid= 2965
05-18 11:07:32.623  1261  2810 V BroadcastQueue: Finished with ordered broadcast BroadcastRecord{86eed39 u0 android.intent.action.LOCKED_BOOT_COMPLETED}
05-18 11:07:32.689  1261  1418 V BroadcastQueue: Finished with ordered broadcast BroadcastRecord{de1dbe2 u0 android.intent.action.MEDIA_MOUNTED}
05-18 11:07:32.697  1261  2810 V BroadcastQueue: Finished with ordered broadcast BroadcastRecord{2bd9090 u-1 android.intent.action.SERVICE_STATE}
05-18 11:07:32.702  1261  1418 W BroadcastQueue: Permission Denial: broadcasting Intent { act=android.net.conn.CONNECTIVITY_CHANGE flg=0x4000010 (has extras) } from null (pid=-1, uid=-1) requires supl20servicePermission due to registered receiver BroadcastFilter{b14a0be u0 ReceiverList{8777b79 2821 com.android.supl/1000/u0 remote:a647040}}
05-18 11:07:32.704  1261  2810 V BroadcastQueue: Finished with ordered broadcast BroadcastRecord{5dceeac u0 android.appwidget.action.APPWIDGET_ENABLED}
05-18 11:07:32.739  1261  1418 W BroadcastQueue: Permission Denial: broadcasting Intent { act=android.net.wifi.WIFI_STATE_CHANGED flg=0x5000010 (has extras) } from null (pid=-1, uid=-1) requires supl20servicePermission due to registered receiver BroadcastFilter{9180758 u0 ReceiverList{48543b 2821 com.android.supl/1000/u0 remote:6f60aca}}
05-18 11:07:32.740  1261  1418 W BroadcastQueue: Permission Denial: broadcasting Intent { act=android.net.conn.CONNECTIVITY_CHANGE flg=0x4000010 (has extras) } from null (pid=-1, uid=-1) requires supl20servicePermission due to registered receiver BroadcastFilter{9180758 u0 ReceiverList{48543b 2821 com.android.supl/1000/u0 remote:6f60aca}}
05-18 11:07:32.740  1261  1418 W BroadcastQueue: Permission Denial: broadcasting Intent { act=android.net.wifi.STATE_CHANGE flg=0x4000010 (has extras) } from null (pid=-1, uid=-1) requires supl20servicePermission due to registered receiver BroadcastFilter{9180758 u0 ReceiverList{48543b 2821 com.android.supl/1000/u0 remote:6f60aca}}
05-18 11:07:32.740  1261  1418 W BroadcastQueue: Permission Denial: broadcasting Intent { act=android.net.wifi.supplicant.STATE_CHANGE flg=0x24000010 (has extras) } from null (pid=-1, uid=-1) requires supl20servicePermission due to registered receiver BroadcastFilter{9180758 u0 ReceiverList{48543b 2821 com.android.supl/1000/u0 remote:6f60aca}}
05-18 11:07:32.803  1261  2810 V BroadcastQueue: Finished with ordered broadcast BroadcastRecord{4d23775 u0 android.appwidget.action.APPWIDGET_UPDATE}
05-18 11:07:32.805  1261  2810 V ActivityManager: startProcess: name=com.huawei.android.totemweatherwidget app=null knownToBeDead=true thread=null pid=-1
05-18 11:07:32.825  1261  2810 I ActivityManager: Start proc 3612:com.huawei.android.totemweatherwidget/u0a35 for broadcast com.huawei.android.totemweatherwidget/.mulanwidget.MulanWidgetWeatherProvider
05-18 11:07:32.828  1261  2808 V ActivityManager: startProcess: name=com.huawei.indexsearch app=null knownToBeDead=true thread=null pid=-1
05-18 11:07:32.846  3612  3612 D ActivityThread: ActivityThread,attachApplication
05-18 11:07:32.849  1261  2808 I ActivityManager: Start proc 3625:com.huawei.indexsearch/1000 for service com.huawei.indexsearch/.IndexSearchService
05-18 11:07:32.855  1261  2810 D ActivityManager: ActivityManagerService,attachApplication,callingPid = 3612
05-18 11:07:32.873  3625  3625 D ActivityThread: ActivityThread,attachApplication
05-18 11:07:32.874  1261  2097 I ActivityManager: Need to start process com.huawei.appmarket for provider ContentProviderInfo{name=com.huawei.appmarket.appinfos className=com.huawei.appmarket.support.storage.DbProvider}, callerApp: ProcessRecord{a213601 2965:com.huawei.android.launcher/u0a67}
05-18 11:07:32.874  1261  2097 V ActivityManager: startProcess: name=com.huawei.appmarket app=null knownToBeDead=false thread=null pid=-1
05-18 11:07:32.897  1261  2097 I ActivityManager: Start proc 3640:com.huawei.appmarket/u0a96 for content provider com.huawei.appmarket/.support.storage.DbProvider
05-18 11:07:32.898  1261  2097 V ActivityManager_MU: Waiting to start provider ContentProviderRecord{6946970 u0 com.huawei.appmarket/.support.storage.DbProvider} launchingApp=ProcessRecord{3bf0fb3 3640:com.huawei.appmarket/u0a96} caller pid= 2965
05-18 11:07:32.899  1261  2076 D ActivityManager: ActivityManagerService,attachApplication,callingPid = 3625
05-18 11:07:32.920  3640  3640 D ActivityThread: ActivityThread,attachApplication
05-18 11:07:32.921  1261  2076 D ActivityManager: ActivityManagerService,attachApplication,callingPid = 3640
05-18 11:07:32.976  1261  2810 I ActivityManager: Process com.huawei.android.totemweatherwidget (pid 3612) has died: fore RCVR
05-18 11:07:32.978  1261  2810 D ActivityManager: cleanUpApplicationRecord app: ProcessRecord{8d20996 3612:com.huawei.android.totemweatherwidget/u0a35}, app.bad: false, restarting: false, allowRestart: true
05-18 11:07:32.991  1261  1418 V BroadcastQueue: Finished with ordered broadcast BroadcastRecord{3e5730a u0 android.appwidget.action.APPWIDGET_ENABLED}
05-18 11:07:32.992  1261  1418 V ActivityManager: startProcess: name=com.huawei.android.totemweatherwidget app=null knownToBeDead=true thread=null pid=-1
05-18 11:07:33.006  1261  1418 I ActivityManager: Start proc 3672:com.huawei.android.totemweatherwidget/u0a35 for broadcast com.huawei.android.totemweatherwidget/.mulanwidget.MulanWidgetWeatherProvider
05-18 11:07:33.025  3672  3672 D ActivityThread: ActivityThread,attachApplication
05-18 11:07:33.027  1261  2808 D ActivityManager: ActivityManagerService,attachApplication,callingPid = 3672
05-18 11:07:33.091  1261  2097 V ActivityManager: Successfully start provider ContentProviderRecord{6946970 u0 com.huawei.appmarket/.support.storage.DbProvider} launchingApp=ProcessRecord{3bf0fb3 3640:com.huawei.appmarket/u0a96} caller pid= 2965
05-18 11:07:33.149  1261  2670 E HwUsbHDBManager: open Socket lock failed
05-18 11:07:33.152  1261  2808 I ActivityManager: Process com.huawei.android.totemweatherwidget (pid 3672) has died: fore RCVR
05-18 11:07:33.186  1261  2808 D ActivityManager: cleanUpApplicationRecord app: ProcessRecord{48eba7a 3672:com.huawei.android.totemweatherwidget/u0a35}, app.bad: false, restarting: false, allowRestart: true
05-18 11:07:33.200  1261  1418 V BroadcastQueue: Finished with ordered broadcast BroadcastRecord{57b377b u0 android.appwidget.action.APPWIDGET_UPDATE}
05-18 11:07:33.201  1261  1418 V ActivityManager: startProcess: name=com.huawei.android.totemweatherwidget app=null knownToBeDead=true thread=null pid=-1
05-18 11:07:33.259  1261  1418 I ActivityManager: Start proc 3704:com.huawei.android.totemweatherwidget/u0a35 for broadcast com.huawei.android.totemweatherwidget/.huaweiwidget.HuaweiWidgetWeatherProvider
05-18 11:07:33.259  1261  1418 W ActivityManager: Slow operation: 59ms so far, now at startProcess: done starting proc!
05-18 11:07:33.277  3704  3704 D ActivityThread: ActivityThread,attachApplication
05-18 11:07:33.278  1261  2820 D ActivityManager: ActivityManagerService,attachApplication,callingPid = 3704
05-18 11:07:33.416  1261  2277 I ActivityManager: Process com.huawei.android.totemweatherwidget (pid 3704) has died: fore RCVR
05-18 11:07:33.417  1261  2277 D ActivityManager: cleanUpApplicationRecord app: ProcessRecord{243561e 3704:com.huawei.android.totemweatherwidget/u0a35}, app.bad: false, restarting: false, allowRestart: true
05-18 11:07:33.426  1261  1418 V BroadcastQueue: Finished with ordered broadcast BroadcastRecord{4804998 u0 android.appwidget.action.APPWIDGET_ENABLED}
05-18 11:07:33.427  1261  1418 V ActivityManager: startProcess: name=com.huawei.android.totemweatherwidget app=null knownToBeDead=true thread=null pid=-1
05-18 11:07:33.454  1261  1418 I ActivityManager: Start proc 3724:com.huawei.android.totemweatherwidget/u0a35 for broadcast com.huawei.android.totemweatherwidget/.huaweiwidget.HuaweiWidgetWeatherProvider
05-18 11:07:33.471  3724  3724 D ActivityThread: ActivityThread,attachApplication
05-18 11:07:33.471  1261  2277 D ActivityManager: ActivityManagerService,attachApplication,callingPid = 3724
05-18 11:07:33.484  1261  1261 I HwAudioService: check HiRes Icon false
05-18 11:07:33.485  1261  1261 I HwAudioService: broadcastHiresIntent : false
05-18 11:07:33.540  2672  3742 W ContextImpl: Calling a method in the system process without a qualified user: android.app.ContextImpl.startService:1656 android.content.ContextWrapper.startService:644 tmsdk.common.TMSDKContext.start:153 tmsdk.common.TMSDKContext.access$000:0 tmsdk.common.TMSDKContext$1.run:0 
05-18 11:07:33.675  1261  3078 I HwAlarmManagerService: hwSetAlarm listenerTag: DhcpClient.wlan0.KICK
05-18 11:07:33.683  1261  3078 I HwAlarmManagerService: hwSetAlarm listenerTag: DhcpClient.wlan0.RENEW
05-18 11:07:33.684  1261  3078 I HwAlarmManagerService: hwSetAlarm listenerTag: DhcpClient.wlan0.REBIND
05-18 11:07:33.685  1261  3078 I HwAlarmManagerService: hwSetAlarm listenerTag: DhcpClient.wlan0.EXPIRY
05-18 11:07:33.688  1261  1261 I HwAudioService: check HiRes Icon false
05-18 11:07:33.689  1261  1261 I HwAudioService: broadcastHiresIntent : false
05-18 11:07:33.852   734   734 E wificond: Failed to get NL80211_RATE_INFO_NOISE
05-18 11:07:33.853   734   734 E wificond: Failed to get NL80211_RATE_INFO_SNR
05-18 11:07:33.853   734   734 E wificond: Failed to get NL80211_STA_INFO_CNAHLOAD
05-18 11:07:33.856  1261  2810 I ActivityManager: Process com.huawei.android.totemweatherwidget (pid 3724) has died: fore RCVR
05-18 11:07:33.857  1261  2810 D ActivityManager: cleanUpApplicationRecord app: ProcessRecord{9b60af6 3724:com.huawei.android.totemweatherwidget/u0a35}, app.bad: false, restarting: false, allowRestart: true
05-18 11:07:33.868  1261  1418 V BroadcastQueue: Finished with ordered broadcast BroadcastRecord{49bd5f1 u0 android.appwidget.action.APPWIDGET_UPDATE}
05-18 11:07:33.869  1261  1418 V ActivityManager: startProcess: name=com.huawei.android.totemweatherwidget app=null knownToBeDead=true thread=null pid=-1
05-18 11:07:33.889  1261  1418 I ActivityManager: Start proc 3767:com.huawei.android.totemweatherwidget/u0a35 for broadcast com.huawei.android.totemweatherwidget/.simplewidget.SimpleWidgetWeatherProvider
05-18 11:07:33.913  3767  3767 D ActivityThread: ActivityThread,attachApplication
05-18 11:07:33.914  1261  2865 D ActivityManager: ActivityManagerService,attachApplication,callingPid = 3767
05-18 11:07:33.919  1261  1261 I HwAudioService: check HiRes Icon false
05-18 11:07:33.923  1261  1261 I HwAudioService: broadcastHiresIntent : false
05-18 11:07:34.036  1261  2810 I ActivityManager: Process com.huawei.android.totemweatherwidget (pid 3767) has died: fore RCVR
05-18 11:07:34.037  1261  2810 D ActivityManager: cleanUpApplicationRecord app: ProcessRecord{e383b7e 3767:com.huawei.android.totemweatherwidget/u0a35}, app.bad: false, restarting: false, allowRestart: true
05-18 11:07:34.056  1261  1418 V BroadcastQueue: Finished with ordered broadcast BroadcastRecord{aefb5d6 u0 android.appwidget.action.APPWIDGET_ENABLED}
05-18 11:07:34.058  1261  1418 V ActivityManager: startProcess: name=com.huawei.android.totemweatherwidget app=null knownToBeDead=true thread=null pid=-1
05-18 11:07:34.079  1261  1418 I ActivityManager: Start proc 3798:com.huawei.android.totemweatherwidget/u0a35 for broadcast com.huawei.android.totemweatherwidget/.simplewidget.SimpleWidgetWeatherProvider
05-18 11:07:34.096  3798  3798 D ActivityThread: ActivityThread,attachApplication
05-18 11:07:34.097  1261  2810 D ActivityManager: ActivityManagerService,attachApplication,callingPid = 3798
05-18 11:07:34.150  1261  2670 E HwUsbHDBManager: open Socket lock failed
05-18 11:07:34.179  1261  2277 I ActivityManager: Process com.huawei.android.totemweatherwidget (pid 3798) has died: fore RCVR
05-18 11:07:34.180  1261  2277 D ActivityManager: cleanUpApplicationRecord app: ProcessRecord{669f8ad 3798:com.huawei.android.totemweatherwidget/u0a35}, app.bad: false, restarting: false, allowRestart: true
05-18 11:07:34.187  1261  1418 V BroadcastQueue: Finished with ordered broadcast BroadcastRecord{afbd057 u0 android.appwidget.action.APPWIDGET_UPDATE}
05-18 11:07:34.194   438   446 D VoldCmdListener: sdlock poll
05-18 11:07:34.195   438   446 I         : poll
05-18 11:07:34.195   438   446 E         : failed to get lockable path
05-18 11:07:34.201  1261  1620 E VoldConnector: NDC server error throw NativeDaemonFailureException
05-18 11:07:34.227  1261  2810 D HwFingerprintService: code == CODE_IS_FP_NEED_CALIBRATE_RULE
05-18 11:07:34.228  1261  2277 D ActivityManager: Skipping, home or recents stack task: TaskRecord{4fcd4c7 #18 A=com.huawei.android.launcher U=0 StackId=0 sz=1}
05-18 11:07:34.228  1261  2277 D ActivityManager: Skipping intent:act=android.intent.action.MAIN cat=[android.intent.category.HOME] flg=0x10800300 cmp=com.android.settings/.FallbackHome
05-18 11:07:34.233  1261  2810 D HwFingerprintService: pacel  packaged :checkNeedCalibrateFingerPrint
05-18 11:07:34.234  1261  2810 D HwFingerprintService: fingerprintd calibrate return = -1
05-18 11:07:34.252  1261  3818 I BootReceiver: Copying audit failures to DropBox
05-18 11:07:34.252  1261  3818 I BootReceiver: Checking for fsck errors
05-18 11:07:34.253  1261  3818 I BootReceiver: fs_stat, partition:splash2 stat:0x1
05-18 11:07:34.253  1261  3818 I BootReceiver: fs_stat, partition:cache stat:0x1
05-18 11:07:34.254  1261  3818 I BootReceiver: fs_stat, partition:hisee_fs stat:0x41
05-18 11:07:34.254  1261  3818 I BootReceiver: fs_stat, partition:modem_secure stat:0x41
05-18 11:07:34.287  1261  1584 D NetdConnector: SND -> {75 bandwidth addniceapps 10012}
05-18 11:07:34.295  1261  1581 D NetdConnector: RCV <- {200 75 Bandwidth command succeeeded}
05-18 11:07:34.296  1261  1581 D NetdConnector: RCV <- {200 75 Bandwidth command succeeeded}
05-18 11:07:34.359  1261  1261 I HwAudioService: check HiRes Icon false
05-18 11:07:34.360  1261  1261 I HwAudioService: broadcastHiresIntent : false
05-18 11:07:34.366  1985  1985 W ContextImpl: Calling a method in the system process without a qualified user: android.app.ContextImpl.startService:1656 android.content.ContextWrapper.startService:644 android.content.ContextWrapper.startService:644 com.huawei.systemmanager.service.MainReceiver.onReceive:43 android.app.ActivityThread.handleReceiver:3695 
05-18 11:07:34.377  1261  1575 D VoldConnector: SND -> {7 volume bootcompleted}
05-18 11:07:34.378  1261  1575 D VoldConnector: SND -> {7 volume bootcompleted}
05-18 11:07:34.378   438   446 D VoldCmdListener: volume bootcompleted
05-18 11:07:34.378   438   446 I         : receive bootcompleted and report_sd_error()  startup_notified=0 kMajorBlockSd=0 kMinorBlockSd=0.
05-18 11:07:34.380  1261  1578 D VoldConnector: RCV <- {200 7 Command succeeded}
05-18 11:07:34.384  1261  1261 D HwConnectivityService: mIntentReceiver begin
05-18 11:07:34.384  1261  1261 D HwConnectivityService: receive Intent.ACTION_BOOT_COMPLETED!
05-18 11:07:34.385  1261  1261 I GcmHeartBeatFixer: China market version, just return...
05-18 11:07:34.402  1261  1261 I EyeProtectionControllerImpl: onReceive intent action = android.intent.action.BOOT_COMPLETED
05-18 11:07:34.424  1261  1261 I Telecom-DefaultDialerCache: Refreshing default dialer for user 0: now com.android.contacts
05-18 11:07:34.453  1261  1261 D Telecom-MissedCallNotifierImpl: reloadFromDatabase()...
05-18 11:07:34.457  1261  3855 D ActivityManager: Installing in existing process ProcessRecord{baa5b6d 2246:android.process.acore/u0a4}, pubProviders.size():3, pubProviders.containsKey(com.android.providers.contacts.CallLogProvider):false
