05-18 11:07:37.146   731  1031 I MetadataRetrieverClient: setDataSource local Path=/system/media/audio/ui/camera_focus.ogg
05-18 11:07:37.147   731  1031 D StagefrightMetadataRetriever: FileSource remote
05-18 11:07:37.148   731  1031 E StagefrightMetadataRetriever: IDataSource(FileSource): 0xf0f17ae0 24 0 9376
05-18 11:07:37.148   731  1031 I MediaExtractor: Create (null)
05-18 11:07:37.152   729  4123 V HwExtendedExtractor: HwExtendedExtractor::Sniff   in...
05-18 11:07:37.152   729  4123 V HwExtendedExtractor: HwExtendedExtractor::Sniff   out...
05-18 11:07:37.152   729  4123 I MediaExtractor: content 'application/ogg' with conf 0.20
05-18 11:07:37.155   729  4123 I MediaExtractorService: makeExtractor ((null)), uid = 1013
05-18 11:07:37.155  1261  2670 E HwUsbHDBManager: open Socket lock failed
05-18 11:07:37.160  2883  4089 E MediaScanner: processDirectory end path is '/system/media'
05-18 11:07:37.190  3983  4026 D SmartArchiveSettingUtils: updateArchiveNumPrefixs:Bundle[{type_common_other_serv_num=[1065796709202, 106579670915, 1065502043202, 106550204315, 1065902090202, 106590209015, 1069055999202, 106905599915], type_hw_serv_num=[1065796709, 1065502043, 1065902090, 106575550211, 10690133830, 1069055999, 106550200271, 1065902002801, 106906060012, 106900679901, 106900679914, 106900679916, 106903345801, 106903345814, 106903345816, 106903345820, 106903345901, 106903345914, 1069008468758-17, 106902997922-16, 1069029979258-17, 1069029979255-16, 10690333216888-18, 1069050259013-19, 10690642590132-19, 1069069252638-17, 106906925263800-17-20, 1069101380-13-16], type_common_serv_num=[106, 400, 12306, 111, 12329, 12345, 95, 96, 100, 118, 116, 10198, 12580, 12520], type_common_other_serv_num_enable=true}]
05-18 11:07:37.193  4101  4101 W Finsky  : [1] com.google.android.finsky.FinskyApp.i(1558): No account configured on this device.
05-18 11:07:37.205  1693  1707 I MonitorImpl: onChange com.huawei.keyguard.events.MessageMonitor@ef1bc04
05-18 11:07:37.208  3983  3983 I NewMessageContentObserver : onChange() : selfChange = false
05-18 11:07:37.216  4101  4101 W Finsky  : [1] com.google.android.finsky.FinskyApp.i(1558): No account configured on this device.
05-18 11:07:37.224  4101  4101 I HwCust  : Constructor found for class android.net.HwCustConnectivityManagerImpl
05-18 11:07:37.224  4101  4101 D HwCust  : Create obj success use class android.net.HwCustConnectivityManagerImpl
05-18 11:07:37.227  4101  4101 W Finsky  : [1] com.google.android.finsky.FinskyApp.i(1558): No account configured on this device.
05-18 11:07:37.267  4101  4101 I chatty  : uid=10023(u0_a23) com.android.vending identical 18 lines
05-18 11:07:37.268  4101  4101 W Finsky  : [1] com.google.android.finsky.FinskyApp.i(1558): No account configured on this device.
05-18 11:07:37.271  1693  1693 W ResourceType: No package identifier when getting value for resource number 0x00000000
05-18 11:07:37.271  4101  4101 I Finsky  : [1] com.google.android.finsky.services.DailyHygiene.a(240): No need to run daily hygiene.
05-18 11:07:37.272  1693  1693 E HwNotchUtils: setIconForView iconId is not found
05-18 11:07:37.272  1693  1693 W ResourceType: No package identifier when getting value for resource number 0x00000000
05-18 11:07:37.272  1693  1693 E HwNotchUtils: setIconForView iconId is not found
05-18 11:07:37.278  4101  4101 W Settings: Setting download_manager_max_bytes_over_mobile has moved from android.provider.Settings.Secure to android.provider.Settings.Global.
05-18 11:07:37.279  4101  4101 W Settings: mValues not put! needsGenerationTracker: true currentGeneration: -1 name: download_manager_max_bytes_over_mobile value: null
05-18 11:07:37.279  4101  4101 W Settings: Setting download_manager_recommended_max_bytes_over_mobile has moved from android.provider.Settings.Secure to android.provider.Settings.Global.
05-18 11:07:37.287  4101  4101 W Finsky  : [1] com.google.android.finsky.FinskyApp.i(1558): No account configured on this device.
05-18 11:07:37.288  1261  2097 W ActivityManager: Unable to start service Intent { dat=wearsupportservice://send_installed_apps cmp=com.android.vending/com.google.android.finsky.w.an (has extras) } U=0: not found
05-18 11:07:37.296  4101  4101 W Finsky  : [1] com.google.android.finsky.FinskyApp.i(1558): No account configured on this device.
05-18 11:07:37.296  4101  4101 I Finsky  : [1] com.google.android.finsky.utils.bq.a(177): Enabling bucket experiment: factor=1.000, zeroDelta=0ms, forceNetwork=true
05-18 11:07:37.297  4101  4101 W Finsky  : [1] com.google.android.finsky.FinskyApp.i(1558): No account configured on this device.
05-18 11:07:37.298  4101  4101 W Finsky  : [1] com.google.android.finsky.FinskyApp.i(1558): No account configured on this device.
05-18 11:07:37.298  4101  4101 W Finsky  : [1] com.google.android.finsky.FinskyApp.b(1229): No account configured on this device.
05-18 11:07:37.300  4101  4101 W Finsky  : [1] com.google.android.finsky.FinskyApp.i(1558): No account configured on this device.
05-18 11:07:37.305  4101  4101 W Finsky  : [1] com.google.android.finsky.FinskyApp.i(1558): No account configured on this device.
05-18 11:07:37.307  4101  4101 E Minikin : Could not get cmap table size!
05-18 11:07:37.326  1261  2808 V ActivityManager: startProcess: name=com.google.android.configupdater app=null knownToBeDead=true thread=null pid=-1
05-18 11:07:37.342  4101  4101 I Finsky  : [1] com.google.android.finsky.receivers.k.a(1272): Installer kick - no action, not running yet
05-18 11:07:37.342  4101  4154 W Finsky  : [266] com.google.android.finsky.FinskyApp.i(1558): No account configured on this device.
05-18 11:07:37.352  1261  2808 I ActivityManager: Start proc 4155:com.google.android.configupdater/u0a6 for broadcast com.google.android.configupdater/.MainReceiver
05-18 11:07:37.353  4101  4154 V GoogleSignatureVerifier: com.google.android.gms signature not valid.  Found: 
05-18 11:07:37.353  4101  4154 V GoogleSignatureVerifier: MIIEQzCCAyugAwIBAgIJAMLgh0ZkSjCNMA0GCSqGSIb3DQEBBAUAMHQxCzAJBgNVBAYTAlVTMRMw
05-18 11:07:37.353  4101  4154 V GoogleSignatureVerifier: EQYDVQQIEwpDYWxpZm9ybmlhMRYwFAYDVQQHEw1Nb3VudGFpbiBWaWV3MRQwEgYDVQQKEwtHb29n
05-18 11:07:37.353  4101  4154 V GoogleSignatureVerifier: bGUgSW5jLjEQMA4GA1UECxMHQW5kcm9pZDEQMA4GA1UEAxMHQW5kcm9pZDAeFw0wODA4MjEyMzEz
05-18 11:07:37.353  4101  4154 V GoogleSignatureVerifier: MzRaFw0zNjAxMDcyMzEzMzRaMHQxCzAJBgNVBAYTAlVTMRMwEQYDVQQIEwpDYWxpZm9ybmlhMRYw
05-18 11:07:37.353  4101  4154 V GoogleSignatureVerifier: FAYDVQQHEw1Nb3VudGFpbiBWaWV3MRQwEgYDVQQKEwtHb29nbGUgSW5jLjEQMA4GA1UECxMHQW5k
05-18 11:07:37.353  4101  4154 V GoogleSignatureVerifier: cm9pZDEQMA4GA1UEAxMHQW5kcm9pZDCCASAwDQYJKoZIhvcNAQEBBQADggENADCCAQgCggEBAKtW
05-18 11:07:37.353  4101  4154 V GoogleSignatureVerifier: LgDYO6IIrgqWbxJOKdoR8qtW0I9Y4sypEwPpt1TTcvZApxsdyxMJZ2JORland2qSGT2y5b+3JKke
05-18 11:07:37.353  4101  4154 V GoogleSignatureVerifier: dxiLDmpHpDsz2WCbdxgxRczfey5YZnTJ4VZbH0xqWVW/8lGmPav5xVwnIiJS6HXk+BVKZF+JcWjA
05-18 11:07:37.353  4101  4154 V GoogleSignatureVerifier: sb/GEuq/eFdpuzSqeYTcfi6idkyugwfYwXFU1+5fZKUaRKYCwkkFQVfcAs1fXA5V+++FGfvjJ/Cx
05-18 11:07:37.353  4101  4154 V GoogleSignatureVerifier: URaSxaBvGdGDhfXE28LWuT9ozCl5xw4Yq5OGazvV24mZVSoOO0yZ31j7kYvtwYK6NeADwbSxDdJE
05-18 11:07:37.353  4101  4154 V GoogleSignatureVerifier: qO4k//0zOHKrUiGYXtqw/A0LFFtqoZKFjnkCAQOjgdkwgdYwHQYDVR0OBBYEFMd9jMIhF1Ylmn/T
05-18 11:07:37.353  4101  4154 V GoogleSignatureVerifier: gt9r45jk14alMIGmBgNVHSMEgZ4wgZuAFMd9jMIhF1Ylmn/Tgt9r45jk14aloXikdjB0MQswCQYD
05-18 11:07:37.353  4101  4154 V GoogleSignatureVerifier: VQQGEwJVUzETMBEGA1UECBMKQ2FsaWZvcm5pYTEWMBQGA1UEBxMNTW91bnRhaW4gVmlldzEUMBIG
05-18 11:07:37.353  4101  4154 V GoogleSignatureVerifier: A1UEChMLR29vZ2xlIEluYy4xEDAOBgNVBAsTB0FuZHJvaWQxEDAOBgNVBAMTB0FuZHJvaWSCCQDC
05-18 11:07:37.353  4101  4154 V GoogleSignatureVerifier: 4IdGZEowjTAMBgNVHRMEBTADAQH/MA0GCSqGSIb3DQEBBAUAA4IBAQBt0lLO74UwLDYKqs6Tm8/y
05-18 11:07:37.353  4101  4154 V GoogleSignatureVerifier: zKkEu116FmH4rkaymUIE0P9KaMftGlMexFlaYjzmB2OxZyl6euNXEsQH8gjwyxCUKRJNexBiGcCE
05-18 11:07:37.353  4101  4154 V GoogleSignatureVerifier: yj6z+a1fuHHvkiaai+KL8W1EyNmgjmyy8AW7P+LLlkR+ho5zEHatRbM/YAnqGcFh5iZBqpknHf1S
05-18 11:07:37.353  4101  4154 V GoogleSignatureVerifier: KMXFh4dd239FJ1jWYfbMDMy3NS5CTMQ2XFI1MvcyUTdZPErjQfTbQe3aDQsQcafEQPD+nqActifK
05-18 11:07:37.353  4101  4154 V GoogleSignatureVerifier: Z0Np0IS9L9kR/wbNvyz6ENwPiTrjV2KRkEjH78ZMcUQXg0L3BYHJ3lc69Vs5Ddf9uUGGMYldX3Wf
05-18 11:07:37.353  4101  4154 V GoogleSignatureVerifier: MBEmh/9iFBDAaTCK
05-18 11:07:37.353  4155  4155 I         : power log dlsym ok
05-18 11:07:37.358  2883  4089 W MediaProvider: Missing volume for /system/media/audio/alarms/Hawaii.ogg; assuming invalid
05-18 11:07:37.361  4155  4155 I zygote64: Reinit property: dalvik.vm.checkjni= false
05-18 11:07:37.374  3520  3537 I zygote64: Waiting for a blocking GC ProfileSaver
05-18 11:07:37.378  2883  4089 W MediaProvider: Missing volume for /system/media/audio/alarms/Meet.ogg; assuming invalid
05-18 11:07:37.383  4155  4155 D ActivityThread: ActivityThread,attachApplication
05-18 11:07:37.385  3520  3537 I zygote64: WaitForGcToComplete blocked for 10.891ms for cause ProfileSaver
05-18 11:07:37.385  1261  2865 D ActivityManager: ActivityManagerService,attachApplication,callingPid = 4155
05-18 11:07:37.389  4101  4101 W Finsky  : [1] com.google.android.finsky.FinskyApp.i(1558): No account configured on this device.
05-18 11:07:37.390  4101  4101 W Finsky  : [1] com.google.android.finsky.FinskyApp.i(1558): No account configured on this device.
05-18 11:07:37.395  4101  4101 I Finsky  : [1] com.google.android.finsky.c.l.a(253): result=false type=4
05-18 11:07:37.396  2883  4089 W MediaProvider: Missing volume for /system/media/audio/alarms/Sakura_Drop.ogg; assuming invalid
05-18 11:07:37.402  2883  4089 W MediaProvider: Missing volume for /system/media/audio/notifications/Cave.ogg; assuming invalid
05-18 11:07:37.407  1261  2808 W ActivityManager: Unable to start service Intent { dat=restoreservice://startup cmp=com.android.vending/com.google.android.finsky.services.u (has extras) } U=0: not found
05-18 11:07:37.407  2883  4089 W MediaProvider: Missing volume for /system/media/audio/notifications/Echo.ogg; assuming invalid
05-18 11:07:37.410  4155  4155 D HwFLClassLoader: get used feature list :/feature/used-list failed!
05-18 11:07:37.410  4155  4155 D HwFLClassLoader: USE_FEATURE_LIST had not init! 
05-18 11:07:37.412  2883  4089 W MediaProvider: Missing volume for /system/media/audio/notifications/Fountain.ogg; assuming invalid
05-18 11:07:37.416  2883  4089 W MediaProvider: Missing volume for /system/media/audio/notifications/Huawei_Cascade.ogg; assuming invalid
05-18 11:07:37.422  2883  4089 W MediaProvider: Missing volume for /system/media/audio/notifications/Jump.ogg; assuming invalid
05-18 11:07:37.425  4101  4154 W Finsky  : [266] com.google.android.finsky.FinskyApp.i(1558): No account configured on this device.
05-18 11:07:37.427  2883  4089 W MediaProvider: Missing volume for /system/media/audio/notifications/Leaf.ogg; assuming invalid
05-18 11:07:37.431  2883  4089 W MediaProvider: Missing volume for /system/media/audio/notifications/Peking_Opera_Drum.ogg; assuming invalid
05-18 11:07:37.434  2883  4089 W MediaProvider: Missing volume for /system/media/audio/notifications/PingPong.ogg; assuming invalid
05-18 11:07:37.438  2883  4089 W MediaProvider: Missing volume for /system/media/audio/notifications/Twinkle.ogg; assuming invalid
05-18 11:07:37.443  2883  4089 W MediaProvider: Missing volume for /system/media/audio/ringtones/Bounce.ogg; assuming invalid
05-18 11:07:37.449  2883  4089 W MediaProvider: Missing volume for /system/media/audio/ringtones/Dream_It_Possible.ogg; assuming invalid
05-18 11:07:37.453  2883  4089 W MediaProvider: Missing volume for /system/media/audio/ringtones/Flipped.ogg; assuming invalid
05-18 11:07:37.456  2883  4089 W MediaProvider: Missing volume for /system/media/audio/ringtones/Flow.ogg; assuming invalid
05-18 11:07:37.460  2883  4089 W MediaProvider: Missing volume for /system/media/audio/ringtones/Free.ogg; assuming invalid
05-18 11:07:37.468  2883  4089 W MediaProvider: Missing volume for /system/media/audio/ringtones/Harp.ogg; assuming invalid
05-18 11:07:37.472  1985  4177 W ContextImpl: Calling a method in the system process without a qualified user: android.app.ContextImpl.startService:1656 android.content.ContextWrapper.startService:644 tmsdk.common.TMSDKContext.start:153 tmsdk.common.TMSDKContext.access$000:0 tmsdk.common.TMSDKContext$1.run:0 
05-18 11:07:37.472  2883  4089 W MediaProvider: Missing volume for /system/media/audio/ringtones/Impromptu.ogg; assuming invalid
05-18 11:07:37.477  2883  4089 W MediaProvider: Missing volume for /system/media/audio/ringtones/Menuet.ogg; assuming invalid
05-18 11:07:37.481  2883  4089 W MediaProvider: Missing volume for /system/media/audio/ringtones/Polonaise.ogg; assuming invalid
05-18 11:07:37.485  2883  4089 W MediaProvider: Missing volume for /system/media/audio/ringtones/Ripple.ogg; assuming invalid
05-18 11:07:37.489  2883  4089 W MediaProvider: Missing volume for /system/media/audio/ringtones/Suite.ogg; assuming invalid
05-18 11:07:37.493  2883  4089 W MediaProvider: Missing volume for /system/media/audio/ringtones/Wind_Dance.ogg; assuming invalid
05-18 11:07:37.500  2883  4089 W MediaProvider: Missing volume for /system/media/audio/ui/Dock.ogg; assuming invalid
05-18 11:07:37.505  2883  4089 W MediaProvider: Missing volume for /system/media/audio/ui/KeypressInvalid.ogg; assuming invalid
05-18 11:07:37.510  2883  4089 W MediaProvider: Missing volume for /system/media/audio/ui/Trusted.ogg; assuming invalid
05-18 11:07:37.517  2883  4089 W MediaProvider: Missing volume for /system/media/audio/ui/Undock.ogg; assuming invalid
05-18 11:07:37.522  2883  4089 W MediaProvider: Missing volume for /system/media/audio/ui/VideoStop.ogg; assuming invalid
05-18 11:07:37.528  4155  4155 E MemoryLeakMonitorManager: MemoryLeakMonitor.jar is not exist!
05-18 11:07:37.529  2883  4089 W MediaProvider: Missing volume for /system/media/audio/ui/WirelessChargingStarted.ogg; assuming invalid
05-18 11:07:37.530  4155  4155 E Minikin : Could not get cmap table size!
05-18 11:07:37.534  2883  4089 W MediaProvider: Missing volume for /system/media/audio/ui/camera_focus.ogg; assuming invalid
05-18 11:07:37.540  1693  1868 I EventCenter: ContentChange for slot: 1
05-18 11:07:37.556  4155  4155 E ConfigUpdater: ignoring update request
05-18 11:07:37.556  2883  4089 V HwMediaScannerImpl: freeMem[52965355520] 10%totalMem[5659163033] under /storage/emulated/0
05-18 11:07:37.556  2883  4089 I StagefrightMediaScannerEx: StagefrightMediaScanner destructor
05-18 11:07:37.560  4155  4155 E ConfigUpdater: ignoring update request
05-18 11:07:37.589  4155  4155 I chatty  : uid=10006(u0_a6) com.google.android.configupdater identical 5 lines
05-18 11:07:37.593  4155  4155 E ConfigUpdater: ignoring update request
05-18 11:07:37.604  3983  3983 D Mms::HwDualCardNameHelper: The action of receiver is: android.intent.action.ACTION_DSDS_SUB1_OPERATOR_CHANGED
05-18 11:07:37.605  3983  3983 D Mms::HwDualCardNameHelper: The action of receiver is: android.intent.action.ACTION_DSDS_SUB2_OPERATOR_CHANGED
05-18 11:07:37.607  4155  4155 E ConfigUpdater: ignoring update request
05-18 11:07:37.610  3983  4026 D Mms     : isWifiCallingAvailable = false isImsRegistered = false
05-18 11:07:37.610  3983  4026 D Mms::HwDualCardNameHelper: before sub=0 spn=plmn= enable=false
05-18 11:07:37.610  3983  4026 V Mms::HwDualCardNameHelper: name of card0 from Broadcast is 
05-18 11:07:37.610  3983  4026 D Mms::HwDualCardNameHelper: set mSpnCardNames, name= mSpnCardNames[subId]=
05-18 11:07:37.612  3983  4026 V Mms::HwDualCardNameHelper: readCardName current card0 name is empty, get card name string: 
05-18 11:07:37.612  3983  4026 V Mms::HwDualCardNameHelper: handleSpnStateChanged::card0 needUpdate or not:true
05-18 11:07:37.615  3983  4026 D Mms     : isWifiCallingAvailable = false isImsRegistered = false
05-18 11:07:37.615  3983  4026 D Mms::HwDualCardNameHelper: before sub=1 spn=plmn= enable=false
05-18 11:07:37.615  3983  4026 V Mms::HwDualCardNameHelper: name of card1 from Broadcast is 
05-18 11:07:37.615  3983  4026 D Mms::HwDualCardNameHelper: set mSpnCardNames, name= mSpnCardNames[subId]=
05-18 11:07:37.616  3983  4026 V Mms::HwDualCardNameHelper: readCardName current card1 name is empty, get card name string: 
05-18 11:07:37.616  3983  4026 V Mms::HwDualCardNameHelper: handleSpnStateChanged::card1 needUpdate or not:true
05-18 11:07:37.642  2883  4089 E MediaScannerService: FileNotFoundException open fail
05-18 11:07:37.659  1261  2808 V ActivityManager: startProcess: name=com.google.android.onetimeinitializer app=null knownToBeDead=true thread=null pid=-1
05-18 11:07:37.690  1261  2808 I ActivityManager: Start proc 4221:com.google.android.onetimeinitializer/u0a21 for broadcast com.google.android.onetimeinitializer/.OneTimeInitializerReceiver
05-18 11:07:37.690  4221  4221 I         : power log dlsym ok
05-18 11:07:37.695  2695  2701 I zygote64: Do partial code cache collection, code=30KB, data=28KB
05-18 11:07:37.695  2695  2701 I zygote64: After code cache collection, code=30KB, data=28KB
05-18 11:07:37.695  2695  2701 I zygote64: Increasing code cache capacity to 128KB
05-18 11:07:37.697  4221  4221 I zygote64: Reinit property: dalvik.vm.checkjni= false
05-18 11:07:37.710  3983  4233 I NewMessageContentObserver :  handle update icon message
05-18 11:07:37.715  4221  4221 D ActivityThread: ActivityThread,attachApplication
05-18 11:07:37.715  1261  2076 D ActivityManager: ActivityManagerService,attachApplication,callingPid = 4221
05-18 11:07:37.738  3983  4233 W NewMessageContentObserver : newUnreadCount:0,oldUnreadCount:-1
05-18 11:07:37.738  3983  4233 I NewMessageContentObserver :  updateLuancherUnreadCount unreadCount = 0
05-18 11:07:37.748  4221  4221 D HwFLClassLoader: get used feature list :/feature/used-list failed!
05-18 11:07:37.749  4221  4221 D HwFLClassLoader: USE_FEATURE_LIST had not init! 
05-18 11:07:37.761  3983  4233 I NewMessageContentObserver : updateUnreadCountToLuancher end ================
05-18 11:07:37.787  1261  1452 I DisplayPowerController: mPowerRequest.useSmartBacklight : true
05-18 11:07:37.833  4221  4221 E MemoryLeakMonitorManager: MemoryLeakMonitor.jar is not exist!
05-18 11:07:37.834  4221  4221 E Minikin : Could not get cmap table size!
05-18 11:07:37.836  4221  4221 V OneTimeInitializerReceiver: OneTimeInitializerReceiver.onReceive
05-18 11:07:37.839  4221  4240 V OneTimeInitializer: OneTimeInitializer.initialize
05-18 11:07:37.843  4221  4240 V OneTimeInitializer: Already run, doing nothing.
05-18 11:07:37.844  1261  2865 V ActivityManager: startProcess: name=com.google.android.partnersetup app=null knownToBeDead=true thread=null pid=-1
05-18 11:07:37.868  1261  2865 I ActivityManager: Start proc 4242:com.google.android.partnersetup/u0a22 for broadcast com.google.android.partnersetup/.GooglePartnerSetup
05-18 11:07:37.869  4242  4242 I         : power log dlsym ok
05-18 11:07:37.873  4242  4242 I zygote64: Reinit property: dalvik.vm.checkjni= false
05-18 11:07:37.885  4242  4242 D ActivityThread: ActivityThread,attachApplication
05-18 11:07:37.887  1261  2076 D ActivityManager: ActivityManagerService,attachApplication,callingPid = 4242
05-18 11:07:37.913  3912  4219 V HwWidgetFactory: : successes to get AllImpl object and return....
05-18 11:07:37.918  4242  4242 D HwFLClassLoader: get used feature list :/feature/used-list failed!
05-18 11:07:37.918  4242  4242 D HwFLClassLoader: USE_FEATURE_LIST had not init! 
05-18 11:07:37.968  4242  4242 E MemoryLeakMonitorManager: MemoryLeakMonitor.jar is not exist!
05-18 11:07:37.970  4242  4242 E Minikin : Could not get cmap table size!
05-18 11:07:37.974  4242  4242 I HwCust  : Constructor found for class android.net.HwCustConnectivityManagerImpl
05-18 11:07:37.974  4242  4242 D HwCust  : Create obj success use class android.net.HwCustConnectivityManagerImpl
05-18 11:07:38.045  1693  1693 D WeatherHelper: City info empty
05-18 11:07:38.066  1693  1693 W HwKeyguardDragHelper: AnimationBlocked
05-18 11:07:38.068  1693  1693 W PanelView: set mBlockAnimation false
05-18 11:07:38.117  3983  3983 V Mms::HwDualCardNameHelper: mNotifyUIWhenCardNameChanged the listener is empty!!
05-18 11:07:38.142  1693  1693 D WeatherHelper: City info empty
05-18 11:07:38.143  1693  1693 D DateTimeView: Change to single clock mode!
05-18 11:07:38.146  1693  1693 D WeatherHelper: City info empty
05-18 11:07:38.157  1261  2670 E HwUsbHDBManager: open Socket lock failed
05-18 11:07:38.163  1693  1693 W HwKeyguardDragHelper: AnimationBlocked
05-18 11:07:38.165  1693  1693 W PanelView: set mBlockAnimation false
05-18 11:07:38.168  1261  2820 I chatty  : uid=1000(system) Binder:1261_E expire 18 lines
05-18 11:07:38.168  1261  2820 V ActivityManager: startProcess: name=com.huawei.android.AutoRegSms app=null knownToBeDead=true thread=null pid=-1
05-18 11:07:38.195  1261  2820 I ActivityManager: Start proc 4266:com.huawei.android.AutoRegSms/1001 for broadcast com.huawei.android.AutoRegSms/.AutoRegReceiver
05-18 11:07:38.195  4266  4266 I         : power log dlsym ok
05-18 11:07:38.205  4266  4266 I zygote64: Reinit property: dalvik.vm.checkjni= false
05-18 11:07:38.218  4266  4266 D ActivityThread: ActivityThread,attachApplication
05-18 11:07:38.219  1261  2820 D ActivityManager: ActivityManagerService,attachApplication,callingPid = 4266
05-18 11:07:38.249  4266  4266 D HwFLClassLoader: get used feature list :/feature/used-list failed!
05-18 11:07:38.249  4266  4266 D HwFLClassLoader: USE_FEATURE_LIST had not init! 
05-18 11:07:38.287  2695  2721 W ConfigurationChimeraPro: Got null configs for com.google.android.gms.auth.account.base
05-18 11:07:38.296  4266  4266 E MemoryLeakMonitorManager: MemoryLeakMonitor.jar is not exist!
05-18 11:07:38.297  4266  4266 E Minikin : Could not get cmap table size!
05-18 11:07:38.302  4266  4266 D AutoRegSms: AutoRegReceiver action: android.intent.action.BOOT_COMPLETED
05-18 11:07:38.317  4266  4266 D AutoRegSms: AutoRegSmsDaemonService onCreate
05-18 11:07:38.318  4266  4266 D AutoRegSms: set timer to stop the Daemon service entry
05-18 11:07:38.318  4266  4266 D AutoRegSms: start timer entry
05-18 11:07:38.318  4266  4266 D AutoRegSms: stop timer entry
05-18 11:07:38.318  4266  4266 D AutoRegSms: stopTimer done
05-18 11:07:38.318  4266  4266 D AutoRegSms: startTimer:java.util.Timer@e7efc5e
05-18 11:07:38.319  4266  4266 D AutoRegSms: set timer to stop the Daemon service done
05-18 11:07:38.320  4266  4266 D AutoRegSms: registerPhoneListener entry
05-18 11:07:38.320  4266  4266 D AutoRegSms: current sub count:2
05-18 11:07:38.322  1261  2076 I chatty  : uid=1000(system) Binder:1261_6 expire 14 lines
05-18 11:07:38.326  2610  2610 D UEInfoCheck: UEInfoCheckReceiver:action:android.intent.action.BOOT_COMPLETED
05-18 11:07:38.329  4266  4266 D AutoRegSms: registerPhoneListener done
05-18 11:07:38.329  4266  4266 D AutoRegSms: AutoRegDaemonService onStartCommand entry flags:0 startId:1
05-18 11:07:38.330  4266  4266 D AutoRegSms: on service state changed entry: 1 1 voice home data home   46003   46003  1xRTT 1xRTT CSS not supported 18 13840 RoamInd=1 DefRoamInd=0 EmergOnly=false IsDataRoamingFromRegistration=false IsUsingCarrierAggregation=false mLteEarfcnRsrpBoost=0
05-18 11:07:38.330  4266  4266 D AutoRegSms: on service state changed entry: 1 1 voice home data home        UMTS UMTS CSS not supported -1 -1 RoamInd=-1 DefRoamInd=-1 EmergOnly=true IsDataRoamingFromRegistration=false IsUsingCarrierAggregation=false mLteEarfcnRsrpBoost=0
05-18 11:07:38.332  2610  2610 W Settings: mValues not put! needsGenerationTracker: true currentGeneration: -1 name: user_datacall_sub value: 0
05-18 11:07:38.332  2610  2610 D UEInfoCheck: UEInfoCheckReceiver:current data subid0
05-18 11:07:38.334  2610  2610 W libc    : Set property "persist.sys.pre_data_sub" to "0"
05-18 11:07:38.338  3912  4219 I Auth    : [WorkAccount] update authenticator enabled for boot or update
05-18 11:07:38.353  2695  4291 W WakefulBroadcastReceiv.: No active wake lock id #1
05-18 11:07:38.371  2610  2610 D UEInfoCheck: UEInfoCheckDaemonService enter
05-18 11:07:38.371  2610  2610 D UEInfoCheck: timer to stop the Daemon service entry
05-18 11:07:38.371  2610  2610 D UEInfoCheck: start timer entry
05-18 11:07:38.371  2610  2610 D UEInfoCheck: stop timer entry
05-18 11:07:38.371  2610  2610 D UEInfoCheck: stopTimer done
05-18 11:07:38.372  2610  2610 D UEInfoCheck: startTimer:java.util.Timer@baa483f
05-18 11:07:38.373  2610  2610 D UEInfoCheck: timer to stop the Daemon service done
05-18 11:07:38.374  2610  2610 D UEInfoCheck: registerPhoneListener entry
05-18 11:07:38.374  2610  2610 D UEInfoCheck: current sub count:2
05-18 11:07:38.377  2028  2028 W ContextImpl: Calling a method in the system process without a qualified user: android.app.ContextImpl.startService:1656 android.content.ContextWrapper.startService:644 android.content.ContextWrapper.startService:644 com.huawei.mdlog.MdlogBootReceiver.onReceive:44 android.app.ActivityThread.handleReceiver:3695 
05-18 11:07:38.380  2695  4295 W ConfigurationChimeraPro: Got null configs for com.google.android.gms.auth.account.base
05-18 11:07:38.380  2610  2610 D UEInfoCheck: registerPhoneListener done
05-18 11:07:38.380  2610  2610 D UEInfoCheck: onStartCommand entry flags:0 startId:1 action:boot
05-18 11:07:38.381  2610  2610 D UEInfoCheck: on service state changed entry: 1 1 voice home data home   46003   46003  1xRTT 1xRTT CSS not supported 18 13840 RoamInd=1 DefRoamInd=0 EmergOnly=false IsDataRoamingFromRegistration=false IsUsingCarrierAggregation=false mLteEarfcnRsrpBoost=0
05-18 11:07:38.381  2610  2610 D UEInfoCheck: on service state changed entry: 1 1 voice home data home        UMTS UMTS CSS not supported -1 -1 RoamInd=-1 DefRoamInd=-1 EmergOnly=true IsDataRoamingFromRegistration=false IsUsingCarrierAggregation=false mLteEarfcnRsrpBoost=0
05-18 11:07:38.390  2071  2071 I HwCust  : Constructor found for class com.huawei.android.dsdscardmanager.HwCustCardInfoDBAccessorImpl
05-18 11:07:38.390  2071  2071 D HwCust  : Create obj success use class com.huawei.android.dsdscardmanager.HwCustCardInfoDBAccessorImpl
05-18 11:07:38.390  2071  2071 D CardInfoDBAccessor: action:android.intent.action.BOOT_COMPLETED
05-18 11:07:38.391  2071  2071 D CardInfoDBAccessor:  replaceunencodeimsi undo
05-18 11:07:38.398  1261  2808 V ActivityManager: startProcess: name=com.huawei.android.hwouc app=null knownToBeDead=true thread=null pid=-1
05-18 11:07:38.420  4302  4302 I         : power log dlsym ok
05-18 11:07:38.422  1261  2808 I ActivityManager: Start proc 4302:com.huawei.android.hwouc/u0a68 for broadcast com.huawei.android.hwouc/.provider.DownloadReceiver
05-18 11:07:38.428  4302  4302 I zygote64: Reinit property: dalvik.vm.checkjni= false
05-18 11:07:38.441  4302  4302 D ActivityThread: ActivityThread,attachApplication
05-18 11:07:38.442  1261  2865 D ActivityManager: ActivityManagerService,attachApplication,callingPid = 4302
05-18 11:07:38.474  2695  2711 W ConfigurationChimeraPro: Got null configs for com.google.android.gms.ads
05-18 11:07:38.481  4302  4302 D HwFLClassLoader: get used feature list :/feature/used-list failed!
05-18 11:07:38.481  4302  4302 D HwFLClassLoader: USE_FEATURE_LIST had not init! 
05-18 11:07:38.491  2883  4089 D MediaScannerService: done scanning volume internal in 2364 ms.
05-18 11:07:38.493  2567  3600 I HwCust  : Constructor found for class com.huawei.android.thememanager.ringtone.HwCustRingtoneSetBySimcardImpl
05-18 11:07:38.493  2567  3600 D HwCust  : Create obj success use class com.huawei.android.thememanager.ringtone.HwCustRingtoneSetBySimcardImpl
05-18 11:07:38.498  3912  4219 D WorkSource: Insert in WorkSource{} @ 0 uid 10019 name com.google.android.gms
05-18 11:07:38.500  1261  2808 W HwAlarmManagerService: isContainsAppUidInWorksource-->happend NameNotFoundException
05-18 11:07:38.519  4302  4302 E asset   : createFromFile(): lock file /data/resource-cache/system@emui@base@overlay@frameworkhwexthonor@frameworkhwexthonor.apk@idmap.
05-18 11:07:38.519  4302  4302 E asset   : createFromFile(): lock file /data/resource-cache/system@emui@base@overlay@frameworkhwexthonor@frameworkhwexthonor.apk@idmap.
05-18 11:07:38.520  4302  4302 W ResourceType: Found multiple library tables, ignoring...
05-18 11:07:38.562  2695  2721 W ConfigurationChimeraPro: Got null configs for com.google.android.gms.auth_managed
05-18 11:07:38.565  1261  1446 I chatty  : uid=1000(system) android.io expire 1 line
05-18 11:07:38.573  3912  4327 W ChimeraUtils: Non Chimera context
05-18 11:07:38.573  3912  4327 W ChimeraUtils: Non Chimera context
05-18 11:07:38.595  2695  2711 W ConfigurationChimeraPro: Got null configs for com.google.android.gms.backup
05-18 11:07:38.619  3912  4315 I Backup  : [ComponentEnabler] Setting target components to enabled = false
05-18 11:07:38.626  3912  4315 I Backup  : [ComponentEnabler] Setting source components to enabled = true
05-18 11:07:38.631  3912  4327 E BaseAppContext: Tried to stop global GMSCore RequestQueue. This is likely unintended, so ignoring.
05-18 11:07:38.633  3912  4315 I Backup  : [MigrateUtil] Found new selectBackupTransport API!
05-18 11:07:38.638  3912  4315 W Settings: mValues not put! needsGenerationTracker: true currentGeneration: -1 name: device_provisioned value: 1
05-18 11:07:38.641  3912  4327 I Authzen : [AuthZenEventHandler] Handling event: android.intent.action.BOOT_COMPLETED
05-18 11:07:38.645  3912  4339 I Authzen : [PermitStore] Getting all permits...
05-18 11:07:38.647  2672  3751 D NetworkSecurityConfig: No Network Security Config specified, using platform default
05-18 11:07:38.649  3912  4315 I Backup  : [PreLComponentEnabler] Disabling pre-L components
05-18 11:07:38.654  3912  4339 I Authzen : [gaz] Opening database auth.proximity.permit_store...
05-18 11:07:38.655  3912  4327 I Authzen : [TransactionCache] Clearing transaction cache
05-18 11:07:38.658  3912  4327 D WorkSource: Insert in WorkSource{} @ 0 uid 10019 name com.google.android.gms
05-18 11:07:38.659  1261  2076 W HwAlarmManagerService: isContainsAppUidInWorksource-->happend NameNotFoundException
05-18 11:07:38.669   603  4340 W libc    : Set property "hw.wifi.dns_stat" to "7,0,25,1,77"
05-18 11:07:38.680  3912  4219 I SystemUpdate: [Installation,ReceiverIntentOperation] Received intent: Intent { act=com.google.android.gms.update.BASE_MODULE_INIT cat=[targeted_intent_op_prefix:.update.control.ReceiverIntentOperation] cmp=com.google.android.gms/.chimera.GmsIntentOperationService }.
05-18 11:07:38.681  3912  4216 D WorkSource: Insert in WorkSource{} @ 0 uid 10019 name com.google.android.gms
05-18 11:07:38.682  1261  2092 I chatty  : uid=1000(system) Binder:1261_8 expire 17 lines
05-18 11:07:38.685  3912  4348 I Auth    : [FRP,FrpUpdateIntentOperation] Frp is not supported for this device / user
05-18 11:07:38.690  3912  4216 W ChimeraUtils: Non Chimera context
05-18 11:07:38.690  3912  4216 W ChimeraUtils: Non Chimera context
05-18 11:07:38.719  2695  2711 W ConfigurationChimeraPro: Got null configs for com.google.android.gms.update
05-18 11:07:38.722  3912  4282 D WorkSource: Insert in WorkSource{} @ 0 uid 10019 name com.google.android.gms
05-18 11:07:38.722  1261  2865 W HwAlarmManagerService: isContainsAppUidInWorksource-->happend NameNotFoundException
05-18 11:07:38.726  3912  4348 I SystemUpdate: [Execution,InstallationEventIntentOperation] Received intent with event 1.
05-18 11:07:38.732  2695  4218 I BootCount: Device boot count in clearcut increased.
05-18 11:07:38.732  2695  2711 W ConfigurationChimeraPro: Got null configs for com.google.android.gms.constellation
05-18 11:07:38.735  3912  4219 W ChimeraUtils: Non Chimera context
05-18 11:07:38.736  3912  4219 W ChimeraUtils: Non Chimera context
05-18 11:07:38.736  3912  4332 I CheckinCompat: Disabling old GoogleServicesFramework version
05-18 11:07:38.738  3912  4332 I CheckinCompat: No service .checkin.CheckinService$Receiver to disable
05-18 11:07:38.739  3912  4332 I CheckinCompat: No service .checkin.CheckinService$TriggerReceiver to disable
05-18 11:07:38.747  3912  4352 I ApiChimeraService: Scheduling reset intent
05-18 11:07:38.750  3912  4332 I CheckinCompat: No service .checkin.CheckinService$SecretCodeReceiver to disable
05-18 11:07:38.757  2695  2721 W ConfigurationChimeraPro: Got null configs for com.google.android.gms.drive
05-18 11:07:38.763  3912  4352 D WorkSource: Insert in WorkSource{} @ 0 uid 10019 name com.google.android.gms
05-18 11:07:38.764  1261  2076 W HwAlarmManagerService: isContainsAppUidInWorksource-->happend NameNotFoundException
05-18 11:07:38.769  3912  4352 I HwCust  : Constructor found for class android.net.HwCustConnectivityManagerImpl
05-18 11:07:38.769  3912  4352 D HwCust  : Create obj success use class android.net.HwCustConnectivityManagerImpl
05-18 11:07:38.787  2695  2721 W ConfigurationChimeraPro: Got null configs for com.google.android.gms.droidguard
05-18 11:07:38.787  3912  3912 D WorkSource: Insert in WorkSource{} @ 0 uid 10019 name com.google.android.gms
05-18 11:07:38.796  4302  4302 E MemoryLeakMonitorManager: MemoryLeakMonitor.jar is not exist!
05-18 11:07:38.797  3912  4352 D WorkSource: Insert in WorkSource{} @ 0 uid 10019 name com.google.android.gms
05-18 11:07:38.800  1261  2076 V ActivityManager: startProcess: name=com.google.android.gms.unstable app=null knownToBeDead=true thread=null pid=-1
05-18 11:07:38.823  1261  2076 I ActivityManager: Start proc 4357:com.google.android.gms.unstable/u0a19 for service com.google.android.gms/.droidguard.DroidGuardService
05-18 11:07:38.824  4357  4357 I         : power log dlsym ok
05-18 11:07:38.825  3912  4352 I Fido    : [FidoInitIntentOperation] Initializing Fido module, InitRuntimeState=2
05-18 11:07:38.831  4357  4357 I zygote64: Reinit property: dalvik.vm.checkjni= false
05-18 11:07:38.840  4302  4302 I HwOUC   : [main-1]onCreate, processName is com.huawei.android.hwouc; android.os.Process.myUid() is 10068(HwOucApplication.java:64)
05-18 11:07:38.845  4357  4357 D ActivityThread: ActivityThread,attachApplication
05-18 11:07:38.846  1261  2092 D ActivityManager: ActivityManagerService,attachApplication,callingPid = 4357
05-18 11:07:38.850  3912  4362 I EventLogChimeraService: Accumulating logs since 1526612602160
05-18 11:07:38.854  2695  2695 W ConfigurationChimeraPro: Got null configs for com.google.android.gms.fitness
05-18 11:07:38.864  3912  4353 I SystemUpdate: [Execution,InstallationIntentOperation] Received intent: Intent { act=com.google.android.gms.update.INSTALL_UPDATE cat=[targeted_intent_op_prefix:.update.execution.InstallationIntentOperation] cmp=com.google.android.gms/.chimera.GmsIntentOperationService }.
05-18 11:07:38.875  3912  4353 I SystemUpdate: [Execution,ExecutionManager] Action finished-execution executed for 0.00 seconds.
05-18 11:07:38.878  3912  4282 I GrowthService: Scheduled sync with period: 14400
05-18 11:07:38.885  4302  4302 I HwOUC   : [main-1]loadDefaultOucConfig filelist=loadDefaultOucConfig->(HwOucConfig.java:2741)
05-18 11:07:38.887  4357  4357 D HwFLClassLoader: get used feature list :/feature/used-list failed!
05-18 11:07:38.887  4357  4357 D HwFLClassLoader: USE_FEATURE_LIST had not init! 
05-18 11:07:38.893  3912  4219 D WorkSource: Insert in WorkSource{} @ 0 uid 10019 name com.google.android.gms
05-18 11:07:38.905  2695  2701 I zygote64: Do partial code cache collection, code=40KB, data=38KB
05-18 11:07:38.906  2695  2701 I zygote64: After code cache collection, code=40KB, data=38KB
05-18 11:07:38.906  2695  2701 I zygote64: Increasing code cache capacity to 256KB
05-18 11:07:38.920  3912  4352 I GCM-GMS : Scheduling task to register GMS
05-18 11:07:38.932  2695  2695 D WorkSource: Insert in WorkSource{} @ 0 uid 10019 name com.google.android.gms
05-18 11:07:38.938  2695  2695 D WorkSource: Insert in WorkSource{} @ 0 uid 10019 name com.google.android.gms
05-18 11:07:38.950  4357  4357 I LoadedApk: No resource references to update in package FFFFFFFFFFFFFFFFFFFFFF
05-18 11:07:38.951  4357  4357 E MemoryLeakMonitorManager: MemoryLeakMonitor.jar is not exist!
05-18 11:07:38.989  3912  3912 D WorkSource: Insert in WorkSource{} @ 0 uid 10019 name com.google.android.gms
05-18 11:07:38.990  3912  3912 D WorkSource: Insert in WorkSource{} @ 0 uid 10019 name com.google.android.gms
05-18 11:07:38.990  3912  3912 D WorkSource: i1=0 i2=0 N1=0: insert 10019 com.google.android.gms
05-18 11:07:38.990  3912  3912 D WorkSource: Insert in WorkSource{} @ 0 uid 10019 name com.google.android.gms
05-18 11:07:39.000  4357  4357 W linker  : "/system/priv-app/GmsCore/GmsCore.apk!/lib/arm64-v8a/libconscrypt_gmscore_jni.so" unused DT entry: type 0xf arg 0x8a
05-18 11:07:39.002  4357  4357 V NativeCrypto: Registering com/google/android/gms/org/conscrypt/NativeCrypto's 276 native methods...
05-18 11:07:39.003  3431  3784 D Gallery2_Common_GalleryProvider: sync uri: content://com.huawei.gallery.provider/none/sycnner/1
05-18 11:07:39.016  2695  2695 D WorkSource: Insert in WorkSource{} @ 0 uid 10019 name com.google.android.gms
05-18 11:07:39.020  4357  4357 D NetworkSecurityConfig: No Network Security Config specified, using platform default
05-18 11:07:39.022  3912  4352 I Icing   : Using regular flags by method 2
05-18 11:07:39.022  4357  4357 I ProviderInstaller: Installed default security provider GmsCore_OpenSSL
05-18 11:07:39.024  3912  4219 D WorkSource: Insert in WorkSource{} @ 0 uid 10019 name com.google.android.gms
05-18 11:07:39.025  1261  2170 W HwAlarmManagerService: isContainsAppUidInWorksource-->happend NameNotFoundException
05-18 11:07:39.030  3912  3927 I zygote64: Do partial code cache collection, code=30KB, data=28KB
05-18 11:07:39.033  3912  3927 I zygote64: After code cache collection, code=30KB, data=28KB
05-18 11:07:39.033  3912  3927 I zygote64: Increasing code cache capacity to 128KB
05-18 11:07:39.038  2695  2695 D WorkSource: Insert in WorkSource{} @ 0 uid 10019 name com.google.android.gms
05-18 11:07:39.044  3912  4339 W ChimeraUtils: Non Chimera context
05-18 11:07:39.044  3912  4339 W ChimeraUtils: Non Chimera context
05-18 11:07:39.071  1261  1573 I chatty  : uid=1000(system) InputReader expire 19 lines
05-18 11:07:39.074  4302  4302 I HwOUC   : [main-1]getCryptToUncryptDir dir is /data/update(HwOucUtility.java:6253)
05-18 11:07:39.075  4302  4302 I HwOUC   : [main-1]enter detectStorage->path is /storage/emulated/0,isEmulated is true;isRemovable is false;isPrimary is true;uUid is null;(HwOucUtility.java:646)
05-18 11:07:39.077  4302  4302 I HwOUC   : [main-1]isTablet() = false(LogControl.java:105)
05-18 11:07:39.080  2695  2695 I NetworkScheduler: Using standalone scheduling engine
05-18 11:07:39.081  4302  4302 W Settings: mValues not put! needsGenerationTracker: true currentGeneration: -1 name: hw_system_update_auto_download value: 1
05-18 11:07:39.081  4302  4302 I HwOUC   : [main-1]getAutoDownloadValueOfStartupGuide autoDownloadValue is 1(LogControl.java:105)
05-18 11:07:39.086  1261  1419 I chatty  : uid=1000(system) android.ui expire 7 lines
05-18 11:07:39.091  1693  1693 I hwaps   : JNI_OnLoad
05-18 11:07:39.092  4302  4302 I HwOUC   : [main-1]getFirmwareVersion(), getDisplayFirmwareVersion BKL-AL00 8.0.0.165(C00)(LogControl.java:105)
05-18 11:07:39.096  4357  4357 E Minikin : Could not get cmap table size!
05-18 11:07:39.096  1693  1693 W InfoCenterView: Bottom InfoCenter liftY 0.0 event-Y1849.0 View-Y:319.0 2160 ; HintHeight   72
05-18 11:07:39.096  2695  3974 D WorkSource: Insert in WorkSource{} @ 0 uid 10019 name com.google.android.gms
05-18 11:07:39.096  1693  1693 V InfoCenterView: InfoCenterView interest 0
05-18 11:07:39.096  1693  1693 W HwLockScreenPanel: isInterestMotionEvent false  1
05-18 11:07:39.097  1693  1693 W HwKeyguardDragHelper: HwKyguardDragHelper onInterceptTouchEvent: 4
05-18 11:07:39.097  1693  1693 W HwKeyguardDragHelper:   onTouchEvent 0   4
05-18 11:07:39.103  1261  1452 I DisplayPowerController: mPowerRequest.useSmartBacklight : true
05-18 11:07:39.116  1693  1693 W HwKeyguardDragHelper:   onTouchEvent 2   4
05-18 11:07:39.117  1693  1693 W PanelView: setAnimationParam 0.02875 0  1.0
05-18 11:07:39.118  1693  1693 W PanelView: updateAlaphaAndScaleForChild 0  com.android.keyguard.KeyguardStatusView{3183e71 V.E...... ........ 0,0-1080,431 #7f140294 app:id/keyguard_status_view}
05-18 11:07:39.118  3431  3784 D Gallery2_MediaSync_LocalSyncToken: no data need delete
05-18 11:07:39.118  3431  3784 D Gallery2_MediaSync_LocalSyncToken: privilege buckets -1739773001 , 0 , 1028075469, 0
05-18 11:07:39.119  1693  1693 W PanelView: updateAlaphaAndScaleForChild 0  com.android.systemui.statusbar.phone.NotificationsQuickSettingsContainer{642135e V.E...... ........ 0,0-1080,2160 #7f140484 app:id/notification_container_parent}
05-18 11:07:39.126  3431  3784 D Gallery2_MediaSync_LocalSyncToken: sync privilege buckets from id 248
05-18 11:07:39.136  1693  1693 W HwKeyguardDragHelper:   onTouchEvent 2   4
05-18 11:07:39.137  1693  1693 W PanelView: setAnimationParam 0.15875 0  1.0
05-18 11:07:39.137  1693  1693 W PanelView: updateAlaphaAndScaleForChild 0  com.android.keyguard.KeyguardStatusView{3183e71 V.E...... ........ 0,0-1080,431 #7f140294 app:id/keyguard_status_view}
05-18 11:07:39.137  1693  1693 W PanelView: updateAlaphaAndScaleForChild 0  com.android.systemui.statusbar.phone.NotificationsQuickSettingsContainer{642135e V.E...... ........ 0,0-1080,2160 #7f140484 app:id/notification_container_parent}
05-18 11:07:39.153  3431  3784 D Gallery2_MediaSync_LocalSyncToken: [syncInner] uri:null, whereClause:media_type IN (1,3) AND _id > 248 AND bucket_id IN ( -1739773001 , 0 , 1028075469, 0 ), count: 0
05-18 11:07:39.155  2695  2711 W ConfigurationChimeraPro: Got null configs for com.google.android.gms.droidguard
05-18 11:07:39.156  1693  1693 W HwKeyguardDragHelper:   onTouchEvent 2   4
05-18 11:07:39.156  1693  1693 W PanelView: setAnimationParam 0.29875 0  1.0
05-18 11:07:39.157  1693  1693 W PanelView: updateAlaphaAndScaleForChild 0  com.android.keyguard.KeyguardStatusView{3183e71 V.E...... ........ 0,0-1080,431 #7f140294 app:id/keyguard_status_view}
05-18 11:07:39.157  1693  1693 W PanelView: updateAlaphaAndScaleForChild 0  com.android.systemui.statusbar.phone.NotificationsQuickSettingsContainer{642135e V.E...... ........ 0,0-1080,2160 #7f140484 app:id/notification_container_parent}
05-18 11:07:39.159  1261  2670 E HwUsbHDBManager: open Socket lock failed
05-18 11:07:39.164  1693  1693 W HwKeyguardDragHelper:   onTouchEvent 2   4
05-18 11:07:39.164  1693  1693 W PanelView: setAnimationParam 0.4675 0  1.0
05-18 11:07:39.164  1693  1693 W PanelView: updateAlaphaAndScaleForChild 0  com.android.keyguard.KeyguardStatusView{3183e71 V.E...... ........ 0,0-1080,431 #7f140294 app:id/keyguard_status_view}
05-18 11:07:39.164  1693  1693 W PanelView: updateAlaphaAndScaleForChild 0  com.android.systemui.statusbar.phone.NotificationsQuickSettingsContainer{642135e V.E...... ........ 0,0-1080,2160 #7f140484 app:id/notification_container_parent}
05-18 11:07:39.166  4302  4302 I HwOUC   : [main-1]isLastUpdateAvailableForCurVersion->baseVersionOfNewVersion is BKL-AL00 8.0.0.165(C00);isInstallingStatus is false(HwOucUtility.java:2994)
05-18 11:07:39.167  4302  4302 I HwOUC   : [main-1]initSystemVersionInOmeInfo nextCheckNewVersionTime is 1527217999814; isABsystemSupport is false(OemInfoUtil.java:159)
05-18 11:07:39.168  3431  3784 D Gallery2_MediaSync_LocalSyncToken: sync common buckets from id 241
05-18 11:07:39.178  4302  4302 I OUC_COTA: [main-1]isSimReady:false(/CotaConfig.java:142)
05-18 11:07:39.181  4302  4302 E Minikin : Could not get cmap table size!
05-18 11:07:39.182  1693  1693 W HwKeyguardDragHelper:   onTouchEvent 2   4
05-18 11:07:39.183  1693  1693 W PanelView: setAnimationParam 0.66375 0  1.0
05-18 11:07:39.183  1693  1693 W PanelView: updateAlaphaAndScaleForChild 0  com.android.keyguard.KeyguardStatusView{3183e71 V.E...... ........ 0,0-1080,431 #7f140294 app:id/keyguard_status_view}
05-18 11:07:39.183  1693  1693 W PanelView: updateAlaphaAndScaleForChild 0  com.android.systemui.statusbar.phone.NotificationsQuickSettingsContainer{642135e V.E...... ........ 0,0-1080,2160 #7f140484 app:id/notification_container_parent}
05-18 11:07:39.185  4302  4302 I OUC_COTA: [main-1]  handleActionForCota action:android.intent.action.BOOT_COMPLETED(/HwCustDownloadReceiverImpl.java:43)
05-18 11:07:39.186  4302  4302 I OUC_COTA: [main-1]isCotaConfigured is :false(/HwCustDownloadReceiverImpl.java:45)
05-18 11:07:39.188  1261  1418 W HwBroadcastQueue: current receiver should not report timeout.
05-18 11:07:39.191  4302  4302 I OUC_COTA: [main-1]isSimReady:false(/CotaConfig.java:142)
05-18 11:07:39.194  4302  4302 I OUC_COTA: [main-1]getCotaDownloadInfo(/CotaProxy.java:798)
05-18 11:07:39.199  3431  3784 D Gallery2_MediaSync_LocalSyncToken: [syncInner] uri:null, whereClause:media_type IN (1,3) AND _id > 241 AND bucket_id NOT IN ( -1739773001 , 0 , 1028075469, 0 ), count: 0
05-18 11:07:39.199  1693  1693 W HwKeyguardDragHelper:   onTouchEvent 2   4
05-18 11:07:39.199  3431  3784 D Gallery2_MediaSync_LocalSyncToken: sync all record cost time: 81
05-18 11:07:39.199  3431  3784 D Gallery2_MediaSync: start OVER. when sync all new record.
05-18 11:07:39.199  1693  1693 W PanelView: setAnimationParam 0.8725 0  1.0
05-18 11:07:39.199  1693  1693 W PanelView: updateAlaphaAndScaleForChild 0  com.android.keyguard.KeyguardStatusView{3183e71 V.E...... ........ 0,0-1080,431 #7f140294 app:id/keyguard_status_view}
05-18 11:07:39.199  1693  1693 W PanelView: updateAlaphaAndScaleForChild 0  com.android.systemui.statusbar.phone.NotificationsQuickSettingsContainer{642135e V.E...... ........ 0,0-1080,2160 #7f140484 app:id/notification_container_parent}
05-18 11:07:39.203  3431  3784 D Gallery2_Common_GalleryProvider: sync uri: content://com.huawei.gallery.provider/none/sycnner/0
05-18 11:07:39.212  4302  4302 I HwOUC   : [main-1]receive ACTION_BOOT_COMPLETED(DownloadReceiver.java:96)
05-18 11:07:39.212  4302  4302 I HwOUC   : [main-1]doActionBootCompleted(DownloadReceiver.java:284)
05-18 11:07:39.214  4302  4302 I HwOUC   : [main-1]isHotPatchOnly patchType: 0; hotpatchTypeOnlyfalse(LogControl.java:105)
05-18 11:07:39.214  4302  4302 I HwOUC   : [main-1]getFirmwareAndPatchVersion->hotPatchVersion=patch00; isHotApkLost is false(LogControl.java:105)
05-18 11:07:39.216  1693  1693 W HwKeyguardDragHelper:   onTouchEvent 2   4
05-18 11:07:39.216  1693  1693 W PanelView: setAnimationParam 1.0 0  1.0
05-18 11:07:39.216  1693  1693 W PanelView: updateAlaphaAndScaleForChild 0  com.android.keyguard.KeyguardStatusView{3183e71 V.E...... ........ 0,0-1080,431 #7f140294 app:id/keyguard_status_view}
05-18 11:07:39.216  4302  4302 I HwOUC   : [main-1]updatePatchVersion->updateWithoutCompare=true; patchVersion is (HotPatchUtils.java:359)
05-18 11:07:39.216  1693  1693 W PanelView: updateAlaphaAndScaleForChild 0  com.android.systemui.statusbar.phone.NotificationsQuickSettingsContainer{642135e V.E...... ........ 0,0-1080,2160 #7f140484 app:id/notification_container_parent}
05-18 11:07:39.217  3912  4007 I Icing   : Storage manager: low false usage 1.55MB avail 49.35GB capacity 52.72GB
05-18 11:07:39.218  4302  4302 W libc    : Set property "hwouc.hwpatch.version" to ""
05-18 11:07:39.224  4302  4302 I HwOUC   : [main-1]Intent.ACTION_TIME_CHANGED nextInstallRemindTime:Thu Jan 01 07:59:59 GMT+08:00 1970(DownloadReceiver.java:628)
05-18 11:07:39.224  4302  4302 I HwOUC   : [main-1]Intent.ACTION_TIME_CHANGED alarmRegistTime:Thu Jan 01 07:59:59 GMT+08:00 1970(DownloadReceiver.java:629)
05-18 11:07:39.229  3912  4362 W ProcessCheckinRequest: Fail to connect to GoogleApiClient error : lqy{statusCode=TIMEOUT, resolution=null, message=null}
05-18 11:07:39.234  1693  1693 W HwKeyguardDragHelper:   onTouchEvent 2   4
05-18 11:07:39.235   360   360 E         : pid 2036, opration oeminfo_read OK
05-18 11:07:39.235   360   360 E         : 
05-18 11:07:39.236  2036  2101 I chatty  : uid=1000(system) Binder:2036_3 expire 6 lines
05-18 11:07:39.242  4302  4302 E HwOUC   : [main-1]getSettingsBootSoundSwitchValue Exception is system_boot_shut_sound_switch(HwOucUtility.java:7546)
05-18 11:07:39.248  1693  1693 W HwKeyguardDragHelper:   onTouchEvent 2   4
05-18 11:07:39.249   360   360 E         : pid 2036, opration oeminfo_read OK
05-18 11:07:39.249   360   360 E         : 
05-18 11:07:39.253  3912  4362 I CheckinRequestBuilder: Checkin reason type: 1 attempt count: 1
05-18 11:07:39.267  1693  1693 W HwKeyguardDragHelper:   onTouchEvent 2   4
05-18 11:07:39.268   360   360 E         : pid 2036, opration oeminfo_read OK
05-18 11:07:39.268   360   360 E         : 
05-18 11:07:39.268   667   667 I aptouch_daemon: filter_touch_detect, all_touch_up
05-18 11:07:39.270  4302  4302 I HwOUC   : [main-1]updateNightAlarmWhenTimeChangedOrBoot alarm no need to update(HwOucUtility.java:7683)
05-18 11:07:39.272  1693  1693 W HwKeyguardDragHelper:   onTouchEvent 1   4
05-18 11:07:39.272  1693  1693 W HwKeyguardDragHelper: KeyguardDrag animatToExitKeyguard
05-18 11:07:39.272  1693  1693 D TimeKeeper: getTimeTickInfo:[mMillisUntilFinished:0, mHour:0, mMinute:0, mSecond:0]
05-18 11:07:39.272  1261  2810 D HwSecurityService: find this Resident Plugin
05-18 11:07:39.272  1693  1693 E KeyguardUpdateMonitor: isSimPinSecure mSimDatas is null or empty 
05-18 11:07:39.272  1693  1693 V KeyguardUpdateMonitor: UnlockingWithFingerprint Not Allowed: 0 for reason flag : 1
05-18 11:07:39.273  1693  1693 W PanelView: setAnimationParam 1.0 0  1.0
05-18 11:07:39.273  1693  1693 W PanelView: updateAlaphaAndScaleForChild 0  com.android.keyguard.KeyguardStatusView{3183e71 V.E...... ........ 0,0-1080,431 #7f140294 app:id/keyguard_status_view}
